📊 Coverage	Run coverage	﻿2025-12-21T13:06:19.4349312Z ##[group]Run cargo tarpaulin --out xml --output-dir coverage
📊 Coverage	Run coverage	2025-12-21T13:06:19.4349743Z [36;1mcargo tarpaulin --out xml --output-dir coverage[0m
📊 Coverage	Run coverage	2025-12-21T13:06:19.4382341Z shell: /usr/bin/bash -e {0}
📊 Coverage	Run coverage	2025-12-21T13:06:19.4382569Z env:
📊 Coverage	Run coverage	2025-12-21T13:06:19.4382735Z   CARGO_TERM_COLOR: always
📊 Coverage	Run coverage	2025-12-21T13:06:19.4382942Z   RUST_BACKTRACE: 1
📊 Coverage	Run coverage	2025-12-21T13:06:19.4383138Z   CARGO_HOME: /home/runner/.cargo
📊 Coverage	Run coverage	2025-12-21T13:06:19.4383357Z   CARGO_INCREMENTAL: 0
📊 Coverage	Run coverage	2025-12-21T13:06:19.4383545Z ##[endgroup]
📊 Coverage	Run coverage	2025-12-21T13:06:19.5013543Z [2m2025-12-21T13:06:19.500533Z[0m [32m INFO[0m [2mcargo_tarpaulin::config[0m[2m:[0m Creating config
📊 Coverage	Run coverage	2025-12-21T13:06:20.2862567Z [2m2025-12-21T13:06:20.286003Z[0m [32m INFO[0m [2mcargo_tarpaulin[0m[2m:[0m Running Tarpaulin
📊 Coverage	Run coverage	2025-12-21T13:06:20.2863614Z [2m2025-12-21T13:06:20.286029Z[0m [32m INFO[0m [2mcargo_tarpaulin[0m[2m:[0m Building project
📊 Coverage	Run coverage	2025-12-21T13:06:20.2864851Z [2m2025-12-21T13:06:20.286111Z[0m [32m INFO[0m [2mcargo_tarpaulin::cargo[0m[2m:[0m Cleaning project
📊 Coverage	Run coverage	2025-12-21T13:06:20.4078158Z    Compiling unicode-ident v1.0.22
📊 Coverage	Run coverage	2025-12-21T13:06:20.4085251Z    Compiling proc-macro2 v1.0.103
📊 Coverage	Run coverage	2025-12-21T13:06:20.4087276Z    Compiling quote v1.0.42
📊 Coverage	Run coverage	2025-12-21T13:06:20.4088389Z    Compiling wasm-bindgen-shared v0.2.106
📊 Coverage	Run coverage	2025-12-21T13:06:20.4692987Z    Compiling rustversion v1.0.22
📊 Coverage	Run coverage	2025-12-21T13:06:20.6748438Z    Compiling bumpalo v3.19.1
📊 Coverage	Run coverage	2025-12-21T13:06:20.8788408Z    Compiling serde_core v1.0.228
📊 Coverage	Run coverage	2025-12-21T13:06:20.8793553Z    Compiling autocfg v1.5.0
📊 Coverage	Run coverage	2025-12-21T13:06:21.1248055Z    Compiling once_cell v1.21.3
📊 Coverage	Run coverage	2025-12-21T13:06:21.3984344Z    Compiling syn v2.0.111
📊 Coverage	Run coverage	2025-12-21T13:06:21.4100802Z    Compiling libm v0.2.15
📊 Coverage	Run coverage	2025-12-21T13:06:21.4880871Z    Compiling wasm-bindgen v0.2.106
📊 Coverage	Run coverage	2025-12-21T13:06:21.6227430Z    Compiling cfg-if v1.0.4
📊 Coverage	Run coverage	2025-12-21T13:06:21.6263508Z    Compiling num-traits v0.2.19
📊 Coverage	Run coverage	2025-12-21T13:06:21.6477958Z    Compiling serde_json v1.0.145
📊 Coverage	Run coverage	2025-12-21T13:06:21.7171597Z    Compiling serde v1.0.228
📊 Coverage	Run coverage	2025-12-21T13:06:21.9471251Z    Compiling itoa v1.0.16
📊 Coverage	Run coverage	2025-12-21T13:06:22.0791881Z    Compiling ryu v1.0.21
📊 Coverage	Run coverage	2025-12-21T13:06:22.2053072Z    Compiling memchr v2.7.6
📊 Coverage	Run coverage	2025-12-21T13:06:23.2668563Z    Compiling oorandom v11.1.5
📊 Coverage	Run coverage	2025-12-21T13:06:23.3311282Z    Compiling cast v0.3.0
📊 Coverage	Run coverage	2025-12-21T13:06:23.5018882Z    Compiling nu-ansi-term v0.50.3
📊 Coverage	Run coverage	2025-12-21T13:06:24.1619125Z    Compiling wasm-bindgen-macro-support v0.2.106
📊 Coverage	Run coverage	2025-12-21T13:06:25.6259907Z    Compiling serde_derive v1.0.228
📊 Coverage	Run coverage	2025-12-21T13:06:25.6262180Z    Compiling wasm-bindgen-test-macro v0.3.56
📊 Coverage	Run coverage	2025-12-21T13:06:25.6262891Z    Compiling async-trait v0.1.89
📊 Coverage	Run coverage	2025-12-21T13:06:27.0038945Z    Compiling wasm-bindgen-macro v0.2.106
📊 Coverage	Run coverage	2025-12-21T13:06:28.0083532Z    Compiling js-sys v0.3.83
📊 Coverage	Run coverage	2025-12-21T13:06:30.0455920Z    Compiling wasm-bindgen-futures v0.4.56
📊 Coverage	Run coverage	2025-12-21T13:06:30.1232606Z    Compiling wasm-bindgen-test v0.3.56
📊 Coverage	Run coverage	2025-12-21T13:06:31.0495722Z    Compiling vietflux-core v0.1.0 (/home/runner/work/vietflux-ime/vietflux-ime/core)
📊 Coverage	Run coverage	2025-12-21T13:06:31.8708151Z     Finished `test` profile [unoptimized + debuginfo] target(s) in 11.51s
📊 Coverage	Run coverage	2025-12-21T13:06:31.8913450Z [2m2025-12-21T13:06:31.891088Z[0m [32m INFO[0m [2mcargo_tarpaulin::process_handling::linux[0m[2m:[0m Launching test
📊 Coverage	Run coverage	2025-12-21T13:06:31.8915488Z [2m2025-12-21T13:06:31.891116Z[0m [32m INFO[0m [2mcargo_tarpaulin::process_handling[0m[2m:[0m running /home/runner/work/vietflux-ime/vietflux-ime/core/target/debug/deps/vietflux_core-427ed08f2624e30b
📊 Coverage	Run coverage	2025-12-21T13:06:32.8024952Z 
📊 Coverage	Run coverage	2025-12-21T13:06:32.8025499Z running 36 tests
📊 Coverage	Run coverage	2025-12-21T13:06:32.8051120Z test buffer::tests::test_buffer_basic ... ok
📊 Coverage	Run coverage	2025-12-21T13:06:32.8056810Z test buffer::tests::test_buffer_transform ... ok
📊 Coverage	Run coverage	2025-12-21T13:06:32.8093178Z test chars::tests::test_is_vowel ... ok
📊 Coverage	Run coverage	2025-12-21T13:06:32.8098212Z test buffer::tests::test_find_vowels ... ok
📊 Coverage	Run coverage	2025-12-21T13:06:32.8110336Z test chars::tests::test_with_modifier ... ok
📊 Coverage	Run coverage	2025-12-21T13:06:32.8351933Z test engine::tests::test_telex_basic ... ok
📊 Coverage	Run coverage	2025-12-21T13:06:32.8391523Z test chars::tests::test_with_tone ... FAILED
📊 Coverage	Run coverage	2025-12-21T13:06:32.8392647Z test engine::tests::test_shortcut_expansion ... ok
📊 Coverage	Run coverage	2025-12-21T13:06:32.8417237Z test engine::tests::test_vni_basic ... ok
📊 Coverage	Run coverage	2025-12-21T13:06:32.8417711Z test engine::tests::test_telex_tone ... ok
📊 Coverage	Run coverage	2025-12-21T13:06:32.8419808Z test methods::telex::tests::test_telex_circumflex ... ok
📊 Coverage	Run coverage	2025-12-21T13:06:32.8427895Z test methods::telex::tests::test_telex_stroke ... ok
📊 Coverage	Run coverage	2025-12-21T13:06:32.8429747Z test methods::telex::tests::test_telex_horn_breve ... ok
📊 Coverage	Run coverage	2025-12-21T13:06:32.8436147Z test methods::vni::tests::test_vni_modifiers ... ok
📊 Coverage	Run coverage	2025-12-21T13:06:32.8437950Z test methods::telex::tests::test_telex_tones ... ok
📊 Coverage	Run coverage	2025-12-21T13:06:32.8446623Z test methods::vni::tests::test_vni_stroke ... ok
📊 Coverage	Run coverage	2025-12-21T13:06:32.8447218Z test methods::vni::tests::test_vni_tones ... ok
📊 Coverage	Run coverage	2025-12-21T13:06:32.8452181Z test shortcuts::tests::test_no_match ... ok
📊 Coverage	Run coverage	2025-12-21T13:06:32.8454191Z test shortcuts::tests::test_longest_match ... FAILED
📊 Coverage	Run coverage	2025-12-21T13:06:32.8456155Z test shortcuts::tests::test_shortcut_match ... ok
📊 Coverage	Run coverage	2025-12-21T13:06:32.8461604Z test transform::tests::test_apply_modifier ... ok
📊 Coverage	Run coverage	2025-12-21T13:06:32.8465476Z test transform::tests::test_apply_tone ... FAILED
📊 Coverage	Run coverage	2025-12-21T13:06:32.8468024Z test transform::tests::test_should_undo ... ok
📊 Coverage	Run coverage	2025-12-21T13:06:32.8472353Z test engine::tests::test_double_mark_undo ... ok
📊 Coverage	Run coverage	2025-12-21T13:06:32.8474887Z test transform::tests::test_tone_position_single ... ok
📊 Coverage	Run coverage	2025-12-21T13:06:32.8478286Z test engine::tests::test_telex_circumflex ... ok
📊 Coverage	Run coverage	2025-12-21T13:06:32.8484366Z test transform::tests::test_toggle_stroke ... ok
📊 Coverage	Run coverage	2025-12-21T13:06:32.8488376Z test transform::tests::test_remove_diacritics ... ok
📊 Coverage	Run coverage	2025-12-21T13:06:32.8499261Z test transform::tests::test_tone_position_three ... ok
📊 Coverage	Run coverage	2025-12-21T13:06:32.8509406Z test validation::tests::test_foreign_word_detection ... FAILED
📊 Coverage	Run coverage	2025-12-21T13:06:32.8520482Z test transform::tests::test_tone_position_two ... ok
📊 Coverage	Run coverage	2025-12-21T13:06:32.8532139Z test validation::tests::test_spelling_rules ... ok
📊 Coverage	Run coverage	2025-12-21T13:06:32.8535136Z test validation::tests::test_word_boundary ... ok
📊 Coverage	Run coverage	2025-12-21T13:06:32.8538938Z test transform::tests::test_uo_compound ... ok
📊 Coverage	Run coverage	2025-12-21T13:06:32.8556498Z test validation::tests::test_invalid_syllables ... ok
📊 Coverage	Run coverage	2025-12-21T13:06:32.8573056Z test validation::tests::test_valid_syllables ... ok
📊 Coverage	Run coverage	2025-12-21T13:06:32.8573450Z 
📊 Coverage	Run coverage	2025-12-21T13:06:32.8573579Z failures:
📊 Coverage	Run coverage	2025-12-21T13:06:32.8573771Z 
📊 Coverage	Run coverage	2025-12-21T13:06:32.8573957Z ---- chars::tests::test_with_tone stdout ----
📊 Coverage	Run coverage	2025-12-21T13:06:32.8574297Z 
📊 Coverage	Run coverage	2025-12-21T13:06:32.8574658Z thread 'chars::tests::test_with_tone' (6182) panicked at src/chars.rs:217:9:
📊 Coverage	Run coverage	2025-12-21T13:06:32.8575288Z assertion `left == right` failed
📊 Coverage	Run coverage	2025-12-21T13:06:32.8575917Z   left: Some('á')
📊 Coverage	Run coverage	2025-12-21T13:06:32.8576275Z  right: Some('Á')
📊 Coverage	Run coverage	2025-12-21T13:06:32.8576607Z stack backtrace:
📊 Coverage	Run coverage	2025-12-21T13:06:32.8576938Z    0: __rustc::rust_begin_unwind
📊 Coverage	Run coverage	2025-12-21T13:06:32.8577641Z              at /rustc/ded5c06cf21d2b93bffd5d884aa6e96934ee4234/library/std/src/panicking.rs:698:5
📊 Coverage	Run coverage	2025-12-21T13:06:32.8578382Z    1: core::panicking::panic_fmt
📊 Coverage	Run coverage	2025-12-21T13:06:32.8578996Z              at /rustc/ded5c06cf21d2b93bffd5d884aa6e96934ee4234/library/core/src/panicking.rs:80:14
📊 Coverage	Run coverage	2025-12-21T13:06:32.8579537Z    2: core::panicking::assert_failed_inner
📊 Coverage	Run coverage	2025-12-21T13:06:32.8580311Z              at /rustc/ded5c06cf21d2b93bffd5d884aa6e96934ee4234/library/core/src/panicking.rs:444:17
📊 Coverage	Run coverage	2025-12-21T13:06:32.8581062Z    3: core::panicking::assert_failed
📊 Coverage	Run coverage	2025-12-21T13:06:32.8581815Z              at /rustc/ded5c06cf21d2b93bffd5d884aa6e96934ee4234/library/core/src/panicking.rs:399:5
📊 Coverage	Run coverage	2025-12-21T13:06:32.8582634Z    4: vietflux_core::chars::tests::test_with_tone
📊 Coverage	Run coverage	2025-12-21T13:06:32.8583117Z              at ./src/chars.rs:217:9
📊 Coverage	Run coverage	2025-12-21T13:06:32.8583633Z    5: vietflux_core::chars::tests::test_with_tone::{{closure}}
📊 Coverage	Run coverage	2025-12-21T13:06:32.8584541Z              at ./src/chars.rs:214:24
📊 Coverage	Run coverage	2025-12-21T13:06:32.8584991Z    6: core::ops::function::FnOnce::call_once
📊 Coverage	Run coverage	2025-12-21T13:06:32.8585770Z              at /rustc/ded5c06cf21d2b93bffd5d884aa6e96934ee4234/library/core/src/ops/function.rs:250:5
📊 Coverage	Run coverage	2025-12-21T13:06:32.8586788Z    7: core::ops::function::FnOnce::call_once
📊 Coverage	Run coverage	2025-12-21T13:06:32.8587557Z              at /rustc/ded5c06cf21d2b93bffd5d884aa6e96934ee4234/library/core/src/ops/function.rs:250:5
📊 Coverage	Run coverage	2025-12-21T13:06:32.8588572Z note: Some details are omitted, run with `RUST_BACKTRACE=full` for a verbose backtrace.
📊 Coverage	Run coverage	2025-12-21T13:06:32.8588942Z 
📊 Coverage	Run coverage	2025-12-21T13:06:32.8589091Z ---- shortcuts::tests::test_longest_match stdout ----
📊 Coverage	Run coverage	2025-12-21T13:06:32.8589343Z 
📊 Coverage	Run coverage	2025-12-21T13:06:32.8589607Z thread 'shortcuts::tests::test_longest_match' (6196) panicked at src/shortcuts.rs:161:9:
📊 Coverage	Run coverage	2025-12-21T13:06:32.8590346Z assertion failed: result.is_some()
📊 Coverage	Run coverage	2025-12-21T13:06:32.8590630Z stack backtrace:
📊 Coverage	Run coverage	2025-12-21T13:06:32.8590873Z    0: __rustc::rust_begin_unwind
📊 Coverage	Run coverage	2025-12-21T13:06:32.8591332Z              at /rustc/ded5c06cf21d2b93bffd5d884aa6e96934ee4234/library/std/src/panicking.rs:698:5
📊 Coverage	Run coverage	2025-12-21T13:06:32.8591757Z    1: core::panicking::panic_fmt
📊 Coverage	Run coverage	2025-12-21T13:06:32.8592159Z              at /rustc/ded5c06cf21d2b93bffd5d884aa6e96934ee4234/library/core/src/panicking.rs:80:14
📊 Coverage	Run coverage	2025-12-21T13:06:32.8592578Z    2: core::panicking::panic
📊 Coverage	Run coverage	2025-12-21T13:06:32.8592950Z              at /rustc/ded5c06cf21d2b93bffd5d884aa6e96934ee4234/library/core/src/panicking.rs:150:5
📊 Coverage	Run coverage	2025-12-21T13:06:32.8593389Z    3: vietflux_core::shortcuts::tests::test_longest_match
📊 Coverage	Run coverage	2025-12-21T13:06:32.8593675Z              at ./src/shortcuts.rs:161:9
📊 Coverage	Run coverage	2025-12-21T13:06:32.8593989Z    4: vietflux_core::shortcuts::tests::test_longest_match::{{closure}}
📊 Coverage	Run coverage	2025-12-21T13:06:32.8594417Z              at ./src/shortcuts.rs:153:28
📊 Coverage	Run coverage	2025-12-21T13:06:32.8594764Z    5: core::ops::function::FnOnce::call_once
📊 Coverage	Run coverage	2025-12-21T13:06:32.8595290Z              at /rustc/ded5c06cf21d2b93bffd5d884aa6e96934ee4234/library/core/src/ops/function.rs:250:5
📊 Coverage	Run coverage	2025-12-21T13:06:32.8595937Z    6: core::ops::function::FnOnce::call_once
📊 Coverage	Run coverage	2025-12-21T13:06:32.8596401Z              at /rustc/ded5c06cf21d2b93bffd5d884aa6e96934ee4234/library/core/src/ops/function.rs:250:5
📊 Coverage	Run coverage	2025-12-21T13:06:32.8597027Z note: Some details are omitted, run with `RUST_BACKTRACE=full` for a verbose backtrace.
📊 Coverage	Run coverage	2025-12-21T13:06:32.8597340Z 
📊 Coverage	Run coverage	2025-12-21T13:06:32.8597598Z ---- transform::tests::test_apply_tone stdout ----
📊 Coverage	Run coverage	2025-12-21T13:06:32.8597810Z 
📊 Coverage	Run coverage	2025-12-21T13:06:32.8608025Z thread 'transform::tests::test_apply_tone' (6200) panicked at src/transform.rs:385:9:
📊 Coverage	Run coverage	2025-12-21T13:06:32.8608737Z assertion `left == right` failed
📊 Coverage	Run coverage	2025-12-21T13:06:32.8609244Z   left: Some('ã')
📊 Coverage	Run coverage	2025-12-21T13:06:32.8612087Z  right: Some('Ã')
📊 Coverage	Run coverage	2025-12-21T13:06:32.8612416Z stack backtrace:
📊 Coverage	Run coverage	2025-12-21T13:06:32.8612853Z    0: __rustc::rust_begin_unwind
📊 Coverage	Run coverage	2025-12-21T13:06:32.8613517Z              at /rustc/ded5c06cf21d2b93bffd5d884aa6e96934ee4234/library/std/src/panicking.rs:698:5
📊 Coverage	Run coverage	2025-12-21T13:06:32.8614258Z    1: core::panicking::panic_fmt
📊 Coverage	Run coverage	2025-12-21T13:06:32.8614954Z              at /rustc/ded5c06cf21d2b93bffd5d884aa6e96934ee4234/library/core/src/panicking.rs:80:14
📊 Coverage	Run coverage	2025-12-21T13:06:32.8615735Z    2: core::panicking::assert_failed_inner
📊 Coverage	Run coverage	2025-12-21T13:06:32.8616502Z              at /rustc/ded5c06cf21d2b93bffd5d884aa6e96934ee4234/library/core/src/panicking.rs:444:17
📊 Coverage	Run coverage	2025-12-21T13:06:32.8617281Z    3: core::panicking::assert_failed
📊 Coverage	Run coverage	2025-12-21T13:06:32.8617955Z              at /rustc/ded5c06cf21d2b93bffd5d884aa6e96934ee4234/library/core/src/panicking.rs:399:5
📊 Coverage	Run coverage	2025-12-21T13:06:32.8618767Z    4: vietflux_core::transform::tests::test_apply_tone
📊 Coverage	Run coverage	2025-12-21T13:06:32.8619250Z              at ./src/transform.rs:385:9
📊 Coverage	Run coverage	2025-12-21T13:06:32.8619822Z    5: vietflux_core::transform::tests::test_apply_tone::{{closure}}
📊 Coverage	Run coverage	2025-12-21T13:06:32.8620653Z              at ./src/transform.rs:382:25
📊 Coverage	Run coverage	2025-12-21T13:06:32.8621100Z    6: core::ops::function::FnOnce::call_once
📊 Coverage	Run coverage	2025-12-21T13:06:32.8621567Z              at /rustc/ded5c06cf21d2b93bffd5d884aa6e96934ee4234/library/core/src/ops/function.rs:250:5
📊 Coverage	Run coverage	2025-12-21T13:06:32.8622350Z    7: core::ops::function::FnOnce::call_once
📊 Coverage	Run coverage	2025-12-21T13:06:32.8622786Z              at /rustc/ded5c06cf21d2b93bffd5d884aa6e96934ee4234/library/core/src/ops/function.rs:250:5
📊 Coverage	Run coverage	2025-12-21T13:06:32.8623448Z note: Some details are omitted, run with `RUST_BACKTRACE=full` for a verbose backtrace.
📊 Coverage	Run coverage	2025-12-21T13:06:32.8623749Z 
📊 Coverage	Run coverage	2025-12-21T13:06:32.8623927Z ---- validation::tests::test_foreign_word_detection stdout ----
📊 Coverage	Run coverage	2025-12-21T13:06:32.8624341Z 
📊 Coverage	Run coverage	2025-12-21T13:06:32.8624873Z thread 'validation::tests::test_foreign_word_detection' (6208) panicked at src/validation.rs:432:9:
📊 Coverage	Run coverage	2025-12-21T13:06:32.8625426Z assertion failed: is_foreign_word_pattern("spectrum", None)
📊 Coverage	Run coverage	2025-12-21T13:06:32.8625731Z stack backtrace:
📊 Coverage	Run coverage	2025-12-21T13:06:32.8625930Z    0: __rustc::rust_begin_unwind
📊 Coverage	Run coverage	2025-12-21T13:06:32.8626326Z              at /rustc/ded5c06cf21d2b93bffd5d884aa6e96934ee4234/library/std/src/panicking.rs:698:5
📊 Coverage	Run coverage	2025-12-21T13:06:32.8626745Z    1: core::panicking::panic_fmt
📊 Coverage	Run coverage	2025-12-21T13:06:32.8627132Z              at /rustc/ded5c06cf21d2b93bffd5d884aa6e96934ee4234/library/core/src/panicking.rs:80:14
📊 Coverage	Run coverage	2025-12-21T13:06:32.8627541Z    2: core::panicking::panic
📊 Coverage	Run coverage	2025-12-21T13:06:32.8627907Z              at /rustc/ded5c06cf21d2b93bffd5d884aa6e96934ee4234/library/core/src/panicking.rs:150:5
📊 Coverage	Run coverage	2025-12-21T13:06:32.8628381Z    3: vietflux_core::validation::tests::test_foreign_word_detection
📊 Coverage	Run coverage	2025-12-21T13:06:32.8628691Z              at ./src/validation.rs:432:9
📊 Coverage	Run coverage	2025-12-21T13:06:32.8629048Z    4: vietflux_core::validation::tests::test_foreign_word_detection::{{closure}}
📊 Coverage	Run coverage	2025-12-21T13:06:32.8629696Z              at ./src/validation.rs:429:37
📊 Coverage	Run coverage	2025-12-21T13:06:32.8630367Z    5: core::ops::function::FnOnce::call_once
📊 Coverage	Run coverage	2025-12-21T13:06:32.8631156Z              at /rustc/ded5c06cf21d2b93bffd5d884aa6e96934ee4234/library/core/src/ops/function.rs:250:5
📊 Coverage	Run coverage	2025-12-21T13:06:32.8631947Z    6: core::ops::function::FnOnce::call_once
📊 Coverage	Run coverage	2025-12-21T13:06:32.8632709Z              at /rustc/ded5c06cf21d2b93bffd5d884aa6e96934ee4234/library/core/src/ops/function.rs:250:5
📊 Coverage	Run coverage	2025-12-21T13:06:32.8633695Z note: Some details are omitted, run with `RUST_BACKTRACE=full` for a verbose backtrace.
📊 Coverage	Run coverage	2025-12-21T13:06:32.8634224Z 
📊 Coverage	Run coverage	2025-12-21T13:06:32.8634232Z 
📊 Coverage	Run coverage	2025-12-21T13:06:32.8634317Z failures:
📊 Coverage	Run coverage	2025-12-21T13:06:32.8634508Z     chars::tests::test_with_tone
📊 Coverage	Run coverage	2025-12-21T13:06:32.8634737Z     shortcuts::tests::test_longest_match
📊 Coverage	Run coverage	2025-12-21T13:06:32.8634993Z     transform::tests::test_apply_tone
📊 Coverage	Run coverage	2025-12-21T13:06:32.8635267Z     validation::tests::test_foreign_word_detection
📊 Coverage	Run coverage	2025-12-21T13:06:32.8635462Z 
📊 Coverage	Run coverage	2025-12-21T13:06:32.8635708Z test result: FAILED. 32 passed; 4 failed; 0 ignored; 0 measured; 0 filtered out; finished in 0.05s
📊 Coverage	Run coverage	2025-12-21T13:06:32.8636034Z 
📊 Coverage	Run coverage	2025-12-21T13:06:32.8636131Z Error: "Test failed during run"
📊 Coverage	Run coverage	2025-12-21T13:06:32.8647982Z ##[error]Process completed with exit code 1.
🧪 Test (windows-latest)	Run tests	﻿2025-12-21T13:03:55.0525096Z ##[group]Run cargo test --verbose
🧪 Test (windows-latest)	Run tests	2025-12-21T13:03:55.0525448Z [36;1mcargo test --verbose[0m
🧪 Test (windows-latest)	Run tests	2025-12-21T13:03:55.0636985Z shell: C:\Program Files\PowerShell\7\pwsh.EXE -command ". '{0}'"
🧪 Test (windows-latest)	Run tests	2025-12-21T13:03:55.0637309Z env:
🧪 Test (windows-latest)	Run tests	2025-12-21T13:03:55.0637469Z   CARGO_TERM_COLOR: always
🧪 Test (windows-latest)	Run tests	2025-12-21T13:03:55.0637655Z   RUST_BACKTRACE: 1
🧪 Test (windows-latest)	Run tests	2025-12-21T13:03:55.0637852Z   CARGO_HOME: C:\Users\runneradmin\.cargo
🧪 Test (windows-latest)	Run tests	2025-12-21T13:03:55.0638086Z   CARGO_INCREMENTAL: 0
🧪 Test (windows-latest)	Run tests	2025-12-21T13:03:55.0638267Z   CACHE_ON_FAILURE: false
🧪 Test (windows-latest)	Run tests	2025-12-21T13:03:55.0638456Z ##[endgroup]
🧪 Test (windows-latest)	Run tests	2025-12-21T13:04:03.0344293Z [1m[92m    Updating[0m crates.io index
🧪 Test (windows-latest)	Run tests	2025-12-21T13:04:04.2801669Z [1m[92m     Locking[0m 40 packages to latest compatible versions
🧪 Test (windows-latest)	Run tests	2025-12-21T13:04:04.3253308Z [1m[92m Downloading[0m crates ...
🧪 Test (windows-latest)	Run tests	2025-12-21T13:04:04.3927809Z [1m[92m  Downloaded[0m async-trait v0.1.89
🧪 Test (windows-latest)	Run tests	2025-12-21T13:04:04.6077251Z [1m[92m  Downloaded[0m wasm-bindgen v0.2.106
🧪 Test (windows-latest)	Run tests	2025-12-21T13:04:04.6860918Z [1m[92m  Downloaded[0m windows-link v0.2.1
🧪 Test (windows-latest)	Run tests	2025-12-21T13:04:04.6980992Z [1m[92m  Downloaded[0m wasm-bindgen-futures v0.4.56
🧪 Test (windows-latest)	Run tests	2025-12-21T13:04:04.7110031Z [1m[92m  Downloaded[0m wasm-bindgen-macro-support v0.2.106
🧪 Test (windows-latest)	Run tests	2025-12-21T13:04:04.7255923Z [1m[92m  Downloaded[0m wasm-bindgen-test v0.3.56
🧪 Test (windows-latest)	Run tests	2025-12-21T13:04:04.7608919Z [1m[92m  Downloaded[0m serde v1.0.228
🧪 Test (windows-latest)	Run tests	2025-12-21T13:04:04.7912969Z [1m[92m  Downloaded[0m memchr v2.7.6
🧪 Test (windows-latest)	Run tests	2025-12-21T13:04:04.8574922Z [1m[92m  Downloaded[0m bumpalo v3.19.1
🧪 Test (windows-latest)	Run tests	2025-12-21T13:04:04.8746692Z [1m[92m  Downloaded[0m libm v0.2.15
🧪 Test (windows-latest)	Run tests	2025-12-21T13:04:05.0238116Z [1m[92m  Downloaded[0m serde_core v1.0.228
🧪 Test (windows-latest)	Run tests	2025-12-21T13:04:05.0462267Z [1m[92m  Downloaded[0m serde_json v1.0.145
🧪 Test (windows-latest)	Run tests	2025-12-21T13:04:05.1141797Z [1m[92m  Downloaded[0m num-traits v0.2.19
🧪 Test (windows-latest)	Run tests	2025-12-21T13:04:05.1375187Z [1m[92m  Downloaded[0m js-sys v0.3.83
🧪 Test (windows-latest)	Run tests	2025-12-21T13:04:05.6393530Z [1m[92m  Downloaded[0m serde_derive v1.0.228
🧪 Test (windows-latest)	Run tests	2025-12-21T13:04:05.6700485Z [1m[92m  Downloaded[0m ryu v1.0.21
🧪 Test (windows-latest)	Run tests	2025-12-21T13:04:05.6995438Z [1m[92m  Downloaded[0m once_cell v1.21.3
🧪 Test (windows-latest)	Run tests	2025-12-21T13:04:05.7272440Z [1m[92m  Downloaded[0m syn v2.0.111
🧪 Test (windows-latest)	Run tests	2025-12-21T13:04:06.0609018Z [1m[92m  Downloaded[0m unicode-ident v1.0.22
🧪 Test (windows-latest)	Run tests	2025-12-21T13:04:06.0859399Z [1m[92m  Downloaded[0m quote v1.0.42
🧪 Test (windows-latest)	Run tests	2025-12-21T13:04:06.1145323Z [1m[92m  Downloaded[0m oorandom v11.1.5
🧪 Test (windows-latest)	Run tests	2025-12-21T13:04:06.1243173Z [1m[92m  Downloaded[0m nu-ansi-term v0.50.3
🧪 Test (windows-latest)	Run tests	2025-12-21T13:04:06.1473310Z [1m[92m  Downloaded[0m itoa v1.0.16
🧪 Test (windows-latest)	Run tests	2025-12-21T13:04:06.1588157Z [1m[92m  Downloaded[0m cast v0.3.0
🧪 Test (windows-latest)	Run tests	2025-12-21T13:04:06.1707314Z [1m[92m  Downloaded[0m wasm-bindgen-test-macro v0.3.56
🧪 Test (windows-latest)	Run tests	2025-12-21T13:04:06.1801778Z [1m[92m  Downloaded[0m wasm-bindgen-shared v0.2.106
🧪 Test (windows-latest)	Run tests	2025-12-21T13:04:06.1889843Z [1m[92m  Downloaded[0m wasm-bindgen-macro v0.2.106
🧪 Test (windows-latest)	Run tests	2025-12-21T13:04:06.1969343Z [1m[92m  Downloaded[0m cfg-if v1.0.4
🧪 Test (windows-latest)	Run tests	2025-12-21T13:04:06.2079628Z [1m[92m  Downloaded[0m autocfg v1.5.0
🧪 Test (windows-latest)	Run tests	2025-12-21T13:04:06.2312087Z [1m[92m  Downloaded[0m rustversion v1.0.22
🧪 Test (windows-latest)	Run tests	2025-12-21T13:04:06.2618325Z [1m[92m  Downloaded[0m proc-macro2 v1.0.103
🧪 Test (windows-latest)	Run tests	2025-12-21T13:04:06.2968569Z [1m[92m  Downloaded[0m windows-sys v0.61.2
🧪 Test (windows-latest)	Run tests	2025-12-21T13:04:07.0983705Z [1m[92m   Compiling[0m unicode-ident v1.0.22
🧪 Test (windows-latest)	Run tests	2025-12-21T13:04:07.0984709Z [1m[92m       Dirty[0m proc-macro2 v1.0.103: the path to the source changed
🧪 Test (windows-latest)	Run tests	2025-12-21T13:04:07.0985623Z [1m[92m   Compiling[0m proc-macro2 v1.0.103
🧪 Test (windows-latest)	Run tests	2025-12-21T13:04:07.0986425Z [1m[92m       Dirty[0m quote v1.0.42: the path to the source changed
🧪 Test (windows-latest)	Run tests	2025-12-21T13:04:07.0987137Z [1m[92m   Compiling[0m quote v1.0.42
🧪 Test (windows-latest)	Run tests	2025-12-21T13:04:07.0987822Z [1m[92m       Dirty[0m wasm-bindgen-shared v0.2.106: the path to the source changed
🧪 Test (windows-latest)	Run tests	2025-12-21T13:04:07.0988456Z [1m[92m   Compiling[0m wasm-bindgen-shared v0.2.106
🧪 Test (windows-latest)	Run tests	2025-12-21T13:04:07.1010127Z [1m[92m     Running[0m `C:\Users\runneradmin\.rustup\toolchains\stable-x86_64-pc-windows-msvc\bin\rustc.exe --crate-name unicode_ident --edition=2018 C:\Users\runneradmin\.cargo\registry\src\index.crates.io-1949cf8c6b5b557f\unicode-ident-1.0.22\src\lib.rs --error-format=json --json=diagnostic-rendered-ansi,artifacts,future-incompat --crate-type lib --emit=dep-info,metadata,link -C embed-bitcode=no -C debuginfo=2 --check-cfg cfg(docsrs,test) --check-cfg "cfg(feature, values())" -C metadata=97f48d3cd414e4f6 -C extra-filename=-5856aea57641a500 --out-dir D:\a\vietflux-ime\vietflux-ime\core\target\debug\deps -L dependency=D:\a\vietflux-ime\vietflux-ime\core\target\debug\deps --cap-lints allow`
🧪 Test (windows-latest)	Run tests	2025-12-21T13:04:07.1020392Z [1m[92m     Running[0m `C:\Users\runneradmin\.rustup\toolchains\stable-x86_64-pc-windows-msvc\bin\rustc.exe --crate-name build_script_build --edition=2021 C:\Users\runneradmin\.cargo\registry\src\index.crates.io-1949cf8c6b5b557f\proc-macro2-1.0.103\build.rs --error-format=json --json=diagnostic-rendered-ansi,artifacts,future-incompat --crate-type bin --emit=dep-info,link -C embed-bitcode=no --cfg "feature=\"default\"" --cfg "feature=\"proc-macro\"" --check-cfg cfg(docsrs,test) --check-cfg "cfg(feature, values(\"default\", \"nightly\", \"proc-macro\", \"span-locations\"))" -C metadata=001471343d1f61dd -C extra-filename=-fda83eb4b4f5e517 --out-dir D:\a\vietflux-ime\vietflux-ime\core\target\debug\build\proc-macro2-fda83eb4b4f5e517 -L dependency=D:\a\vietflux-ime\vietflux-ime\core\target\debug\deps --cap-lints allow`
🧪 Test (windows-latest)	Run tests	2025-12-21T13:04:07.1035532Z [1m[92m     Running[0m `C:\Users\runneradmin\.rustup\toolchains\stable-x86_64-pc-windows-msvc\bin\rustc.exe --crate-name build_script_build --edition=2021 C:\Users\runneradmin\.cargo\registry\src\index.crates.io-1949cf8c6b5b557f\wasm-bindgen-shared-0.2.106\build.rs --error-format=json --json=diagnostic-rendered-ansi,artifacts,future-incompat --crate-type bin --emit=dep-info,link -C embed-bitcode=no --warn=clippy::uninlined_format_args --warn=unexpected_cfgs --allow=clippy::type_complexity --allow=clippy::too_many_arguments --allow=clippy::overly_complex_bool_expr --allow=clippy::new_without_default --allow=clippy::large_enum_variant --check-cfg cfg(wasm_bindgen_unstable_test_coverage) --check-cfg cfg(xxx_debug_only_print_generated_code) --check-cfg cfg(docsrs,test) --check-cfg "cfg(feature, values())" -C metadata=0739a6ee399ee1c4 -C extra-filename=-5fc6e068b443414a --out-dir D:\a\vietflux-ime\vietflux-ime\core\target\debug\build\wasm-bindgen-shared-5fc6e068b443414a -L dependency=D:\a\vietflux-ime\vietflux-ime\core\target\debug\deps --cap-lints allow`
🧪 Test (windows-latest)	Run tests	2025-12-21T13:04:07.1046660Z [1m[92m     Running[0m `C:\Users\runneradmin\.rustup\toolchains\stable-x86_64-pc-windows-msvc\bin\rustc.exe --crate-name build_script_build --edition=2018 C:\Users\runneradmin\.cargo\registry\src\index.crates.io-1949cf8c6b5b557f\quote-1.0.42\build.rs --error-format=json --json=diagnostic-rendered-ansi,artifacts,future-incompat --crate-type bin --emit=dep-info,link -C embed-bitcode=no --cfg "feature=\"default\"" --cfg "feature=\"proc-macro\"" --check-cfg cfg(docsrs,test) --check-cfg "cfg(feature, values(\"default\", \"proc-macro\"))" -C metadata=3bb10825b2f7fac5 -C extra-filename=-3db939cd83aaa4bc --out-dir D:\a\vietflux-ime\vietflux-ime\core\target\debug\build\quote-3db939cd83aaa4bc -L dependency=D:\a\vietflux-ime\vietflux-ime\core\target\debug\deps --cap-lints allow`
🧪 Test (windows-latest)	Run tests	2025-12-21T13:04:21.5335612Z [1m[92m       Dirty[0m rustversion v1.0.22: the path to the source changed
🧪 Test (windows-latest)	Run tests	2025-12-21T13:04:21.5336112Z [1m[92m   Compiling[0m rustversion v1.0.22
🧪 Test (windows-latest)	Run tests	2025-12-21T13:04:21.5347248Z [1m[92m     Running[0m `C:\Users\runneradmin\.rustup\toolchains\stable-x86_64-pc-windows-msvc\bin\rustc.exe --crate-name build_script_build --edition=2018 C:\Users\runneradmin\.cargo\registry\src\index.crates.io-1949cf8c6b5b557f\rustversion-1.0.22\build\build.rs --error-format=json --json=diagnostic-rendered-ansi,artifacts,future-incompat --crate-type bin --emit=dep-info,link -C embed-bitcode=no --check-cfg cfg(docsrs,test) --check-cfg "cfg(feature, values())" -C metadata=43ee00e08ba4c608 -C extra-filename=-794a1f2e5527248c --out-dir D:\a\vietflux-ime\vietflux-ime\core\target\debug\build\rustversion-794a1f2e5527248c -L dependency=D:\a\vietflux-ime\vietflux-ime\core\target\debug\deps --cap-lints allow`
🧪 Test (windows-latest)	Run tests	2025-12-21T13:04:24.1903574Z [1m[92m     Running[0m `D:\a\vietflux-ime\vietflux-ime\core\target\debug\build\wasm-bindgen-shared-5fc6e068b443414a\build-script-build`
🧪 Test (windows-latest)	Run tests	2025-12-21T13:04:24.1904755Z [1m[92m     Running[0m `D:\a\vietflux-ime\vietflux-ime\core\target\debug\build\quote-3db939cd83aaa4bc\build-script-build`
🧪 Test (windows-latest)	Run tests	2025-12-21T13:04:24.1906109Z [1m[92m     Running[0m `D:\a\vietflux-ime\vietflux-ime\core\target\debug\build\rustversion-794a1f2e5527248c\build-script-build`
🧪 Test (windows-latest)	Run tests	2025-12-21T13:04:24.1918093Z [1m[92m     Running[0m `D:\a\vietflux-ime\vietflux-ime\core\target\debug\build\proc-macro2-fda83eb4b4f5e517\build-script-build`
🧪 Test (windows-latest)	Run tests	2025-12-21T13:04:24.2617997Z [1m[92m       Dirty[0m bumpalo v3.19.1: the path to the source changed
🧪 Test (windows-latest)	Run tests	2025-12-21T13:04:24.2619564Z [1m[92m   Compiling[0m bumpalo v3.19.1
🧪 Test (windows-latest)	Run tests	2025-12-21T13:04:24.2625459Z [1m[92m     Running[0m `C:\Users\runneradmin\.rustup\toolchains\stable-x86_64-pc-windows-msvc\bin\rustc.exe --crate-name rustversion --edition=2018 C:\Users\runneradmin\.cargo\registry\src\index.crates.io-1949cf8c6b5b557f\rustversion-1.0.22\src\lib.rs --error-format=json --json=diagnostic-rendered-ansi,artifacts,future-incompat --crate-type proc-macro --emit=dep-info,link -C prefer-dynamic -C embed-bitcode=no --check-cfg cfg(docsrs,test) --check-cfg "cfg(feature, values())" -C metadata=b9e83c58f5f5e384 -C extra-filename=-1bec87dd9d4b9979 --out-dir D:\a\vietflux-ime\vietflux-ime\core\target\debug\deps -L dependency=D:\a\vietflux-ime\vietflux-ime\core\target\debug\deps --extern proc_macro --cap-lints allow --cfg "host_os=\"windows\"" --check-cfg cfg(cfg_macro_not_allowed) --check-cfg "cfg(host_os, values(\"windows\"))"`
🧪 Test (windows-latest)	Run tests	2025-12-21T13:04:24.2636840Z [1m[92m     Running[0m `C:\Users\runneradmin\.rustup\toolchains\stable-x86_64-pc-windows-msvc\bin\rustc.exe --crate-name bumpalo --edition=2021 C:\Users\runneradmin\.cargo\registry\src\index.crates.io-1949cf8c6b5b557f\bumpalo-3.19.1\src\lib.rs --error-format=json --json=diagnostic-rendered-ansi,artifacts,future-incompat --crate-type lib --emit=dep-info,metadata,link -C embed-bitcode=no --cfg "feature=\"default\"" --check-cfg cfg(docsrs,test) --check-cfg "cfg(feature, values(\"allocator-api2\", \"allocator_api\", \"bench_allocator_api\", \"boxed\", \"collections\", \"default\", \"serde\", \"std\"))" -C metadata=1ee4d85146efd334 -C extra-filename=-fc72cf3681ae0657 --out-dir D:\a\vietflux-ime\vietflux-ime\core\target\debug\deps -L dependency=D:\a\vietflux-ime\vietflux-ime\core\target\debug\deps --cap-lints allow`
🧪 Test (windows-latest)	Run tests	2025-12-21T13:04:24.2649461Z [1m[92m     Running[0m `C:\Users\runneradmin\.rustup\toolchains\stable-x86_64-pc-windows-msvc\bin\rustc.exe --crate-name wasm_bindgen_shared --edition=2021 C:\Users\runneradmin\.cargo\registry\src\index.crates.io-1949cf8c6b5b557f\wasm-bindgen-shared-0.2.106\src\lib.rs --error-format=json --json=diagnostic-rendered-ansi,artifacts,future-incompat --crate-type lib --emit=dep-info,metadata,link -C embed-bitcode=no -C debuginfo=2 --warn=clippy::uninlined_format_args --warn=unexpected_cfgs --allow=clippy::type_complexity --allow=clippy::too_many_arguments --allow=clippy::overly_complex_bool_expr --allow=clippy::new_without_default --allow=clippy::large_enum_variant --check-cfg cfg(wasm_bindgen_unstable_test_coverage) --check-cfg cfg(xxx_debug_only_print_generated_code) --check-cfg cfg(docsrs,test) --check-cfg "cfg(feature, values())" -C metadata=3d4b85cda3bdebec -C extra-filename=-3f1c9716a042adda --out-dir D:\a\vietflux-ime\vietflux-ime\core\target\debug\deps -L dependency=D:\a\vietflux-ime\vietflux-ime\core\target\debug\deps --extern unicode_ident=D:\a\vietflux-ime\vietflux-ime\core\target\debug\deps\libunicode_ident-5856aea57641a500.rmeta --cap-lints allow`
🧪 Test (windows-latest)	Run tests	2025-12-21T13:04:25.4789464Z [1m[92m   Compiling[0m serde_core v1.0.228
🧪 Test (windows-latest)	Run tests	2025-12-21T13:04:25.4797421Z [1m[92m     Running[0m `C:\Users\runneradmin\.rustup\toolchains\stable-x86_64-pc-windows-msvc\bin\rustc.exe --crate-name build_script_build --edition=2021 C:\Users\runneradmin\.cargo\registry\src\index.crates.io-1949cf8c6b5b557f\serde_core-1.0.228\build.rs --error-format=json --json=diagnostic-rendered-ansi,artifacts,future-incompat --crate-type bin --emit=dep-info,link -C embed-bitcode=no --cfg "feature=\"alloc\"" --cfg "feature=\"result\"" --cfg "feature=\"std\"" --check-cfg cfg(docsrs,test) --check-cfg "cfg(feature, values(\"alloc\", \"default\", \"rc\", \"result\", \"std\", \"unstable\"))" -C metadata=a35ac28dffd17b09 -C extra-filename=-fd013c2dc2c81220 --out-dir D:\a\vietflux-ime\vietflux-ime\core\target\debug\build\serde_core-fd013c2dc2c81220 -L dependency=D:\a\vietflux-ime\vietflux-ime\core\target\debug\deps --cap-lints allow`
🧪 Test (windows-latest)	Run tests	2025-12-21T13:04:25.8589108Z [1m[92m   Compiling[0m once_cell v1.21.3
🧪 Test (windows-latest)	Run tests	2025-12-21T13:04:25.8594751Z [1m[92m     Running[0m `C:\Users\runneradmin\.rustup\toolchains\stable-x86_64-pc-windows-msvc\bin\rustc.exe --crate-name once_cell --edition=2021 C:\Users\runneradmin\.cargo\registry\src\index.crates.io-1949cf8c6b5b557f\once_cell-1.21.3\src\lib.rs --error-format=json --json=diagnostic-rendered-ansi,artifacts,future-incompat --crate-type lib --emit=dep-info,metadata,link -C embed-bitcode=no -C debuginfo=2 --check-cfg cfg(docsrs,test) --check-cfg "cfg(feature, values(\"alloc\", \"atomic-polyfill\", \"critical-section\", \"default\", \"parking_lot\", \"portable-atomic\", \"race\", \"std\", \"unstable\"))" -C metadata=ec60c0ba10647c82 -C extra-filename=-2a14b4a8e3648a1a --out-dir D:\a\vietflux-ime\vietflux-ime\core\target\debug\deps -L dependency=D:\a\vietflux-ime\vietflux-ime\core\target\debug\deps --cap-lints allow`
🧪 Test (windows-latest)	Run tests	2025-12-21T13:04:25.9744746Z [1m[92m     Running[0m `D:\a\vietflux-ime\vietflux-ime\core\target\debug\build\serde_core-fd013c2dc2c81220\build-script-build`
🧪 Test (windows-latest)	Run tests	2025-12-21T13:04:26.0119698Z [1m[92m   Compiling[0m cfg-if v1.0.4
🧪 Test (windows-latest)	Run tests	2025-12-21T13:04:26.0125967Z [1m[92m     Running[0m `C:\Users\runneradmin\.rustup\toolchains\stable-x86_64-pc-windows-msvc\bin\rustc.exe --crate-name cfg_if --edition=2018 C:\Users\runneradmin\.cargo\registry\src\index.crates.io-1949cf8c6b5b557f\cfg-if-1.0.4\src\lib.rs --error-format=json --json=diagnostic-rendered-ansi,artifacts,future-incompat --crate-type lib --emit=dep-info,metadata,link -C embed-bitcode=no -C debuginfo=2 --check-cfg cfg(docsrs,test) --check-cfg "cfg(feature, values(\"core\", \"rustc-dep-of-std\"))" -C metadata=97637deb2fafd137 -C extra-filename=-4316c8dd3aae8aa0 --out-dir D:\a\vietflux-ime\vietflux-ime\core\target\debug\deps -L dependency=D:\a\vietflux-ime\vietflux-ime\core\target\debug\deps --cap-lints allow`
🧪 Test (windows-latest)	Run tests	2025-12-21T13:04:26.0700108Z [1m[92m     Running[0m `C:\Users\runneradmin\.rustup\toolchains\stable-x86_64-pc-windows-msvc\bin\rustc.exe --crate-name serde_core --edition=2021 C:\Users\runneradmin\.cargo\registry\src\index.crates.io-1949cf8c6b5b557f\serde_core-1.0.228\src\lib.rs --error-format=json --json=diagnostic-rendered-ansi,artifacts,future-incompat --crate-type lib --emit=dep-info,metadata,link -C embed-bitcode=no -C debuginfo=2 --cfg "feature=\"alloc\"" --cfg "feature=\"result\"" --cfg "feature=\"std\"" --check-cfg cfg(docsrs,test) --check-cfg "cfg(feature, values(\"alloc\", \"default\", \"rc\", \"result\", \"std\", \"unstable\"))" -C metadata=f9260cf63938afb6 -C extra-filename=-547eb6df78073831 --out-dir D:\a\vietflux-ime\vietflux-ime\core\target\debug\deps -L dependency=D:\a\vietflux-ime\vietflux-ime\core\target\debug\deps --cap-lints allow --check-cfg cfg(if_docsrs_then_no_serde_core) --check-cfg cfg(no_core_cstr) --check-cfg cfg(no_core_error) --check-cfg cfg(no_core_net) --check-cfg cfg(no_core_num_saturating) --check-cfg cfg(no_diagnostic_namespace) --check-cfg cfg(no_serde_derive) --check-cfg cfg(no_std_atomic) --check-cfg cfg(no_std_atomic64) --check-cfg cfg(no_target_has_atomic)`
🧪 Test (windows-latest)	Run tests	2025-12-21T13:04:26.0959928Z [1m[92m   Compiling[0m libm v0.2.15
🧪 Test (windows-latest)	Run tests	2025-12-21T13:04:26.0965779Z [1m[92m     Running[0m `C:\Users\runneradmin\.rustup\toolchains\stable-x86_64-pc-windows-msvc\bin\rustc.exe --crate-name build_script_build --edition=2021 C:\Users\runneradmin\.cargo\registry\src\index.crates.io-1949cf8c6b5b557f\libm-0.2.15\build.rs --error-format=json --json=diagnostic-rendered-ansi,artifacts,future-incompat --crate-type bin --emit=dep-info,link -C embed-bitcode=no --warn=unexpected_cfgs --check-cfg "cfg(feature, values(\"compiler-builtins\"))" --cfg "feature=\"arch\"" --cfg "feature=\"default\"" --check-cfg cfg(docsrs,test) --check-cfg "cfg(feature, values(\"arch\", \"default\", \"force-soft-floats\", \"unstable\", \"unstable-float\", \"unstable-intrinsics\", \"unstable-public-internals\"))" -C metadata=74939b8131a21477 -C extra-filename=-f15b342ce1965629 --out-dir D:\a\vietflux-ime\vietflux-ime\core\target\debug\build\libm-f15b342ce1965629 -L dependency=D:\a\vietflux-ime\vietflux-ime\core\target\debug\deps --cap-lints allow`
🧪 Test (windows-latest)	Run tests	2025-12-21T13:04:26.4428176Z [1m[92m   Compiling[0m autocfg v1.5.0
🧪 Test (windows-latest)	Run tests	2025-12-21T13:04:26.4433362Z [1m[92m     Running[0m `C:\Users\runneradmin\.rustup\toolchains\stable-x86_64-pc-windows-msvc\bin\rustc.exe --crate-name autocfg --edition=2015 C:\Users\runneradmin\.cargo\registry\src\index.crates.io-1949cf8c6b5b557f\autocfg-1.5.0\src\lib.rs --error-format=json --json=diagnostic-rendered-ansi,artifacts,future-incompat --crate-type lib --emit=dep-info,metadata,link -C embed-bitcode=no --check-cfg cfg(docsrs,test) --check-cfg "cfg(feature, values())" -C metadata=6a7a2fcfd30a5f96 -C extra-filename=-0837c6aef9c33bfd --out-dir D:\a\vietflux-ime\vietflux-ime\core\target\debug\deps -L dependency=D:\a\vietflux-ime\vietflux-ime\core\target\debug\deps --cap-lints allow`
🧪 Test (windows-latest)	Run tests	2025-12-21T13:04:26.6576528Z [1m[92m     Running[0m `C:\Users\runneradmin\.rustup\toolchains\stable-x86_64-pc-windows-msvc\bin\rustc.exe --crate-name proc_macro2 --edition=2021 C:\Users\runneradmin\.cargo\registry\src\index.crates.io-1949cf8c6b5b557f\proc-macro2-1.0.103\src\lib.rs --error-format=json --json=diagnostic-rendered-ansi,artifacts,future-incompat --crate-type lib --emit=dep-info,metadata,link -C embed-bitcode=no --cfg "feature=\"default\"" --cfg "feature=\"proc-macro\"" --check-cfg cfg(docsrs,test) --check-cfg "cfg(feature, values(\"default\", \"nightly\", \"proc-macro\", \"span-locations\"))" -C metadata=22886e81e3b2ae48 -C extra-filename=-6a55967ce9800486 --out-dir D:\a\vietflux-ime\vietflux-ime\core\target\debug\deps -L dependency=D:\a\vietflux-ime\vietflux-ime\core\target\debug\deps --extern unicode_ident=D:\a\vietflux-ime\vietflux-ime\core\target\debug\deps\libunicode_ident-5856aea57641a500.rmeta --cap-lints allow --cfg wrap_proc_macro --cfg proc_macro_span_location --cfg proc_macro_span_file --check-cfg cfg(fuzzing) --check-cfg cfg(no_is_available) --check-cfg cfg(no_literal_byte_character) --check-cfg cfg(no_literal_c_string) --check-cfg cfg(no_source_text) --check-cfg cfg(proc_macro_span) --check-cfg cfg(proc_macro_span_file) --check-cfg cfg(proc_macro_span_location) --check-cfg cfg(procmacro2_backtrace) --check-cfg cfg(procmacro2_build_probe) --check-cfg cfg(procmacro2_nightly_testing) --check-cfg cfg(procmacro2_semver_exempt) --check-cfg cfg(randomize_layout) --check-cfg cfg(span_locations) --check-cfg cfg(super_unstable) --check-cfg cfg(wrap_proc_macro)`
🧪 Test (windows-latest)	Run tests	2025-12-21T13:04:27.9539540Z [1m[92m       Dirty[0m wasm-bindgen v0.2.106: the path to the source changed
🧪 Test (windows-latest)	Run tests	2025-12-21T13:04:27.9540371Z [1m[92m   Compiling[0m wasm-bindgen v0.2.106
🧪 Test (windows-latest)	Run tests	2025-12-21T13:04:27.9559847Z [1m[92m     Running[0m `C:\Users\runneradmin\.rustup\toolchains\stable-x86_64-pc-windows-msvc\bin\rustc.exe --crate-name build_script_build --edition=2021 C:\Users\runneradmin\.cargo\registry\src\index.crates.io-1949cf8c6b5b557f\wasm-bindgen-0.2.106\build.rs --error-format=json --json=diagnostic-rendered-ansi,artifacts,future-incompat --crate-type bin --emit=dep-info,link -C embed-bitcode=no --warn=clippy::uninlined_format_args --warn=unexpected_cfgs --allow=clippy::type_complexity --allow=clippy::too_many_arguments --allow=clippy::overly_complex_bool_expr --allow=clippy::new_without_default --allow=clippy::large_enum_variant --check-cfg cfg(wasm_bindgen_unstable_test_coverage) --check-cfg cfg(xxx_debug_only_print_generated_code) --cfg "feature=\"default\"" --cfg "feature=\"std\"" --check-cfg cfg(docsrs,test) --check-cfg "cfg(feature, values(\"default\", \"enable-interning\", \"gg-alloc\", \"msrv\", \"rustversion\", \"serde\", \"serde-serialize\", \"serde_json\", \"spans\", \"std\", \"strict-macro\", \"xxx_debug_only_print_generated_code\"))" -C metadata=05bf829fdbba2ecf -C extra-filename=-ba5bfb9f3eeb2301 --out-dir D:\a\vietflux-ime\vietflux-ime\core\target\debug\build\wasm-bindgen-ba5bfb9f3eeb2301 -L dependency=D:\a\vietflux-ime\vietflux-ime\core\target\debug\deps --extern rustversion_compat=D:\a\vietflux-ime\vietflux-ime\core\target\debug\deps\rustversion-1bec87dd9d4b9979.dll --cap-lints allow`
🧪 Test (windows-latest)	Run tests	2025-12-21T13:04:28.4089105Z [1m[92m     Running[0m `C:\Users\runneradmin\.rustup\toolchains\stable-x86_64-pc-windows-msvc\bin\rustc.exe --crate-name quote --edition=2018 C:\Users\runneradmin\.cargo\registry\src\index.crates.io-1949cf8c6b5b557f\quote-1.0.42\src\lib.rs --error-format=json --json=diagnostic-rendered-ansi,artifacts,future-incompat --crate-type lib --emit=dep-info,metadata,link -C embed-bitcode=no --cfg "feature=\"default\"" --cfg "feature=\"proc-macro\"" --check-cfg cfg(docsrs,test) --check-cfg "cfg(feature, values(\"default\", \"proc-macro\"))" -C metadata=599f0be274fd2390 -C extra-filename=-e4b065212a3d4df6 --out-dir D:\a\vietflux-ime\vietflux-ime\core\target\debug\deps -L dependency=D:\a\vietflux-ime\vietflux-ime\core\target\debug\deps --extern proc_macro2=D:\a\vietflux-ime\vietflux-ime\core\target\debug\deps\libproc_macro2-6a55967ce9800486.rmeta --cap-lints allow --check-cfg cfg(no_diagnostic_namespace)`
🧪 Test (windows-latest)	Run tests	2025-12-21T13:04:28.5486513Z [1m[92m     Running[0m `D:\a\vietflux-ime\vietflux-ime\core\target\debug\build\wasm-bindgen-ba5bfb9f3eeb2301\build-script-build`
🧪 Test (windows-latest)	Run tests	2025-12-21T13:04:28.5652922Z [1m[92m   Compiling[0m serde_json v1.0.145
🧪 Test (windows-latest)	Run tests	2025-12-21T13:04:28.5679196Z [1m[92m     Running[0m `C:\Users\runneradmin\.rustup\toolchains\stable-x86_64-pc-windows-msvc\bin\rustc.exe --crate-name build_script_build --edition=2021 C:\Users\runneradmin\.cargo\registry\src\index.crates.io-1949cf8c6b5b557f\serde_json-1.0.145\build.rs --error-format=json --json=diagnostic-rendered-ansi,artifacts,future-incompat --crate-type bin --emit=dep-info,link -C embed-bitcode=no --cfg "feature=\"alloc\"" --cfg "feature=\"default\"" --cfg "feature=\"std\"" --check-cfg cfg(docsrs,test) --check-cfg "cfg(feature, values(\"alloc\", \"arbitrary_precision\", \"default\", \"float_roundtrip\", \"indexmap\", \"preserve_order\", \"raw_value\", \"std\", \"unbounded_depth\"))" -C metadata=7898701e3179059d -C extra-filename=-b4b8015332b5ae4d --out-dir D:\a\vietflux-ime\vietflux-ime\core\target\debug\build\serde_json-b4b8015332b5ae4d -L dependency=D:\a\vietflux-ime\vietflux-ime\core\target\debug\deps --cap-lints allow`
🧪 Test (windows-latest)	Run tests	2025-12-21T13:04:28.7051469Z [1m[92m   Compiling[0m syn v2.0.111
🧪 Test (windows-latest)	Run tests	2025-12-21T13:04:28.7079620Z [1m[92m     Running[0m `C:\Users\runneradmin\.rustup\toolchains\stable-x86_64-pc-windows-msvc\bin\rustc.exe --crate-name syn --edition=2021 C:\Users\runneradmin\.cargo\registry\src\index.crates.io-1949cf8c6b5b557f\syn-2.0.111\src\lib.rs --error-format=json --json=diagnostic-rendered-ansi,artifacts,future-incompat --crate-type lib --emit=dep-info,metadata,link -C embed-bitcode=no --cfg "feature=\"clone-impls\"" --cfg "feature=\"default\"" --cfg "feature=\"derive\"" --cfg "feature=\"full\"" --cfg "feature=\"parsing\"" --cfg "feature=\"printing\"" --cfg "feature=\"proc-macro\"" --cfg "feature=\"visit\"" --cfg "feature=\"visit-mut\"" --check-cfg cfg(docsrs,test) --check-cfg "cfg(feature, values(\"clone-impls\", \"default\", \"derive\", \"extra-traits\", \"fold\", \"full\", \"parsing\", \"printing\", \"proc-macro\", \"test\", \"visit\", \"visit-mut\"))" -C metadata=137a9c39a377a389 -C extra-filename=-e6435692065361e0 --out-dir D:\a\vietflux-ime\vietflux-ime\core\target\debug\deps -L dependency=D:\a\vietflux-ime\vietflux-ime\core\target\debug\deps --extern proc_macro2=D:\a\vietflux-ime\vietflux-ime\core\target\debug\deps\libproc_macro2-6a55967ce9800486.rmeta --extern quote=D:\a\vietflux-ime\vietflux-ime\core\target\debug\deps\libquote-e4b065212a3d4df6.rmeta --extern unicode_ident=D:\a\vietflux-ime\vietflux-ime\core\target\debug\deps\libunicode_ident-5856aea57641a500.rmeta --cap-lints allow`
🧪 Test (windows-latest)	Run tests	2025-12-21T13:04:28.7974167Z [1m[92m       Dirty[0m serde v1.0.228: the path to the source changed
🧪 Test (windows-latest)	Run tests	2025-12-21T13:04:28.7975798Z [1m[92m   Compiling[0m serde v1.0.228
🧪 Test (windows-latest)	Run tests	2025-12-21T13:04:28.8015334Z [1m[92m     Running[0m `C:\Users\runneradmin\.rustup\toolchains\stable-x86_64-pc-windows-msvc\bin\rustc.exe --crate-name build_script_build --edition=2021 C:\Users\runneradmin\.cargo\registry\src\index.crates.io-1949cf8c6b5b557f\serde-1.0.228\build.rs --error-format=json --json=diagnostic-rendered-ansi,artifacts,future-incompat --crate-type bin --emit=dep-info,link -C embed-bitcode=no --cfg "feature=\"default\"" --cfg "feature=\"derive\"" --cfg "feature=\"serde_derive\"" --cfg "feature=\"std\"" --check-cfg cfg(docsrs,test) --check-cfg "cfg(feature, values(\"alloc\", \"default\", \"derive\", \"rc\", \"serde_derive\", \"std\", \"unstable\"))" -C metadata=ff26f41f4aef3a58 -C extra-filename=-bd66712cb0deb479 --out-dir D:\a\vietflux-ime\vietflux-ime\core\target\debug\build\serde-bd66712cb0deb479 -L dependency=D:\a\vietflux-ime\vietflux-ime\core\target\debug\deps --cap-lints allow`
🧪 Test (windows-latest)	Run tests	2025-12-21T13:04:28.8546021Z [1m[92m     Running[0m `D:\a\vietflux-ime\vietflux-ime\core\target\debug\build\serde_json-b4b8015332b5ae4d\build-script-build`
🧪 Test (windows-latest)	Run tests	2025-12-21T13:04:28.8701653Z [1m[92m   Compiling[0m num-traits v0.2.19
🧪 Test (windows-latest)	Run tests	2025-12-21T13:04:28.8737086Z [1m[92m     Running[0m `C:\Users\runneradmin\.rustup\toolchains\stable-x86_64-pc-windows-msvc\bin\rustc.exe --crate-name build_script_build --edition=2021 C:\Users\runneradmin\.cargo\registry\src\index.crates.io-1949cf8c6b5b557f\num-traits-0.2.19\build.rs --error-format=json --json=diagnostic-rendered-ansi,artifacts,future-incompat --crate-type bin --emit=dep-info,link -C embed-bitcode=no --cfg "feature=\"libm\"" --check-cfg cfg(docsrs,test) --check-cfg "cfg(feature, values(\"default\", \"i128\", \"libm\", \"std\"))" -C metadata=c7ff8525fd68864d -C extra-filename=-ed08bc029e1cd38d --out-dir D:\a\vietflux-ime\vietflux-ime\core\target\debug\build\num-traits-ed08bc029e1cd38d -L dependency=D:\a\vietflux-ime\vietflux-ime\core\target\debug\deps --extern autocfg=D:\a\vietflux-ime\vietflux-ime\core\target\debug\deps\libautocfg-0837c6aef9c33bfd.rlib --cap-lints allow`
🧪 Test (windows-latest)	Run tests	2025-12-21T13:04:29.1110758Z [1m[92m     Running[0m `D:\a\vietflux-ime\vietflux-ime\core\target\debug\build\libm-f15b342ce1965629\build-script-build`
🧪 Test (windows-latest)	Run tests	2025-12-21T13:04:29.1203436Z [1m[92m   Compiling[0m ryu v1.0.21
🧪 Test (windows-latest)	Run tests	2025-12-21T13:04:29.1236449Z [1m[92m     Running[0m `C:\Users\runneradmin\.rustup\toolchains\stable-x86_64-pc-windows-msvc\bin\rustc.exe --crate-name ryu --edition=2021 C:\Users\runneradmin\.cargo\registry\src\index.crates.io-1949cf8c6b5b557f\ryu-1.0.21\src\lib.rs --error-format=json --json=diagnostic-rendered-ansi,artifacts,future-incompat --crate-type lib --emit=dep-info,metadata,link -C embed-bitcode=no -C debuginfo=2 --check-cfg cfg(docsrs,test) --check-cfg "cfg(feature, values(\"no-panic\", \"small\"))" -C metadata=80b43ab86a56a5c1 -C extra-filename=-38eaf9c1354216b0 --out-dir D:\a\vietflux-ime\vietflux-ime\core\target\debug\deps -L dependency=D:\a\vietflux-ime\vietflux-ime\core\target\debug\deps --cap-lints allow`
🧪 Test (windows-latest)	Run tests	2025-12-21T13:04:29.1561906Z [1m[92m     Running[0m `D:\a\vietflux-ime\vietflux-ime\core\target\debug\build\serde-bd66712cb0deb479\build-script-build`
🧪 Test (windows-latest)	Run tests	2025-12-21T13:04:29.1923173Z [1m[92m   Compiling[0m itoa v1.0.16
🧪 Test (windows-latest)	Run tests	2025-12-21T13:04:29.1930529Z [1m[92m     Running[0m `C:\Users\runneradmin\.rustup\toolchains\stable-x86_64-pc-windows-msvc\bin\rustc.exe --crate-name itoa --edition=2021 C:\Users\runneradmin\.cargo\registry\src\index.crates.io-1949cf8c6b5b557f\itoa-1.0.16\src\lib.rs --error-format=json --json=diagnostic-rendered-ansi,artifacts,future-incompat --crate-type lib --emit=dep-info,metadata,link -C embed-bitcode=no -C debuginfo=2 --check-cfg cfg(docsrs,test) --check-cfg "cfg(feature, values(\"no-panic\"))" -C metadata=95f78f7ea9d3e6e7 -C extra-filename=-d9cabddf26adcea8 --out-dir D:\a\vietflux-ime\vietflux-ime\core\target\debug\deps -L dependency=D:\a\vietflux-ime\vietflux-ime\core\target\debug\deps --cap-lints allow`
🧪 Test (windows-latest)	Run tests	2025-12-21T13:04:29.4418166Z [1m[92m   Compiling[0m memchr v2.7.6
🧪 Test (windows-latest)	Run tests	2025-12-21T13:04:29.4452757Z [1m[92m     Running[0m `C:\Users\runneradmin\.rustup\toolchains\stable-x86_64-pc-windows-msvc\bin\rustc.exe --crate-name memchr --edition=2021 C:\Users\runneradmin\.cargo\registry\src\index.crates.io-1949cf8c6b5b557f\memchr-2.7.6\src\lib.rs --error-format=json --json=diagnostic-rendered-ansi,artifacts,future-incompat --crate-type lib --emit=dep-info,metadata,link -C embed-bitcode=no -C debuginfo=2 --cfg "feature=\"alloc\"" --cfg "feature=\"std\"" --check-cfg cfg(docsrs,test) --check-cfg "cfg(feature, values(\"alloc\", \"core\", \"default\", \"libc\", \"logging\", \"rustc-dep-of-std\", \"std\", \"use_std\"))" -C metadata=ccee7b15a985d2ca -C extra-filename=-ffe77f29ef986476 --out-dir D:\a\vietflux-ime\vietflux-ime\core\target\debug\deps -L dependency=D:\a\vietflux-ime\vietflux-ime\core\target\debug\deps --cap-lints allow`
🧪 Test (windows-latest)	Run tests	2025-12-21T13:04:29.4719383Z [1m[92m   Compiling[0m windows-link v0.2.1
🧪 Test (windows-latest)	Run tests	2025-12-21T13:04:29.4754482Z [1m[92m     Running[0m `C:\Users\runneradmin\.rustup\toolchains\stable-x86_64-pc-windows-msvc\bin\rustc.exe --crate-name windows_link --edition=2021 C:\Users\runneradmin\.cargo\registry\src\index.crates.io-1949cf8c6b5b557f\windows-link-0.2.1\src\lib.rs --error-format=json --json=diagnostic-rendered-ansi,artifacts,future-incompat --crate-type lib --emit=dep-info,metadata,link -C embed-bitcode=no -C debuginfo=2 --warn=unexpected_cfgs --warn=missing_unsafe_on_extern --check-cfg "cfg(windows_raw_dylib, windows_slim_errors)" --check-cfg cfg(docsrs,test) --check-cfg "cfg(feature, values())" -C metadata=4add5d268935a034 -C extra-filename=-ce4f0b2c15c7b075 --out-dir D:\a\vietflux-ime\vietflux-ime\core\target\debug\deps -L dependency=D:\a\vietflux-ime\vietflux-ime\core\target\debug\deps --cap-lints allow`
🧪 Test (windows-latest)	Run tests	2025-12-21T13:04:29.5378864Z [1m[92m   Compiling[0m windows-sys v0.61.2
🧪 Test (windows-latest)	Run tests	2025-12-21T13:04:29.5436449Z [1m[92m     Running[0m `C:\Users\runneradmin\.rustup\toolchains\stable-x86_64-pc-windows-msvc\bin\rustc.exe --crate-name windows_sys --edition=2021 C:\Users\runneradmin\.cargo\registry\src\index.crates.io-1949cf8c6b5b557f\windows-sys-0.61.2\src\lib.rs --error-format=json --json=diagnostic-rendered-ansi,artifacts,future-incompat --crate-type lib --emit=dep-info,metadata,link -C embed-bitcode=no -C debuginfo=2 --warn=unexpected_cfgs --warn=missing_unsafe_on_extern --check-cfg "cfg(windows_raw_dylib, windows_slim_errors)" --cfg "feature=\"Win32\"" --cfg "feature=\"Win32_Foundation\"" --cfg "feature=\"Win32_Security\"" --cfg "feature=\"Win32_Storage\"" --cfg "feature=\"Win32_Storage_FileSystem\"" --cfg "feature=\"Win32_System\"" --cfg "feature=\"Win32_System_Console\"" --cfg "feature=\"default\"" --check-cfg cfg(docsrs,test) --check-cfg "cfg(feature, values(\"Wdk\", \"Wdk_Devices\", \"Wdk_Devices_Bluetooth\", \"Wdk_Devices_HumanInterfaceDevice\", \"Wdk_Foundation\", \"Wdk_Graphics\", \"Wdk_Graphics_Direct3D\", \"Wdk_NetworkManagement\", \"Wdk_NetworkManagement_Ndis\", \"Wdk_NetworkManagement_WindowsFilteringPlatform\", \"Wdk_Storage\", \"Wdk_Storage_FileSystem\", \"Wdk_Storage_FileSystem_Minifilters\", \"Wdk_System\", \"Wdk_System_IO\", \"Wdk_System_Memory\", \"Wdk_System_OfflineRegistry\", \"Wdk_System_Registry\", \"Wdk_System_SystemInformation\", \"Wdk_System_SystemServices\", \"Wdk_System_Threading\", \"Win32\", \"Win32_Data\", \"Win32_Data_HtmlHelp\", \"Win32_Data_RightsManagement\", \"Win32_Devices\", \"Win32_Devices_AllJoyn\", \"Win32_Devices_Beep\", \"Win32_Devices_BiometricFramework\", \"Win32_Devices_Bluetooth\", \"Win32_Devices_Cdrom\", \"Win32_Devices_Communication\", \"Win32_Devices_DeviceAndDriverInstallation\", \"Win32_Devices_DeviceQuery\", \"Win32_Devices_Display\", \"Win32_Devices_Dvd\", \"Win32_Devices_Enumeration\", \"Win32_Devices_Enumeration_Pnp\", \"Win32_Devices_Fax\", \"Win32_Devices_HumanInterfaceDevice\", \"Win32_Devices_Nfc\", \"Win32_Devices_Nfp\", \"Win32_Devices_PortableDevices\", \"Win32_Devices_Properties\", \"Win32_Devices_Pwm\", \"Win32_Devices_Sensors\", \"Win32_Devices_SerialCommunication\", \"Win32_Devices_Tapi\", \"Win32_Devices_Usb\", \"Win32_Devices_WebServicesOnDevices\", \"Win32_Foundation\", \"Win32_Gaming\", \"Win32_Globalization\", \"Win32_Graphics\", \"Win32_Graphics_Dwm\", \"Win32_Graphics_Gdi\", \"Win32_Graphics_GdiPlus\", \"Win32_Graphics_Hlsl\", \"Win32_Graphics_OpenGL\", \"Win32_Graphics_Printing\", \"Win32_Graphics_Printing_PrintTicket\", \"Win32_Management\", \"Win32_Management_MobileDeviceManagementRegistration\", \"Win32_Media\", \"Win32_Media_Audio\", \"Win32_Media_DxMediaObjects\", \"Win32_Media_KernelStreaming\", \"Win32_Media_Multimedia\", \"Win32_Media_Streaming\", \"Win32_Media_WindowsMediaFormat\", \"Win32_NetworkManagement\", \"Win32_NetworkManagement_Dhcp\", \"Win32_NetworkManagement_Dns\", \"Win32_NetworkManagement_InternetConnectionWizard\", \"Win32_NetworkManagement_IpHelper\", \"Win32_NetworkManagement_Multicast\", \"Win32_NetworkManagement_Ndis\", \"Win32_NetworkManagement_NetBios\", \"Win32_NetworkManagement_NetManagement\", \"Win32_NetworkManagement_NetShell\", \"Win32_NetworkManagement_NetworkDiagnosticsFramework\", \"Win32_NetworkManagement_P2P\", \"Win32_NetworkManagement_QoS\", \"Win32_NetworkManagement_Rras\", \"Win32_NetworkManagement_Snmp\", \"Win32_NetworkManagement_WNet\", \"Win32_NetworkManagement_WebDav\", \"Win32_NetworkManagement_WiFi\", \"Win32_NetworkManagement_WindowsConnectionManager\", \"Win32_NetworkManagement_WindowsFilteringPlatform\", \"Win32_NetworkManagement_WindowsFirewall\", \"Win32_NetworkManagement_WindowsNetworkVirtualization\", \"Win32_Networking\", \"Win32_Networking_ActiveDirectory\", \"Win32_Networking_Clustering\", \"Win32_Networking_HttpServer\", \"Win32_Networking_Ldap\", \"Win32_Networking_WebSocket\", \"Win32_Networking_WinHttp\", \"Win32_Networking_WinInet\", \"Win32_Networking_WinSock\", \"Win32_Networking_WindowsWebServices\", \"Win32_Security\", \"Win32_Security_AppLocker\", \"Win32_Security_Authentication\", \"Win32_Security_Authentication_Identity\", \"Win32_Security_Authorization\", \"Win32_Security_Credentials\", \"Win32_Security_Cryptography\", \"Win32_Security_Cryptography_Catalog\", \"Win32_Security_Cryptography_Certificates\", \"Win32_Security_Cryptography_Sip\", \"Win32_Security_Cryptography_UI\", \"Win32_Security_DiagnosticDataQuery\", \"Win32_Security_DirectoryServices\", \"Win32_Security_EnterpriseData\", \"Win32_Security_ExtensibleAuthenticationProtocol\", \"Win32_Security_Isolation\", \"Win32_Security_LicenseProtection\", \"Win32_Security_NetworkAccessProtection\", \"Win32_Security_WinTrust\", \"Win32_Security_WinWlx\", \"Win32_Storage\", \"Win32_Storage_Cabinets\", \"Win32_Storage_CloudFilters\", \"Win32_Storage_Compression\", \"Win32_Storage_DistributedFileSystem\", \"Win32_Storage_FileHistory\", \"Win32_Storage_FileSystem\", \"Win32_Storage_Imapi\", \"Win32_Storage_IndexServer\", \"Win32_Storage_InstallableFileSystems\", \"Win32_Storage_IscsiDisc\", \"Win32_Storage_Jet\", \"Win32_Storage_Nvme\", \"Win32_Storage_OfflineFiles\", \"Win32_Storage_OperationRecorder\", \"Win32_Storage_Packaging\", \"Win32_Storage_Packaging_Appx\", \"Win32_Storage_ProjectedFileSystem\", \"Win32_Storage_StructuredStorage\", \"Win32_Storage_Vhd\", \"Win32_Storage_Xps\", \"Win32_System\", \"Win32_System_AddressBook\", \"Win32_System_Antimalware\", \"Win32_System_ApplicationInstallationAndServicing\", \"Win32_System_ApplicationVerifier\", \"Win32_System_ClrHosting\", \"Win32_System_Com\", \"Win32_System_Com_Marshal\", \"Win32_System_Com_StructuredStorage\", \"Win32_System_Com_Urlmon\", \"Win32_System_ComponentServices\", \"Win32_System_Console\", \"Win32_System_CorrelationVector\", \"Win32_System_DataExchange\", \"Win32_System_DeploymentServices\", \"Win32_System_DeveloperLicensing\", \"Win32_System_Diagnostics\", \"Win32_System_Diagnostics_Ceip\", \"Win32_System_Diagnostics_Debug\", \"Win32_System_Diagnostics_Debug_Extensions\", \"Win32_System_Diagnostics_Etw\", \"Win32_System_Diagnostics_ProcessSnapshotting\", \"Win32_System_Diagnostics_ToolHelp\", \"Win32_System_Diagnostics_TraceLogging\", \"Win32_System_DistributedTransactionCoordinator\", \"Win32_System_Environment\", \"Win32_System_ErrorReporting\", \"Win32_System_EventCollector\", \"Win32_System_EventLog\", \"Win32_System_EventNotificationService\", \"Win32_System_GroupPolicy\", \"Win32_System_HostCompute\", \"Win32_System_HostComputeNetwork\", \"Win32_System_HostComputeSystem\", \"Win32_System_Hypervisor\", \"Win32_System_IO\", \"Win32_System_Iis\", \"Win32_System_Ioctl\", \"Win32_System_JobObjects\", \"Win32_System_Js\", \"Win32_System_Kernel\", \"Win32_System_LibraryLoader\", \"Win32_System_Mailslots\", \"Win32_System_Mapi\", \"Win32_System_Memory\", \"Win32_System_Memory_NonVolatile\", \"Win32_System_MessageQueuing\", \"Win32_System_MixedReality\", \"Win32_System_Ole\", \"Win32_System_PasswordManagement\", \"Win32_System_Performance\", \"Win32_System_Performance_HardwareCounterProfiling\", \"Win32_System_Pipes\", \"Win32_System_Power\", \"Win32_System_ProcessStatus\", \"Win32_System_Recovery\", \"Win32_System_Registry\", \"Win32_System_RemoteDesktop\", \"Win32_System_RemoteManagement\", \"Win32_System_RestartManager\", \"Win32_System_Restore\", \"Win32_System_Rpc\", \"Win32_System_Search\", \"Win32_System_Search_Common\", \"Win32_System_SecurityCenter\", \"Win32_System_Services\", \"Win32_System_SetupAndMigration\", \"Win32_System_Shutdown\", \"Win32_System_StationsAndDesktops\", \"Win32_System_SubsystemForLinux\", \"Win32_System_SystemInformation\", \"Win32_System_SystemServices\", \"Win32_System_Threading\", \"Win32_System_Time\", \"Win32_System_TpmBaseServices\", \"Win32_System_UserAccessLogging\", \"Win32_System_Variant\", \"Win32_System_VirtualDosMachines\", \"Win32_System_WindowsProgramming\", \"Win32_System_Wmi\", \"Win32_UI\", \"Win32_UI_Accessibility\", \"Win32_UI_ColorSystem\", \"Win32_UI_Controls\", \"Win32_UI_Controls_Dialogs\", \"Win32_UI_HiDpi\", \"Win32_UI_Input\", \"Win32_UI_Input_Ime\", \"Win32_UI_Input_KeyboardAndMouse\", \"Win32_UI_Input_Pointer\", \"Win32_UI_Input_Touch\", \"Win32_UI_Input_XboxController\", \"Win32_UI_InteractionContext\", \"Win32_UI_Magnification\", \"Win32_UI_Shell\", \"Win32_UI_Shell_Common\", \"Win32_UI_Shell_PropertiesSystem\", \"Win32_UI_TabletPC\", \"Win32_UI_TextServices\", \"Win32_UI_WindowsAndMessaging\", \"Win32_Web\", \"Win32_Web_InternetExplorer\", \"default\", \"docs\"))" -C metadata=3866da3750f1af46 -C extra-filename=-96040eb5424abb5a --out-dir D:\a\vietflux-ime\vietflux-ime\core\target\debug\deps -L dependency=D:\a\vietflux-ime\vietflux-ime\core\target\debug\deps --extern windows_link=D:\a\vietflux-ime\vietflux-ime\core\target\debug\deps\libwindows_link-ce4f0b2c15c7b075.rmeta --cap-lints allow`
🧪 Test (windows-latest)	Run tests	2025-12-21T13:04:30.4313530Z [1m[92m     Running[0m `C:\Users\runneradmin\.rustup\toolchains\stable-x86_64-pc-windows-msvc\bin\rustc.exe --crate-name libm --edition=2021 C:\Users\runneradmin\.cargo\registry\src\index.crates.io-1949cf8c6b5b557f\libm-0.2.15\src\lib.rs --error-format=json --json=diagnostic-rendered-ansi,artifacts,future-incompat --crate-type lib --emit=dep-info,metadata,link -C embed-bitcode=no -C debuginfo=2 --warn=unexpected_cfgs --check-cfg "cfg(feature, values(\"compiler-builtins\"))" --cfg "feature=\"arch\"" --cfg "feature=\"default\"" --check-cfg cfg(docsrs,test) --check-cfg "cfg(feature, values(\"arch\", \"default\", \"force-soft-floats\", \"unstable\", \"unstable-float\", \"unstable-intrinsics\", \"unstable-public-internals\"))" -C metadata=069d1fa630a7e44a -C extra-filename=-f5e50ebca6c84dda --out-dir D:\a\vietflux-ime\vietflux-ime\core\target\debug\deps -L dependency=D:\a\vietflux-ime\vietflux-ime\core\target\debug\deps --cap-lints allow --cfg arch_enabled --check-cfg cfg(assert_no_panic) --check-cfg cfg(intrinsics_enabled) --check-cfg cfg(arch_enabled) --check-cfg cfg(optimizations_enabled) --check-cfg cfg(x86_no_sse) --check-cfg cfg(f16_enabled) --check-cfg cfg(f128_enabled)`
🧪 Test (windows-latest)	Run tests	2025-12-21T13:04:31.3267010Z [1m[92m     Running[0m `C:\Users\runneradmin\.rustup\toolchains\stable-x86_64-pc-windows-msvc\bin\rustc.exe --crate-name serde_json --edition=2021 C:\Users\runneradmin\.cargo\registry\src\index.crates.io-1949cf8c6b5b557f\serde_json-1.0.145\src\lib.rs --error-format=json --json=diagnostic-rendered-ansi,artifacts,future-incompat --crate-type lib --emit=dep-info,metadata,link -C embed-bitcode=no -C debuginfo=2 --cfg "feature=\"alloc\"" --cfg "feature=\"default\"" --cfg "feature=\"std\"" --check-cfg cfg(docsrs,test) --check-cfg "cfg(feature, values(\"alloc\", \"arbitrary_precision\", \"default\", \"float_roundtrip\", \"indexmap\", \"preserve_order\", \"raw_value\", \"std\", \"unbounded_depth\"))" -C metadata=08ce4b80caf951f1 -C extra-filename=-7b774ece047bc48f --out-dir D:\a\vietflux-ime\vietflux-ime\core\target\debug\deps -L dependency=D:\a\vietflux-ime\vietflux-ime\core\target\debug\deps --extern itoa=D:\a\vietflux-ime\vietflux-ime\core\target\debug\deps\libitoa-d9cabddf26adcea8.rmeta --extern memchr=D:\a\vietflux-ime\vietflux-ime\core\target\debug\deps\libmemchr-ffe77f29ef986476.rmeta --extern ryu=D:\a\vietflux-ime\vietflux-ime\core\target\debug\deps\libryu-38eaf9c1354216b0.rmeta --extern serde_core=D:\a\vietflux-ime\vietflux-ime\core\target\debug\deps\libserde_core-547eb6df78073831.rmeta --cap-lints allow --cfg "fast_arithmetic=\"64\"" --check-cfg "cfg(fast_arithmetic, values(\"32\", \"64\"))"`
🧪 Test (windows-latest)	Run tests	2025-12-21T13:04:32.0284814Z [1m[92m     Running[0m `D:\a\vietflux-ime\vietflux-ime\core\target\debug\build\num-traits-ed08bc029e1cd38d\build-script-build`
🧪 Test (windows-latest)	Run tests	2025-12-21T13:04:32.2075037Z [1m[92m   Compiling[0m nu-ansi-term v0.50.3
🧪 Test (windows-latest)	Run tests	2025-12-21T13:04:32.2112446Z [1m[92m     Running[0m `C:\Users\runneradmin\.rustup\toolchains\stable-x86_64-pc-windows-msvc\bin\rustc.exe --crate-name nu_ansi_term --edition=2021 C:\Users\runneradmin\.cargo\registry\src\index.crates.io-1949cf8c6b5b557f\nu-ansi-term-0.50.3\src\lib.rs --error-format=json --json=diagnostic-rendered-ansi,artifacts,future-incompat --crate-type lib --emit=dep-info,metadata,link -C embed-bitcode=no -C debuginfo=2 --check-cfg cfg(docsrs,test) --check-cfg "cfg(feature, values(\"default\", \"derive_serde_style\", \"gnu_legacy\", \"serde\", \"std\"))" -C metadata=f2d5bf0687648b7a -C extra-filename=-ee63b3eb0f07e235 --out-dir D:\a\vietflux-ime\vietflux-ime\core\target\debug\deps -L dependency=D:\a\vietflux-ime\vietflux-ime\core\target\debug\deps --extern windows=D:\a\vietflux-ime\vietflux-ime\core\target\debug\deps\libwindows_sys-96040eb5424abb5a.rmeta --cap-lints allow`
🧪 Test (windows-latest)	Run tests	2025-12-21T13:04:32.7503147Z [1m[92m   Compiling[0m wasm-bindgen-macro-support v0.2.106
🧪 Test (windows-latest)	Run tests	2025-12-21T13:04:32.7543139Z [1m[92m     Running[0m `C:\Users\runneradmin\.rustup\toolchains\stable-x86_64-pc-windows-msvc\bin\rustc.exe --crate-name wasm_bindgen_macro_support --edition=2021 C:\Users\runneradmin\.cargo\registry\src\index.crates.io-1949cf8c6b5b557f\wasm-bindgen-macro-support-0.2.106\src\lib.rs --error-format=json --json=diagnostic-rendered-ansi,artifacts,future-incompat --crate-type lib --emit=dep-info,metadata,link -C embed-bitcode=no --warn=clippy::uninlined_format_args --warn=unexpected_cfgs --allow=clippy::type_complexity --allow=clippy::too_many_arguments --allow=clippy::overly_complex_bool_expr --allow=clippy::new_without_default --allow=clippy::large_enum_variant --check-cfg cfg(wasm_bindgen_unstable_test_coverage) --check-cfg cfg(xxx_debug_only_print_generated_code) --check-cfg cfg(docsrs,test) --check-cfg "cfg(feature, values(\"extra-traits\", \"strict-macro\"))" -C metadata=30d2e5dfbf7662f9 -C extra-filename=-fc6febf76dbda225 --out-dir D:\a\vietflux-ime\vietflux-ime\core\target\debug\deps -L dependency=D:\a\vietflux-ime\vietflux-ime\core\target\debug\deps --extern bumpalo=D:\a\vietflux-ime\vietflux-ime\core\target\debug\deps\libbumpalo-fc72cf3681ae0657.rmeta --extern proc_macro2=D:\a\vietflux-ime\vietflux-ime\core\target\debug\deps\libproc_macro2-6a55967ce9800486.rmeta --extern quote=D:\a\vietflux-ime\vietflux-ime\core\target\debug\deps\libquote-e4b065212a3d4df6.rmeta --extern syn=D:\a\vietflux-ime\vietflux-ime\core\target\debug\deps\libsyn-e6435692065361e0.rmeta --extern wasm_bindgen_shared=D:\a\vietflux-ime\vietflux-ime\core\target\debug\deps\libwasm_bindgen_shared-3f1c9716a042adda.rmeta --cap-lints allow`
🧪 Test (windows-latest)	Run tests	2025-12-21T13:04:33.4769167Z [1m[92m     Running[0m `C:\Users\runneradmin\.rustup\toolchains\stable-x86_64-pc-windows-msvc\bin\rustc.exe --crate-name num_traits --edition=2021 C:\Users\runneradmin\.cargo\registry\src\index.crates.io-1949cf8c6b5b557f\num-traits-0.2.19\src\lib.rs --error-format=json --json=diagnostic-rendered-ansi,artifacts,future-incompat --crate-type lib --emit=dep-info,metadata,link -C embed-bitcode=no -C debuginfo=2 --cfg "feature=\"libm\"" --check-cfg cfg(docsrs,test) --check-cfg "cfg(feature, values(\"default\", \"i128\", \"libm\", \"std\"))" -C metadata=642bb30f2d5721a4 -C extra-filename=-c3b584d5312d1987 --out-dir D:\a\vietflux-ime\vietflux-ime\core\target\debug\deps -L dependency=D:\a\vietflux-ime\vietflux-ime\core\target\debug\deps --extern libm=D:\a\vietflux-ime\vietflux-ime\core\target\debug\deps\liblibm-f5e50ebca6c84dda.rmeta --cap-lints allow --cfg has_total_cmp --check-cfg cfg(has_total_cmp)`
🧪 Test (windows-latest)	Run tests	2025-12-21T13:04:33.5649267Z [1m[92m   Compiling[0m cast v0.3.0
🧪 Test (windows-latest)	Run tests	2025-12-21T13:04:33.5679019Z [1m[92m     Running[0m `C:\Users\runneradmin\.rustup\toolchains\stable-x86_64-pc-windows-msvc\bin\rustc.exe --crate-name cast --edition=2018 C:\Users\runneradmin\.cargo\registry\src\index.crates.io-1949cf8c6b5b557f\cast-0.3.0\src\lib.rs --error-format=json --json=diagnostic-rendered-ansi,artifacts,future-incompat --crate-type lib --emit=dep-info,metadata,link -C embed-bitcode=no -C debuginfo=2 --check-cfg cfg(docsrs,test) --check-cfg "cfg(feature, values(\"std\"))" -C metadata=194ebe56b6632d81 -C extra-filename=-6ecc2df3c3ae7e0e --out-dir D:\a\vietflux-ime\vietflux-ime\core\target\debug\deps -L dependency=D:\a\vietflux-ime\vietflux-ime\core\target\debug\deps --cap-lints allow`
🧪 Test (windows-latest)	Run tests	2025-12-21T13:04:33.7889072Z [1m[92m   Compiling[0m oorandom v11.1.5
🧪 Test (windows-latest)	Run tests	2025-12-21T13:04:33.7926056Z [1m[92m     Running[0m `C:\Users\runneradmin\.rustup\toolchains\stable-x86_64-pc-windows-msvc\bin\rustc.exe --crate-name oorandom --edition=2018 C:\Users\runneradmin\.cargo\registry\src\index.crates.io-1949cf8c6b5b557f\oorandom-11.1.5\src\lib.rs --error-format=json --json=diagnostic-rendered-ansi,artifacts,future-incompat --crate-type lib --emit=dep-info,metadata,link -C embed-bitcode=no -C debuginfo=2 --check-cfg cfg(docsrs,test) --check-cfg "cfg(feature, values())" -C metadata=50fab741c16a3243 -C extra-filename=-a453fba53ef8fb9b --out-dir D:\a\vietflux-ime\vietflux-ime\core\target\debug\deps -L dependency=D:\a\vietflux-ime\vietflux-ime\core\target\debug\deps --cap-lints allow`
🧪 Test (windows-latest)	Run tests	2025-12-21T13:04:34.8013820Z [1m[92m   Compiling[0m serde_derive v1.0.228
🧪 Test (windows-latest)	Run tests	2025-12-21T13:04:34.8014520Z [1m[92m   Compiling[0m async-trait v0.1.89
🧪 Test (windows-latest)	Run tests	2025-12-21T13:04:34.8015175Z [1m[92m   Compiling[0m wasm-bindgen-test-macro v0.3.56
🧪 Test (windows-latest)	Run tests	2025-12-21T13:04:34.8031901Z [1m[92m     Running[0m `C:\Users\runneradmin\.rustup\toolchains\stable-x86_64-pc-windows-msvc\bin\rustc.exe --crate-name serde_derive --edition=2021 C:\Users\runneradmin\.cargo\registry\src\index.crates.io-1949cf8c6b5b557f\serde_derive-1.0.228\src\lib.rs --error-format=json --json=diagnostic-rendered-ansi,artifacts,future-incompat --crate-type proc-macro --emit=dep-info,link -C prefer-dynamic -C embed-bitcode=no --cfg "feature=\"default\"" --check-cfg cfg(docsrs,test) --check-cfg "cfg(feature, values(\"default\", \"deserialize_in_place\"))" -C metadata=05011cb0c2786b54 -C extra-filename=-17808eb6a3bb5d73 --out-dir D:\a\vietflux-ime\vietflux-ime\core\target\debug\deps -L dependency=D:\a\vietflux-ime\vietflux-ime\core\target\debug\deps --extern proc_macro2=D:\a\vietflux-ime\vietflux-ime\core\target\debug\deps\libproc_macro2-6a55967ce9800486.rlib --extern quote=D:\a\vietflux-ime\vietflux-ime\core\target\debug\deps\libquote-e4b065212a3d4df6.rlib --extern syn=D:\a\vietflux-ime\vietflux-ime\core\target\debug\deps\libsyn-e6435692065361e0.rlib --extern proc_macro --cap-lints allow`
🧪 Test (windows-latest)	Run tests	2025-12-21T13:04:34.8044872Z [1m[92m     Running[0m `C:\Users\runneradmin\.rustup\toolchains\stable-x86_64-pc-windows-msvc\bin\rustc.exe --crate-name async_trait --edition=2021 C:\Users\runneradmin\.cargo\registry\src\index.crates.io-1949cf8c6b5b557f\async-trait-0.1.89\src\lib.rs --error-format=json --json=diagnostic-rendered-ansi,artifacts,future-incompat --crate-type proc-macro --emit=dep-info,link -C prefer-dynamic -C embed-bitcode=no --check-cfg cfg(docsrs,test) --check-cfg "cfg(feature, values())" -C metadata=df87a769945a531c -C extra-filename=-e849d1bc9eec75c8 --out-dir D:\a\vietflux-ime\vietflux-ime\core\target\debug\deps -L dependency=D:\a\vietflux-ime\vietflux-ime\core\target\debug\deps --extern proc_macro2=D:\a\vietflux-ime\vietflux-ime\core\target\debug\deps\libproc_macro2-6a55967ce9800486.rlib --extern quote=D:\a\vietflux-ime\vietflux-ime\core\target\debug\deps\libquote-e4b065212a3d4df6.rlib --extern syn=D:\a\vietflux-ime\vietflux-ime\core\target\debug\deps\libsyn-e6435692065361e0.rlib --extern proc_macro --cap-lints allow`
🧪 Test (windows-latest)	Run tests	2025-12-21T13:04:34.8060585Z [1m[92m     Running[0m `C:\Users\runneradmin\.rustup\toolchains\stable-x86_64-pc-windows-msvc\bin\rustc.exe --crate-name wasm_bindgen_test_macro --edition=2021 C:\Users\runneradmin\.cargo\registry\src\index.crates.io-1949cf8c6b5b557f\wasm-bindgen-test-macro-0.3.56\src\lib.rs --error-format=json --json=diagnostic-rendered-ansi,artifacts,future-incompat --crate-type proc-macro --emit=dep-info,link -C prefer-dynamic -C embed-bitcode=no --warn=clippy::uninlined_format_args --warn=unexpected_cfgs --allow=clippy::type_complexity --allow=clippy::too_many_arguments --allow=clippy::overly_complex_bool_expr --allow=clippy::new_without_default --allow=clippy::large_enum_variant --check-cfg cfg(wasm_bindgen_unstable_test_coverage) --check-cfg cfg(xxx_debug_only_print_generated_code) --check-cfg cfg(docsrs,test) --check-cfg "cfg(feature, values())" -C metadata=f778120788f57c01 -C extra-filename=-99b8ea426ef3c15e --out-dir D:\a\vietflux-ime\vietflux-ime\core\target\debug\deps -L dependency=D:\a\vietflux-ime\vietflux-ime\core\target\debug\deps --extern proc_macro2=D:\a\vietflux-ime\vietflux-ime\core\target\debug\deps\libproc_macro2-6a55967ce9800486.rlib --extern quote=D:\a\vietflux-ime\vietflux-ime\core\target\debug\deps\libquote-e4b065212a3d4df6.rlib --extern syn=D:\a\vietflux-ime\vietflux-ime\core\target\debug\deps\libsyn-e6435692065361e0.rlib --extern proc_macro --cap-lints allow`
🧪 Test (windows-latest)	Run tests	2025-12-21T13:04:36.4283778Z [1m[92m   Compiling[0m wasm-bindgen-macro v0.2.106
🧪 Test (windows-latest)	Run tests	2025-12-21T13:04:36.4295813Z [1m[92m     Running[0m `C:\Users\runneradmin\.rustup\toolchains\stable-x86_64-pc-windows-msvc\bin\rustc.exe --crate-name wasm_bindgen_macro --edition=2021 C:\Users\runneradmin\.cargo\registry\src\index.crates.io-1949cf8c6b5b557f\wasm-bindgen-macro-0.2.106\src\lib.rs --error-format=json --json=diagnostic-rendered-ansi,artifacts,future-incompat --crate-type proc-macro --emit=dep-info,link -C prefer-dynamic -C embed-bitcode=no --warn=clippy::uninlined_format_args --warn=unexpected_cfgs --allow=clippy::type_complexity --allow=clippy::too_many_arguments --allow=clippy::overly_complex_bool_expr --allow=clippy::new_without_default --allow=clippy::large_enum_variant --check-cfg cfg(wasm_bindgen_unstable_test_coverage) --check-cfg cfg(xxx_debug_only_print_generated_code) --check-cfg cfg(docsrs,test) --check-cfg "cfg(feature, values(\"strict-macro\"))" -C metadata=7dca464e6b90922b -C extra-filename=-b781c34fc06f92da --out-dir D:\a\vietflux-ime\vietflux-ime\core\target\debug\deps -L dependency=D:\a\vietflux-ime\vietflux-ime\core\target\debug\deps --extern quote=D:\a\vietflux-ime\vietflux-ime\core\target\debug\deps\libquote-e4b065212a3d4df6.rlib --extern wasm_bindgen_macro_support=D:\a\vietflux-ime\vietflux-ime\core\target\debug\deps\libwasm_bindgen_macro_support-fc6febf76dbda225.rlib --extern proc_macro --cap-lints allow`
🧪 Test (windows-latest)	Run tests	2025-12-21T13:04:36.7732911Z [1m[92m     Running[0m `C:\Users\runneradmin\.rustup\toolchains\stable-x86_64-pc-windows-msvc\bin\rustc.exe --crate-name wasm_bindgen --edition=2021 C:\Users\runneradmin\.cargo\registry\src\index.crates.io-1949cf8c6b5b557f\wasm-bindgen-0.2.106\src\lib.rs --error-format=json --json=diagnostic-rendered-ansi,artifacts,future-incompat --crate-type lib --emit=dep-info,metadata,link -C embed-bitcode=no -C debuginfo=2 --warn=clippy::uninlined_format_args --warn=unexpected_cfgs --allow=clippy::type_complexity --allow=clippy::too_many_arguments --allow=clippy::overly_complex_bool_expr --allow=clippy::new_without_default --allow=clippy::large_enum_variant --check-cfg cfg(wasm_bindgen_unstable_test_coverage) --check-cfg cfg(xxx_debug_only_print_generated_code) --cfg "feature=\"default\"" --cfg "feature=\"std\"" --check-cfg cfg(docsrs,test) --check-cfg "cfg(feature, values(\"default\", \"enable-interning\", \"gg-alloc\", \"msrv\", \"rustversion\", \"serde\", \"serde-serialize\", \"serde_json\", \"spans\", \"std\", \"strict-macro\", \"xxx_debug_only_print_generated_code\"))" -C metadata=5e9c72f0ee727f14 -C extra-filename=-4779bd9e67d44166 --out-dir D:\a\vietflux-ime\vietflux-ime\core\target\debug\deps -L dependency=D:\a\vietflux-ime\vietflux-ime\core\target\debug\deps --extern cfg_if=D:\a\vietflux-ime\vietflux-ime\core\target\debug\deps\libcfg_if-4316c8dd3aae8aa0.rmeta --extern once_cell=D:\a\vietflux-ime\vietflux-ime\core\target\debug\deps\libonce_cell-2a14b4a8e3648a1a.rmeta --extern wasm_bindgen_macro=D:\a\vietflux-ime\vietflux-ime\core\target\debug\deps\wasm_bindgen_macro-b781c34fc06f92da.dll --extern wasm_bindgen_shared=D:\a\vietflux-ime\vietflux-ime\core\target\debug\deps\libwasm_bindgen_shared-3f1c9716a042adda.rmeta --cap-lints allow --cfg wbg_diagnostic --check-cfg cfg(wbg_diagnostic) --check-cfg cfg(wbg_reference_types)`
🧪 Test (windows-latest)	Run tests	2025-12-21T13:04:37.8350671Z [1m[92m   Compiling[0m js-sys v0.3.83
🧪 Test (windows-latest)	Run tests	2025-12-21T13:04:37.8386097Z [1m[92m     Running[0m `C:\Users\runneradmin\.rustup\toolchains\stable-x86_64-pc-windows-msvc\bin\rustc.exe --crate-name js_sys --edition=2021 C:\Users\runneradmin\.cargo\registry\src\index.crates.io-1949cf8c6b5b557f\js-sys-0.3.83\src\lib.rs --error-format=json --json=diagnostic-rendered-ansi,artifacts,future-incompat --crate-type lib --emit=dep-info,metadata,link -C embed-bitcode=no -C debuginfo=2 --warn=unexpected_cfgs --allow=clippy::type_complexity --allow=clippy::too_many_arguments --allow=clippy::overly_complex_bool_expr --allow=clippy::new_without_default --allow=clippy::large_enum_variant --check-cfg cfg(js_sys_unstable_apis) --cfg "feature=\"default\"" --cfg "feature=\"std\"" --check-cfg cfg(docsrs,test) --check-cfg "cfg(feature, values(\"default\", \"std\"))" -C metadata=c983989fa056c6b6 -C extra-filename=-30fabf1fbe473af3 --out-dir D:\a\vietflux-ime\vietflux-ime\core\target\debug\deps -L dependency=D:\a\vietflux-ime\vietflux-ime\core\target\debug\deps --extern once_cell=D:\a\vietflux-ime\vietflux-ime\core\target\debug\deps\libonce_cell-2a14b4a8e3648a1a.rmeta --extern wasm_bindgen=D:\a\vietflux-ime\vietflux-ime\core\target\debug\deps\libwasm_bindgen-4779bd9e67d44166.rmeta --cap-lints allow`
🧪 Test (windows-latest)	Run tests	2025-12-21T13:04:38.1822479Z [1m[92m     Running[0m `C:\Users\runneradmin\.rustup\toolchains\stable-x86_64-pc-windows-msvc\bin\rustc.exe --crate-name serde --edition=2021 C:\Users\runneradmin\.cargo\registry\src\index.crates.io-1949cf8c6b5b557f\serde-1.0.228\src\lib.rs --error-format=json --json=diagnostic-rendered-ansi,artifacts,future-incompat --crate-type lib --emit=dep-info,metadata,link -C embed-bitcode=no -C debuginfo=2 --cfg "feature=\"default\"" --cfg "feature=\"derive\"" --cfg "feature=\"serde_derive\"" --cfg "feature=\"std\"" --check-cfg cfg(docsrs,test) --check-cfg "cfg(feature, values(\"alloc\", \"default\", \"derive\", \"rc\", \"serde_derive\", \"std\", \"unstable\"))" -C metadata=3f782255acd5554a -C extra-filename=-6331b288ecb46663 --out-dir D:\a\vietflux-ime\vietflux-ime\core\target\debug\deps -L dependency=D:\a\vietflux-ime\vietflux-ime\core\target\debug\deps --extern serde_core=D:\a\vietflux-ime\vietflux-ime\core\target\debug\deps\libserde_core-547eb6df78073831.rmeta --extern serde_derive=D:\a\vietflux-ime\vietflux-ime\core\target\debug\deps\serde_derive-17808eb6a3bb5d73.dll --cap-lints allow --cfg if_docsrs_then_no_serde_core --check-cfg "cfg(feature, values(\"result\"))" --check-cfg cfg(if_docsrs_then_no_serde_core) --check-cfg cfg(no_core_cstr) --check-cfg cfg(no_core_error) --check-cfg cfg(no_core_net) --check-cfg cfg(no_core_num_saturating) --check-cfg cfg(no_diagnostic_namespace) --check-cfg cfg(no_serde_derive) --check-cfg cfg(no_std_atomic) --check-cfg cfg(no_std_atomic64) --check-cfg cfg(no_target_has_atomic)`
🧪 Test (windows-latest)	Run tests	2025-12-21T13:04:40.7769729Z [1m[92m   Compiling[0m wasm-bindgen-futures v0.4.56
🧪 Test (windows-latest)	Run tests	2025-12-21T13:04:40.7780207Z [1m[92m     Running[0m `C:\Users\runneradmin\.rustup\toolchains\stable-x86_64-pc-windows-msvc\bin\rustc.exe --crate-name wasm_bindgen_futures --edition=2021 C:\Users\runneradmin\.cargo\registry\src\index.crates.io-1949cf8c6b5b557f\wasm-bindgen-futures-0.4.56\src\lib.rs --error-format=json --json=diagnostic-rendered-ansi,artifacts,future-incompat --crate-type lib --emit=dep-info,metadata,link -C embed-bitcode=no -C debuginfo=2 --warn=clippy::uninlined_format_args --warn=unexpected_cfgs --allow=clippy::type_complexity --allow=clippy::too_many_arguments --allow=clippy::overly_complex_bool_expr --allow=clippy::new_without_default --allow=clippy::large_enum_variant --check-cfg cfg(wasm_bindgen_unstable_test_coverage) --check-cfg cfg(xxx_debug_only_print_generated_code) --cfg "feature=\"std\"" --check-cfg cfg(docsrs,test) --check-cfg "cfg(feature, values(\"default\", \"futures-core\", \"futures-core-03-stream\", \"std\"))" -C metadata=95071e3e7a4df0c7 -C extra-filename=-f0dec6ec413de4a2 --out-dir D:\a\vietflux-ime\vietflux-ime\core\target\debug\deps -L dependency=D:\a\vietflux-ime\vietflux-ime\core\target\debug\deps --extern cfg_if=D:\a\vietflux-ime\vietflux-ime\core\target\debug\deps\libcfg_if-4316c8dd3aae8aa0.rmeta --extern js_sys=D:\a\vietflux-ime\vietflux-ime\core\target\debug\deps\libjs_sys-30fabf1fbe473af3.rmeta --extern once_cell=D:\a\vietflux-ime\vietflux-ime\core\target\debug\deps\libonce_cell-2a14b4a8e3648a1a.rmeta --extern wasm_bindgen=D:\a\vietflux-ime\vietflux-ime\core\target\debug\deps\libwasm_bindgen-4779bd9e67d44166.rmeta --cap-lints allow`
🧪 Test (windows-latest)	Run tests	2025-12-21T13:04:41.1139651Z [1m[92m   Compiling[0m wasm-bindgen-test v0.3.56
🧪 Test (windows-latest)	Run tests	2025-12-21T13:04:41.1178410Z [1m[92m     Running[0m `C:\Users\runneradmin\.rustup\toolchains\stable-x86_64-pc-windows-msvc\bin\rustc.exe --crate-name wasm_bindgen_test --edition=2021 C:\Users\runneradmin\.cargo\registry\src\index.crates.io-1949cf8c6b5b557f\wasm-bindgen-test-0.3.56\src\lib.rs --error-format=json --json=diagnostic-rendered-ansi,artifacts,future-incompat --crate-type lib --emit=dep-info,metadata,link -C embed-bitcode=no -C debuginfo=2 --warn=unexpected_cfgs --allow=clippy::type_complexity --allow=clippy::too_many_arguments --allow=clippy::overly_complex_bool_expr --allow=clippy::new_without_default --allow=clippy::large_enum_variant --check-cfg cfg(wasm_bindgen_unstable_test_coverage) --cfg "feature=\"default\"" --cfg "feature=\"std\"" --check-cfg cfg(docsrs,test) --check-cfg "cfg(feature, values(\"default\", \"gg-alloc\", \"std\"))" -C metadata=ba3e3674fe7735c9 -C extra-filename=-85149ffb0092206a --out-dir D:\a\vietflux-ime\vietflux-ime\core\target\debug\deps -L dependency=D:\a\vietflux-ime\vietflux-ime\core\target\debug\deps --extern async_trait=D:\a\vietflux-ime\vietflux-ime\core\target\debug\deps\async_trait-e849d1bc9eec75c8.dll --extern cast=D:\a\vietflux-ime\vietflux-ime\core\target\debug\deps\libcast-6ecc2df3c3ae7e0e.rmeta --extern js_sys=D:\a\vietflux-ime\vietflux-ime\core\target\debug\deps\libjs_sys-30fabf1fbe473af3.rmeta --extern libm=D:\a\vietflux-ime\vietflux-ime\core\target\debug\deps\liblibm-f5e50ebca6c84dda.rmeta --extern nu_ansi_term=D:\a\vietflux-ime\vietflux-ime\core\target\debug\deps\libnu_ansi_term-ee63b3eb0f07e235.rmeta --extern num_traits=D:\a\vietflux-ime\vietflux-ime\core\target\debug\deps\libnum_traits-c3b584d5312d1987.rmeta --extern oorandom=D:\a\vietflux-ime\vietflux-ime\core\target\debug\deps\liboorandom-a453fba53ef8fb9b.rmeta --extern serde=D:\a\vietflux-ime\vietflux-ime\core\target\debug\deps\libserde-6331b288ecb46663.rmeta --extern serde_json=D:\a\vietflux-ime\vietflux-ime\core\target\debug\deps\libserde_json-7b774ece047bc48f.rmeta --extern wasm_bindgen=D:\a\vietflux-ime\vietflux-ime\core\target\debug\deps\libwasm_bindgen-4779bd9e67d44166.rmeta --extern wasm_bindgen_futures=D:\a\vietflux-ime\vietflux-ime\core\target\debug\deps\libwasm_bindgen_futures-f0dec6ec413de4a2.rmeta --extern wasm_bindgen_test_macro=D:\a\vietflux-ime\vietflux-ime\core\target\debug\deps\wasm_bindgen_test_macro-99b8ea426ef3c15e.dll --cap-lints allow`
🧪 Test (windows-latest)	Run tests	2025-12-21T13:04:41.5442448Z [1m[92m   Compiling[0m vietflux-core v0.1.0 (D:\a\vietflux-ime\vietflux-ime\core)
🧪 Test (windows-latest)	Run tests	2025-12-21T13:04:41.5448436Z [1m[92m     Running[0m `C:\Users\runneradmin\.rustup\toolchains\stable-x86_64-pc-windows-msvc\bin\rustc.exe --crate-name vietflux_core --edition=2021 src\lib.rs --error-format=json --json=diagnostic-rendered-ansi,artifacts,future-incompat --crate-type cdylib --crate-type rlib --emit=dep-info,link -C embed-bitcode=no -C debuginfo=2 --check-cfg cfg(docsrs,test) --check-cfg "cfg(feature, values())" -C metadata=ac88e93bab4f673f --out-dir D:\a\vietflux-ime\vietflux-ime\core\target\debug\deps -L dependency=D:\a\vietflux-ime\vietflux-ime\core\target\debug\deps --extern js_sys=D:\a\vietflux-ime\vietflux-ime\core\target\debug\deps\libjs_sys-30fabf1fbe473af3.rlib --extern serde=D:\a\vietflux-ime\vietflux-ime\core\target\debug\deps\libserde-6331b288ecb46663.rlib --extern serde_json=D:\a\vietflux-ime\vietflux-ime\core\target\debug\deps\libserde_json-7b774ece047bc48f.rlib --extern wasm_bindgen=D:\a\vietflux-ime\vietflux-ime\core\target\debug\deps\libwasm_bindgen-4779bd9e67d44166.rlib`
🧪 Test (windows-latest)	Run tests	2025-12-21T13:04:41.8788098Z [1m[93mwarning[0m[1m[97m: field `transform_type` is never read[0m
🧪 Test (windows-latest)	Run tests	2025-12-21T13:04:41.8788911Z   [1m[96m--> [0msrc\engine.rs:91:5
🧪 Test (windows-latest)	Run tests	2025-12-21T13:04:41.8789390Z    [1m[96m|[0m
🧪 Test (windows-latest)	Run tests	2025-12-21T13:04:41.8789805Z [1m[96m87[0m [1m[96m|[0m struct LastTransform {
🧪 Test (windows-latest)	Run tests	2025-12-21T13:04:41.8790439Z    [1m[96m|[0m        [1m[96m-------------[0m [1m[96mfield in this struct[0m
🧪 Test (windows-latest)	Run tests	2025-12-21T13:04:41.8790967Z [1m[96m...[0m
🧪 Test (windows-latest)	Run tests	2025-12-21T13:04:41.8791423Z [1m[96m91[0m [1m[96m|[0m     transform_type: TransformType,
🧪 Test (windows-latest)	Run tests	2025-12-21T13:04:41.8791996Z    [1m[96m|[0m     [1m[93m^^^^^^^^^^^^^^[0m
🧪 Test (windows-latest)	Run tests	2025-12-21T13:04:41.8792401Z    [1m[96m|[0m
🧪 Test (windows-latest)	Run tests	2025-12-21T13:04:41.8793368Z    [1m[96m= [0m[1m[97mnote[0m: `LastTransform` has derived impls for the traits `Clone` and `Debug`, but these are intentionally ignored during dead code analysis
🧪 Test (windows-latest)	Run tests	2025-12-21T13:04:41.8794644Z    [1m[96m= [0m[1m[97mnote[0m: `#[warn(dead_code)]` (part of `#[warn(unused)]`) on by default
🧪 Test (windows-latest)	Run tests	2025-12-21T13:04:41.8795105Z 
🧪 Test (windows-latest)	Run tests	2025-12-21T13:04:42.6638974Z [1m[93mwarning[0m: `vietflux-core` (lib) generated 1 warning
🧪 Test (windows-latest)	Run tests	2025-12-21T13:04:42.7812991Z [1m[92m     Running[0m `C:\Users\runneradmin\.rustup\toolchains\stable-x86_64-pc-windows-msvc\bin\rustc.exe --crate-name vietflux_core --edition=2021 src\lib.rs --error-format=json --json=diagnostic-rendered-ansi,artifacts,future-incompat --emit=dep-info,link -C embed-bitcode=no -C debuginfo=2 --test --check-cfg cfg(docsrs,test) --check-cfg "cfg(feature, values())" -C metadata=70e262c2f4604cb9 -C extra-filename=-476bb1f8645f97b1 --out-dir D:\a\vietflux-ime\vietflux-ime\core\target\debug\deps -L dependency=D:\a\vietflux-ime\vietflux-ime\core\target\debug\deps --extern js_sys=D:\a\vietflux-ime\vietflux-ime\core\target\debug\deps\libjs_sys-30fabf1fbe473af3.rlib --extern serde=D:\a\vietflux-ime\vietflux-ime\core\target\debug\deps\libserde-6331b288ecb46663.rlib --extern serde_json=D:\a\vietflux-ime\vietflux-ime\core\target\debug\deps\libserde_json-7b774ece047bc48f.rlib --extern wasm_bindgen=D:\a\vietflux-ime\vietflux-ime\core\target\debug\deps\libwasm_bindgen-4779bd9e67d44166.rlib --extern wasm_bindgen_test=D:\a\vietflux-ime\vietflux-ime\core\target\debug\deps\libwasm_bindgen_test-85149ffb0092206a.rlib`
🧪 Test (windows-latest)	Run tests	2025-12-21T13:04:44.3504269Z [1m[93mwarning[0m: `vietflux-core` (lib test) generated 1 warning (1 duplicate)
🧪 Test (windows-latest)	Run tests	2025-12-21T13:04:44.3505133Z [1m[92m    Finished[0m `test` profile [unoptimized + debuginfo] target(s) in 43.16s
🧪 Test (windows-latest)	Run tests	2025-12-21T13:04:44.3968477Z [1m[92m     Running[0m `D:\a\vietflux-ime\vietflux-ime\core\target\debug\deps\vietflux_core-476bb1f8645f97b1.exe`
🧪 Test (windows-latest)	Run tests	2025-12-21T13:04:44.4066646Z 
🧪 Test (windows-latest)	Run tests	2025-12-21T13:04:44.4067111Z running 36 tests
🧪 Test (windows-latest)	Run tests	2025-12-21T13:04:44.4074249Z test buffer::tests::test_buffer_transform ... ok
🧪 Test (windows-latest)	Run tests	2025-12-21T13:04:44.4075181Z test buffer::tests::test_buffer_basic ... ok
🧪 Test (windows-latest)	Run tests	2025-12-21T13:04:44.4076059Z test buffer::tests::test_find_vowels ... ok
🧪 Test (windows-latest)	Run tests	2025-12-21T13:04:44.4077026Z test chars::tests::test_is_vowel ... ok
🧪 Test (windows-latest)	Run tests	2025-12-21T13:04:44.4077627Z test chars::tests::test_with_modifier ... ok
🧪 Test (windows-latest)	Run tests	2025-12-21T13:04:44.4100836Z test engine::tests::test_double_mark_undo ... ok
🧪 Test (windows-latest)	Run tests	2025-12-21T13:04:44.4101729Z test engine::tests::test_shortcut_expansion ... ok
🧪 Test (windows-latest)	Run tests	2025-12-21T13:04:44.4104116Z test engine::tests::test_telex_basic ... ok
🧪 Test (windows-latest)	Run tests	2025-12-21T13:04:44.4106920Z test engine::tests::test_telex_tone ... ok
🧪 Test (windows-latest)	Run tests	2025-12-21T13:04:44.4107605Z test engine::tests::test_telex_circumflex ... ok
🧪 Test (windows-latest)	Run tests	2025-12-21T13:04:44.4196171Z test engine::tests::test_vni_basic ... ok
🧪 Test (windows-latest)	Run tests	2025-12-21T13:04:44.4198855Z test methods::telex::tests::test_telex_circumflex ... ok
🧪 Test (windows-latest)	Run tests	2025-12-21T13:04:44.4199754Z test methods::telex::tests::test_telex_horn_breve ... ok
🧪 Test (windows-latest)	Run tests	2025-12-21T13:04:44.4201641Z test methods::telex::tests::test_telex_stroke ... ok
🧪 Test (windows-latest)	Run tests	2025-12-21T13:04:44.4202481Z test methods::telex::tests::test_telex_tones ... ok
🧪 Test (windows-latest)	Run tests	2025-12-21T13:04:44.4204130Z test methods::vni::tests::test_vni_modifiers ... ok
🧪 Test (windows-latest)	Run tests	2025-12-21T13:04:44.4207100Z test methods::vni::tests::test_vni_stroke ... ok
🧪 Test (windows-latest)	Run tests	2025-12-21T13:04:44.4207851Z test methods::vni::tests::test_vni_tones ... ok
🧪 Test (windows-latest)	Run tests	2025-12-21T13:04:44.4210928Z test shortcuts::tests::test_no_match ... ok
🧪 Test (windows-latest)	Run tests	2025-12-21T13:04:44.4211415Z test shortcuts::tests::test_shortcut_match ... ok
🧪 Test (windows-latest)	Run tests	2025-12-21T13:04:44.4213440Z test transform::tests::test_apply_modifier ... ok
🧪 Test (windows-latest)	Run tests	2025-12-21T13:04:44.4215442Z test transform::tests::test_remove_diacritics ... ok
🧪 Test (windows-latest)	Run tests	2025-12-21T13:04:44.4218107Z test transform::tests::test_should_undo ... ok
🧪 Test (windows-latest)	Run tests	2025-12-21T13:04:44.4220879Z test transform::tests::test_toggle_stroke ... ok
🧪 Test (windows-latest)	Run tests	2025-12-21T13:04:44.4224009Z test transform::tests::test_tone_position_single ... ok
🧪 Test (windows-latest)	Run tests	2025-12-21T13:04:44.4226591Z test transform::tests::test_tone_position_three ... ok
🧪 Test (windows-latest)	Run tests	2025-12-21T13:04:44.4229962Z test transform::tests::test_tone_position_two ... ok
🧪 Test (windows-latest)	Run tests	2025-12-21T13:04:44.4232664Z test transform::tests::test_uo_compound ... ok
🧪 Test (windows-latest)	Run tests	2025-12-21T13:04:44.4482832Z test chars::tests::test_with_tone ... FAILED
🧪 Test (windows-latest)	Run tests	2025-12-21T13:04:44.4486304Z test validation::tests::test_invalid_syllables ... ok
🧪 Test (windows-latest)	Run tests	2025-12-21T13:04:44.4489861Z test validation::tests::test_spelling_rules ... ok
🧪 Test (windows-latest)	Run tests	2025-12-21T13:04:44.4494288Z test validation::tests::test_valid_syllables ... ok
🧪 Test (windows-latest)	Run tests	2025-12-21T13:04:44.4494845Z test shortcuts::tests::test_longest_match ... FAILED
🧪 Test (windows-latest)	Run tests	2025-12-21T13:04:44.4497354Z test validation::tests::test_word_boundary ... ok
🧪 Test (windows-latest)	Run tests	2025-12-21T13:04:44.4504567Z test transform::tests::test_apply_tone ... FAILED
🧪 Test (windows-latest)	Run tests	2025-12-21T13:04:44.4512956Z test validation::tests::test_foreign_word_detection ... FAILED
🧪 Test (windows-latest)	Run tests	2025-12-21T13:04:44.4513729Z 
🧪 Test (windows-latest)	Run tests	2025-12-21T13:04:44.4513860Z failures:
🧪 Test (windows-latest)	Run tests	2025-12-21T13:04:44.4514012Z 
🧪 Test (windows-latest)	Run tests	2025-12-21T13:04:44.4514168Z ---- chars::tests::test_with_tone stdout ----
🧪 Test (windows-latest)	Run tests	2025-12-21T13:04:44.4514451Z 
🧪 Test (windows-latest)	Run tests	2025-12-21T13:04:44.4514717Z thread 'chars::tests::test_with_tone' (7480) panicked at src\chars.rs:217:9:
🧪 Test (windows-latest)	Run tests	2025-12-21T13:04:44.4515266Z assertion `left == right` failed
🧪 Test (windows-latest)	Run tests	2025-12-21T13:04:44.4515783Z   left: Some('á')
🧪 Test (windows-latest)	Run tests	2025-12-21T13:04:44.4516074Z  right: Some('Á')
🧪 Test (windows-latest)	Run tests	2025-12-21T13:04:44.4516303Z stack backtrace:
🧪 Test (windows-latest)	Run tests	2025-12-21T13:04:44.4516562Z    0: std::panicking::panic_handler
🧪 Test (windows-latest)	Run tests	2025-12-21T13:04:44.4517153Z              at /rustc/ded5c06cf21d2b93bffd5d884aa6e96934ee4234/library\std\src\panicking.rs:698
🧪 Test (windows-latest)	Run tests	2025-12-21T13:04:44.4519469Z    1: core::panicking::panic_fmt
🧪 Test (windows-latest)	Run tests	2025-12-21T13:04:44.4520066Z              at /rustc/ded5c06cf21d2b93bffd5d884aa6e96934ee4234/library\core\src\panicking.rs:80
🧪 Test (windows-latest)	Run tests	2025-12-21T13:04:44.4520685Z    2: core::panicking::assert_failed_inner
🧪 Test (windows-latest)	Run tests	2025-12-21T13:04:44.4521302Z              at /rustc/ded5c06cf21d2b93bffd5d884aa6e96934ee4234/library\core\src\panicking.rs:439
🧪 Test (windows-latest)	Run tests	2025-12-21T13:04:44.4522291Z    3: core::panicking::assert_failed<enum2$<core::option::Option<char> >,enum2$<core::option::Option<char> > >
🧪 Test (windows-latest)	Run tests	2025-12-21T13:04:44.4523266Z              at /rustc/ded5c06cf21d2b93bffd5d884aa6e96934ee4234/library\core\src\panicking.rs:399
🧪 Test (windows-latest)	Run tests	2025-12-21T13:04:44.4523977Z    4: vietflux_core::chars::tests::test_with_tone
🧪 Test (windows-latest)	Run tests	2025-12-21T13:04:44.4524360Z              at .\src\chars.rs:217
🧪 Test (windows-latest)	Run tests	2025-12-21T13:04:44.4524760Z    5: vietflux_core::chars::tests::test_with_tone::closure$0
🧪 Test (windows-latest)	Run tests	2025-12-21T13:04:44.4525147Z              at .\src\chars.rs:214
🧪 Test (windows-latest)	Run tests	2025-12-21T13:04:44.4525791Z    6: core::ops::function::FnOnce::call_once<vietflux_core::chars::tests::test_with_tone::closure_env$0,tuple$<> >
🧪 Test (windows-latest)	Run tests	2025-12-21T13:04:44.4526747Z              at /rustc/ded5c06cf21d2b93bffd5d884aa6e96934ee4234\library\core\src\ops\function.rs:250
🧪 Test (windows-latest)	Run tests	2025-12-21T13:04:44.4527421Z    7: core::ops::function::FnOnce::call_once
🧪 Test (windows-latest)	Run tests	2025-12-21T13:04:44.4528043Z              at /rustc/ded5c06cf21d2b93bffd5d884aa6e96934ee4234/library\core\src\ops\function.rs:250
🧪 Test (windows-latest)	Run tests	2025-12-21T13:04:44.4528927Z note: Some details are omitted, run with `RUST_BACKTRACE=full` for a verbose backtrace.
🧪 Test (windows-latest)	Run tests	2025-12-21T13:04:44.4529388Z 
🧪 Test (windows-latest)	Run tests	2025-12-21T13:04:44.4529567Z ---- shortcuts::tests::test_longest_match stdout ----
🧪 Test (windows-latest)	Run tests	2025-12-21T13:04:44.4530218Z 
🧪 Test (windows-latest)	Run tests	2025-12-21T13:04:44.4530577Z thread 'shortcuts::tests::test_longest_match' (9536) panicked at src\shortcuts.rs:161:9:
🧪 Test (windows-latest)	Run tests	2025-12-21T13:04:44.4531191Z assertion failed: result.is_some()
🧪 Test (windows-latest)	Run tests	2025-12-21T13:04:44.4531519Z stack backtrace:
🧪 Test (windows-latest)	Run tests	2025-12-21T13:04:44.4531790Z    0: std::panicking::panic_handler
🧪 Test (windows-latest)	Run tests	2025-12-21T13:04:44.4532404Z              at /rustc/ded5c06cf21d2b93bffd5d884aa6e96934ee4234/library\std\src\panicking.rs:698
🧪 Test (windows-latest)	Run tests	2025-12-21T13:04:44.4533047Z    1: core::panicking::panic_fmt
🧪 Test (windows-latest)	Run tests	2025-12-21T13:04:44.4533640Z              at /rustc/ded5c06cf21d2b93bffd5d884aa6e96934ee4234/library\core\src\panicking.rs:80
🧪 Test (windows-latest)	Run tests	2025-12-21T13:04:44.4534263Z    2: core::panicking::panic
🧪 Test (windows-latest)	Run tests	2025-12-21T13:04:44.4534846Z              at /rustc/ded5c06cf21d2b93bffd5d884aa6e96934ee4234/library\core\src\panicking.rs:150
🧪 Test (windows-latest)	Run tests	2025-12-21T13:04:44.4535559Z    3: vietflux_core::shortcuts::tests::test_longest_match
🧪 Test (windows-latest)	Run tests	2025-12-21T13:04:44.4535988Z              at .\src\shortcuts.rs:161
🧪 Test (windows-latest)	Run tests	2025-12-21T13:04:44.4536465Z    4: vietflux_core::shortcuts::tests::test_longest_match::closure$0
🧪 Test (windows-latest)	Run tests	2025-12-21T13:04:44.4536963Z              at .\src\shortcuts.rs:153
🧪 Test (windows-latest)	Run tests	2025-12-21T13:04:44.4537697Z    5: core::ops::function::FnOnce::call_once<vietflux_core::shortcuts::tests::test_longest_match::closure_env$0,tuple$<> >
🧪 Test (windows-latest)	Run tests	2025-12-21T13:04:44.4539038Z              at /rustc/ded5c06cf21d2b93bffd5d884aa6e96934ee4234\library\core\src\ops\function.rs:250
🧪 Test (windows-latest)	Run tests	2025-12-21T13:04:44.4539776Z    6: core::ops::function::FnOnce::call_once
🧪 Test (windows-latest)	Run tests	2025-12-21T13:04:44.4540456Z              at /rustc/ded5c06cf21d2b93bffd5d884aa6e96934ee4234/library\core\src\ops\function.rs:250
🧪 Test (windows-latest)	Run tests	2025-12-21T13:04:44.4541319Z note: Some details are omitted, run with `RUST_BACKTRACE=full` for a verbose backtrace.
🧪 Test (windows-latest)	Run tests	2025-12-21T13:04:44.4541807Z 
🧪 Test (windows-latest)	Run tests	2025-12-21T13:04:44.4541980Z ---- transform::tests::test_apply_tone stdout ----
🧪 Test (windows-latest)	Run tests	2025-12-21T13:04:44.4542288Z 
🧪 Test (windows-latest)	Run tests	2025-12-21T13:04:44.4542621Z thread 'transform::tests::test_apply_tone' (8928) panicked at src\transform.rs:385:9:
🧪 Test (windows-latest)	Run tests	2025-12-21T13:04:44.4543195Z assertion `left == right` failed
🧪 Test (windows-latest)	Run tests	2025-12-21T13:04:44.4543718Z   left: Some('ã')
🧪 Test (windows-latest)	Run tests	2025-12-21T13:04:44.4544029Z  right: Some('Ã')
🧪 Test (windows-latest)	Run tests	2025-12-21T13:04:44.4544271Z stack backtrace:
🧪 Test (windows-latest)	Run tests	2025-12-21T13:04:44.4544536Z    0: std::panicking::panic_handler
🧪 Test (windows-latest)	Run tests	2025-12-21T13:04:44.4545137Z              at /rustc/ded5c06cf21d2b93bffd5d884aa6e96934ee4234/library\std\src\panicking.rs:698
🧪 Test (windows-latest)	Run tests	2025-12-21T13:04:44.4546003Z    1: core::panicking::panic_fmt
🧪 Test (windows-latest)	Run tests	2025-12-21T13:04:44.4546572Z              at /rustc/ded5c06cf21d2b93bffd5d884aa6e96934ee4234/library\core\src\panicking.rs:80
🧪 Test (windows-latest)	Run tests	2025-12-21T13:04:44.4546960Z    2: core::panicking::assert_failed_inner
🧪 Test (windows-latest)	Run tests	2025-12-21T13:04:44.4547525Z              at /rustc/ded5c06cf21d2b93bffd5d884aa6e96934ee4234/library\core\src\panicking.rs:439
🧪 Test (windows-latest)	Run tests	2025-12-21T13:04:44.4548628Z    3: core::panicking::assert_failed<enum2$<core::option::Option<char> >,enum2$<core::option::Option<char> > >
🧪 Test (windows-latest)	Run tests	2025-12-21T13:04:44.4549719Z              at /rustc/ded5c06cf21d2b93bffd5d884aa6e96934ee4234/library\core\src\panicking.rs:399
🧪 Test (windows-latest)	Run tests	2025-12-21T13:04:44.4550568Z    4: vietflux_core::transform::tests::test_apply_tone
🧪 Test (windows-latest)	Run tests	2025-12-21T13:04:44.4551055Z              at .\src\transform.rs:385
🧪 Test (windows-latest)	Run tests	2025-12-21T13:04:44.4551669Z    5: vietflux_core::transform::tests::test_apply_tone::closure$0
🧪 Test (windows-latest)	Run tests	2025-12-21T13:04:44.4565905Z              at .\src\transform.rs:382
🧪 Test (windows-latest)	Run tests	2025-12-21T13:04:44.4567267Z    6: core::ops::function::FnOnce::call_once<vietflux_core::transform::tests::test_apply_tone::closure_env$0,tuple$<> >
🧪 Test (windows-latest)	Run tests	2025-12-21T13:04:44.4569111Z              at /rustc/ded5c06cf21d2b93bffd5d884aa6e96934ee4234\library\core\src\ops\function.rs:250
🧪 Test (windows-latest)	Run tests	2025-12-21T13:04:44.4570252Z    7: core::ops::function::FnOnce::call_once
🧪 Test (windows-latest)	Run tests	2025-12-21T13:04:44.4570971Z              at /rustc/ded5c06cf21d2b93bffd5d884aa6e96934ee4234/library\core\src\ops\function.rs:250
🧪 Test (windows-latest)	Run tests	2025-12-21T13:04:44.4571848Z note: Some details are omitted, run with `RUST_BACKTRACE=full` for a verbose backtrace.
🧪 Test (windows-latest)	Run tests	2025-12-21T13:04:44.4572334Z 
🧪 Test (windows-latest)	Run tests	2025-12-21T13:04:44.4572558Z ---- validation::tests::test_foreign_word_detection stdout ----
🧪 Test (windows-latest)	Run tests	2025-12-21T13:04:44.4573190Z 
🧪 Test (windows-latest)	Run tests	2025-12-21T13:04:44.4573616Z thread 'validation::tests::test_foreign_word_detection' (6936) panicked at src\validation.rs:432:9:
🧪 Test (windows-latest)	Run tests	2025-12-21T13:04:44.4574375Z assertion failed: is_foreign_word_pattern("spectrum", None)
🧪 Test (windows-latest)	Run tests	2025-12-21T13:04:44.4574841Z stack backtrace:
🧪 Test (windows-latest)	Run tests	2025-12-21T13:04:44.4575127Z    0: std::panicking::panic_handler
🧪 Test (windows-latest)	Run tests	2025-12-21T13:04:44.4575746Z              at /rustc/ded5c06cf21d2b93bffd5d884aa6e96934ee4234/library\std\src\panicking.rs:698
🧪 Test (windows-latest)	Run tests	2025-12-21T13:04:44.4576687Z    1: core::panicking::panic_fmt
🧪 Test (windows-latest)	Run tests	2025-12-21T13:04:44.4577286Z              at /rustc/ded5c06cf21d2b93bffd5d884aa6e96934ee4234/library\core\src\panicking.rs:80
🧪 Test (windows-latest)	Run tests	2025-12-21T13:04:44.4577914Z    2: core::panicking::panic
🧪 Test (windows-latest)	Run tests	2025-12-21T13:04:44.4578496Z              at /rustc/ded5c06cf21d2b93bffd5d884aa6e96934ee4234/library\core\src\panicking.rs:150
🧪 Test (windows-latest)	Run tests	2025-12-21T13:04:44.4579264Z    3: vietflux_core::validation::tests::test_foreign_word_detection
🧪 Test (windows-latest)	Run tests	2025-12-21T13:04:44.4579759Z              at .\src\validation.rs:432
🧪 Test (windows-latest)	Run tests	2025-12-21T13:04:44.4580293Z    4: vietflux_core::validation::tests::test_foreign_word_detection::closure$0
🧪 Test (windows-latest)	Run tests	2025-12-21T13:04:44.4580837Z              at .\src\validation.rs:429
🧪 Test (windows-latest)	Run tests	2025-12-21T13:04:44.4581618Z    5: core::ops::function::FnOnce::call_once<vietflux_core::validation::tests::test_foreign_word_detection::closure_env$0,tuple$<> >
🧪 Test (windows-latest)	Run tests	2025-12-21T13:04:44.4582715Z              at /rustc/ded5c06cf21d2b93bffd5d884aa6e96934ee4234\library\core\src\ops\function.rs:250
🧪 Test (windows-latest)	Run tests	2025-12-21T13:04:44.4583389Z    6: core::ops::function::FnOnce::call_once
🧪 Test (windows-latest)	Run tests	2025-12-21T13:04:44.4584041Z              at /rustc/ded5c06cf21d2b93bffd5d884aa6e96934ee4234/library\core\src\ops\function.rs:250
🧪 Test (windows-latest)	Run tests	2025-12-21T13:04:44.4584896Z note: Some details are omitted, run with `RUST_BACKTRACE=full` for a verbose backtrace.
🧪 Test (windows-latest)	Run tests	2025-12-21T13:04:44.4585383Z 
🧪 Test (windows-latest)	Run tests	2025-12-21T13:04:44.4585390Z 
🧪 Test (windows-latest)	Run tests	2025-12-21T13:04:44.4585475Z failures:
🧪 Test (windows-latest)	Run tests	2025-12-21T13:04:44.4585726Z     chars::tests::test_with_tone
🧪 Test (windows-latest)	Run tests	2025-12-21T13:04:44.4586079Z     shortcuts::tests::test_longest_match
🧪 Test (windows-latest)	Run tests	2025-12-21T13:04:44.4586470Z     transform::tests::test_apply_tone
🧪 Test (windows-latest)	Run tests	2025-12-21T13:04:44.4586870Z     validation::tests::test_foreign_word_detection
🧪 Test (windows-latest)	Run tests	2025-12-21T13:04:44.4587157Z 
🧪 Test (windows-latest)	Run tests	2025-12-21T13:04:44.4587491Z test result: FAILED. 32 passed; 4 failed; 0 ignored; 0 measured; 0 filtered out; finished in 0.04s
🧪 Test (windows-latest)	Run tests	2025-12-21T13:04:44.4588204Z 
🧪 Test (windows-latest)	Run tests	2025-12-21T13:04:44.4588590Z [1m[91merror[0m: test failed, to rerun pass `--lib`
🧪 Test (windows-latest)	Run tests	2025-12-21T13:04:45.0270615Z ##[error]Process completed with exit code 1.
🧪 Test (macos-latest)	Run tests	﻿2025-12-21T13:03:37.2382120Z ##[group]Run cargo test --verbose
🧪 Test (macos-latest)	Run tests	2025-12-21T13:03:37.2382460Z [36;1mcargo test --verbose[0m
🧪 Test (macos-latest)	Run tests	2025-12-21T13:03:37.2410420Z shell: /bin/bash -e {0}
🧪 Test (macos-latest)	Run tests	2025-12-21T13:03:37.2410580Z env:
🧪 Test (macos-latest)	Run tests	2025-12-21T13:03:37.2410720Z   CARGO_TERM_COLOR: always
🧪 Test (macos-latest)	Run tests	2025-12-21T13:03:37.2410880Z   RUST_BACKTRACE: 1
🧪 Test (macos-latest)	Run tests	2025-12-21T13:03:37.2411120Z   CARGO_HOME: /Users/runner/.cargo
🧪 Test (macos-latest)	Run tests	2025-12-21T13:03:37.2411310Z   CARGO_INCREMENTAL: 0
🧪 Test (macos-latest)	Run tests	2025-12-21T13:03:37.2411490Z   CACHE_ON_FAILURE: false
🧪 Test (macos-latest)	Run tests	2025-12-21T13:03:37.2411630Z ##[endgroup]
🧪 Test (macos-latest)	Run tests	2025-12-21T13:03:37.3820810Z [1m[92m    Updating[0m crates.io index
🧪 Test (macos-latest)	Run tests	2025-12-21T13:03:37.9589540Z [1m[92m     Locking[0m 40 packages to latest compatible versions
🧪 Test (macos-latest)	Run tests	2025-12-21T13:03:37.9633050Z [1m[92m Downloading[0m crates ...
🧪 Test (macos-latest)	Run tests	2025-12-21T13:03:38.0446840Z [1m[92m  Downloaded[0m js-sys v0.3.83
🧪 Test (macos-latest)	Run tests	2025-12-21T13:03:38.0502700Z [1m[92m  Downloaded[0m wasm-bindgen-macro v0.2.106
🧪 Test (macos-latest)	Run tests	2025-12-21T13:03:38.0518200Z [1m[92m  Downloaded[0m async-trait v0.1.89
🧪 Test (macos-latest)	Run tests	2025-12-21T13:03:38.0595190Z [1m[92m  Downloaded[0m cfg-if v1.0.4
🧪 Test (macos-latest)	Run tests	2025-12-21T13:03:38.0637810Z [1m[92m  Downloaded[0m wasm-bindgen-shared v0.2.106
🧪 Test (macos-latest)	Run tests	2025-12-21T13:03:38.0640240Z [1m[92m  Downloaded[0m itoa v1.0.16
🧪 Test (macos-latest)	Run tests	2025-12-21T13:03:38.0655750Z [1m[92m  Downloaded[0m autocfg v1.5.0
🧪 Test (macos-latest)	Run tests	2025-12-21T13:03:38.0701900Z [1m[92m  Downloaded[0m wasm-bindgen-test-macro v0.3.56
🧪 Test (macos-latest)	Run tests	2025-12-21T13:03:38.0739020Z [1m[92m  Downloaded[0m quote v1.0.42
🧪 Test (macos-latest)	Run tests	2025-12-21T13:03:38.0783850Z [1m[92m  Downloaded[0m cast v0.3.0
🧪 Test (macos-latest)	Run tests	2025-12-21T13:03:38.0805670Z [1m[92m  Downloaded[0m wasm-bindgen-futures v0.4.56
🧪 Test (macos-latest)	Run tests	2025-12-21T13:03:38.0831710Z [1m[92m  Downloaded[0m nu-ansi-term v0.50.3
🧪 Test (macos-latest)	Run tests	2025-12-21T13:03:38.0876900Z [1m[92m  Downloaded[0m wasm-bindgen-test v0.3.56
🧪 Test (macos-latest)	Run tests	2025-12-21T13:03:38.0962570Z [1m[92m  Downloaded[0m serde_derive v1.0.228
🧪 Test (macos-latest)	Run tests	2025-12-21T13:03:38.1102170Z [1m[92m  Downloaded[0m serde_core v1.0.228
🧪 Test (macos-latest)	Run tests	2025-12-21T13:03:38.1141630Z [1m[92m  Downloaded[0m ryu v1.0.21
🧪 Test (macos-latest)	Run tests	2025-12-21T13:03:38.1176360Z [1m[92m  Downloaded[0m serde v1.0.228
🧪 Test (macos-latest)	Run tests	2025-12-21T13:03:38.1209750Z [1m[92m  Downloaded[0m memchr v2.7.6
🧪 Test (macos-latest)	Run tests	2025-12-21T13:03:38.1281690Z [1m[92m  Downloaded[0m serde_json v1.0.145
🧪 Test (macos-latest)	Run tests	2025-12-21T13:03:38.1465260Z [1m[92m  Downloaded[0m libm v0.2.15
🧪 Test (macos-latest)	Run tests	2025-12-21T13:03:38.1687330Z [1m[92m  Downloaded[0m bumpalo v3.19.1
🧪 Test (macos-latest)	Run tests	2025-12-21T13:03:38.1707380Z [1m[92m  Downloaded[0m proc-macro2 v1.0.103
🧪 Test (macos-latest)	Run tests	2025-12-21T13:03:38.1759880Z [1m[92m  Downloaded[0m num-traits v0.2.19
🧪 Test (macos-latest)	Run tests	2025-12-21T13:03:38.1801450Z [1m[92m  Downloaded[0m wasm-bindgen-macro-support v0.2.106
🧪 Test (macos-latest)	Run tests	2025-12-21T13:03:38.1829160Z [1m[92m  Downloaded[0m wasm-bindgen v0.2.106
🧪 Test (macos-latest)	Run tests	2025-12-21T13:03:38.1867190Z [1m[92m  Downloaded[0m syn v2.0.111
🧪 Test (macos-latest)	Run tests	2025-12-21T13:03:38.2045480Z [1m[92m  Downloaded[0m unicode-ident v1.0.22
🧪 Test (macos-latest)	Run tests	2025-12-21T13:03:38.2085600Z [1m[92m  Downloaded[0m once_cell v1.21.3
🧪 Test (macos-latest)	Run tests	2025-12-21T13:03:38.2121890Z [1m[92m  Downloaded[0m rustversion v1.0.22
🧪 Test (macos-latest)	Run tests	2025-12-21T13:03:38.2165830Z [1m[92m  Downloaded[0m oorandom v11.1.5
🧪 Test (macos-latest)	Run tests	2025-12-21T13:03:38.2382600Z [1m[92m   Compiling[0m unicode-ident v1.0.22
🧪 Test (macos-latest)	Run tests	2025-12-21T13:03:38.2384150Z [1m[92m   Compiling[0m proc-macro2 v1.0.103
🧪 Test (macos-latest)	Run tests	2025-12-21T13:03:38.2385010Z [1m[92m   Compiling[0m quote v1.0.42
🧪 Test (macos-latest)	Run tests	2025-12-21T13:03:38.2387590Z [1m[92m     Running[0m `/Users/runner/.rustup/toolchains/stable-aarch64-apple-darwin/bin/rustc --crate-name unicode_ident --edition=2018 /Users/runner/.cargo/registry/src/index.crates.io-1949cf8c6b5b557f/unicode-ident-1.0.22/src/lib.rs --error-format=json --json=diagnostic-rendered-ansi,artifacts,future-incompat --crate-type lib --emit=dep-info,metadata,link -C embed-bitcode=no -C debuginfo=2 -C split-debuginfo=unpacked --check-cfg 'cfg(docsrs,test)' --check-cfg 'cfg(feature, values())' -C metadata=0cbbab794ed837e2 -C extra-filename=-30e4b7ccc1e6c4ee --out-dir /Users/runner/work/vietflux-ime/vietflux-ime/core/target/debug/deps -L dependency=/Users/runner/work/vietflux-ime/vietflux-ime/core/target/debug/deps --cap-lints allow`
🧪 Test (macos-latest)	Run tests	2025-12-21T13:03:38.2392370Z [1m[92m     Running[0m `/Users/runner/.rustup/toolchains/stable-aarch64-apple-darwin/bin/rustc --crate-name build_script_build --edition=2021 /Users/runner/.cargo/registry/src/index.crates.io-1949cf8c6b5b557f/proc-macro2-1.0.103/build.rs --error-format=json --json=diagnostic-rendered-ansi,artifacts,future-incompat --crate-type bin --emit=dep-info,link -C embed-bitcode=no --cfg 'feature="default"' --cfg 'feature="proc-macro"' --check-cfg 'cfg(docsrs,test)' --check-cfg 'cfg(feature, values("default", "nightly", "proc-macro", "span-locations"))' -C metadata=89855c2e0b1950ad -C extra-filename=-d1ce00ff3654ae6d --out-dir /Users/runner/work/vietflux-ime/vietflux-ime/core/target/debug/build/proc-macro2-d1ce00ff3654ae6d -L dependency=/Users/runner/work/vietflux-ime/vietflux-ime/core/target/debug/deps --cap-lints allow`
🧪 Test (macos-latest)	Run tests	2025-12-21T13:03:38.2400140Z [1m[92m     Running[0m `/Users/runner/.rustup/toolchains/stable-aarch64-apple-darwin/bin/rustc --crate-name build_script_build --edition=2018 /Users/runner/.cargo/registry/src/index.crates.io-1949cf8c6b5b557f/quote-1.0.42/build.rs --error-format=json --json=diagnostic-rendered-ansi,artifacts,future-incompat --crate-type bin --emit=dep-info,link -C embed-bitcode=no --cfg 'feature="default"' --cfg 'feature="proc-macro"' --check-cfg 'cfg(docsrs,test)' --check-cfg 'cfg(feature, values("default", "proc-macro"))' -C metadata=3b55e005a1f07ada -C extra-filename=-c88cbe7a015637c2 --out-dir /Users/runner/work/vietflux-ime/vietflux-ime/core/target/debug/build/quote-c88cbe7a015637c2 -L dependency=/Users/runner/work/vietflux-ime/vietflux-ime/core/target/debug/deps --cap-lints allow`
🧪 Test (macos-latest)	Run tests	2025-12-21T13:03:38.7805660Z [1m[92m   Compiling[0m wasm-bindgen-shared v0.2.106
🧪 Test (macos-latest)	Run tests	2025-12-21T13:03:38.7828610Z [1m[92m     Running[0m `/Users/runner/.rustup/toolchains/stable-aarch64-apple-darwin/bin/rustc --crate-name build_script_build --edition=2021 /Users/runner/.cargo/registry/src/index.crates.io-1949cf8c6b5b557f/wasm-bindgen-shared-0.2.106/build.rs --error-format=json --json=diagnostic-rendered-ansi,artifacts,future-incompat --crate-type bin --emit=dep-info,link -C embed-bitcode=no '--warn=clippy::uninlined_format_args' --warn=unexpected_cfgs '--allow=clippy::type_complexity' '--allow=clippy::too_many_arguments' '--allow=clippy::overly_complex_bool_expr' '--allow=clippy::new_without_default' '--allow=clippy::large_enum_variant' --check-cfg 'cfg(wasm_bindgen_unstable_test_coverage)' --check-cfg 'cfg(xxx_debug_only_print_generated_code)' --check-cfg 'cfg(docsrs,test)' --check-cfg 'cfg(feature, values())' -C metadata=a3dc9e273cd48e65 -C extra-filename=-ca68847e7ea4c663 --out-dir /Users/runner/work/vietflux-ime/vietflux-ime/core/target/debug/build/wasm-bindgen-shared-ca68847e7ea4c663 -L dependency=/Users/runner/work/vietflux-ime/vietflux-ime/core/target/debug/deps --cap-lints allow`
🧪 Test (macos-latest)	Run tests	2025-12-21T13:03:41.2011930Z [1m[92m     Running[0m `/Users/runner/work/vietflux-ime/vietflux-ime/core/target/debug/build/quote-c88cbe7a015637c2/build-script-build`
🧪 Test (macos-latest)	Run tests	2025-12-21T13:03:41.2027060Z [1m[92m     Running[0m `/Users/runner/work/vietflux-ime/vietflux-ime/core/target/debug/build/proc-macro2-d1ce00ff3654ae6d/build-script-build`
🧪 Test (macos-latest)	Run tests	2025-12-21T13:03:41.2031100Z [1m[92m     Running[0m `/Users/runner/work/vietflux-ime/vietflux-ime/core/target/debug/build/wasm-bindgen-shared-ca68847e7ea4c663/build-script-build`
🧪 Test (macos-latest)	Run tests	2025-12-21T13:03:41.2272560Z [1m[92m   Compiling[0m rustversion v1.0.22
🧪 Test (macos-latest)	Run tests	2025-12-21T13:03:41.2281910Z [1m[92m     Running[0m `/Users/runner/.rustup/toolchains/stable-aarch64-apple-darwin/bin/rustc --crate-name build_script_build --edition=2018 /Users/runner/.cargo/registry/src/index.crates.io-1949cf8c6b5b557f/rustversion-1.0.22/build/build.rs --error-format=json --json=diagnostic-rendered-ansi,artifacts,future-incompat --crate-type bin --emit=dep-info,link -C embed-bitcode=no --check-cfg 'cfg(docsrs,test)' --check-cfg 'cfg(feature, values())' -C metadata=2e63caa7a3f8e109 -C extra-filename=-cf3eaf2abd86a894 --out-dir /Users/runner/work/vietflux-ime/vietflux-ime/core/target/debug/build/rustversion-cf3eaf2abd86a894 -L dependency=/Users/runner/work/vietflux-ime/vietflux-ime/core/target/debug/deps --cap-lints allow`
🧪 Test (macos-latest)	Run tests	2025-12-21T13:03:41.2445140Z [1m[92m     Running[0m `/Users/runner/.rustup/toolchains/stable-aarch64-apple-darwin/bin/rustc --crate-name wasm_bindgen_shared --edition=2021 /Users/runner/.cargo/registry/src/index.crates.io-1949cf8c6b5b557f/wasm-bindgen-shared-0.2.106/src/lib.rs --error-format=json --json=diagnostic-rendered-ansi,artifacts,future-incompat --crate-type lib --emit=dep-info,metadata,link -C embed-bitcode=no -C debuginfo=2 -C split-debuginfo=unpacked '--warn=clippy::uninlined_format_args' --warn=unexpected_cfgs '--allow=clippy::type_complexity' '--allow=clippy::too_many_arguments' '--allow=clippy::overly_complex_bool_expr' '--allow=clippy::new_without_default' '--allow=clippy::large_enum_variant' --check-cfg 'cfg(wasm_bindgen_unstable_test_coverage)' --check-cfg 'cfg(xxx_debug_only_print_generated_code)' --check-cfg 'cfg(docsrs,test)' --check-cfg 'cfg(feature, values())' -C metadata=561b6a6d4a44995e -C extra-filename=-b1855a78c6a8f8d6 --out-dir /Users/runner/work/vietflux-ime/vietflux-ime/core/target/debug/deps -L dependency=/Users/runner/work/vietflux-ime/vietflux-ime/core/target/debug/deps --extern unicode_ident=/Users/runner/work/vietflux-ime/vietflux-ime/core/target/debug/deps/libunicode_ident-30e4b7ccc1e6c4ee.rmeta --cap-lints allow`
🧪 Test (macos-latest)	Run tests	2025-12-21T13:03:41.4581470Z [1m[92m     Running[0m `/Users/runner/.rustup/toolchains/stable-aarch64-apple-darwin/bin/rustc --crate-name proc_macro2 --edition=2021 /Users/runner/.cargo/registry/src/index.crates.io-1949cf8c6b5b557f/proc-macro2-1.0.103/src/lib.rs --error-format=json --json=diagnostic-rendered-ansi,artifacts,future-incompat --crate-type lib --emit=dep-info,metadata,link -C embed-bitcode=no --cfg 'feature="default"' --cfg 'feature="proc-macro"' --check-cfg 'cfg(docsrs,test)' --check-cfg 'cfg(feature, values("default", "nightly", "proc-macro", "span-locations"))' -C metadata=284cb2bc71011c40 -C extra-filename=-10b92d003d49ddc8 --out-dir /Users/runner/work/vietflux-ime/vietflux-ime/core/target/debug/deps -L dependency=/Users/runner/work/vietflux-ime/vietflux-ime/core/target/debug/deps --extern unicode_ident=/Users/runner/work/vietflux-ime/vietflux-ime/core/target/debug/deps/libunicode_ident-30e4b7ccc1e6c4ee.rmeta --cap-lints allow --cfg wrap_proc_macro --cfg proc_macro_span_location --cfg proc_macro_span_file --check-cfg 'cfg(fuzzing)' --check-cfg 'cfg(no_is_available)' --check-cfg 'cfg(no_literal_byte_character)' --check-cfg 'cfg(no_literal_c_string)' --check-cfg 'cfg(no_source_text)' --check-cfg 'cfg(proc_macro_span)' --check-cfg 'cfg(proc_macro_span_file)' --check-cfg 'cfg(proc_macro_span_location)' --check-cfg 'cfg(procmacro2_backtrace)' --check-cfg 'cfg(procmacro2_build_probe)' --check-cfg 'cfg(procmacro2_nightly_testing)' --check-cfg 'cfg(procmacro2_semver_exempt)' --check-cfg 'cfg(randomize_layout)' --check-cfg 'cfg(span_locations)' --check-cfg 'cfg(super_unstable)' --check-cfg 'cfg(wrap_proc_macro)'`
🧪 Test (macos-latest)	Run tests	2025-12-21T13:03:41.5611090Z [1m[92m   Compiling[0m bumpalo v3.19.1
🧪 Test (macos-latest)	Run tests	2025-12-21T13:03:41.5719430Z [1m[92m     Running[0m `/Users/runner/.rustup/toolchains/stable-aarch64-apple-darwin/bin/rustc --crate-name bumpalo --edition=2021 /Users/runner/.cargo/registry/src/index.crates.io-1949cf8c6b5b557f/bumpalo-3.19.1/src/lib.rs --error-format=json --json=diagnostic-rendered-ansi,artifacts,future-incompat --crate-type lib --emit=dep-info,metadata,link -C embed-bitcode=no --cfg 'feature="default"' --check-cfg 'cfg(docsrs,test)' --check-cfg 'cfg(feature, values("allocator-api2", "allocator_api", "bench_allocator_api", "boxed", "collections", "default", "serde", "std"))' -C metadata=614a303a2ae4d8b0 -C extra-filename=-074e47f4800c60f5 --out-dir /Users/runner/work/vietflux-ime/vietflux-ime/core/target/debug/deps -L dependency=/Users/runner/work/vietflux-ime/vietflux-ime/core/target/debug/deps --cap-lints allow`
🧪 Test (macos-latest)	Run tests	2025-12-21T13:03:41.5848890Z [1m[92m     Running[0m `/Users/runner/work/vietflux-ime/vietflux-ime/core/target/debug/build/rustversion-cf3eaf2abd86a894/build-script-build`
🧪 Test (macos-latest)	Run tests	2025-12-21T13:03:41.6064240Z [1m[92m     Running[0m `/Users/runner/.rustup/toolchains/stable-aarch64-apple-darwin/bin/rustc --crate-name rustversion --edition=2018 /Users/runner/.cargo/registry/src/index.crates.io-1949cf8c6b5b557f/rustversion-1.0.22/src/lib.rs --error-format=json --json=diagnostic-rendered-ansi,artifacts,future-incompat --crate-type proc-macro --emit=dep-info,link -C prefer-dynamic -C embed-bitcode=no --check-cfg 'cfg(docsrs,test)' --check-cfg 'cfg(feature, values())' -C metadata=5f8bd87afb927e54 -C extra-filename=-064bf7827f8c4a8d --out-dir /Users/runner/work/vietflux-ime/vietflux-ime/core/target/debug/deps -L dependency=/Users/runner/work/vietflux-ime/vietflux-ime/core/target/debug/deps --extern proc_macro --cap-lints allow --check-cfg 'cfg(cfg_macro_not_allowed)' --check-cfg 'cfg(host_os, values("windows"))'`
🧪 Test (macos-latest)	Run tests	2025-12-21T13:03:41.7834790Z [1m[92m   Compiling[0m serde_core v1.0.228
🧪 Test (macos-latest)	Run tests	2025-12-21T13:03:41.7958340Z [1m[92m     Running[0m `/Users/runner/.rustup/toolchains/stable-aarch64-apple-darwin/bin/rustc --crate-name build_script_build --edition=2021 /Users/runner/.cargo/registry/src/index.crates.io-1949cf8c6b5b557f/serde_core-1.0.228/build.rs --error-format=json --json=diagnostic-rendered-ansi,artifacts,future-incompat --crate-type bin --emit=dep-info,link -C embed-bitcode=no --cfg 'feature="alloc"' --cfg 'feature="result"' --cfg 'feature="std"' --check-cfg 'cfg(docsrs,test)' --check-cfg 'cfg(feature, values("alloc", "default", "rc", "result", "std", "unstable"))' -C metadata=1f26e73f430c3a40 -C extra-filename=-b0753111d424f06e --out-dir /Users/runner/work/vietflux-ime/vietflux-ime/core/target/debug/build/serde_core-b0753111d424f06e -L dependency=/Users/runner/work/vietflux-ime/vietflux-ime/core/target/debug/deps --cap-lints allow`
🧪 Test (macos-latest)	Run tests	2025-12-21T13:03:41.9695010Z [1m[92m     Running[0m `/Users/runner/.rustup/toolchains/stable-aarch64-apple-darwin/bin/rustc --crate-name quote --edition=2018 /Users/runner/.cargo/registry/src/index.crates.io-1949cf8c6b5b557f/quote-1.0.42/src/lib.rs --error-format=json --json=diagnostic-rendered-ansi,artifacts,future-incompat --crate-type lib --emit=dep-info,metadata,link -C embed-bitcode=no --cfg 'feature="default"' --cfg 'feature="proc-macro"' --check-cfg 'cfg(docsrs,test)' --check-cfg 'cfg(feature, values("default", "proc-macro"))' -C metadata=dda75e5a06dc30ec -C extra-filename=-4f483d8e2f899786 --out-dir /Users/runner/work/vietflux-ime/vietflux-ime/core/target/debug/deps -L dependency=/Users/runner/work/vietflux-ime/vietflux-ime/core/target/debug/deps --extern proc_macro2=/Users/runner/work/vietflux-ime/vietflux-ime/core/target/debug/deps/libproc_macro2-10b92d003d49ddc8.rmeta --cap-lints allow --check-cfg 'cfg(no_diagnostic_namespace)'`
🧪 Test (macos-latest)	Run tests	2025-12-21T13:03:42.0086130Z [1m[92m     Running[0m `/Users/runner/work/vietflux-ime/vietflux-ime/core/target/debug/build/serde_core-b0753111d424f06e/build-script-build`
🧪 Test (macos-latest)	Run tests	2025-12-21T13:03:42.0213840Z [1m[92m   Compiling[0m cfg-if v1.0.4
🧪 Test (macos-latest)	Run tests	2025-12-21T13:03:42.0222410Z [1m[92m     Running[0m `/Users/runner/.rustup/toolchains/stable-aarch64-apple-darwin/bin/rustc --crate-name cfg_if --edition=2018 /Users/runner/.cargo/registry/src/index.crates.io-1949cf8c6b5b557f/cfg-if-1.0.4/src/lib.rs --error-format=json --json=diagnostic-rendered-ansi,artifacts,future-incompat --crate-type lib --emit=dep-info,metadata,link -C embed-bitcode=no -C debuginfo=2 -C split-debuginfo=unpacked --check-cfg 'cfg(docsrs,test)' --check-cfg 'cfg(feature, values("core", "rustc-dep-of-std"))' -C metadata=8e62125dce1fbee3 -C extra-filename=-910eb05bc9a9e024 --out-dir /Users/runner/work/vietflux-ime/vietflux-ime/core/target/debug/deps -L dependency=/Users/runner/work/vietflux-ime/vietflux-ime/core/target/debug/deps --cap-lints allow`
🧪 Test (macos-latest)	Run tests	2025-12-21T13:03:42.0332000Z [1m[92m   Compiling[0m wasm-bindgen v0.2.106
🧪 Test (macos-latest)	Run tests	2025-12-21T13:03:42.0344830Z [1m[92m     Running[0m `/Users/runner/.rustup/toolchains/stable-aarch64-apple-darwin/bin/rustc --crate-name build_script_build --edition=2021 /Users/runner/.cargo/registry/src/index.crates.io-1949cf8c6b5b557f/wasm-bindgen-0.2.106/build.rs --error-format=json --json=diagnostic-rendered-ansi,artifacts,future-incompat --crate-type bin --emit=dep-info,link -C embed-bitcode=no '--warn=clippy::uninlined_format_args' --warn=unexpected_cfgs '--allow=clippy::type_complexity' '--allow=clippy::too_many_arguments' '--allow=clippy::overly_complex_bool_expr' '--allow=clippy::new_without_default' '--allow=clippy::large_enum_variant' --check-cfg 'cfg(wasm_bindgen_unstable_test_coverage)' --check-cfg 'cfg(xxx_debug_only_print_generated_code)' --cfg 'feature="default"' --cfg 'feature="std"' --check-cfg 'cfg(docsrs,test)' --check-cfg 'cfg(feature, values("default", "enable-interning", "gg-alloc", "msrv", "rustversion", "serde", "serde-serialize", "serde_json", "spans", "std", "strict-macro", "xxx_debug_only_print_generated_code"))' -C metadata=41d8381f7f112356 -C extra-filename=-0a9309656cc8b0b6 --out-dir /Users/runner/work/vietflux-ime/vietflux-ime/core/target/debug/build/wasm-bindgen-0a9309656cc8b0b6 -L dependency=/Users/runner/work/vietflux-ime/vietflux-ime/core/target/debug/deps --extern rustversion_compat=/Users/runner/work/vietflux-ime/vietflux-ime/core/target/debug/deps/librustversion-064bf7827f8c4a8d.dylib --cap-lints allow`
🧪 Test (macos-latest)	Run tests	2025-12-21T13:03:42.0396760Z [1m[92m   Compiling[0m once_cell v1.21.3
🧪 Test (macos-latest)	Run tests	2025-12-21T13:03:42.0405000Z [1m[92m     Running[0m `/Users/runner/.rustup/toolchains/stable-aarch64-apple-darwin/bin/rustc --crate-name once_cell --edition=2021 /Users/runner/.cargo/registry/src/index.crates.io-1949cf8c6b5b557f/once_cell-1.21.3/src/lib.rs --error-format=json --json=diagnostic-rendered-ansi,artifacts,future-incompat --crate-type lib --emit=dep-info,metadata,link -C embed-bitcode=no -C debuginfo=2 -C split-debuginfo=unpacked --check-cfg 'cfg(docsrs,test)' --check-cfg 'cfg(feature, values("alloc", "atomic-polyfill", "critical-section", "default", "parking_lot", "portable-atomic", "race", "std", "unstable"))' -C metadata=b0c0d9861b4a2ba3 -C extra-filename=-20b46c7443a25b35 --out-dir /Users/runner/work/vietflux-ime/vietflux-ime/core/target/debug/deps -L dependency=/Users/runner/work/vietflux-ime/vietflux-ime/core/target/debug/deps --cap-lints allow`
🧪 Test (macos-latest)	Run tests	2025-12-21T13:03:42.0790300Z [1m[92m   Compiling[0m syn v2.0.111
🧪 Test (macos-latest)	Run tests	2025-12-21T13:03:42.0822770Z [1m[92m     Running[0m `/Users/runner/.rustup/toolchains/stable-aarch64-apple-darwin/bin/rustc --crate-name syn --edition=2021 /Users/runner/.cargo/registry/src/index.crates.io-1949cf8c6b5b557f/syn-2.0.111/src/lib.rs --error-format=json --json=diagnostic-rendered-ansi,artifacts,future-incompat --crate-type lib --emit=dep-info,metadata,link -C embed-bitcode=no --cfg 'feature="clone-impls"' --cfg 'feature="default"' --cfg 'feature="derive"' --cfg 'feature="full"' --cfg 'feature="parsing"' --cfg 'feature="printing"' --cfg 'feature="proc-macro"' --cfg 'feature="visit"' --cfg 'feature="visit-mut"' --check-cfg 'cfg(docsrs,test)' --check-cfg 'cfg(feature, values("clone-impls", "default", "derive", "extra-traits", "fold", "full", "parsing", "printing", "proc-macro", "test", "visit", "visit-mut"))' -C metadata=ff15e5638e15b714 -C extra-filename=-d0b24861707a2253 --out-dir /Users/runner/work/vietflux-ime/vietflux-ime/core/target/debug/deps -L dependency=/Users/runner/work/vietflux-ime/vietflux-ime/core/target/debug/deps --extern proc_macro2=/Users/runner/work/vietflux-ime/vietflux-ime/core/target/debug/deps/libproc_macro2-10b92d003d49ddc8.rmeta --extern quote=/Users/runner/work/vietflux-ime/vietflux-ime/core/target/debug/deps/libquote-4f483d8e2f899786.rmeta --extern unicode_ident=/Users/runner/work/vietflux-ime/vietflux-ime/core/target/debug/deps/libunicode_ident-30e4b7ccc1e6c4ee.rmeta --cap-lints allow`
🧪 Test (macos-latest)	Run tests	2025-12-21T13:03:42.1311360Z [1m[92m     Running[0m `/Users/runner/.rustup/toolchains/stable-aarch64-apple-darwin/bin/rustc --crate-name serde_core --edition=2021 /Users/runner/.cargo/registry/src/index.crates.io-1949cf8c6b5b557f/serde_core-1.0.228/src/lib.rs --error-format=json --json=diagnostic-rendered-ansi,artifacts,future-incompat --crate-type lib --emit=dep-info,metadata,link -C embed-bitcode=no -C debuginfo=2 -C split-debuginfo=unpacked --cfg 'feature="alloc"' --cfg 'feature="result"' --cfg 'feature="std"' --check-cfg 'cfg(docsrs,test)' --check-cfg 'cfg(feature, values("alloc", "default", "rc", "result", "std", "unstable"))' -C metadata=99379a2f2b6d39df -C extra-filename=-8b7282d95af30617 --out-dir /Users/runner/work/vietflux-ime/vietflux-ime/core/target/debug/deps -L dependency=/Users/runner/work/vietflux-ime/vietflux-ime/core/target/debug/deps --cap-lints allow --check-cfg 'cfg(if_docsrs_then_no_serde_core)' --check-cfg 'cfg(no_core_cstr)' --check-cfg 'cfg(no_core_error)' --check-cfg 'cfg(no_core_net)' --check-cfg 'cfg(no_core_num_saturating)' --check-cfg 'cfg(no_diagnostic_namespace)' --check-cfg 'cfg(no_serde_derive)' --check-cfg 'cfg(no_std_atomic)' --check-cfg 'cfg(no_std_atomic64)' --check-cfg 'cfg(no_target_has_atomic)'`
🧪 Test (macos-latest)	Run tests	2025-12-21T13:03:42.1640070Z [1m[92m     Running[0m `/Users/runner/work/vietflux-ime/vietflux-ime/core/target/debug/build/wasm-bindgen-0a9309656cc8b0b6/build-script-build`
🧪 Test (macos-latest)	Run tests	2025-12-21T13:03:42.1770770Z [1m[92m   Compiling[0m serde v1.0.228
🧪 Test (macos-latest)	Run tests	2025-12-21T13:03:42.1893800Z [1m[92m     Running[0m `/Users/runner/.rustup/toolchains/stable-aarch64-apple-darwin/bin/rustc --crate-name build_script_build --edition=2021 /Users/runner/.cargo/registry/src/index.crates.io-1949cf8c6b5b557f/serde-1.0.228/build.rs --error-format=json --json=diagnostic-rendered-ansi,artifacts,future-incompat --crate-type bin --emit=dep-info,link -C embed-bitcode=no --cfg 'feature="default"' --cfg 'feature="derive"' --cfg 'feature="serde_derive"' --cfg 'feature="std"' --check-cfg 'cfg(docsrs,test)' --check-cfg 'cfg(feature, values("alloc", "default", "derive", "rc", "serde_derive", "std", "unstable"))' -C metadata=bc04b8333d12f2f5 -C extra-filename=-e3f9c65595ada2ff --out-dir /Users/runner/work/vietflux-ime/vietflux-ime/core/target/debug/build/serde-e3f9c65595ada2ff -L dependency=/Users/runner/work/vietflux-ime/vietflux-ime/core/target/debug/deps --cap-lints allow`
🧪 Test (macos-latest)	Run tests	2025-12-21T13:03:42.3159790Z [1m[92m   Compiling[0m libm v0.2.15
🧪 Test (macos-latest)	Run tests	2025-12-21T13:03:42.3172440Z [1m[92m     Running[0m `/Users/runner/.rustup/toolchains/stable-aarch64-apple-darwin/bin/rustc --crate-name build_script_build --edition=2021 /Users/runner/.cargo/registry/src/index.crates.io-1949cf8c6b5b557f/libm-0.2.15/build.rs --error-format=json --json=diagnostic-rendered-ansi,artifacts,future-incompat --crate-type bin --emit=dep-info,link -C embed-bitcode=no --warn=unexpected_cfgs --check-cfg 'cfg(feature, values("compiler-builtins"))' --cfg 'feature="arch"' --cfg 'feature="default"' --check-cfg 'cfg(docsrs,test)' --check-cfg 'cfg(feature, values("arch", "default", "force-soft-floats", "unstable", "unstable-float", "unstable-intrinsics", "unstable-public-internals"))' -C metadata=3f376b895ceddb40 -C extra-filename=-8347d66355d0f5a0 --out-dir /Users/runner/work/vietflux-ime/vietflux-ime/core/target/debug/build/libm-8347d66355d0f5a0 -L dependency=/Users/runner/work/vietflux-ime/vietflux-ime/core/target/debug/deps --cap-lints allow`
🧪 Test (macos-latest)	Run tests	2025-12-21T13:03:42.5046360Z [1m[92m   Compiling[0m autocfg v1.5.0
🧪 Test (macos-latest)	Run tests	2025-12-21T13:03:42.5059700Z [1m[92m     Running[0m `/Users/runner/.rustup/toolchains/stable-aarch64-apple-darwin/bin/rustc --crate-name autocfg --edition=2015 /Users/runner/.cargo/registry/src/index.crates.io-1949cf8c6b5b557f/autocfg-1.5.0/src/lib.rs --error-format=json --json=diagnostic-rendered-ansi,artifacts,future-incompat --crate-type lib --emit=dep-info,metadata,link -C embed-bitcode=no --check-cfg 'cfg(docsrs,test)' --check-cfg 'cfg(feature, values())' -C metadata=4c1607dcc3ece0a2 -C extra-filename=-e2e21eab783460c2 --out-dir /Users/runner/work/vietflux-ime/vietflux-ime/core/target/debug/deps -L dependency=/Users/runner/work/vietflux-ime/vietflux-ime/core/target/debug/deps --cap-lints allow`
🧪 Test (macos-latest)	Run tests	2025-12-21T13:03:42.7448300Z [1m[92m   Compiling[0m serde_json v1.0.145
🧪 Test (macos-latest)	Run tests	2025-12-21T13:03:42.7461560Z [1m[92m     Running[0m `/Users/runner/.rustup/toolchains/stable-aarch64-apple-darwin/bin/rustc --crate-name build_script_build --edition=2021 /Users/runner/.cargo/registry/src/index.crates.io-1949cf8c6b5b557f/serde_json-1.0.145/build.rs --error-format=json --json=diagnostic-rendered-ansi,artifacts,future-incompat --crate-type bin --emit=dep-info,link -C embed-bitcode=no --cfg 'feature="alloc"' --cfg 'feature="default"' --cfg 'feature="std"' --check-cfg 'cfg(docsrs,test)' --check-cfg 'cfg(feature, values("alloc", "arbitrary_precision", "default", "float_roundtrip", "indexmap", "preserve_order", "raw_value", "std", "unbounded_depth"))' -C metadata=ac65943d2bca8969 -C extra-filename=-1112c49ce5d1f711 --out-dir /Users/runner/work/vietflux-ime/vietflux-ime/core/target/debug/build/serde_json-1112c49ce5d1f711 -L dependency=/Users/runner/work/vietflux-ime/vietflux-ime/core/target/debug/deps --cap-lints allow`
🧪 Test (macos-latest)	Run tests	2025-12-21T13:03:42.8570120Z [1m[92m     Running[0m `/Users/runner/work/vietflux-ime/vietflux-ime/core/target/debug/build/serde_json-1112c49ce5d1f711/build-script-build`
🧪 Test (macos-latest)	Run tests	2025-12-21T13:03:42.8627820Z [1m[92m   Compiling[0m num-traits v0.2.19
🧪 Test (macos-latest)	Run tests	2025-12-21T13:03:42.8639280Z [1m[92m     Running[0m `/Users/runner/.rustup/toolchains/stable-aarch64-apple-darwin/bin/rustc --crate-name build_script_build --edition=2021 /Users/runner/.cargo/registry/src/index.crates.io-1949cf8c6b5b557f/num-traits-0.2.19/build.rs --error-format=json --json=diagnostic-rendered-ansi,artifacts,future-incompat --crate-type bin --emit=dep-info,link -C embed-bitcode=no --cfg 'feature="libm"' --check-cfg 'cfg(docsrs,test)' --check-cfg 'cfg(feature, values("default", "i128", "libm", "std"))' -C metadata=8371244992388cf1 -C extra-filename=-8c3ad56329f0ccc6 --out-dir /Users/runner/work/vietflux-ime/vietflux-ime/core/target/debug/build/num-traits-8c3ad56329f0ccc6 -L dependency=/Users/runner/work/vietflux-ime/vietflux-ime/core/target/debug/deps --extern autocfg=/Users/runner/work/vietflux-ime/vietflux-ime/core/target/debug/deps/libautocfg-e2e21eab783460c2.rlib --cap-lints allow`
🧪 Test (macos-latest)	Run tests	2025-12-21T13:03:42.9684900Z [1m[92m     Running[0m `/Users/runner/work/vietflux-ime/vietflux-ime/core/target/debug/build/libm-8347d66355d0f5a0/build-script-build`
🧪 Test (macos-latest)	Run tests	2025-12-21T13:03:42.9761640Z [1m[92m     Running[0m `/Users/runner/work/vietflux-ime/vietflux-ime/core/target/debug/build/serde-e3f9c65595ada2ff/build-script-build`
🧪 Test (macos-latest)	Run tests	2025-12-21T13:03:42.9920810Z [1m[92m   Compiling[0m itoa v1.0.16
🧪 Test (macos-latest)	Run tests	2025-12-21T13:03:43.0043280Z [1m[92m     Running[0m `/Users/runner/.rustup/toolchains/stable-aarch64-apple-darwin/bin/rustc --crate-name itoa --edition=2021 /Users/runner/.cargo/registry/src/index.crates.io-1949cf8c6b5b557f/itoa-1.0.16/src/lib.rs --error-format=json --json=diagnostic-rendered-ansi,artifacts,future-incompat --crate-type lib --emit=dep-info,metadata,link -C embed-bitcode=no -C debuginfo=2 -C split-debuginfo=unpacked --check-cfg 'cfg(docsrs,test)' --check-cfg 'cfg(feature, values("no-panic"))' -C metadata=008d720bc07167fa -C extra-filename=-12c85b9b0b1ba9b3 --out-dir /Users/runner/work/vietflux-ime/vietflux-ime/core/target/debug/deps -L dependency=/Users/runner/work/vietflux-ime/vietflux-ime/core/target/debug/deps --cap-lints allow`
🧪 Test (macos-latest)	Run tests	2025-12-21T13:03:43.0802830Z [1m[92m   Compiling[0m memchr v2.7.6
🧪 Test (macos-latest)	Run tests	2025-12-21T13:03:43.0814460Z [1m[92m     Running[0m `/Users/runner/.rustup/toolchains/stable-aarch64-apple-darwin/bin/rustc --crate-name memchr --edition=2021 /Users/runner/.cargo/registry/src/index.crates.io-1949cf8c6b5b557f/memchr-2.7.6/src/lib.rs --error-format=json --json=diagnostic-rendered-ansi,artifacts,future-incompat --crate-type lib --emit=dep-info,metadata,link -C embed-bitcode=no -C debuginfo=2 -C split-debuginfo=unpacked --cfg 'feature="alloc"' --cfg 'feature="std"' --check-cfg 'cfg(docsrs,test)' --check-cfg 'cfg(feature, values("alloc", "core", "default", "libc", "logging", "rustc-dep-of-std", "std", "use_std"))' -C metadata=5961419d202c0f5e -C extra-filename=-b509fac1361478be --out-dir /Users/runner/work/vietflux-ime/vietflux-ime/core/target/debug/deps -L dependency=/Users/runner/work/vietflux-ime/vietflux-ime/core/target/debug/deps --cap-lints allow`
🧪 Test (macos-latest)	Run tests	2025-12-21T13:03:43.4068060Z [1m[92m   Compiling[0m ryu v1.0.21
🧪 Test (macos-latest)	Run tests	2025-12-21T13:03:43.4085270Z [1m[92m     Running[0m `/Users/runner/.rustup/toolchains/stable-aarch64-apple-darwin/bin/rustc --crate-name ryu --edition=2021 /Users/runner/.cargo/registry/src/index.crates.io-1949cf8c6b5b557f/ryu-1.0.21/src/lib.rs --error-format=json --json=diagnostic-rendered-ansi,artifacts,future-incompat --crate-type lib --emit=dep-info,metadata,link -C embed-bitcode=no -C debuginfo=2 -C split-debuginfo=unpacked --check-cfg 'cfg(docsrs,test)' --check-cfg 'cfg(feature, values("no-panic", "small"))' -C metadata=a9097909a4181a52 -C extra-filename=-bfde9f3c79d3733f --out-dir /Users/runner/work/vietflux-ime/vietflux-ime/core/target/debug/deps -L dependency=/Users/runner/work/vietflux-ime/vietflux-ime/core/target/debug/deps --cap-lints allow`
🧪 Test (macos-latest)	Run tests	2025-12-21T13:03:43.5044960Z [1m[92m     Running[0m `/Users/runner/.rustup/toolchains/stable-aarch64-apple-darwin/bin/rustc --crate-name libm --edition=2021 /Users/runner/.cargo/registry/src/index.crates.io-1949cf8c6b5b557f/libm-0.2.15/src/lib.rs --error-format=json --json=diagnostic-rendered-ansi,artifacts,future-incompat --crate-type lib --emit=dep-info,metadata,link -C embed-bitcode=no -C debuginfo=2 -C split-debuginfo=unpacked --warn=unexpected_cfgs --check-cfg 'cfg(feature, values("compiler-builtins"))' --cfg 'feature="arch"' --cfg 'feature="default"' --check-cfg 'cfg(docsrs,test)' --check-cfg 'cfg(feature, values("arch", "default", "force-soft-floats", "unstable", "unstable-float", "unstable-intrinsics", "unstable-public-internals"))' -C metadata=365b406a542c3ad1 -C extra-filename=-7f5e0e3febf7e336 --out-dir /Users/runner/work/vietflux-ime/vietflux-ime/core/target/debug/deps -L dependency=/Users/runner/work/vietflux-ime/vietflux-ime/core/target/debug/deps --cap-lints allow --cfg arch_enabled --check-cfg 'cfg(assert_no_panic)' --check-cfg 'cfg(intrinsics_enabled)' --check-cfg 'cfg(arch_enabled)' --check-cfg 'cfg(optimizations_enabled)' --check-cfg 'cfg(x86_no_sse)' --check-cfg 'cfg(f16_enabled)' --check-cfg 'cfg(f128_enabled)'`
🧪 Test (macos-latest)	Run tests	2025-12-21T13:03:43.6602300Z [1m[92m     Running[0m `/Users/runner/.rustup/toolchains/stable-aarch64-apple-darwin/bin/rustc --crate-name serde_json --edition=2021 /Users/runner/.cargo/registry/src/index.crates.io-1949cf8c6b5b557f/serde_json-1.0.145/src/lib.rs --error-format=json --json=diagnostic-rendered-ansi,artifacts,future-incompat --crate-type lib --emit=dep-info,metadata,link -C embed-bitcode=no -C debuginfo=2 -C split-debuginfo=unpacked --cfg 'feature="alloc"' --cfg 'feature="default"' --cfg 'feature="std"' --check-cfg 'cfg(docsrs,test)' --check-cfg 'cfg(feature, values("alloc", "arbitrary_precision", "default", "float_roundtrip", "indexmap", "preserve_order", "raw_value", "std", "unbounded_depth"))' -C metadata=ec93767ac7b16d00 -C extra-filename=-f8fd2d822e97d9c2 --out-dir /Users/runner/work/vietflux-ime/vietflux-ime/core/target/debug/deps -L dependency=/Users/runner/work/vietflux-ime/vietflux-ime/core/target/debug/deps --extern itoa=/Users/runner/work/vietflux-ime/vietflux-ime/core/target/debug/deps/libitoa-12c85b9b0b1ba9b3.rmeta --extern memchr=/Users/runner/work/vietflux-ime/vietflux-ime/core/target/debug/deps/libmemchr-b509fac1361478be.rmeta --extern ryu=/Users/runner/work/vietflux-ime/vietflux-ime/core/target/debug/deps/libryu-bfde9f3c79d3733f.rmeta --extern serde_core=/Users/runner/work/vietflux-ime/vietflux-ime/core/target/debug/deps/libserde_core-8b7282d95af30617.rmeta --cap-lints allow --cfg 'fast_arithmetic="64"' --check-cfg 'cfg(fast_arithmetic, values("32", "64"))'`
🧪 Test (macos-latest)	Run tests	2025-12-21T13:03:44.3693750Z [1m[92m   Compiling[0m wasm-bindgen-macro-support v0.2.106
🧪 Test (macos-latest)	Run tests	2025-12-21T13:03:44.3806620Z [1m[92m     Running[0m `/Users/runner/.rustup/toolchains/stable-aarch64-apple-darwin/bin/rustc --crate-name wasm_bindgen_macro_support --edition=2021 /Users/runner/.cargo/registry/src/index.crates.io-1949cf8c6b5b557f/wasm-bindgen-macro-support-0.2.106/src/lib.rs --error-format=json --json=diagnostic-rendered-ansi,artifacts,future-incompat --crate-type lib --emit=dep-info,metadata,link -C embed-bitcode=no '--warn=clippy::uninlined_format_args' --warn=unexpected_cfgs '--allow=clippy::type_complexity' '--allow=clippy::too_many_arguments' '--allow=clippy::overly_complex_bool_expr' '--allow=clippy::new_without_default' '--allow=clippy::large_enum_variant' --check-cfg 'cfg(wasm_bindgen_unstable_test_coverage)' --check-cfg 'cfg(xxx_debug_only_print_generated_code)' --check-cfg 'cfg(docsrs,test)' --check-cfg 'cfg(feature, values("extra-traits", "strict-macro"))' -C metadata=3a4d7896382af652 -C extra-filename=-71c28ad26d9142d6 --out-dir /Users/runner/work/vietflux-ime/vietflux-ime/core/target/debug/deps -L dependency=/Users/runner/work/vietflux-ime/vietflux-ime/core/target/debug/deps --extern bumpalo=/Users/runner/work/vietflux-ime/vietflux-ime/core/target/debug/deps/libbumpalo-074e47f4800c60f5.rmeta --extern proc_macro2=/Users/runner/work/vietflux-ime/vietflux-ime/core/target/debug/deps/libproc_macro2-10b92d003d49ddc8.rmeta --extern quote=/Users/runner/work/vietflux-ime/vietflux-ime/core/target/debug/deps/libquote-4f483d8e2f899786.rmeta --extern syn=/Users/runner/work/vietflux-ime/vietflux-ime/core/target/debug/deps/libsyn-d0b24861707a2253.rmeta --extern wasm_bindgen_shared=/Users/runner/work/vietflux-ime/vietflux-ime/core/target/debug/deps/libwasm_bindgen_shared-b1855a78c6a8f8d6.rmeta --cap-lints allow`
🧪 Test (macos-latest)	Run tests	2025-12-21T13:03:44.4664300Z [1m[92m     Running[0m `/Users/runner/work/vietflux-ime/vietflux-ime/core/target/debug/build/num-traits-8c3ad56329f0ccc6/build-script-build`
🧪 Test (macos-latest)	Run tests	2025-12-21T13:03:44.5111480Z [1m[92m     Running[0m `/Users/runner/.rustup/toolchains/stable-aarch64-apple-darwin/bin/rustc --crate-name num_traits --edition=2021 /Users/runner/.cargo/registry/src/index.crates.io-1949cf8c6b5b557f/num-traits-0.2.19/src/lib.rs --error-format=json --json=diagnostic-rendered-ansi,artifacts,future-incompat --crate-type lib --emit=dep-info,metadata,link -C embed-bitcode=no -C debuginfo=2 -C split-debuginfo=unpacked --cfg 'feature="libm"' --check-cfg 'cfg(docsrs,test)' --check-cfg 'cfg(feature, values("default", "i128", "libm", "std"))' -C metadata=48fde68926f4bfa3 -C extra-filename=-8cec971d0e8f1a77 --out-dir /Users/runner/work/vietflux-ime/vietflux-ime/core/target/debug/deps -L dependency=/Users/runner/work/vietflux-ime/vietflux-ime/core/target/debug/deps --extern libm=/Users/runner/work/vietflux-ime/vietflux-ime/core/target/debug/deps/liblibm-7f5e0e3febf7e336.rmeta --cap-lints allow --cfg has_total_cmp --check-cfg 'cfg(has_total_cmp)'`
🧪 Test (macos-latest)	Run tests	2025-12-21T13:03:44.8068260Z [1m[92m   Compiling[0m serde_derive v1.0.228
🧪 Test (macos-latest)	Run tests	2025-12-21T13:03:44.8173030Z [1m[92m     Running[0m `/Users/runner/.rustup/toolchains/stable-aarch64-apple-darwin/bin/rustc --crate-name serde_derive --edition=2021 /Users/runner/.cargo/registry/src/index.crates.io-1949cf8c6b5b557f/serde_derive-1.0.228/src/lib.rs --error-format=json --json=diagnostic-rendered-ansi,artifacts,future-incompat --crate-type proc-macro --emit=dep-info,link -C prefer-dynamic -C embed-bitcode=no --cfg 'feature="default"' --check-cfg 'cfg(docsrs,test)' --check-cfg 'cfg(feature, values("default", "deserialize_in_place"))' -C metadata=8e59da0901577331 -C extra-filename=-734b2aa724a805c1 --out-dir /Users/runner/work/vietflux-ime/vietflux-ime/core/target/debug/deps -L dependency=/Users/runner/work/vietflux-ime/vietflux-ime/core/target/debug/deps --extern proc_macro2=/Users/runner/work/vietflux-ime/vietflux-ime/core/target/debug/deps/libproc_macro2-10b92d003d49ddc8.rlib --extern quote=/Users/runner/work/vietflux-ime/vietflux-ime/core/target/debug/deps/libquote-4f483d8e2f899786.rlib --extern syn=/Users/runner/work/vietflux-ime/vietflux-ime/core/target/debug/deps/libsyn-d0b24861707a2253.rlib --extern proc_macro --cap-lints allow`
🧪 Test (macos-latest)	Run tests	2025-12-21T13:03:44.8759750Z [1m[92m   Compiling[0m async-trait v0.1.89
🧪 Test (macos-latest)	Run tests	2025-12-21T13:03:44.8769440Z [1m[92m     Running[0m `/Users/runner/.rustup/toolchains/stable-aarch64-apple-darwin/bin/rustc --crate-name async_trait --edition=2021 /Users/runner/.cargo/registry/src/index.crates.io-1949cf8c6b5b557f/async-trait-0.1.89/src/lib.rs --error-format=json --json=diagnostic-rendered-ansi,artifacts,future-incompat --crate-type proc-macro --emit=dep-info,link -C prefer-dynamic -C embed-bitcode=no --check-cfg 'cfg(docsrs,test)' --check-cfg 'cfg(feature, values())' -C metadata=b2c0bd8de471d8c5 -C extra-filename=-5c31ec5d081a0b93 --out-dir /Users/runner/work/vietflux-ime/vietflux-ime/core/target/debug/deps -L dependency=/Users/runner/work/vietflux-ime/vietflux-ime/core/target/debug/deps --extern proc_macro2=/Users/runner/work/vietflux-ime/vietflux-ime/core/target/debug/deps/libproc_macro2-10b92d003d49ddc8.rlib --extern quote=/Users/runner/work/vietflux-ime/vietflux-ime/core/target/debug/deps/libquote-4f483d8e2f899786.rlib --extern syn=/Users/runner/work/vietflux-ime/vietflux-ime/core/target/debug/deps/libsyn-d0b24861707a2253.rlib --extern proc_macro --cap-lints allow`
🧪 Test (macos-latest)	Run tests	2025-12-21T13:03:45.4346780Z [1m[92m   Compiling[0m wasm-bindgen-test-macro v0.3.56
🧪 Test (macos-latest)	Run tests	2025-12-21T13:03:45.4358340Z [1m[92m     Running[0m `/Users/runner/.rustup/toolchains/stable-aarch64-apple-darwin/bin/rustc --crate-name wasm_bindgen_test_macro --edition=2021 /Users/runner/.cargo/registry/src/index.crates.io-1949cf8c6b5b557f/wasm-bindgen-test-macro-0.3.56/src/lib.rs --error-format=json --json=diagnostic-rendered-ansi,artifacts,future-incompat --crate-type proc-macro --emit=dep-info,link -C prefer-dynamic -C embed-bitcode=no '--warn=clippy::uninlined_format_args' --warn=unexpected_cfgs '--allow=clippy::type_complexity' '--allow=clippy::too_many_arguments' '--allow=clippy::overly_complex_bool_expr' '--allow=clippy::new_without_default' '--allow=clippy::large_enum_variant' --check-cfg 'cfg(wasm_bindgen_unstable_test_coverage)' --check-cfg 'cfg(xxx_debug_only_print_generated_code)' --check-cfg 'cfg(docsrs,test)' --check-cfg 'cfg(feature, values())' -C metadata=9859819da8bad880 -C extra-filename=-c192dd71d0493d07 --out-dir /Users/runner/work/vietflux-ime/vietflux-ime/core/target/debug/deps -L dependency=/Users/runner/work/vietflux-ime/vietflux-ime/core/target/debug/deps --extern proc_macro2=/Users/runner/work/vietflux-ime/vietflux-ime/core/target/debug/deps/libproc_macro2-10b92d003d49ddc8.rlib --extern quote=/Users/runner/work/vietflux-ime/vietflux-ime/core/target/debug/deps/libquote-4f483d8e2f899786.rlib --extern syn=/Users/runner/work/vietflux-ime/vietflux-ime/core/target/debug/deps/libsyn-d0b24861707a2253.rlib --extern proc_macro --cap-lints allow`
🧪 Test (macos-latest)	Run tests	2025-12-21T13:03:45.6573480Z [1m[92m   Compiling[0m nu-ansi-term v0.50.3
🧪 Test (macos-latest)	Run tests	2025-12-21T13:03:45.6635520Z [1m[92m     Running[0m `/Users/runner/.rustup/toolchains/stable-aarch64-apple-darwin/bin/rustc --crate-name nu_ansi_term --edition=2021 /Users/runner/.cargo/registry/src/index.crates.io-1949cf8c6b5b557f/nu-ansi-term-0.50.3/src/lib.rs --error-format=json --json=diagnostic-rendered-ansi,artifacts,future-incompat --crate-type lib --emit=dep-info,metadata,link -C embed-bitcode=no -C debuginfo=2 -C split-debuginfo=unpacked --check-cfg 'cfg(docsrs,test)' --check-cfg 'cfg(feature, values("default", "derive_serde_style", "gnu_legacy", "serde", "std"))' -C metadata=9b8a797cad4a00ce -C extra-filename=-019d070a72a666af --out-dir /Users/runner/work/vietflux-ime/vietflux-ime/core/target/debug/deps -L dependency=/Users/runner/work/vietflux-ime/vietflux-ime/core/target/debug/deps --cap-lints allow`
🧪 Test (macos-latest)	Run tests	2025-12-21T13:03:45.8210970Z [1m[92m   Compiling[0m cast v0.3.0
🧪 Test (macos-latest)	Run tests	2025-12-21T13:03:45.8339960Z [1m[92m     Running[0m `/Users/runner/.rustup/toolchains/stable-aarch64-apple-darwin/bin/rustc --crate-name cast --edition=2018 /Users/runner/.cargo/registry/src/index.crates.io-1949cf8c6b5b557f/cast-0.3.0/src/lib.rs --error-format=json --json=diagnostic-rendered-ansi,artifacts,future-incompat --crate-type lib --emit=dep-info,metadata,link -C embed-bitcode=no -C debuginfo=2 -C split-debuginfo=unpacked --check-cfg 'cfg(docsrs,test)' --check-cfg 'cfg(feature, values("std"))' -C metadata=5aeba155068a48a1 -C extra-filename=-09810fe68bd3e44a --out-dir /Users/runner/work/vietflux-ime/vietflux-ime/core/target/debug/deps -L dependency=/Users/runner/work/vietflux-ime/vietflux-ime/core/target/debug/deps --cap-lints allow`
🧪 Test (macos-latest)	Run tests	2025-12-21T13:03:45.8880960Z [1m[92m   Compiling[0m oorandom v11.1.5
🧪 Test (macos-latest)	Run tests	2025-12-21T13:03:45.8942840Z [1m[92m     Running[0m `/Users/runner/.rustup/toolchains/stable-aarch64-apple-darwin/bin/rustc --crate-name oorandom --edition=2018 /Users/runner/.cargo/registry/src/index.crates.io-1949cf8c6b5b557f/oorandom-11.1.5/src/lib.rs --error-format=json --json=diagnostic-rendered-ansi,artifacts,future-incompat --crate-type lib --emit=dep-info,metadata,link -C embed-bitcode=no -C debuginfo=2 -C split-debuginfo=unpacked --check-cfg 'cfg(docsrs,test)' --check-cfg 'cfg(feature, values())' -C metadata=3b5e789b95cd14e1 -C extra-filename=-849ef22634e7d678 --out-dir /Users/runner/work/vietflux-ime/vietflux-ime/core/target/debug/deps -L dependency=/Users/runner/work/vietflux-ime/vietflux-ime/core/target/debug/deps --cap-lints allow`
🧪 Test (macos-latest)	Run tests	2025-12-21T13:03:45.9025090Z [1m[92m   Compiling[0m wasm-bindgen-macro v0.2.106
🧪 Test (macos-latest)	Run tests	2025-12-21T13:03:45.9033040Z [1m[92m     Running[0m `/Users/runner/.rustup/toolchains/stable-aarch64-apple-darwin/bin/rustc --crate-name wasm_bindgen_macro --edition=2021 /Users/runner/.cargo/registry/src/index.crates.io-1949cf8c6b5b557f/wasm-bindgen-macro-0.2.106/src/lib.rs --error-format=json --json=diagnostic-rendered-ansi,artifacts,future-incompat --crate-type proc-macro --emit=dep-info,link -C prefer-dynamic -C embed-bitcode=no '--warn=clippy::uninlined_format_args' --warn=unexpected_cfgs '--allow=clippy::type_complexity' '--allow=clippy::too_many_arguments' '--allow=clippy::overly_complex_bool_expr' '--allow=clippy::new_without_default' '--allow=clippy::large_enum_variant' --check-cfg 'cfg(wasm_bindgen_unstable_test_coverage)' --check-cfg 'cfg(xxx_debug_only_print_generated_code)' --check-cfg 'cfg(docsrs,test)' --check-cfg 'cfg(feature, values("strict-macro"))' -C metadata=c0bd7fcb3c7dddb3 -C extra-filename=-798038809bacbc6b --out-dir /Users/runner/work/vietflux-ime/vietflux-ime/core/target/debug/deps -L dependency=/Users/runner/work/vietflux-ime/vietflux-ime/core/target/debug/deps --extern quote=/Users/runner/work/vietflux-ime/vietflux-ime/core/target/debug/deps/libquote-4f483d8e2f899786.rlib --extern wasm_bindgen_macro_support=/Users/runner/work/vietflux-ime/vietflux-ime/core/target/debug/deps/libwasm_bindgen_macro_support-71c28ad26d9142d6.rlib --extern proc_macro --cap-lints allow`
🧪 Test (macos-latest)	Run tests	2025-12-21T13:03:46.0368490Z [1m[92m     Running[0m `/Users/runner/.rustup/toolchains/stable-aarch64-apple-darwin/bin/rustc --crate-name wasm_bindgen --edition=2021 /Users/runner/.cargo/registry/src/index.crates.io-1949cf8c6b5b557f/wasm-bindgen-0.2.106/src/lib.rs --error-format=json --json=diagnostic-rendered-ansi,artifacts,future-incompat --crate-type lib --emit=dep-info,metadata,link -C embed-bitcode=no -C debuginfo=2 -C split-debuginfo=unpacked '--warn=clippy::uninlined_format_args' --warn=unexpected_cfgs '--allow=clippy::type_complexity' '--allow=clippy::too_many_arguments' '--allow=clippy::overly_complex_bool_expr' '--allow=clippy::new_without_default' '--allow=clippy::large_enum_variant' --check-cfg 'cfg(wasm_bindgen_unstable_test_coverage)' --check-cfg 'cfg(xxx_debug_only_print_generated_code)' --cfg 'feature="default"' --cfg 'feature="std"' --check-cfg 'cfg(docsrs,test)' --check-cfg 'cfg(feature, values("default", "enable-interning", "gg-alloc", "msrv", "rustversion", "serde", "serde-serialize", "serde_json", "spans", "std", "strict-macro", "xxx_debug_only_print_generated_code"))' -C metadata=900813bb14f1ce5c -C extra-filename=-e30e2ed6e8d03912 --out-dir /Users/runner/work/vietflux-ime/vietflux-ime/core/target/debug/deps -L dependency=/Users/runner/work/vietflux-ime/vietflux-ime/core/target/debug/deps --extern cfg_if=/Users/runner/work/vietflux-ime/vietflux-ime/core/target/debug/deps/libcfg_if-910eb05bc9a9e024.rmeta --extern once_cell=/Users/runner/work/vietflux-ime/vietflux-ime/core/target/debug/deps/libonce_cell-20b46c7443a25b35.rmeta --extern wasm_bindgen_macro=/Users/runner/work/vietflux-ime/vietflux-ime/core/target/debug/deps/libwasm_bindgen_macro-798038809bacbc6b.dylib --extern wasm_bindgen_shared=/Users/runner/work/vietflux-ime/vietflux-ime/core/target/debug/deps/libwasm_bindgen_shared-b1855a78c6a8f8d6.rmeta --cap-lints allow --cfg wbg_diagnostic --check-cfg 'cfg(wbg_diagnostic)' --check-cfg 'cfg(wbg_reference_types)'`
🧪 Test (macos-latest)	Run tests	2025-12-21T13:03:46.2577490Z [1m[92m     Running[0m `/Users/runner/.rustup/toolchains/stable-aarch64-apple-darwin/bin/rustc --crate-name serde --edition=2021 /Users/runner/.cargo/registry/src/index.crates.io-1949cf8c6b5b557f/serde-1.0.228/src/lib.rs --error-format=json --json=diagnostic-rendered-ansi,artifacts,future-incompat --crate-type lib --emit=dep-info,metadata,link -C embed-bitcode=no -C debuginfo=2 -C split-debuginfo=unpacked --cfg 'feature="default"' --cfg 'feature="derive"' --cfg 'feature="serde_derive"' --cfg 'feature="std"' --check-cfg 'cfg(docsrs,test)' --check-cfg 'cfg(feature, values("alloc", "default", "derive", "rc", "serde_derive", "std", "unstable"))' -C metadata=009db31f06dac3d5 -C extra-filename=-39fdaf71234f7247 --out-dir /Users/runner/work/vietflux-ime/vietflux-ime/core/target/debug/deps -L dependency=/Users/runner/work/vietflux-ime/vietflux-ime/core/target/debug/deps --extern serde_core=/Users/runner/work/vietflux-ime/vietflux-ime/core/target/debug/deps/libserde_core-8b7282d95af30617.rmeta --extern serde_derive=/Users/runner/work/vietflux-ime/vietflux-ime/core/target/debug/deps/libserde_derive-734b2aa724a805c1.dylib --cap-lints allow --cfg if_docsrs_then_no_serde_core --check-cfg 'cfg(feature, values("result"))' --check-cfg 'cfg(if_docsrs_then_no_serde_core)' --check-cfg 'cfg(no_core_cstr)' --check-cfg 'cfg(no_core_error)' --check-cfg 'cfg(no_core_net)' --check-cfg 'cfg(no_core_num_saturating)' --check-cfg 'cfg(no_diagnostic_namespace)' --check-cfg 'cfg(no_serde_derive)' --check-cfg 'cfg(no_std_atomic)' --check-cfg 'cfg(no_std_atomic64)' --check-cfg 'cfg(no_target_has_atomic)'`
🧪 Test (macos-latest)	Run tests	2025-12-21T13:03:46.4125450Z [1m[92m   Compiling[0m js-sys v0.3.83
🧪 Test (macos-latest)	Run tests	2025-12-21T13:03:46.4136690Z [1m[92m     Running[0m `/Users/runner/.rustup/toolchains/stable-aarch64-apple-darwin/bin/rustc --crate-name js_sys --edition=2021 /Users/runner/.cargo/registry/src/index.crates.io-1949cf8c6b5b557f/js-sys-0.3.83/src/lib.rs --error-format=json --json=diagnostic-rendered-ansi,artifacts,future-incompat --crate-type lib --emit=dep-info,metadata,link -C embed-bitcode=no -C debuginfo=2 -C split-debuginfo=unpacked --warn=unexpected_cfgs '--allow=clippy::type_complexity' '--allow=clippy::too_many_arguments' '--allow=clippy::overly_complex_bool_expr' '--allow=clippy::new_without_default' '--allow=clippy::large_enum_variant' --check-cfg 'cfg(js_sys_unstable_apis)' --cfg 'feature="default"' --cfg 'feature="std"' --check-cfg 'cfg(docsrs,test)' --check-cfg 'cfg(feature, values("default", "std"))' -C metadata=8f22c25ac1257411 -C extra-filename=-8c9e9abc6600d2da --out-dir /Users/runner/work/vietflux-ime/vietflux-ime/core/target/debug/deps -L dependency=/Users/runner/work/vietflux-ime/vietflux-ime/core/target/debug/deps --extern once_cell=/Users/runner/work/vietflux-ime/vietflux-ime/core/target/debug/deps/libonce_cell-20b46c7443a25b35.rmeta --extern wasm_bindgen=/Users/runner/work/vietflux-ime/vietflux-ime/core/target/debug/deps/libwasm_bindgen-e30e2ed6e8d03912.rmeta --cap-lints allow`
🧪 Test (macos-latest)	Run tests	2025-12-21T13:03:47.8347760Z [1m[92m   Compiling[0m wasm-bindgen-futures v0.4.56
🧪 Test (macos-latest)	Run tests	2025-12-21T13:03:47.8354020Z [1m[92m     Running[0m `/Users/runner/.rustup/toolchains/stable-aarch64-apple-darwin/bin/rustc --crate-name wasm_bindgen_futures --edition=2021 /Users/runner/.cargo/registry/src/index.crates.io-1949cf8c6b5b557f/wasm-bindgen-futures-0.4.56/src/lib.rs --error-format=json --json=diagnostic-rendered-ansi,artifacts,future-incompat --crate-type lib --emit=dep-info,metadata,link -C embed-bitcode=no -C debuginfo=2 -C split-debuginfo=unpacked '--warn=clippy::uninlined_format_args' --warn=unexpected_cfgs '--allow=clippy::type_complexity' '--allow=clippy::too_many_arguments' '--allow=clippy::overly_complex_bool_expr' '--allow=clippy::new_without_default' '--allow=clippy::large_enum_variant' --check-cfg 'cfg(wasm_bindgen_unstable_test_coverage)' --check-cfg 'cfg(xxx_debug_only_print_generated_code)' --cfg 'feature="std"' --check-cfg 'cfg(docsrs,test)' --check-cfg 'cfg(feature, values("default", "futures-core", "futures-core-03-stream", "std"))' -C metadata=321db3934132d7be -C extra-filename=-c285ac996c73af5b --out-dir /Users/runner/work/vietflux-ime/vietflux-ime/core/target/debug/deps -L dependency=/Users/runner/work/vietflux-ime/vietflux-ime/core/target/debug/deps --extern cfg_if=/Users/runner/work/vietflux-ime/vietflux-ime/core/target/debug/deps/libcfg_if-910eb05bc9a9e024.rmeta --extern js_sys=/Users/runner/work/vietflux-ime/vietflux-ime/core/target/debug/deps/libjs_sys-8c9e9abc6600d2da.rmeta --extern once_cell=/Users/runner/work/vietflux-ime/vietflux-ime/core/target/debug/deps/libonce_cell-20b46c7443a25b35.rmeta --extern wasm_bindgen=/Users/runner/work/vietflux-ime/vietflux-ime/core/target/debug/deps/libwasm_bindgen-e30e2ed6e8d03912.rmeta --cap-lints allow`
🧪 Test (macos-latest)	Run tests	2025-12-21T13:03:47.9582970Z [1m[92m   Compiling[0m wasm-bindgen-test v0.3.56
🧪 Test (macos-latest)	Run tests	2025-12-21T13:03:47.9682700Z [1m[92m     Running[0m `/Users/runner/.rustup/toolchains/stable-aarch64-apple-darwin/bin/rustc --crate-name wasm_bindgen_test --edition=2021 /Users/runner/.cargo/registry/src/index.crates.io-1949cf8c6b5b557f/wasm-bindgen-test-0.3.56/src/lib.rs --error-format=json --json=diagnostic-rendered-ansi,artifacts,future-incompat --crate-type lib --emit=dep-info,metadata,link -C embed-bitcode=no -C debuginfo=2 -C split-debuginfo=unpacked --warn=unexpected_cfgs '--allow=clippy::type_complexity' '--allow=clippy::too_many_arguments' '--allow=clippy::overly_complex_bool_expr' '--allow=clippy::new_without_default' '--allow=clippy::large_enum_variant' --check-cfg 'cfg(wasm_bindgen_unstable_test_coverage)' --cfg 'feature="default"' --cfg 'feature="std"' --check-cfg 'cfg(docsrs,test)' --check-cfg 'cfg(feature, values("default", "gg-alloc", "std"))' -C metadata=8ac4a876cf6992a8 -C extra-filename=-0d72f1ba0e1f8053 --out-dir /Users/runner/work/vietflux-ime/vietflux-ime/core/target/debug/deps -L dependency=/Users/runner/work/vietflux-ime/vietflux-ime/core/target/debug/deps --extern async_trait=/Users/runner/work/vietflux-ime/vietflux-ime/core/target/debug/deps/libasync_trait-5c31ec5d081a0b93.dylib --extern cast=/Users/runner/work/vietflux-ime/vietflux-ime/core/target/debug/deps/libcast-09810fe68bd3e44a.rmeta --extern js_sys=/Users/runner/work/vietflux-ime/vietflux-ime/core/target/debug/deps/libjs_sys-8c9e9abc6600d2da.rmeta --extern libm=/Users/runner/work/vietflux-ime/vietflux-ime/core/target/debug/deps/liblibm-7f5e0e3febf7e336.rmeta --extern nu_ansi_term=/Users/runner/work/vietflux-ime/vietflux-ime/core/target/debug/deps/libnu_ansi_term-019d070a72a666af.rmeta --extern num_traits=/Users/runner/work/vietflux-ime/vietflux-ime/core/target/debug/deps/libnum_traits-8cec971d0e8f1a77.rmeta --extern oorandom=/Users/runner/work/vietflux-ime/vietflux-ime/core/target/debug/deps/liboorandom-849ef22634e7d678.rmeta --extern serde=/Users/runner/work/vietflux-ime/vietflux-ime/core/target/debug/deps/libserde-39fdaf71234f7247.rmeta --extern serde_json=/Users/runner/work/vietflux-ime/vietflux-ime/core/target/debug/deps/libserde_json-f8fd2d822e97d9c2.rmeta --extern wasm_bindgen=/Users/runner/work/vietflux-ime/vietflux-ime/core/target/debug/deps/libwasm_bindgen-e30e2ed6e8d03912.rmeta --extern wasm_bindgen_futures=/Users/runner/work/vietflux-ime/vietflux-ime/core/target/debug/deps/libwasm_bindgen_futures-c285ac996c73af5b.rmeta --extern wasm_bindgen_test_macro=/Users/runner/work/vietflux-ime/vietflux-ime/core/target/debug/deps/libwasm_bindgen_test_macro-c192dd71d0493d07.dylib --cap-lints allow`
🧪 Test (macos-latest)	Run tests	2025-12-21T13:03:48.1041670Z [1m[92m   Compiling[0m vietflux-core v0.1.0 (/Users/runner/work/vietflux-ime/vietflux-ime/core)
🧪 Test (macos-latest)	Run tests	2025-12-21T13:03:48.1045770Z [1m[92m     Running[0m `/Users/runner/.rustup/toolchains/stable-aarch64-apple-darwin/bin/rustc --crate-name vietflux_core --edition=2021 src/lib.rs --error-format=json --json=diagnostic-rendered-ansi,artifacts,future-incompat --crate-type cdylib --crate-type rlib --emit=dep-info,link -C embed-bitcode=no -C debuginfo=2 -C split-debuginfo=unpacked --check-cfg 'cfg(docsrs,test)' --check-cfg 'cfg(feature, values())' -C metadata=cfcbbd106a684376 --out-dir /Users/runner/work/vietflux-ime/vietflux-ime/core/target/debug/deps -L dependency=/Users/runner/work/vietflux-ime/vietflux-ime/core/target/debug/deps --extern js_sys=/Users/runner/work/vietflux-ime/vietflux-ime/core/target/debug/deps/libjs_sys-8c9e9abc6600d2da.rlib --extern serde=/Users/runner/work/vietflux-ime/vietflux-ime/core/target/debug/deps/libserde-39fdaf71234f7247.rlib --extern serde_json=/Users/runner/work/vietflux-ime/vietflux-ime/core/target/debug/deps/libserde_json-f8fd2d822e97d9c2.rlib --extern wasm_bindgen=/Users/runner/work/vietflux-ime/vietflux-ime/core/target/debug/deps/libwasm_bindgen-e30e2ed6e8d03912.rlib`
🧪 Test (macos-latest)	Run tests	2025-12-21T13:03:48.2293430Z [1m[33mwarning[0m[1m: field `transform_type` is never read[0m
🧪 Test (macos-latest)	Run tests	2025-12-21T13:03:48.2340310Z   [1m[94m--> [0msrc/engine.rs:91:5
🧪 Test (macos-latest)	Run tests	2025-12-21T13:03:48.2376030Z    [1m[94m|[0m
🧪 Test (macos-latest)	Run tests	2025-12-21T13:03:48.2494150Z [1m[94m87[0m [1m[94m|[0m struct LastTransform {
🧪 Test (macos-latest)	Run tests	2025-12-21T13:03:48.2608890Z    [1m[94m|[0m        [1m[94m-------------[0m [1m[94mfield in this struct[0m
🧪 Test (macos-latest)	Run tests	2025-12-21T13:03:48.2611120Z [1m[94m...[0m
🧪 Test (macos-latest)	Run tests	2025-12-21T13:03:48.2712000Z [1m[94m91[0m [1m[94m|[0m     transform_type: TransformType,
🧪 Test (macos-latest)	Run tests	2025-12-21T13:03:48.2766250Z    [1m[94m|[0m     [1m[33m^^^^^^^^^^^^^^[0m
🧪 Test (macos-latest)	Run tests	2025-12-21T13:03:48.2867200Z    [1m[94m|[0m
🧪 Test (macos-latest)	Run tests	2025-12-21T13:03:48.2968910Z    [1m[94m= [0m[1mnote[0m: `LastTransform` has derived impls for the traits `Clone` and `Debug`, but these are intentionally ignored during dead code analysis
🧪 Test (macos-latest)	Run tests	2025-12-21T13:03:48.3070440Z    [1m[94m= [0m[1mnote[0m: `#[warn(dead_code)]` (part of `#[warn(unused)]`) on by default
🧪 Test (macos-latest)	Run tests	2025-12-21T13:03:48.3171060Z 
🧪 Test (macos-latest)	Run tests	2025-12-21T13:03:48.6085770Z [1m[33mwarning[0m: `vietflux-core` (lib) generated 1 warning
🧪 Test (macos-latest)	Run tests	2025-12-21T13:03:48.6880920Z [1m[92m     Running[0m `/Users/runner/.rustup/toolchains/stable-aarch64-apple-darwin/bin/rustc --crate-name vietflux_core --edition=2021 src/lib.rs --error-format=json --json=diagnostic-rendered-ansi,artifacts,future-incompat --emit=dep-info,link -C embed-bitcode=no -C debuginfo=2 -C split-debuginfo=unpacked --test --check-cfg 'cfg(docsrs,test)' --check-cfg 'cfg(feature, values())' -C metadata=b1a3ba1f4b37dba6 -C extra-filename=-c4508fbeb380e62c --out-dir /Users/runner/work/vietflux-ime/vietflux-ime/core/target/debug/deps -L dependency=/Users/runner/work/vietflux-ime/vietflux-ime/core/target/debug/deps --extern js_sys=/Users/runner/work/vietflux-ime/vietflux-ime/core/target/debug/deps/libjs_sys-8c9e9abc6600d2da.rlib --extern serde=/Users/runner/work/vietflux-ime/vietflux-ime/core/target/debug/deps/libserde-39fdaf71234f7247.rlib --extern serde_json=/Users/runner/work/vietflux-ime/vietflux-ime/core/target/debug/deps/libserde_json-f8fd2d822e97d9c2.rlib --extern wasm_bindgen=/Users/runner/work/vietflux-ime/vietflux-ime/core/target/debug/deps/libwasm_bindgen-e30e2ed6e8d03912.rlib --extern wasm_bindgen_test=/Users/runner/work/vietflux-ime/vietflux-ime/core/target/debug/deps/libwasm_bindgen_test-0d72f1ba0e1f8053.rlib`
🧪 Test (macos-latest)	Run tests	2025-12-21T13:03:49.0762370Z [1m[33mwarning[0m: `vietflux-core` (lib test) generated 1 warning (1 duplicate)
🧪 Test (macos-latest)	Run tests	2025-12-21T13:03:49.0762990Z [1m[92m    Finished[0m `test` profile [unoptimized + debuginfo] target(s) in 11.77s
🧪 Test (macos-latest)	Run tests	2025-12-21T13:03:49.0870710Z [1m[92m     Running[0m `/Users/runner/work/vietflux-ime/vietflux-ime/core/target/debug/deps/vietflux_core-c4508fbeb380e62c`
🧪 Test (macos-latest)	Run tests	2025-12-21T13:03:49.0896030Z 
🧪 Test (macos-latest)	Run tests	2025-12-21T13:03:49.0897630Z running 36 tests
🧪 Test (macos-latest)	Run tests	2025-12-21T13:03:49.0905850Z test buffer::tests::test_buffer_transform ... ok
🧪 Test (macos-latest)	Run tests	2025-12-21T13:03:49.0906300Z test buffer::tests::test_buffer_basic ... ok
🧪 Test (macos-latest)	Run tests	2025-12-21T13:03:49.0906670Z test buffer::tests::test_find_vowels ... ok
🧪 Test (macos-latest)	Run tests	2025-12-21T13:03:49.0907090Z test chars::tests::test_with_modifier ... ok
🧪 Test (macos-latest)	Run tests	2025-12-21T13:03:49.0907470Z test chars::tests::test_is_vowel ... ok
🧪 Test (macos-latest)	Run tests	2025-12-21T13:03:49.0907790Z test engine::tests::test_double_mark_undo ... ok
🧪 Test (macos-latest)	Run tests	2025-12-21T13:03:49.0908200Z test engine::tests::test_shortcut_expansion ... ok
🧪 Test (macos-latest)	Run tests	2025-12-21T13:03:49.0908550Z test engine::tests::test_telex_basic ... ok
🧪 Test (macos-latest)	Run tests	2025-12-21T13:03:49.0909210Z test engine::tests::test_telex_circumflex ... ok
🧪 Test (macos-latest)	Run tests	2025-12-21T13:03:49.0909610Z test engine::tests::test_telex_tone ... ok
🧪 Test (macos-latest)	Run tests	2025-12-21T13:03:49.0909900Z test engine::tests::test_vni_basic ... ok
🧪 Test (macos-latest)	Run tests	2025-12-21T13:03:49.0910440Z test methods::telex::tests::test_telex_circumflex ... ok
🧪 Test (macos-latest)	Run tests	2025-12-21T13:03:49.0911050Z test methods::telex::tests::test_telex_horn_breve ... ok
🧪 Test (macos-latest)	Run tests	2025-12-21T13:03:49.0911440Z test methods::telex::tests::test_telex_stroke ... ok
🧪 Test (macos-latest)	Run tests	2025-12-21T13:03:49.0911870Z test methods::telex::tests::test_telex_tones ... ok
🧪 Test (macos-latest)	Run tests	2025-12-21T13:03:49.0912280Z test methods::vni::tests::test_vni_modifiers ... ok
🧪 Test (macos-latest)	Run tests	2025-12-21T13:03:49.0916830Z test methods::vni::tests::test_vni_stroke ... ok
🧪 Test (macos-latest)	Run tests	2025-12-21T13:03:49.0917320Z test methods::vni::tests::test_vni_tones ... ok
🧪 Test (macos-latest)	Run tests	2025-12-21T13:03:49.0922470Z test shortcuts::tests::test_no_match ... ok
🧪 Test (macos-latest)	Run tests	2025-12-21T13:03:49.0922960Z test shortcuts::tests::test_shortcut_match ... ok
🧪 Test (macos-latest)	Run tests	2025-12-21T13:03:49.0925850Z test transform::tests::test_apply_modifier ... ok
🧪 Test (macos-latest)	Run tests	2025-12-21T13:03:49.1091940Z test chars::tests::test_with_tone ... FAILED
🧪 Test (macos-latest)	Run tests	2025-12-21T13:03:49.1093140Z test transform::tests::test_remove_diacritics ... ok
🧪 Test (macos-latest)	Run tests	2025-12-21T13:03:49.1093860Z test transform::tests::test_should_undo ... ok
🧪 Test (macos-latest)	Run tests	2025-12-21T13:03:49.1094200Z test transform::tests::test_toggle_stroke ... ok
🧪 Test (macos-latest)	Run tests	2025-12-21T13:03:49.1097290Z test transform::tests::test_tone_position_single ... ok
🧪 Test (macos-latest)	Run tests	2025-12-21T13:03:49.1101620Z test transform::tests::test_tone_position_three ... ok
🧪 Test (macos-latest)	Run tests	2025-12-21T13:03:49.1101960Z test transform::tests::test_tone_position_two ... ok
🧪 Test (macos-latest)	Run tests	2025-12-21T13:03:49.1102630Z test transform::tests::test_uo_compound ... ok
🧪 Test (macos-latest)	Run tests	2025-12-21T13:03:49.1103340Z [1m[91merror[0m: test failed, to rerun pass `--lib`
🧪 Test (macos-latest)	Run tests	2025-12-21T13:03:49.1103670Z test shortcuts::tests::test_longest_match ... FAILED
🧪 Test (macos-latest)	Run tests	2025-12-21T13:03:49.1110120Z test validation::tests::test_invalid_syllables ... ok
🧪 Test (macos-latest)	Run tests	2025-12-21T13:03:49.1111320Z test validation::tests::test_spelling_rules ... ok
🧪 Test (macos-latest)	Run tests	2025-12-21T13:03:49.1111790Z test validation::tests::test_valid_syllables ... ok
🧪 Test (macos-latest)	Run tests	2025-12-21T13:03:49.1112230Z test transform::tests::test_apply_tone ... FAILED
🧪 Test (macos-latest)	Run tests	2025-12-21T13:03:49.1112640Z test validation::tests::test_word_boundary ... ok
🧪 Test (macos-latest)	Run tests	2025-12-21T13:03:49.1114810Z test validation::tests::test_foreign_word_detection ... FAILED
🧪 Test (macos-latest)	Run tests	2025-12-21T13:03:49.1115200Z 
🧪 Test (macos-latest)	Run tests	2025-12-21T13:03:49.1115360Z failures:
🧪 Test (macos-latest)	Run tests	2025-12-21T13:03:49.1115490Z 
🧪 Test (macos-latest)	Run tests	2025-12-21T13:03:49.1115640Z ---- chars::tests::test_with_tone stdout ----
🧪 Test (macos-latest)	Run tests	2025-12-21T13:03:49.1115850Z 
🧪 Test (macos-latest)	Run tests	2025-12-21T13:03:49.1116070Z thread 'chars::tests::test_with_tone' (8660) panicked at src/chars.rs:217:9:
🧪 Test (macos-latest)	Run tests	2025-12-21T13:03:49.1116460Z assertion `left == right` failed
🧪 Test (macos-latest)	Run tests	2025-12-21T13:03:49.1116840Z   left: Some('á')
🧪 Test (macos-latest)	Run tests	2025-12-21T13:03:49.1117940Z  right: Some('Á')
🧪 Test (macos-latest)	Run tests	2025-12-21T13:03:49.1118290Z stack backtrace:
🧪 Test (macos-latest)	Run tests	2025-12-21T13:03:49.1118670Z    0: __rustc::rust_begin_unwind
🧪 Test (macos-latest)	Run tests	2025-12-21T13:03:49.1119080Z              at /rustc/ded5c06cf21d2b93bffd5d884aa6e96934ee4234/library/std/src/panicking.rs:698:5
🧪 Test (macos-latest)	Run tests	2025-12-21T13:03:49.1119610Z    1: core::panicking::panic_fmt
🧪 Test (macos-latest)	Run tests	2025-12-21T13:03:49.1119990Z              at /rustc/ded5c06cf21d2b93bffd5d884aa6e96934ee4234/library/core/src/panicking.rs:80:14
🧪 Test (macos-latest)	Run tests	2025-12-21T13:03:49.1120400Z    2: core::panicking::assert_failed_inner
🧪 Test (macos-latest)	Run tests	2025-12-21T13:03:49.1121010Z    3: core::panicking::assert_failed
🧪 Test (macos-latest)	Run tests	2025-12-21T13:03:49.1121480Z              at /rustc/ded5c06cf21d2b93bffd5d884aa6e96934ee4234/library/core/src/panicking.rs:399:5
🧪 Test (macos-latest)	Run tests	2025-12-21T13:03:49.1121900Z    4: vietflux_core::chars::tests::test_with_tone
🧪 Test (macos-latest)	Run tests	2025-12-21T13:03:49.1122170Z              at ./src/chars.rs:217:9
🧪 Test (macos-latest)	Run tests	2025-12-21T13:03:49.1122460Z    5: vietflux_core::chars::tests::test_with_tone::{{closure}}
🧪 Test (macos-latest)	Run tests	2025-12-21T13:03:49.1122750Z              at ./src/chars.rs:214:24
🧪 Test (macos-latest)	Run tests	2025-12-21T13:03:49.1123040Z    6: core::ops::function::FnOnce::call_once
🧪 Test (macos-latest)	Run tests	2025-12-21T13:03:49.1123480Z              at /rustc/ded5c06cf21d2b93bffd5d884aa6e96934ee4234/library/core/src/ops/function.rs:250:5
🧪 Test (macos-latest)	Run tests	2025-12-21T13:03:49.1123880Z    7: core::ops::function::FnOnce::call_once
🧪 Test (macos-latest)	Run tests	2025-12-21T13:03:49.1125920Z              at /rustc/ded5c06cf21d2b93bffd5d884aa6e96934ee4234/library/core/src/ops/function.rs:250:5
🧪 Test (macos-latest)	Run tests	2025-12-21T13:03:49.1126810Z note: Some details are omitted, run with `RUST_BACKTRACE=full` for a verbose backtrace.
🧪 Test (macos-latest)	Run tests	2025-12-21T13:03:49.1127110Z 
🧪 Test (macos-latest)	Run tests	2025-12-21T13:03:49.1127270Z ---- shortcuts::tests::test_longest_match stdout ----
🧪 Test (macos-latest)	Run tests	2025-12-21T13:03:49.1127500Z 
🧪 Test (macos-latest)	Run tests	2025-12-21T13:03:49.1127790Z thread 'shortcuts::tests::test_longest_match' (8674) panicked at src/shortcuts.rs:161:9:
🧪 Test (macos-latest)	Run tests	2025-12-21T13:03:49.1128150Z assertion failed: result.is_some()
🧪 Test (macos-latest)	Run tests	2025-12-21T13:03:49.1128320Z stack backtrace:
🧪 Test (macos-latest)	Run tests	2025-12-21T13:03:49.1128460Z    0: __rustc::rust_begin_unwind
🧪 Test (macos-latest)	Run tests	2025-12-21T13:03:49.1128760Z              at /rustc/ded5c06cf21d2b93bffd5d884aa6e96934ee4234/library/std/src/panicking.rs:698:5
🧪 Test (macos-latest)	Run tests	2025-12-21T13:03:49.1129080Z    1: core::panicking::panic_fmt
🧪 Test (macos-latest)	Run tests	2025-12-21T13:03:49.1129380Z              at /rustc/ded5c06cf21d2b93bffd5d884aa6e96934ee4234/library/core/src/panicking.rs:80:14
🧪 Test (macos-latest)	Run tests	2025-12-21T13:03:49.1129720Z    2: core::panicking::panic
🧪 Test (macos-latest)	Run tests	2025-12-21T13:03:49.1130010Z              at /rustc/ded5c06cf21d2b93bffd5d884aa6e96934ee4234/library/core/src/panicking.rs:150:5
🧪 Test (macos-latest)	Run tests	2025-12-21T13:03:49.1130360Z    3: vietflux_core::shortcuts::tests::test_longest_match
🧪 Test (macos-latest)	Run tests	2025-12-21T13:03:49.1130570Z              at ./src/shortcuts.rs:161:9
🧪 Test (macos-latest)	Run tests	2025-12-21T13:03:49.1130900Z    4: vietflux_core::shortcuts::tests::test_longest_match::{{closure}}
🧪 Test (macos-latest)	Run tests	2025-12-21T13:03:49.1131320Z              at ./src/shortcuts.rs:153:28
🧪 Test (macos-latest)	Run tests	2025-12-21T13:03:49.1131510Z    5: core::ops::function::FnOnce::call_once
🧪 Test (macos-latest)	Run tests	2025-12-21T13:03:49.1131890Z              at /rustc/ded5c06cf21d2b93bffd5d884aa6e96934ee4234/library/core/src/ops/function.rs:250:5
🧪 Test (macos-latest)	Run tests	2025-12-21T13:03:49.1132290Z    6: core::ops::function::FnOnce::call_once
🧪 Test (macos-latest)	Run tests	2025-12-21T13:03:49.1132740Z              at /rustc/ded5c06cf21d2b93bffd5d884aa6e96934ee4234/library/core/src/ops/function.rs:250:5
🧪 Test (macos-latest)	Run tests	2025-12-21T13:03:49.1133160Z note: Some details are omitted, run with `RUST_BACKTRACE=full` for a verbose backtrace.
🧪 Test (macos-latest)	Run tests	2025-12-21T13:03:49.1133400Z 
🧪 Test (macos-latest)	Run tests	2025-12-21T13:03:49.1133490Z ---- transform::tests::test_apply_tone stdout ----
🧪 Test (macos-latest)	Run tests	2025-12-21T13:03:49.1133650Z 
🧪 Test (macos-latest)	Run tests	2025-12-21T13:03:49.1133820Z thread 'transform::tests::test_apply_tone' (8678) panicked at src/transform.rs:385:9:
🧪 Test (macos-latest)	Run tests	2025-12-21T13:03:49.1134110Z assertion `left == right` failed
🧪 Test (macos-latest)	Run tests	2025-12-21T13:03:49.1134320Z   left: Some('ã')
🧪 Test (macos-latest)	Run tests	2025-12-21T13:03:49.1134470Z  right: Some('Ã')
🧪 Test (macos-latest)	Run tests	2025-12-21T13:03:49.1134600Z stack backtrace:
🧪 Test (macos-latest)	Run tests	2025-12-21T13:03:49.1134790Z    0: __rustc::rust_begin_unwind
🧪 Test (macos-latest)	Run tests	2025-12-21T13:03:49.1135100Z              at /rustc/ded5c06cf21d2b93bffd5d884aa6e96934ee4234/library/std/src/panicking.rs:698:5
🧪 Test (macos-latest)	Run tests	2025-12-21T13:03:49.1135400Z    1: core::panicking::panic_fmt
🧪 Test (macos-latest)	Run tests	2025-12-21T13:03:49.1135750Z              at /rustc/ded5c06cf21d2b93bffd5d884aa6e96934ee4234/library/core/src/panicking.rs:80:14
🧪 Test (macos-latest)	Run tests	2025-12-21T13:03:49.1136080Z    2: core::panicking::assert_failed_inner
🧪 Test (macos-latest)	Run tests	2025-12-21T13:03:49.1136270Z    3: core::panicking::assert_failed
🧪 Test (macos-latest)	Run tests	2025-12-21T13:03:49.1136580Z              at /rustc/ded5c06cf21d2b93bffd5d884aa6e96934ee4234/library/core/src/panicking.rs:399:5
🧪 Test (macos-latest)	Run tests	2025-12-21T13:03:49.1136990Z    4: vietflux_core::transform::tests::test_apply_tone
🧪 Test (macos-latest)	Run tests	2025-12-21T13:03:49.1137210Z              at ./src/transform.rs:385:9
🧪 Test (macos-latest)	Run tests	2025-12-21T13:03:49.1137450Z    5: vietflux_core::transform::tests::test_apply_tone::{{closure}}
🧪 Test (macos-latest)	Run tests	2025-12-21T13:03:49.1137690Z              at ./src/transform.rs:382:25
🧪 Test (macos-latest)	Run tests	2025-12-21T13:03:49.1137890Z    6: core::ops::function::FnOnce::call_once
🧪 Test (macos-latest)	Run tests	2025-12-21T13:03:49.1138220Z              at /rustc/ded5c06cf21d2b93bffd5d884aa6e96934ee4234/library/core/src/ops/function.rs:250:5
🧪 Test (macos-latest)	Run tests	2025-12-21T13:03:49.1138600Z    7: core::ops::function::FnOnce::call_once
🧪 Test (macos-latest)	Run tests	2025-12-21T13:03:49.1138920Z              at /rustc/ded5c06cf21d2b93bffd5d884aa6e96934ee4234/library/core/src/ops/function.rs:250:5
🧪 Test (macos-latest)	Run tests	2025-12-21T13:03:49.1139340Z note: Some details are omitted, run with `RUST_BACKTRACE=full` for a verbose backtrace.
🧪 Test (macos-latest)	Run tests	2025-12-21T13:03:49.1139620Z 
🧪 Test (macos-latest)	Run tests	2025-12-21T13:03:49.1139750Z ---- validation::tests::test_foreign_word_detection stdout ----
🧪 Test (macos-latest)	Run tests	2025-12-21T13:03:49.1140110Z 
🧪 Test (macos-latest)	Run tests	2025-12-21T13:03:49.1140350Z thread 'validation::tests::test_foreign_word_detection' (8690) panicked at src/validation.rs:432:9:
🧪 Test (macos-latest)	Run tests	2025-12-21T13:03:49.1140740Z assertion failed: is_foreign_word_pattern("spectrum", None)
🧪 Test (macos-latest)	Run tests	2025-12-21T13:03:49.1140970Z stack backtrace:
🧪 Test (macos-latest)	Run tests	2025-12-21T13:03:49.1141150Z    0: __rustc::rust_begin_unwind
🧪 Test (macos-latest)	Run tests	2025-12-21T13:03:49.1141460Z              at /rustc/ded5c06cf21d2b93bffd5d884aa6e96934ee4234/library/std/src/panicking.rs:698:5
🧪 Test (macos-latest)	Run tests	2025-12-21T13:03:49.1141760Z    1: core::panicking::panic_fmt
🧪 Test (macos-latest)	Run tests	2025-12-21T13:03:49.1142060Z              at /rustc/ded5c06cf21d2b93bffd5d884aa6e96934ee4234/library/core/src/panicking.rs:80:14
🧪 Test (macos-latest)	Run tests	2025-12-21T13:03:49.1142370Z    2: core::panicking::panic
🧪 Test (macos-latest)	Run tests	2025-12-21T13:03:49.1142660Z              at /rustc/ded5c06cf21d2b93bffd5d884aa6e96934ee4234/library/core/src/panicking.rs:150:5
🧪 Test (macos-latest)	Run tests	2025-12-21T13:03:49.1143030Z    3: vietflux_core::validation::tests::test_foreign_word_detection
🧪 Test (macos-latest)	Run tests	2025-12-21T13:03:49.1143270Z              at ./src/validation.rs:432:9
🧪 Test (macos-latest)	Run tests	2025-12-21T13:03:49.1143550Z    4: vietflux_core::validation::tests::test_foreign_word_detection::{{closure}}
🧪 Test (macos-latest)	Run tests	2025-12-21T13:03:49.1143820Z              at ./src/validation.rs:429:37
🧪 Test (macos-latest)	Run tests	2025-12-21T13:03:49.1144070Z    5: core::ops::function::FnOnce::call_once
🧪 Test (macos-latest)	Run tests	2025-12-21T13:03:49.1144400Z              at /rustc/ded5c06cf21d2b93bffd5d884aa6e96934ee4234/library/core/src/ops/function.rs:250:5
🧪 Test (macos-latest)	Run tests	2025-12-21T13:03:49.1144830Z    6: core::ops::function::FnOnce::call_once
🧪 Test (macos-latest)	Run tests	2025-12-21T13:03:49.1145160Z              at /rustc/ded5c06cf21d2b93bffd5d884aa6e96934ee4234/library/core/src/ops/function.rs:250:5
🧪 Test (macos-latest)	Run tests	2025-12-21T13:03:49.1145620Z note: Some details are omitted, run with `RUST_BACKTRACE=full` for a verbose backtrace.
🧪 Test (macos-latest)	Run tests	2025-12-21T13:03:49.1145860Z 
🧪 Test (macos-latest)	Run tests	2025-12-21T13:03:49.1145860Z 
🧪 Test (macos-latest)	Run tests	2025-12-21T13:03:49.1145910Z failures:
🧪 Test (macos-latest)	Run tests	2025-12-21T13:03:49.1146030Z     chars::tests::test_with_tone
🧪 Test (macos-latest)	Run tests	2025-12-21T13:03:49.1146210Z     shortcuts::tests::test_longest_match
🧪 Test (macos-latest)	Run tests	2025-12-21T13:03:49.1146400Z     transform::tests::test_apply_tone
🧪 Test (macos-latest)	Run tests	2025-12-21T13:03:49.1146610Z     validation::tests::test_foreign_word_detection
🧪 Test (macos-latest)	Run tests	2025-12-21T13:03:49.1146820Z 
🧪 Test (macos-latest)	Run tests	2025-12-21T13:03:49.1147010Z test result: FAILED. 32 passed; 4 failed; 0 ignored; 0 measured; 0 filtered out; finished in 0.02s
🧪 Test (macos-latest)	Run tests	2025-12-21T13:03:49.1147260Z 
🧪 Test (macos-latest)	Run tests	2025-12-21T13:03:49.1155570Z ##[error]Process completed with exit code 101.
🔍 Lint	Check formatting	﻿2025-12-21T13:03:35.8368049Z ##[group]Run cargo fmt --check
🔍 Lint	Check formatting	2025-12-21T13:03:35.8368350Z [36;1mcargo fmt --check[0m
🔍 Lint	Check formatting	2025-12-21T13:03:35.8404627Z shell: /usr/bin/bash -e {0}
🔍 Lint	Check formatting	2025-12-21T13:03:35.8404872Z env:
🔍 Lint	Check formatting	2025-12-21T13:03:35.8405040Z   CARGO_TERM_COLOR: always
🔍 Lint	Check formatting	2025-12-21T13:03:35.8405252Z   RUST_BACKTRACE: 1
🔍 Lint	Check formatting	2025-12-21T13:03:35.8405441Z   CARGO_HOME: /home/runner/.cargo
🔍 Lint	Check formatting	2025-12-21T13:03:35.8405684Z   CARGO_INCREMENTAL: 0
🔍 Lint	Check formatting	2025-12-21T13:03:35.8405881Z   CACHE_ON_FAILURE: false
🔍 Lint	Check formatting	2025-12-21T13:03:35.8406071Z ##[endgroup]
🔍 Lint	Check formatting	2025-12-21T13:03:36.2231676Z Diff in /home/runner/work/vietflux-ime/vietflux-ime/core/src/buffer.rs:25:
🔍 Lint	Check formatting	2025-12-21T13:03:36.2232752Z              transformed: ch != raw,
🔍 Lint	Check formatting	2025-12-21T13:03:36.2233281Z          }
🔍 Lint	Check formatting	2025-12-21T13:03:36.2233625Z      }
🔍 Lint	Check formatting	2025-12-21T13:03:36.2233967Z -    
🔍 Lint	Check formatting	2025-12-21T13:03:36.2234299Z +
🔍 Lint	Check formatting	2025-12-21T13:03:36.2234677Z      pub fn simple(ch: char) -> Self {
🔍 Lint	Check formatting	2025-12-21T13:03:36.2239952Z          Self::new(ch, ch)
🔍 Lint	Check formatting	2025-12-21T13:03:36.2240424Z      }
🔍 Lint	Check formatting	2025-12-21T13:03:36.2241269Z Diff in /home/runner/work/vietflux-ime/vietflux-ime/core/src/buffer.rs:48:
🔍 Lint	Check formatting	2025-12-21T13:03:36.2242142Z              cursor: 0,
🔍 Lint	Check formatting	2025-12-21T13:03:36.2242556Z          }
🔍 Lint	Check formatting	2025-12-21T13:03:36.2242896Z      }
🔍 Lint	Check formatting	2025-12-21T13:03:36.2243230Z -    
🔍 Lint	Check formatting	2025-12-21T13:03:36.2243566Z +
🔍 Lint	Check formatting	2025-12-21T13:03:36.2243926Z      /// Push a character to buffer
🔍 Lint	Check formatting	2025-12-21T13:03:36.2244509Z      pub fn push(&mut self, ch: char, raw: char) {
🔍 Lint	Check formatting	2025-12-21T13:03:36.2245474Z          if self.chars.len() < MAX_BUFFER_SIZE {
🔍 Lint	Check formatting	2025-12-21T13:03:36.2246285Z Diff in /home/runner/work/vietflux-ime/vietflux-ime/core/src/buffer.rs:56:
🔍 Lint	Check formatting	2025-12-21T13:03:36.2246919Z              self.cursor = self.chars.len();
🔍 Lint	Check formatting	2025-12-21T13:03:36.2247294Z          }
🔍 Lint	Check formatting	2025-12-21T13:03:36.2247525Z      }
🔍 Lint	Check formatting	2025-12-21T13:03:36.2247760Z -    
🔍 Lint	Check formatting	2025-12-21T13:03:36.2247985Z +
🔍 Lint	Check formatting	2025-12-21T13:03:36.2248289Z      /// Push a simple character (raw == transformed)
🔍 Lint	Check formatting	2025-12-21T13:03:36.2248751Z      pub fn push_simple(&mut self, ch: char) {
🔍 Lint	Check formatting	2025-12-21T13:03:36.2249148Z          self.push(ch, ch);
🔍 Lint	Check formatting	2025-12-21T13:03:36.2249668Z Diff in /home/runner/work/vietflux-ime/vietflux-ime/core/src/buffer.rs:63:
🔍 Lint	Check formatting	2025-12-21T13:03:36.2250206Z      }
🔍 Lint	Check formatting	2025-12-21T13:03:36.2250441Z -    
🔍 Lint	Check formatting	2025-12-21T13:03:36.2250841Z +
🔍 Lint	Check formatting	2025-12-21T13:03:36.2251098Z      /// Pop the last character
🔍 Lint	Check formatting	2025-12-21T13:03:36.2251507Z      pub fn pop(&mut self) -> Option<BufferChar> {
🔍 Lint	Check formatting	2025-12-21T13:03:36.2252029Z          let result = self.chars.pop();
🔍 Lint	Check formatting	2025-12-21T13:03:36.2252650Z Diff in /home/runner/work/vietflux-ime/vietflux-ime/core/src/buffer.rs:68:
🔍 Lint	Check formatting	2025-12-21T13:03:36.2253293Z          self.cursor = self.chars.len();
🔍 Lint	Check formatting	2025-12-21T13:03:36.2253700Z          result
🔍 Lint	Check formatting	2025-12-21T13:03:36.2253976Z      }
🔍 Lint	Check formatting	2025-12-21T13:03:36.2254236Z -    
🔍 Lint	Check formatting	2025-12-21T13:03:36.2254485Z +
🔍 Lint	Check formatting	2025-12-21T13:03:36.2254754Z      /// Clear the buffer
🔍 Lint	Check formatting	2025-12-21T13:03:36.2255105Z      pub fn clear(&mut self) {
🔍 Lint	Check formatting	2025-12-21T13:03:36.2255485Z          self.chars.clear();
🔍 Lint	Check formatting	2025-12-21T13:03:36.2256054Z Diff in /home/runner/work/vietflux-ime/vietflux-ime/core/src/buffer.rs:75:
🔍 Lint	Check formatting	2025-12-21T13:03:36.2256671Z          self.cursor = 0;
🔍 Lint	Check formatting	2025-12-21T13:03:36.2257000Z      }
🔍 Lint	Check formatting	2025-12-21T13:03:36.2257256Z -    
🔍 Lint	Check formatting	2025-12-21T13:03:36.2257507Z +
🔍 Lint	Check formatting	2025-12-21T13:03:36.2257780Z      /// Get buffer length
🔍 Lint	Check formatting	2025-12-21T13:03:36.2258143Z      pub fn len(&self) -> usize {
🔍 Lint	Check formatting	2025-12-21T13:03:36.2258526Z          self.chars.len()
🔍 Lint	Check formatting	2025-12-21T13:03:36.2259072Z Diff in /home/runner/work/vietflux-ime/vietflux-ime/core/src/buffer.rs:81:
🔍 Lint	Check formatting	2025-12-21T13:03:36.2259666Z      }
🔍 Lint	Check formatting	2025-12-21T13:03:36.2259922Z -    
🔍 Lint	Check formatting	2025-12-21T13:03:36.2260170Z +
🔍 Lint	Check formatting	2025-12-21T13:03:36.2260446Z      /// Check if buffer is empty
🔍 Lint	Check formatting	2025-12-21T13:03:36.2261006Z      pub fn is_empty(&self) -> bool {
🔍 Lint	Check formatting	2025-12-21T13:03:36.2261399Z          self.chars.is_empty()
🔍 Lint	Check formatting	2025-12-21T13:03:36.2261910Z Diff in /home/runner/work/vietflux-ime/vietflux-ime/core/src/buffer.rs:86:
🔍 Lint	Check formatting	2025-12-21T13:03:36.2262436Z      }
🔍 Lint	Check formatting	2025-12-21T13:03:36.2262665Z -    
🔍 Lint	Check formatting	2025-12-21T13:03:36.2262884Z +
🔍 Lint	Check formatting	2025-12-21T13:03:36.2263130Z      /// Get character at index
🔍 Lint	Check formatting	2025-12-21T13:03:36.2263544Z      pub fn get(&self, index: usize) -> Option<&BufferChar> {
🔍 Lint	Check formatting	2025-12-21T13:03:36.2264295Z          self.chars.get(index)
🔍 Lint	Check formatting	2025-12-21T13:03:36.2264855Z Diff in /home/runner/work/vietflux-ime/vietflux-ime/core/src/buffer.rs:91:
🔍 Lint	Check formatting	2025-12-21T13:03:36.2265389Z      }
🔍 Lint	Check formatting	2025-12-21T13:03:36.2265609Z -    
🔍 Lint	Check formatting	2025-12-21T13:03:36.2265852Z +
🔍 Lint	Check formatting	2025-12-21T13:03:36.2266120Z      /// Get mutable character at index
🔍 Lint	Check formatting	2025-12-21T13:03:36.2266664Z      pub fn get_mut(&mut self, index: usize) -> Option<&mut BufferChar> {
🔍 Lint	Check formatting	2025-12-21T13:03:36.2267171Z          self.chars.get_mut(index)
🔍 Lint	Check formatting	2025-12-21T13:03:36.2267697Z Diff in /home/runner/work/vietflux-ime/vietflux-ime/core/src/buffer.rs:96:
🔍 Lint	Check formatting	2025-12-21T13:03:36.2268235Z      }
🔍 Lint	Check formatting	2025-12-21T13:03:36.2268483Z -    
🔍 Lint	Check formatting	2025-12-21T13:03:36.2268745Z +
🔍 Lint	Check formatting	2025-12-21T13:03:36.2269015Z      /// Get last character
🔍 Lint	Check formatting	2025-12-21T13:03:36.2269432Z      pub fn last(&self) -> Option<&BufferChar> {
🔍 Lint	Check formatting	2025-12-21T13:03:36.2269905Z          self.chars.last()
🔍 Lint	Check formatting	2025-12-21T13:03:36.2270484Z Diff in /home/runner/work/vietflux-ime/vietflux-ime/core/src/buffer.rs:101:
🔍 Lint	Check formatting	2025-12-21T13:03:36.2271281Z      }
🔍 Lint	Check formatting	2025-12-21T13:03:36.2271553Z -    
🔍 Lint	Check formatting	2025-12-21T13:03:36.2271823Z +
🔍 Lint	Check formatting	2025-12-21T13:03:36.2272093Z      /// Get last mutable character
🔍 Lint	Check formatting	2025-12-21T13:03:36.2272581Z      pub fn last_mut(&mut self) -> Option<&mut BufferChar> {
🔍 Lint	Check formatting	2025-12-21T13:03:36.2273092Z          self.chars.last_mut()
🔍 Lint	Check formatting	2025-12-21T13:03:36.2273747Z Diff in /home/runner/work/vietflux-ime/vietflux-ime/core/src/buffer.rs:106:
🔍 Lint	Check formatting	2025-12-21T13:03:36.2274100Z      }
🔍 Lint	Check formatting	2025-12-21T13:03:36.2274252Z -    
🔍 Lint	Check formatting	2025-12-21T13:03:36.2274396Z +
🔍 Lint	Check formatting	2025-12-21T13:03:36.2274565Z      /// Replace character at index
🔍 Lint	Check formatting	2025-12-21T13:03:36.2274857Z      pub fn replace(&mut self, index: usize, ch: char) -> bool {
🔍 Lint	Check formatting	2025-12-21T13:03:36.2275185Z          if let Some(bc) = self.chars.get_mut(index) {
🔍 Lint	Check formatting	2025-12-21T13:03:36.2275556Z Diff in /home/runner/work/vietflux-ime/vietflux-ime/core/src/buffer.rs:115:
🔍 Lint	Check formatting	2025-12-21T13:03:36.2275884Z              false
🔍 Lint	Check formatting	2025-12-21T13:03:36.2276054Z          }
🔍 Lint	Check formatting	2025-12-21T13:03:36.2276198Z      }
🔍 Lint	Check formatting	2025-12-21T13:03:36.2276349Z -    
🔍 Lint	Check formatting	2025-12-21T13:03:36.2276487Z +
🔍 Lint	Check formatting	2025-12-21T13:03:36.2276641Z      /// Get the transformed text
🔍 Lint	Check formatting	2025-12-21T13:03:36.2277007Z      pub fn get_text(&self) -> String {
🔍 Lint	Check formatting	2025-12-21T13:03:36.2277491Z          self.chars.iter().map(|bc| bc.ch).collect()
🔍 Lint	Check formatting	2025-12-21T13:03:36.2278157Z Diff in /home/runner/work/vietflux-ime/vietflux-ime/core/src/buffer.rs:122:
🔍 Lint	Check formatting	2025-12-21T13:03:36.2278797Z      }
🔍 Lint	Check formatting	2025-12-21T13:03:36.2279053Z -    
🔍 Lint	Check formatting	2025-12-21T13:03:36.2279304Z +
🔍 Lint	Check formatting	2025-12-21T13:03:36.2279574Z      /// Get the raw input
🔍 Lint	Check formatting	2025-12-21T13:03:36.2279952Z      pub fn get_raw(&self) -> String {
🔍 Lint	Check formatting	2025-12-21T13:03:36.2280435Z          self.chars.iter().map(|bc| bc.raw).collect()
🔍 Lint	Check formatting	2025-12-21T13:03:36.2281318Z Diff in /home/runner/work/vietflux-ime/vietflux-ime/core/src/buffer.rs:127:
🔍 Lint	Check formatting	2025-12-21T13:03:36.2281950Z      }
🔍 Lint	Check formatting	2025-12-21T13:03:36.2282205Z -    
🔍 Lint	Check formatting	2025-12-21T13:03:36.2282469Z +
🔍 Lint	Check formatting	2025-12-21T13:03:36.2282750Z      /// Find last vowel index in buffer
🔍 Lint	Check formatting	2025-12-21T13:03:36.2283239Z      pub fn find_last_vowel(&self) -> Option<usize> {
🔍 Lint	Check formatting	2025-12-21T13:03:36.2283727Z          for i in (0..self.chars.len()).rev() {
🔍 Lint	Check formatting	2025-12-21T13:03:36.2284337Z Diff in /home/runner/work/vietflux-ime/vietflux-ime/core/src/buffer.rs:135:
🔍 Lint	Check formatting	2025-12-21T13:03:36.2284920Z          }
🔍 Lint	Check formatting	2025-12-21T13:03:36.2285172Z          None
🔍 Lint	Check formatting	2025-12-21T13:03:36.2285434Z      }
🔍 Lint	Check formatting	2025-12-21T13:03:36.2285675Z -    
🔍 Lint	Check formatting	2025-12-21T13:03:36.2285925Z +
🔍 Lint	Check formatting	2025-12-21T13:03:36.2286191Z      /// Find all vowel indices
🔍 Lint	Check formatting	2025-12-21T13:03:36.2286610Z      pub fn find_vowels(&self) -> Vec<usize> {
🔍 Lint	Check formatting	2025-12-21T13:03:36.2287034Z          self.chars
🔍 Lint	Check formatting	2025-12-21T13:03:36.2287553Z Diff in /home/runner/work/vietflux-ime/vietflux-ime/core/src/buffer.rs:145:
🔍 Lint	Check formatting	2025-12-21T13:03:36.2288163Z              .map(|(i, _)| i)
🔍 Lint	Check formatting	2025-12-21T13:03:36.2288501Z              .collect()
🔍 Lint	Check formatting	2025-12-21T13:03:36.2288800Z      }
🔍 Lint	Check formatting	2025-12-21T13:03:36.2289074Z -    
🔍 Lint	Check formatting	2025-12-21T13:03:36.2289381Z +
🔍 Lint	Check formatting	2025-12-21T13:03:36.2289666Z      /// Get characters as slice
🔍 Lint	Check formatting	2025-12-21T13:03:36.2290105Z      pub fn as_slice(&self) -> &[BufferChar] {
🔍 Lint	Check formatting	2025-12-21T13:03:36.2291007Z          &self.chars
🔍 Lint	Check formatting	2025-12-21T13:03:36.2291546Z Diff in /home/runner/work/vietflux-ime/vietflux-ime/core/src/buffer.rs:152:
🔍 Lint	Check formatting	2025-12-21T13:03:36.2292162Z      }
🔍 Lint	Check formatting	2025-12-21T13:03:36.2292419Z -    
🔍 Lint	Check formatting	2025-12-21T13:03:36.2292685Z +
🔍 Lint	Check formatting	2025-12-21T13:03:36.2292972Z      /// Iterator over characters
🔍 Lint	Check formatting	2025-12-21T13:03:36.2293488Z      pub fn iter(&self) -> impl Iterator<Item = &BufferChar> {
🔍 Lint	Check formatting	2025-12-21T13:03:36.2294018Z          self.chars.iter()
🔍 Lint	Check formatting	2025-12-21T13:03:36.2294594Z Diff in /home/runner/work/vietflux-ime/vietflux-ime/core/src/buffer.rs:174:
🔍 Lint	Check formatting	2025-12-21T13:03:36.2295239Z          buf.push_simple('i');
🔍 Lint	Check formatting	2025-12-21T13:03:36.2295620Z          buf.push_simple('e');
🔍 Lint	Check formatting	2025-12-21T13:03:36.2296040Z          buf.push_simple('t');
🔍 Lint	Check formatting	2025-12-21T13:03:36.2296391Z -        
🔍 Lint	Check formatting	2025-12-21T13:03:36.2296660Z +
🔍 Lint	Check formatting	2025-12-21T13:03:36.2296935Z          assert_eq!(buf.len(), 4);
🔍 Lint	Check formatting	2025-12-21T13:03:36.2297325Z          assert_eq!(buf.get_text(), "viet");
🔍 Lint	Check formatting	2025-12-21T13:03:36.2297729Z      }
🔍 Lint	Check formatting	2025-12-21T13:03:36.2298216Z Diff in /home/runner/work/vietflux-ime/vietflux-ime/core/src/buffer.rs:186:
🔍 Lint	Check formatting	2025-12-21T13:03:36.2298869Z          buf.push_simple('i');
🔍 Lint	Check formatting	2025-12-21T13:03:36.2299475Z          buf.push('ệ', 'e');
🔍 Lint	Check formatting	2025-12-21T13:03:36.2299844Z          buf.push_simple('t');
🔍 Lint	Check formatting	2025-12-21T13:03:36.2300194Z -        
🔍 Lint	Check formatting	2025-12-21T13:03:36.2300464Z +
🔍 Lint	Check formatting	2025-12-21T13:03:36.2301440Z          assert_eq!(buf.get_text(), "việt");
🔍 Lint	Check formatting	2025-12-21T13:03:36.2301914Z          assert_eq!(buf.get_raw(), "viet");
🔍 Lint	Check formatting	2025-12-21T13:03:36.2302315Z      }
🔍 Lint	Check formatting	2025-12-21T13:03:36.2302768Z Diff in /home/runner/work/vietflux-ime/vietflux-ime/core/src/buffer.rs:198:
🔍 Lint	Check formatting	2025-12-21T13:03:36.2303529Z          buf.push_simple('i');
🔍 Lint	Check formatting	2025-12-21T13:03:36.2303934Z          buf.push_simple('e');
🔍 Lint	Check formatting	2025-12-21T13:03:36.2304313Z          buf.push_simple('t');
🔍 Lint	Check formatting	2025-12-21T13:03:36.2304670Z -        
🔍 Lint	Check formatting	2025-12-21T13:03:36.2304923Z +
🔍 Lint	Check formatting	2025-12-21T13:03:36.2305208Z          let vowels = buf.find_vowels();
🔍 Lint	Check formatting	2025-12-21T13:03:36.2305644Z          assert_eq!(vowels, vec![1, 2]); // 'i' and 'e'
🔍 Lint	Check formatting	2025-12-21T13:03:36.2306077Z      }
🔍 Lint	Check formatting	2025-12-21T13:03:36.2306566Z Diff in /home/runner/work/vietflux-ime/vietflux-ime/core/src/chars.rs:17:
🔍 Lint	Check formatting	2025-12-21T13:03:36.2307257Z  /// Tone marks (dấu)
🔍 Lint	Check formatting	2025-12-21T13:03:36.2307636Z  #[derive(Debug, Clone, Copy, PartialEq, Eq, Hash)]
🔍 Lint	Check formatting	2025-12-21T13:03:36.2308088Z  pub enum ToneMark {
🔍 Lint	Check formatting	2025-12-21T13:03:36.2308516Z -    None,   // không dấu
🔍 Lint	Check formatting	2025-12-21T13:03:36.2308977Z -    Acute,  // sắc (á)
🔍 Lint	Check formatting	2025-12-21T13:03:36.2309403Z -    Grave,  // huyền (à)
🔍 Lint	Check formatting	2025-12-21T13:03:36.2309823Z -    Hook,   // hỏi (ả)
🔍 Lint	Check formatting	2025-12-21T13:03:36.2310198Z -    Tilde,  // ngã (ã)
🔍 Lint	Check formatting	2025-12-21T13:03:36.2310757Z -    Dot,    // nặng (ạ)
🔍 Lint	Check formatting	2025-12-21T13:03:36.2311138Z +    None,  // không dấu
🔍 Lint	Check formatting	2025-12-21T13:03:36.2311512Z +    Acute, // sắc (á)
🔍 Lint	Check formatting	2025-12-21T13:03:36.2311878Z +    Grave, // huyền (à)
🔍 Lint	Check formatting	2025-12-21T13:03:36.2312283Z +    Hook,  // hỏi (ả)
🔍 Lint	Check formatting	2025-12-21T13:03:36.2312660Z +    Tilde, // ngã (ã)
🔍 Lint	Check formatting	2025-12-21T13:03:36.2313018Z +    Dot,   // nặng (ạ)
🔍 Lint	Check formatting	2025-12-21T13:03:36.2313332Z  }
🔍 Lint	Check formatting	2025-12-21T13:03:36.2313582Z  
🔍 Lint	Check formatting	2025-12-21T13:03:36.2313976Z  /// Vowel modifiers (mũ/móc)
🔍 Lint	Check formatting	2025-12-21T13:03:36.2314510Z Diff in /home/runner/work/vietflux-ime/vietflux-ime/core/src/chars.rs:37:
🔍 Lint	Check formatting	2025-12-21T13:03:36.2315171Z  /// Complete Vietnamese character with all components
🔍 Lint	Check formatting	2025-12-21T13:03:36.2315720Z  #[derive(Debug, Clone, Copy, PartialEq, Eq)]
🔍 Lint	Check formatting	2025-12-21T13:03:36.2316186Z  pub struct VietChar {
🔍 Lint	Check formatting	2025-12-21T13:03:36.2316596Z -    pub base: char,      // Base vowel (a, e, i, o, u, y)
🔍 Lint	Check formatting	2025-12-21T13:03:36.2317142Z +    pub base: char, // Base vowel (a, e, i, o, u, y)
🔍 Lint	Check formatting	2025-12-21T13:03:36.2317620Z      pub modifier: VowelMod,
🔍 Lint	Check formatting	2025-12-21T13:03:36.2317978Z      pub tone: ToneMark,
🔍 Lint	Check formatting	2025-12-21T13:03:36.2318279Z  }
🔍 Lint	Check formatting	2025-12-21T13:03:36.2318704Z Diff in /home/runner/work/vietflux-ime/vietflux-ime/core/src/chars.rs:45:
🔍 Lint	Check formatting	2025-12-21T13:03:36.2319383Z  /// Mapping from base vowel + modifier + tone to final character
🔍 Lint	Check formatting	2025-12-21T13:03:36.2320245Z  pub static CHAR_MAP: LazyLock<HashMap<(char, VowelMod, ToneMark), char>> = LazyLock::new(|| {
🔍 Lint	Check formatting	2025-12-21T13:03:36.2321452Z      let mut map = HashMap::new();
🔍 Lint	Check formatting	2025-12-21T13:03:36.2321844Z -    
🔍 Lint	Check formatting	2025-12-21T13:03:36.2322098Z +
🔍 Lint	Check formatting	2025-12-21T13:03:36.2322332Z      // A variants
🔍 Lint	Check formatting	2025-12-21T13:03:36.2322739Z      map.insert(('a', VowelMod::None, ToneMark::None), 'a');
🔍 Lint	Check formatting	2025-12-21T13:03:36.2323494Z      map.insert(('a', VowelMod::None, ToneMark::Acute), 'á');
🔍 Lint	Check formatting	2025-12-21T13:03:36.2324230Z Diff in /home/runner/work/vietflux-ime/vietflux-ime/core/src/chars.rs:53:
🔍 Lint	Check formatting	2025-12-21T13:03:36.2325079Z      map.insert(('a', VowelMod::None, ToneMark::Hook), 'ả');
🔍 Lint	Check formatting	2025-12-21T13:03:36.2325789Z      map.insert(('a', VowelMod::None, ToneMark::Tilde), 'ã');
🔍 Lint	Check formatting	2025-12-21T13:03:36.2326500Z      map.insert(('a', VowelMod::None, ToneMark::Dot), 'ạ');
🔍 Lint	Check formatting	2025-12-21T13:03:36.2326983Z -    
🔍 Lint	Check formatting	2025-12-21T13:03:36.2327241Z +
🔍 Lint	Check formatting	2025-12-21T13:03:36.2327765Z      map.insert(('a', VowelMod::Circumflex, ToneMark::None), 'â');
🔍 Lint	Check formatting	2025-12-21T13:03:36.2328547Z      map.insert(('a', VowelMod::Circumflex, ToneMark::Acute), 'ấ');
🔍 Lint	Check formatting	2025-12-21T13:03:36.2329298Z      map.insert(('a', VowelMod::Circumflex, ToneMark::Grave), 'ầ');
🔍 Lint	Check formatting	2025-12-21T13:03:36.2330008Z Diff in /home/runner/work/vietflux-ime/vietflux-ime/core/src/chars.rs:60:
🔍 Lint	Check formatting	2025-12-21T13:03:36.2331003Z      map.insert(('a', VowelMod::Circumflex, ToneMark::Hook), 'ẩ');
🔍 Lint	Check formatting	2025-12-21T13:03:36.2331726Z      map.insert(('a', VowelMod::Circumflex, ToneMark::Tilde), 'ẫ');
🔍 Lint	Check formatting	2025-12-21T13:03:36.2332669Z      map.insert(('a', VowelMod::Circumflex, ToneMark::Dot), 'ậ');
🔍 Lint	Check formatting	2025-12-21T13:03:36.2333162Z -    
🔍 Lint	Check formatting	2025-12-21T13:03:36.2333408Z +
🔍 Lint	Check formatting	2025-12-21T13:03:36.2333867Z      map.insert(('a', VowelMod::Breve, ToneMark::None), 'ă');
🔍 Lint	Check formatting	2025-12-21T13:03:36.2334535Z      map.insert(('a', VowelMod::Breve, ToneMark::Acute), 'ắ');
🔍 Lint	Check formatting	2025-12-21T13:03:36.2335209Z      map.insert(('a', VowelMod::Breve, ToneMark::Grave), 'ằ');
🔍 Lint	Check formatting	2025-12-21T13:03:36.2335884Z Diff in /home/runner/work/vietflux-ime/vietflux-ime/core/src/chars.rs:67:
🔍 Lint	Check formatting	2025-12-21T13:03:36.2336663Z      map.insert(('a', VowelMod::Breve, ToneMark::Hook), 'ẳ');
🔍 Lint	Check formatting	2025-12-21T13:03:36.2337343Z      map.insert(('a', VowelMod::Breve, ToneMark::Tilde), 'ẵ');
🔍 Lint	Check formatting	2025-12-21T13:03:36.2338010Z      map.insert(('a', VowelMod::Breve, ToneMark::Dot), 'ặ');
🔍 Lint	Check formatting	2025-12-21T13:03:36.2338464Z -    
🔍 Lint	Check formatting	2025-12-21T13:03:36.2338703Z +
🔍 Lint	Check formatting	2025-12-21T13:03:36.2338955Z      // E variants
🔍 Lint	Check formatting	2025-12-21T13:03:36.2339330Z      map.insert(('e', VowelMod::None, ToneMark::None), 'e');
🔍 Lint	Check formatting	2025-12-21T13:03:36.2339999Z      map.insert(('e', VowelMod::None, ToneMark::Acute), 'é');
🔍 Lint	Check formatting	2025-12-21T13:03:36.2340831Z Diff in /home/runner/work/vietflux-ime/vietflux-ime/core/src/chars.rs:75:
🔍 Lint	Check formatting	2025-12-21T13:03:36.2341601Z      map.insert(('e', VowelMod::None, ToneMark::Hook), 'ẻ');
🔍 Lint	Check formatting	2025-12-21T13:03:36.2342253Z      map.insert(('e', VowelMod::None, ToneMark::Tilde), 'ẽ');
🔍 Lint	Check formatting	2025-12-21T13:03:36.2342894Z      map.insert(('e', VowelMod::None, ToneMark::Dot), 'ẹ');
🔍 Lint	Check formatting	2025-12-21T13:03:36.2343345Z -    
🔍 Lint	Check formatting	2025-12-21T13:03:36.2343584Z +
🔍 Lint	Check formatting	2025-12-21T13:03:36.2344053Z      map.insert(('e', VowelMod::Circumflex, ToneMark::None), 'ê');
🔍 Lint	Check formatting	2025-12-21T13:03:36.2344776Z      map.insert(('e', VowelMod::Circumflex, ToneMark::Acute), 'ế');
🔍 Lint	Check formatting	2025-12-21T13:03:36.2345510Z      map.insert(('e', VowelMod::Circumflex, ToneMark::Grave), 'ề');
🔍 Lint	Check formatting	2025-12-21T13:03:36.2346207Z Diff in /home/runner/work/vietflux-ime/vietflux-ime/core/src/chars.rs:82:
🔍 Lint	Check formatting	2025-12-21T13:03:36.2347003Z      map.insert(('e', VowelMod::Circumflex, ToneMark::Hook), 'ể');
🔍 Lint	Check formatting	2025-12-21T13:03:36.2347734Z      map.insert(('e', VowelMod::Circumflex, ToneMark::Tilde), 'ễ');
🔍 Lint	Check formatting	2025-12-21T13:03:36.2348437Z      map.insert(('e', VowelMod::Circumflex, ToneMark::Dot), 'ệ');
🔍 Lint	Check formatting	2025-12-21T13:03:36.2348915Z -    
🔍 Lint	Check formatting	2025-12-21T13:03:36.2349176Z +
🔍 Lint	Check formatting	2025-12-21T13:03:36.2349419Z      // I variants
🔍 Lint	Check formatting	2025-12-21T13:03:36.2349813Z      map.insert(('i', VowelMod::None, ToneMark::None), 'i');
🔍 Lint	Check formatting	2025-12-21T13:03:36.2350480Z      map.insert(('i', VowelMod::None, ToneMark::Acute), 'í');
🔍 Lint	Check formatting	2025-12-21T13:03:36.2351330Z Diff in /home/runner/work/vietflux-ime/vietflux-ime/core/src/chars.rs:90:
🔍 Lint	Check formatting	2025-12-21T13:03:36.2352117Z      map.insert(('i', VowelMod::None, ToneMark::Hook), 'ỉ');
🔍 Lint	Check formatting	2025-12-21T13:03:36.2353000Z      map.insert(('i', VowelMod::None, ToneMark::Tilde), 'ĩ');
🔍 Lint	Check formatting	2025-12-21T13:03:36.2353662Z      map.insert(('i', VowelMod::None, ToneMark::Dot), 'ị');
🔍 Lint	Check formatting	2025-12-21T13:03:36.2354117Z -    
🔍 Lint	Check formatting	2025-12-21T13:03:36.2354368Z +
🔍 Lint	Check formatting	2025-12-21T13:03:36.2354614Z      // O variants
🔍 Lint	Check formatting	2025-12-21T13:03:36.2355000Z      map.insert(('o', VowelMod::None, ToneMark::None), 'o');
🔍 Lint	Check formatting	2025-12-21T13:03:36.2355670Z      map.insert(('o', VowelMod::None, ToneMark::Acute), 'ó');
🔍 Lint	Check formatting	2025-12-21T13:03:36.2356343Z Diff in /home/runner/work/vietflux-ime/vietflux-ime/core/src/chars.rs:98:
🔍 Lint	Check formatting	2025-12-21T13:03:36.2357119Z      map.insert(('o', VowelMod::None, ToneMark::Hook), 'ỏ');
🔍 Lint	Check formatting	2025-12-21T13:03:36.2357820Z      map.insert(('o', VowelMod::None, ToneMark::Tilde), 'õ');
🔍 Lint	Check formatting	2025-12-21T13:03:36.2358561Z      map.insert(('o', VowelMod::None, ToneMark::Dot), 'ọ');
🔍 Lint	Check formatting	2025-12-21T13:03:36.2359054Z -    
🔍 Lint	Check formatting	2025-12-21T13:03:36.2359325Z +
🔍 Lint	Check formatting	2025-12-21T13:03:36.2359851Z      map.insert(('o', VowelMod::Circumflex, ToneMark::None), 'ô');
🔍 Lint	Check formatting	2025-12-21T13:03:36.2360788Z      map.insert(('o', VowelMod::Circumflex, ToneMark::Acute), 'ố');
🔍 Lint	Check formatting	2025-12-21T13:03:36.2361624Z      map.insert(('o', VowelMod::Circumflex, ToneMark::Grave), 'ồ');
🔍 Lint	Check formatting	2025-12-21T13:03:36.2362357Z Diff in /home/runner/work/vietflux-ime/vietflux-ime/core/src/chars.rs:105:
🔍 Lint	Check formatting	2025-12-21T13:03:36.2362884Z      map.insert(('o', VowelMod::Circumflex, ToneMark::Hook), 'ổ');
🔍 Lint	Check formatting	2025-12-21T13:03:36.2363479Z      map.insert(('o', VowelMod::Circumflex, ToneMark::Tilde), 'ỗ');
🔍 Lint	Check formatting	2025-12-21T13:03:36.2363889Z      map.insert(('o', VowelMod::Circumflex, ToneMark::Dot), 'ộ');
🔍 Lint	Check formatting	2025-12-21T13:03:36.2364166Z -    
🔍 Lint	Check formatting	2025-12-21T13:03:36.2364320Z +
🔍 Lint	Check formatting	2025-12-21T13:03:36.2364582Z      map.insert(('o', VowelMod::Horn, ToneMark::None), 'ơ');
🔍 Lint	Check formatting	2025-12-21T13:03:36.2365008Z      map.insert(('o', VowelMod::Horn, ToneMark::Acute), 'ớ');
🔍 Lint	Check formatting	2025-12-21T13:03:36.2365386Z      map.insert(('o', VowelMod::Horn, ToneMark::Grave), 'ờ');
🔍 Lint	Check formatting	2025-12-21T13:03:36.2365835Z Diff in /home/runner/work/vietflux-ime/vietflux-ime/core/src/chars.rs:112:
🔍 Lint	Check formatting	2025-12-21T13:03:36.2366624Z      map.insert(('o', VowelMod::Horn, ToneMark::Hook), 'ở');
🔍 Lint	Check formatting	2025-12-21T13:03:36.2367021Z      map.insert(('o', VowelMod::Horn, ToneMark::Tilde), 'ỡ');
🔍 Lint	Check formatting	2025-12-21T13:03:36.2367409Z      map.insert(('o', VowelMod::Horn, ToneMark::Dot), 'ợ');
🔍 Lint	Check formatting	2025-12-21T13:03:36.2367701Z -    
🔍 Lint	Check formatting	2025-12-21T13:03:36.2367857Z +
🔍 Lint	Check formatting	2025-12-21T13:03:36.2368006Z      // U variants
🔍 Lint	Check formatting	2025-12-21T13:03:36.2368242Z      map.insert(('u', VowelMod::None, ToneMark::None), 'u');
🔍 Lint	Check formatting	2025-12-21T13:03:36.2368630Z      map.insert(('u', VowelMod::None, ToneMark::Acute), 'ú');
🔍 Lint	Check formatting	2025-12-21T13:03:36.2369012Z Diff in /home/runner/work/vietflux-ime/vietflux-ime/core/src/chars.rs:120:
🔍 Lint	Check formatting	2025-12-21T13:03:36.2369554Z      map.insert(('u', VowelMod::None, ToneMark::Hook), 'ủ');
🔍 Lint	Check formatting	2025-12-21T13:03:36.2370276Z      map.insert(('u', VowelMod::None, ToneMark::Tilde), 'ũ');
🔍 Lint	Check formatting	2025-12-21T13:03:36.2371190Z      map.insert(('u', VowelMod::None, ToneMark::Dot), 'ụ');
🔍 Lint	Check formatting	2025-12-21T13:03:36.2371477Z -    
🔍 Lint	Check formatting	2025-12-21T13:03:36.2371717Z +
🔍 Lint	Check formatting	2025-12-21T13:03:36.2372163Z      map.insert(('u', VowelMod::Horn, ToneMark::None), 'ư');
🔍 Lint	Check formatting	2025-12-21T13:03:36.2372766Z      map.insert(('u', VowelMod::Horn, ToneMark::Acute), 'ứ');
🔍 Lint	Check formatting	2025-12-21T13:03:36.2373141Z      map.insert(('u', VowelMod::Horn, ToneMark::Grave), 'ừ');
🔍 Lint	Check formatting	2025-12-21T13:03:36.2373527Z Diff in /home/runner/work/vietflux-ime/vietflux-ime/core/src/chars.rs:127:
🔍 Lint	Check formatting	2025-12-21T13:03:36.2373981Z      map.insert(('u', VowelMod::Horn, ToneMark::Hook), 'ử');
🔍 Lint	Check formatting	2025-12-21T13:03:36.2374345Z      map.insert(('u', VowelMod::Horn, ToneMark::Tilde), 'ữ');
🔍 Lint	Check formatting	2025-12-21T13:03:36.2374702Z      map.insert(('u', VowelMod::Horn, ToneMark::Dot), 'ự');
🔍 Lint	Check formatting	2025-12-21T13:03:36.2374965Z -    
🔍 Lint	Check formatting	2025-12-21T13:03:36.2375108Z +
🔍 Lint	Check formatting	2025-12-21T13:03:36.2375257Z      // Y variants
🔍 Lint	Check formatting	2025-12-21T13:03:36.2375482Z      map.insert(('y', VowelMod::None, ToneMark::None), 'y');
🔍 Lint	Check formatting	2025-12-21T13:03:36.2375850Z      map.insert(('y', VowelMod::None, ToneMark::Acute), 'ý');
🔍 Lint	Check formatting	2025-12-21T13:03:36.2376245Z Diff in /home/runner/work/vietflux-ime/vietflux-ime/core/src/chars.rs:135:
🔍 Lint	Check formatting	2025-12-21T13:03:36.2376872Z      map.insert(('y', VowelMod::None, ToneMark::Hook), 'ỷ');
🔍 Lint	Check formatting	2025-12-21T13:03:36.2377240Z      map.insert(('y', VowelMod::None, ToneMark::Tilde), 'ỹ');
🔍 Lint	Check formatting	2025-12-21T13:03:36.2377603Z      map.insert(('y', VowelMod::None, ToneMark::Dot), 'ỵ');
🔍 Lint	Check formatting	2025-12-21T13:03:36.2377866Z -    
🔍 Lint	Check formatting	2025-12-21T13:03:36.2378008Z +
🔍 Lint	Check formatting	2025-12-21T13:03:36.2378163Z      map
🔍 Lint	Check formatting	2025-12-21T13:03:36.2378313Z  });
🔍 Lint	Check formatting	2025-12-21T13:03:36.2378458Z  
🔍 Lint	Check formatting	2025-12-21T13:03:36.2378721Z Diff in /home/runner/work/vietflux-ime/vietflux-ime/core/src/chars.rs:142:
🔍 Lint	Check formatting	2025-12-21T13:03:36.2379123Z  /// Reverse mapping from Vietnamese char to components
🔍 Lint	Check formatting	2025-12-21T13:03:36.2379938Z -pub static REVERSE_MAP: LazyLock<HashMap<char, (char, VowelMod, ToneMark)>> = LazyLock::new(|| {
🔍 Lint	Check formatting	2025-12-21T13:03:36.2380864Z -    CHAR_MAP.iter().map(|(&k, &v)| (v, k)).collect()
🔍 Lint	Check formatting	2025-12-21T13:03:36.2381267Z -});
🔍 Lint	Check formatting	2025-12-21T13:03:36.2381558Z +pub static REVERSE_MAP: LazyLock<HashMap<char, (char, VowelMod, ToneMark)>> =
🔍 Lint	Check formatting	2025-12-21T13:03:36.2382002Z +    LazyLock::new(|| CHAR_MAP.iter().map(|(&k, &v)| (v, k)).collect());
🔍 Lint	Check formatting	2025-12-21T13:03:36.2382308Z  
🔍 Lint	Check formatting	2025-12-21T13:03:36.2382541Z  /// Check if a character is a vowel (including modified forms)
🔍 Lint	Check formatting	2025-12-21T13:03:36.2382862Z  pub fn is_vowel(c: char) -> bool {
🔍 Lint	Check formatting	2025-12-21T13:03:36.2383204Z Diff in /home/runner/work/vietflux-ime/vietflux-ime/core/src/chars.rs:171:
🔍 Lint	Check formatting	2025-12-21T13:03:36.2383727Z  /// Get character with new tone mark
🔍 Lint	Check formatting	2025-12-21T13:03:36.2384017Z  pub fn with_tone(c: char, tone: ToneMark) -> Option<char> {
🔍 Lint	Check formatting	2025-12-21T13:03:36.2384326Z      let lower = c.to_ascii_lowercase();
🔍 Lint	Check formatting	2025-12-21T13:03:36.2384617Z -    let (base, modifier, _) = REVERSE_MAP.get(&lower).copied()
🔍 Lint	Check formatting	2025-12-21T13:03:36.2384974Z -        .unwrap_or((lower, VowelMod::None, ToneMark::None));
🔍 Lint	Check formatting	2025-12-21T13:03:36.2385445Z -    
🔍 Lint	Check formatting	2025-12-21T13:03:36.2385727Z +    let (base, modifier, _) =
🔍 Lint	Check formatting	2025-12-21T13:03:36.2386075Z +        REVERSE_MAP
🔍 Lint	Check formatting	2025-12-21T13:03:36.2386345Z +            .get(&lower)
🔍 Lint	Check formatting	2025-12-21T13:03:36.2386547Z +            .copied()
🔍 Lint	Check formatting	2025-12-21T13:03:36.2386781Z +            .unwrap_or((lower, VowelMod::None, ToneMark::None));
🔍 Lint	Check formatting	2025-12-21T13:03:36.2387054Z +
🔍 Lint	Check formatting	2025-12-21T13:03:36.2387250Z      CHAR_MAP.get(&(base, modifier, tone)).map(|&result| {
🔍 Lint	Check formatting	2025-12-21T13:03:36.2387530Z          if c.is_uppercase() {
🔍 Lint	Check formatting	2025-12-21T13:03:36.2387747Z              result.to_ascii_uppercase()
🔍 Lint	Check formatting	2025-12-21T13:03:36.2388097Z Diff in /home/runner/work/vietflux-ime/vietflux-ime/core/src/chars.rs:186:
🔍 Lint	Check formatting	2025-12-21T13:03:36.2388461Z  /// Get character with new vowel modifier
🔍 Lint	Check formatting	2025-12-21T13:03:36.2388779Z  pub fn with_modifier(c: char, modifier: VowelMod) -> Option<char> {
🔍 Lint	Check formatting	2025-12-21T13:03:36.2389101Z      let lower = c.to_ascii_lowercase();
🔍 Lint	Check formatting	2025-12-21T13:03:36.2389377Z -    let (base, _, tone) = REVERSE_MAP.get(&lower).copied()
🔍 Lint	Check formatting	2025-12-21T13:03:36.2389703Z -        .unwrap_or((lower, VowelMod::None, ToneMark::None));
🔍 Lint	Check formatting	2025-12-21T13:03:36.2389960Z -    
🔍 Lint	Check formatting	2025-12-21T13:03:36.2390130Z +    let (base, _, tone) =
🔍 Lint	Check formatting	2025-12-21T13:03:36.2390319Z +        REVERSE_MAP
🔍 Lint	Check formatting	2025-12-21T13:03:36.2390502Z +            .get(&lower)
🔍 Lint	Check formatting	2025-12-21T13:03:36.2390883Z +            .copied()
🔍 Lint	Check formatting	2025-12-21T13:03:36.2391123Z +            .unwrap_or((lower, VowelMod::None, ToneMark::None));
🔍 Lint	Check formatting	2025-12-21T13:03:36.2391387Z +
🔍 Lint	Check formatting	2025-12-21T13:03:36.2391580Z      CHAR_MAP.get(&(base, modifier, tone)).map(|&result| {
🔍 Lint	Check formatting	2025-12-21T13:03:36.2391855Z          if c.is_uppercase() {
🔍 Lint	Check formatting	2025-12-21T13:03:36.2392077Z              result.to_ascii_uppercase()
🔍 Lint	Check formatting	2025-12-21T13:03:36.2392675Z Diff in /home/runner/work/vietflux-ime/vietflux-ime/core/src/engine.rs:9:
🔍 Lint	Check formatting	2025-12-21T13:03:36.2393016Z  //! - Double mark undo
🔍 Lint	Check formatting	2025-12-21T13:03:36.2393213Z  //! - Shortcut expansion
🔍 Lint	Check formatting	2025-12-21T13:03:36.2393432Z  
🔍 Lint	Check formatting	2025-12-21T13:03:36.2393720Z -use serde::{Deserialize, Serialize};
🔍 Lint	Check formatting	2025-12-21T13:03:36.2394142Z  use crate::buffer::Buffer;
🔍 Lint	Check formatting	2025-12-21T13:03:36.2394535Z  use crate::chars::{self, ToneMark, VowelMod};
🔍 Lint	Check formatting	2025-12-21T13:03:36.2395042Z  use crate::methods::{self, InputMethod, KeyAction};
🔍 Lint	Check formatting	2025-12-21T13:03:36.2395570Z Diff in /home/runner/work/vietflux-ime/vietflux-ime/core/src/engine.rs:16:
🔍 Lint	Check formatting	2025-12-21T13:03:36.2396165Z -use crate::shortcuts::{ShortcutTable, default_shortcuts};
🔍 Lint	Check formatting	2025-12-21T13:03:36.2396515Z +use crate::shortcuts::{default_shortcuts, ShortcutTable};
🔍 Lint	Check formatting	2025-12-21T13:03:36.2396807Z  use crate::transform;
🔍 Lint	Check formatting	2025-12-21T13:03:36.2397034Z  use crate::validation::{self, ValidationResult};
🔍 Lint	Check formatting	2025-12-21T13:03:36.2397313Z +use serde::{Deserialize, Serialize};
🔍 Lint	Check formatting	2025-12-21T13:03:36.2397533Z  
🔍 Lint	Check formatting	2025-12-21T13:03:36.2397684Z  /// Engine action result
🔍 Lint	Check formatting	2025-12-21T13:03:36.2397958Z  #[derive(Debug, Clone, Copy, PartialEq, Serialize, Deserialize)]
🔍 Lint	Check formatting	2025-12-21T13:03:36.2398372Z Diff in /home/runner/work/vietflux-ime/vietflux-ime/core/src/engine.rs:71:
🔍 Lint	Check formatting	2025-12-21T13:03:36.2398717Z              restored: false,
🔍 Lint	Check formatting	2025-12-21T13:03:36.2398905Z          }
🔍 Lint	Check formatting	2025-12-21T13:03:36.2399058Z      }
🔍 Lint	Check formatting	2025-12-21T13:03:36.2399199Z -    
🔍 Lint	Check formatting	2025-12-21T13:03:36.2399341Z +
🔍 Lint	Check formatting	2025-12-21T13:03:36.2399562Z      pub fn restore(raw_text: String, backspace: usize) -> Self {
🔍 Lint	Check formatting	2025-12-21T13:03:36.2399841Z          Self {
🔍 Lint	Check formatting	2025-12-21T13:03:36.2400030Z              action: Action::Restore,
🔍 Lint	Check formatting	2025-12-21T13:03:36.2400361Z Diff in /home/runner/work/vietflux-ime/vietflux-ime/core/src/engine.rs:169:
🔍 Lint	Check formatting	2025-12-21T13:03:36.2400937Z  
🔍 Lint	Check formatting	2025-12-21T13:03:36.2401117Z          // Get previous character for context
🔍 Lint	Check formatting	2025-12-21T13:03:36.2401412Z          let prev_char = self.buffer.last().map(|bc| bc.ch);
🔍 Lint	Check formatting	2025-12-21T13:03:36.2401830Z -        
🔍 Lint	Check formatting	2025-12-21T13:03:36.2401986Z +
🔍 Lint	Check formatting	2025-12-21T13:03:36.2402183Z          // Check for foreign word pattern BEFORE processing
🔍 Lint	Check formatting	2025-12-21T13:03:36.2402474Z          let current_text = self.buffer.get_text();
🔍 Lint	Check formatting	2025-12-21T13:03:36.2402819Z          if validation::is_foreign_word_pattern(&current_text, Some(key)) {
🔍 Lint	Check formatting	2025-12-21T13:03:36.2403239Z Diff in /home/runner/work/vietflux-ime/vietflux-ime/core/src/engine.rs:176:
🔍 Lint	Check formatting	2025-12-21T13:03:36.2403610Z              self.possible_foreign = true;
🔍 Lint	Check formatting	2025-12-21T13:03:36.2403831Z          }
🔍 Lint	Check formatting	2025-12-21T13:03:36.2403984Z -        
🔍 Lint	Check formatting	2025-12-21T13:03:36.2404123Z +
🔍 Lint	Check formatting	2025-12-21T13:03:36.2404291Z          // Process through input method
🔍 Lint	Check formatting	2025-12-21T13:03:36.2404573Z          let action = self.method.process(key, prev_char);
🔍 Lint	Check formatting	2025-12-21T13:03:36.2404837Z -        
🔍 Lint	Check formatting	2025-12-21T13:03:36.2404984Z +
🔍 Lint	Check formatting	2025-12-21T13:03:36.2405127Z          match action {
🔍 Lint	Check formatting	2025-12-21T13:03:36.2405322Z -            KeyAction::None => {
🔍 Lint	Check formatting	2025-12-21T13:03:36.2405553Z -                self.handle_regular_char(key)
🔍 Lint	Check formatting	2025-12-21T13:03:36.2405790Z -            }
🔍 Lint	Check formatting	2025-12-21T13:03:36.2405943Z -            
🔍 Lint	Check formatting	2025-12-21T13:03:36.2406159Z +            KeyAction::None => self.handle_regular_char(key),
🔍 Lint	Check formatting	2025-12-21T13:03:36.2406412Z +
🔍 Lint	Check formatting	2025-12-21T13:03:36.2406578Z              KeyAction::Tone(tone) => {
🔍 Lint	Check formatting	2025-12-21T13:03:36.2406939Z                  // Skip if foreign word
🔍 Lint	Check formatting	2025-12-21T13:03:36.2407305Z                  if self.possible_foreign {
🔍 Lint	Check formatting	2025-12-21T13:03:36.2407712Z Diff in /home/runner/work/vietflux-ime/vietflux-ime/core/src/engine.rs:191:
🔍 Lint	Check formatting	2025-12-21T13:03:36.2408044Z                  }
🔍 Lint	Check formatting	2025-12-21T13:03:36.2408235Z                  self.apply_tone(tone, key)
🔍 Lint	Check formatting	2025-12-21T13:03:36.2408459Z              }
🔍 Lint	Check formatting	2025-12-21T13:03:36.2408621Z -            
🔍 Lint	Check formatting	2025-12-21T13:03:36.2408772Z +
🔍 Lint	Check formatting	2025-12-21T13:03:36.2408951Z              KeyAction::Modifier(modifier) => {
🔍 Lint	Check formatting	2025-12-21T13:03:36.2409205Z                  if self.possible_foreign {
🔍 Lint	Check formatting	2025-12-21T13:03:36.2409464Z                      return self.handle_regular_char(key);
🔍 Lint	Check formatting	2025-12-21T13:03:36.2409829Z Diff in /home/runner/work/vietflux-ime/vietflux-ime/core/src/engine.rs:198:
🔍 Lint	Check formatting	2025-12-21T13:03:36.2410160Z                  }
🔍 Lint	Check formatting	2025-12-21T13:03:36.2410357Z                  self.apply_modifier(modifier, key)
🔍 Lint	Check formatting	2025-12-21T13:03:36.2410768Z              }
🔍 Lint	Check formatting	2025-12-21T13:03:36.2410934Z -            
🔍 Lint	Check formatting	2025-12-21T13:03:36.2411109Z -            KeyAction::Stroke => {
🔍 Lint	Check formatting	2025-12-21T13:03:36.2411342Z -                self.apply_stroke()
🔍 Lint	Check formatting	2025-12-21T13:03:36.2411552Z -            }
🔍 Lint	Check formatting	2025-12-21T13:03:36.2411712Z -            
🔍 Lint	Check formatting	2025-12-21T13:03:36.2411893Z -            KeyAction::RemoveDiacritics => {
🔍 Lint	Check formatting	2025-12-21T13:03:36.2412152Z -                self.remove_all_diacritics()
🔍 Lint	Check formatting	2025-12-21T13:03:36.2412533Z -            }
🔍 Lint	Check formatting	2025-12-21T13:03:36.2412688Z -            
🔍 Lint	Check formatting	2025-12-21T13:03:36.2412857Z -            KeyAction::Undo => {
🔍 Lint	Check formatting	2025-12-21T13:03:36.2413081Z -                self.undo_last_transform()
🔍 Lint	Check formatting	2025-12-21T13:03:36.2413314Z -            }
🔍 Lint	Check formatting	2025-12-21T13:03:36.2413463Z +
🔍 Lint	Check formatting	2025-12-21T13:03:36.2413650Z +            KeyAction::Stroke => self.apply_stroke(),
🔍 Lint	Check formatting	2025-12-21T13:03:36.2413893Z +
🔍 Lint	Check formatting	2025-12-21T13:03:36.2414141Z +            KeyAction::RemoveDiacritics => self.remove_all_diacritics(),
🔍 Lint	Check formatting	2025-12-21T13:03:36.2414441Z +
🔍 Lint	Check formatting	2025-12-21T13:03:36.2414648Z +            KeyAction::Undo => self.undo_last_transform(),
🔍 Lint	Check formatting	2025-12-21T13:03:36.2414906Z          }
🔍 Lint	Check formatting	2025-12-21T13:03:36.2415048Z      }
🔍 Lint	Check formatting	2025-12-21T13:03:36.2415195Z  
🔍 Lint	Check formatting	2025-12-21T13:03:36.2415451Z Diff in /home/runner/work/vietflux-ime/vietflux-ime/core/src/engine.rs:217:
🔍 Lint	Check formatting	2025-12-21T13:03:36.2415869Z      fn handle_regular_char(&mut self, key: char) -> ProcessResult {
🔍 Lint	Check formatting	2025-12-21T13:03:36.2416184Z          self.buffer.push_simple(key);
🔍 Lint	Check formatting	2025-12-21T13:03:36.2416470Z          self.last_transform = LastTransform::default();
🔍 Lint	Check formatting	2025-12-21T13:03:36.2416721Z -        
🔍 Lint	Check formatting	2025-12-21T13:03:36.2416873Z +
🔍 Lint	Check formatting	2025-12-21T13:03:36.2417029Z          // Check for shortcut match
🔍 Lint	Check formatting	2025-12-21T13:03:36.2417362Z          if let Some(shortcut) = self.shortcuts.find_match(&self.buffer.get_text()) {
🔍 Lint	Check formatting	2025-12-21T13:03:36.2417864Z              let expansion = shortcut.expansion.clone();
🔍 Lint	Check formatting	2025-12-21T13:03:36.2418230Z Diff in /home/runner/work/vietflux-ime/vietflux-ime/core/src/engine.rs:224:
🔍 Lint	Check formatting	2025-12-21T13:03:36.2418602Z              let trigger_len = shortcut.trigger.len();
🔍 Lint	Check formatting	2025-12-21T13:03:36.2418841Z -            
🔍 Lint	Check formatting	2025-12-21T13:03:36.2418994Z +
🔍 Lint	Check formatting	2025-12-21T13:03:36.2419183Z              // Remove trigger chars and replace with expansion
🔍 Lint	Check formatting	2025-12-21T13:03:36.2419459Z              for _ in 0..trigger_len {
🔍 Lint	Check formatting	2025-12-21T13:03:36.2419687Z                  self.buffer.pop();
🔍 Lint	Check formatting	2025-12-21T13:03:36.2420016Z Diff in /home/runner/work/vietflux-ime/vietflux-ime/core/src/engine.rs:229:
🔍 Lint	Check formatting	2025-12-21T13:03:36.2420351Z              }
🔍 Lint	Check formatting	2025-12-21T13:03:36.2420505Z -            
🔍 Lint	Check formatting	2025-12-21T13:03:36.2420846Z +
🔍 Lint	Check formatting	2025-12-21T13:03:36.2421010Z              // Add expansion chars
🔍 Lint	Check formatting	2025-12-21T13:03:36.2421249Z              for ch in expansion.chars() {
🔍 Lint	Check formatting	2025-12-21T13:03:36.2421495Z                  self.buffer.push_simple(ch);
🔍 Lint	Check formatting	2025-12-21T13:03:36.2421849Z Diff in /home/runner/work/vietflux-ime/vietflux-ime/core/src/engine.rs:234:
🔍 Lint	Check formatting	2025-12-21T13:03:36.2422400Z              }
🔍 Lint	Check formatting	2025-12-21T13:03:36.2422674Z -            
🔍 Lint	Check formatting	2025-12-21T13:03:36.2422930Z +
🔍 Lint	Check formatting	2025-12-21T13:03:36.2423220Z              let text = self.buffer.get_text();
🔍 Lint	Check formatting	2025-12-21T13:03:36.2423979Z -            return ProcessResult::update(text, self.buffer.len() + trigger_len - expansion.chars().count());
🔍 Lint	Check formatting	2025-12-21T13:03:36.2424742Z +            return ProcessResult::update(
🔍 Lint	Check formatting	2025-12-21T13:03:36.2425132Z +                text,
🔍 Lint	Check formatting	2025-12-21T13:03:36.2425500Z +                self.buffer.len() + trigger_len - expansion.chars().count(),
🔍 Lint	Check formatting	2025-12-21T13:03:36.2425806Z +            );
🔍 Lint	Check formatting	2025-12-21T13:03:36.2425961Z          }
🔍 Lint	Check formatting	2025-12-21T13:03:36.2426110Z -        
🔍 Lint	Check formatting	2025-12-21T13:03:36.2426254Z +
🔍 Lint	Check formatting	2025-12-21T13:03:36.2426421Z          let text = self.buffer.get_text();
🔍 Lint	Check formatting	2025-12-21T13:03:36.2426711Z          ProcessResult::update(text, self.buffer.len() - 1)
🔍 Lint	Check formatting	2025-12-21T13:03:36.2426975Z      }
🔍 Lint	Check formatting	2025-12-21T13:03:36.2427243Z Diff in /home/runner/work/vietflux-ime/vietflux-ime/core/src/engine.rs:246:
🔍 Lint	Check formatting	2025-12-21T13:03:36.2427593Z          if self.buffer.is_empty() {
🔍 Lint	Check formatting	2025-12-21T13:03:36.2427855Z              return ProcessResult::passthrough();
🔍 Lint	Check formatting	2025-12-21T13:03:36.2428092Z          }
🔍 Lint	Check formatting	2025-12-21T13:03:36.2428244Z -        
🔍 Lint	Check formatting	2025-12-21T13:03:36.2428382Z +
🔍 Lint	Check formatting	2025-12-21T13:03:36.2428563Z          let transformed = self.buffer.get_text();
🔍 Lint	Check formatting	2025-12-21T13:03:36.2428819Z          let raw = self.buffer.get_raw();
🔍 Lint	Check formatting	2025-12-21T13:03:36.2429048Z -        
🔍 Lint	Check formatting	2025-12-21T13:03:36.2429193Z +
🔍 Lint	Check formatting	2025-12-21T13:03:36.2429349Z          // Validate the transformed text
🔍 Lint	Check formatting	2025-12-21T13:03:36.2429641Z          let validation = validation::validate(&transformed);
🔍 Lint	Check formatting	2025-12-21T13:03:36.2430092Z -        
🔍 Lint	Check formatting	2025-12-21T13:03:36.2430241Z +
🔍 Lint	Check formatting	2025-12-21T13:03:36.2430456Z          // If invalid Vietnamese AND looks foreign, restore to raw ASCII
🔍 Lint	Check formatting	2025-12-21T13:03:36.2430978Z          if !validation.is_valid() {
🔍 Lint	Check formatting	2025-12-21T13:03:36.2431217Z              let should_restore = matches!(
🔍 Lint	Check formatting	2025-12-21T13:03:36.2431572Z Diff in /home/runner/work/vietflux-ime/vietflux-ime/core/src/engine.rs:259:
🔍 Lint	Check formatting	2025-12-21T13:03:36.2431916Z -                validation, 
🔍 Lint	Check formatting	2025-12-21T13:03:36.2432145Z -                ValidationResult::ForeignWord | 
🔍 Lint	Check formatting	2025-12-21T13:03:36.2432437Z -                ValidationResult::InvalidVowelPattern |
🔍 Lint	Check formatting	2025-12-21T13:03:36.2432719Z -                ValidationResult::InvalidSpelling
🔍 Lint	Check formatting	2025-12-21T13:03:36.2432969Z +                validation,
🔍 Lint	Check formatting	2025-12-21T13:03:36.2433186Z +                ValidationResult::ForeignWord
🔍 Lint	Check formatting	2025-12-21T13:03:36.2433463Z +                    | ValidationResult::InvalidVowelPattern
🔍 Lint	Check formatting	2025-12-21T13:03:36.2433752Z +                    | ValidationResult::InvalidSpelling
🔍 Lint	Check formatting	2025-12-21T13:03:36.2433998Z              );
🔍 Lint	Check formatting	2025-12-21T13:03:36.2434160Z -            
🔍 Lint	Check formatting	2025-12-21T13:03:36.2434309Z +
🔍 Lint	Check formatting	2025-12-21T13:03:36.2434489Z              if should_restore && transformed != raw {
🔍 Lint	Check formatting	2025-12-21T13:03:36.2434746Z                  // Restore to raw ASCII
🔍 Lint	Check formatting	2025-12-21T13:03:36.2435167Z                  let backspace_count = transformed.chars().count();
🔍 Lint	Check formatting	2025-12-21T13:03:36.2435557Z Diff in /home/runner/work/vietflux-ime/vietflux-ime/core/src/engine.rs:268:
🔍 Lint	Check formatting	2025-12-21T13:03:36.2435944Z                  let output = format!("{}{}", raw, boundary_char);
🔍 Lint	Check formatting	2025-12-21T13:03:36.2436199Z -                
🔍 Lint	Check formatting	2025-12-21T13:03:36.2436370Z +
🔍 Lint	Check formatting	2025-12-21T13:03:36.2436533Z                  self.buffer.clear();
🔍 Lint	Check formatting	2025-12-21T13:03:36.2436766Z                  self.reset_state();
🔍 Lint	Check formatting	2025-12-21T13:03:36.2436981Z -                
🔍 Lint	Check formatting	2025-12-21T13:03:36.2437138Z +
🔍 Lint	Check formatting	2025-12-21T13:03:36.2437365Z                  return ProcessResult::restore(output, backspace_count);
🔍 Lint	Check formatting	2025-12-21T13:03:36.2437651Z              }
🔍 Lint	Check formatting	2025-12-21T13:03:36.2437811Z          }
🔍 Lint	Check formatting	2025-12-21T13:03:36.2438077Z Diff in /home/runner/work/vietflux-ime/vietflux-ime/core/src/engine.rs:276:
🔍 Lint	Check formatting	2025-12-21T13:03:36.2438409Z -        
🔍 Lint	Check formatting	2025-12-21T13:03:36.2438549Z +
🔍 Lint	Check formatting	2025-12-21T13:03:36.2438720Z          // Valid or acceptable - commit as-is
🔍 Lint	Check formatting	2025-12-21T13:03:36.2439020Z          let text = format!("{}{}", transformed, boundary_char);
🔍 Lint	Check formatting	2025-12-21T13:03:36.2439307Z          self.buffer.clear();
🔍 Lint	Check formatting	2025-12-21T13:03:36.2439627Z Diff in /home/runner/work/vietflux-ime/vietflux-ime/core/src/engine.rs:280:
🔍 Lint	Check formatting	2025-12-21T13:03:36.2439968Z          self.reset_state();
🔍 Lint	Check formatting	2025-12-21T13:03:36.2440161Z -        
🔍 Lint	Check formatting	2025-12-21T13:03:36.2440302Z +
🔍 Lint	Check formatting	2025-12-21T13:03:36.2440467Z          ProcessResult::commit(text)
🔍 Lint	Check formatting	2025-12-21T13:03:36.2440849Z      }
🔍 Lint	Check formatting	2025-12-21T13:03:36.2441001Z  
🔍 Lint	Check formatting	2025-12-21T13:03:36.2441256Z Diff in /home/runner/work/vietflux-ime/vietflux-ime/core/src/engine.rs:286:
🔍 Lint	Check formatting	2025-12-21T13:03:36.2441693Z      fn apply_tone(&mut self, tone: ToneMark, raw_key: char) -> ProcessResult {
🔍 Lint	Check formatting	2025-12-21T13:03:36.2442112Z          let chars: Vec<char> = self.buffer.iter().map(|bc| bc.ch).collect();
🔍 Lint	Check formatting	2025-12-21T13:03:36.2442487Z          let vowel_indices = transform::find_vowel_indices(&chars);
🔍 Lint	Check formatting	2025-12-21T13:03:36.2442771Z -        
🔍 Lint	Check formatting	2025-12-21T13:03:36.2442917Z +
🔍 Lint	Check formatting	2025-12-21T13:03:36.2443084Z          // Check for double-mark undo
🔍 Lint	Check formatting	2025-12-21T13:03:36.2443345Z          if let Some(&last_idx) = vowel_indices.last() {
🔍 Lint	Check formatting	2025-12-21T13:03:36.2443662Z              if transform::should_undo_tone(chars[last_idx], tone) {
🔍 Lint	Check formatting	2025-12-21T13:03:36.2444050Z Diff in /home/runner/work/vietflux-ime/vietflux-ime/core/src/engine.rs:294:
🔍 Lint	Check formatting	2025-12-21T13:03:36.2444469Z                  let (without_tone, _) = transform::remove_tone(chars[last_idx]);
🔍 Lint	Check formatting	2025-12-21T13:03:36.2444814Z                  self.buffer.replace(last_idx, without_tone);
🔍 Lint	Check formatting	2025-12-21T13:03:36.2445101Z                  self.buffer.push_simple(raw_key);
🔍 Lint	Check formatting	2025-12-21T13:03:36.2445340Z -                
🔍 Lint	Check formatting	2025-12-21T13:03:36.2445625Z +
🔍 Lint	Check formatting	2025-12-21T13:03:36.2445802Z                  self.last_transform = LastTransform {
🔍 Lint	Check formatting	2025-12-21T13:03:36.2446062Z                      position: Some(last_idx),
🔍 Lint	Check formatting	2025-12-21T13:03:36.2446333Z                      transform_type: TransformType::None,
🔍 Lint	Check formatting	2025-12-21T13:03:36.2446702Z Diff in /home/runner/work/vietflux-ime/vietflux-ime/core/src/engine.rs:301:
🔍 Lint	Check formatting	2025-12-21T13:03:36.2447048Z                      original: None,
🔍 Lint	Check formatting	2025-12-21T13:03:36.2447257Z                  };
🔍 Lint	Check formatting	2025-12-21T13:03:36.2447418Z -                
🔍 Lint	Check formatting	2025-12-21T13:03:36.2447577Z +
🔍 Lint	Check formatting	2025-12-21T13:03:36.2447741Z                  let text = self.buffer.get_text();
🔍 Lint	Check formatting	2025-12-21T13:03:36.2448278Z                  return ProcessResult::update(text, self.buffer.len());
🔍 Lint	Check formatting	2025-12-21T13:03:36.2448660Z              }
🔍 Lint	Check formatting	2025-12-21T13:03:36.2449002Z Diff in /home/runner/work/vietflux-ime/vietflux-ime/core/src/engine.rs:307:
🔍 Lint	Check formatting	2025-12-21T13:03:36.2449483Z          }
🔍 Lint	Check formatting	2025-12-21T13:03:36.2449764Z -        
🔍 Lint	Check formatting	2025-12-21T13:03:36.2449970Z +
🔍 Lint	Check formatting	2025-12-21T13:03:36.2450281Z          // Find best position for tone
🔍 Lint	Check formatting	2025-12-21T13:03:36.2450872Z          if let Some(pos) = transform::find_tone_position(&chars, &vowel_indices) {
🔍 Lint	Check formatting	2025-12-21T13:03:36.2506391Z              let old_char = chars[pos];
🔍 Lint	Check formatting	2025-12-21T13:03:36.2507124Z Diff in /home/runner/work/vietflux-ime/vietflux-ime/core/src/engine.rs:312:
🔍 Lint	Check formatting	2025-12-21T13:03:36.2508100Z              if let Some(new_char) = transform::apply_tone(old_char, tone) {
🔍 Lint	Check formatting	2025-12-21T13:03:36.2508666Z                  self.buffer.replace(pos, new_char);
🔍 Lint	Check formatting	2025-12-21T13:03:36.2509101Z -                
🔍 Lint	Check formatting	2025-12-21T13:03:36.2509308Z +
🔍 Lint	Check formatting	2025-12-21T13:03:36.2509504Z                  self.last_transform = LastTransform {
🔍 Lint	Check formatting	2025-12-21T13:03:36.2509787Z                      position: Some(pos),
🔍 Lint	Check formatting	2025-12-21T13:03:36.2510071Z                      transform_type: TransformType::Tone(tone),
🔍 Lint	Check formatting	2025-12-21T13:03:36.2510468Z Diff in /home/runner/work/vietflux-ime/vietflux-ime/core/src/engine.rs:318:
🔍 Lint	Check formatting	2025-12-21T13:03:36.2511098Z                      original: Some(old_char),
🔍 Lint	Check formatting	2025-12-21T13:03:36.2511347Z                  };
🔍 Lint	Check formatting	2025-12-21T13:03:36.2511515Z -                
🔍 Lint	Check formatting	2025-12-21T13:03:36.2511677Z +
🔍 Lint	Check formatting	2025-12-21T13:03:36.2511857Z                  let text = self.buffer.get_text();
🔍 Lint	Check formatting	2025-12-21T13:03:36.2512174Z                  return ProcessResult::update(text, self.buffer.len());
🔍 Lint	Check formatting	2025-12-21T13:03:36.2512461Z              }
🔍 Lint	Check formatting	2025-12-21T13:03:36.2512775Z Diff in /home/runner/work/vietflux-ime/vietflux-ime/core/src/engine.rs:324:
🔍 Lint	Check formatting	2025-12-21T13:03:36.2513107Z          }
🔍 Lint	Check formatting	2025-12-21T13:03:36.2513257Z -        
🔍 Lint	Check formatting	2025-12-21T13:03:36.2513410Z +
🔍 Lint	Check formatting	2025-12-21T13:03:36.2513608Z          // No valid vowel found - treat as regular character
🔍 Lint	Check formatting	2025-12-21T13:03:36.2513898Z          self.handle_regular_char(raw_key)
🔍 Lint	Check formatting	2025-12-21T13:03:36.2514123Z      }
🔍 Lint	Check formatting	2025-12-21T13:03:36.2514388Z Diff in /home/runner/work/vietflux-ime/vietflux-ime/core/src/engine.rs:330:
🔍 Lint	Check formatting	2025-12-21T13:03:36.2514767Z      /// Apply vowel modifier with UO compound handling
🔍 Lint	Check formatting	2025-12-21T13:03:36.2515150Z      fn apply_modifier(&mut self, modifier: VowelMod, raw_key: char) -> ProcessResult {
🔍 Lint	Check formatting	2025-12-21T13:03:36.2515611Z          let mut chars: Vec<char> = self.buffer.iter().map(|bc| bc.ch).collect();
🔍 Lint	Check formatting	2025-12-21T13:03:36.2515921Z -        
🔍 Lint	Check formatting	2025-12-21T13:03:36.2516076Z +
🔍 Lint	Check formatting	2025-12-21T13:03:36.2516370Z          // Check for UO compound first (uo → ươ)
🔍 Lint	Check formatting	2025-12-21T13:03:36.2516647Z          if modifier == VowelMod::Horn {
🔍 Lint	Check formatting	2025-12-21T13:03:36.2516936Z              if let Some(pos) = self.find_uo_compound(&chars) {
🔍 Lint	Check formatting	2025-12-21T13:03:36.2517326Z Diff in /home/runner/work/vietflux-ime/vietflux-ime/core/src/engine.rs:339:
🔍 Lint	Check formatting	2025-12-21T13:03:36.2517707Z                      // Update buffer with transformed chars
🔍 Lint	Check formatting	2025-12-21T13:03:36.2517996Z                      self.buffer.replace(pos, chars[pos]);
🔍 Lint	Check formatting	2025-12-21T13:03:36.2518298Z                      self.buffer.replace(pos + 1, chars[pos + 1]);
🔍 Lint	Check formatting	2025-12-21T13:03:36.2518559Z -                    
🔍 Lint	Check formatting	2025-12-21T13:03:36.2518737Z +
🔍 Lint	Check formatting	2025-12-21T13:03:36.2518921Z                      self.last_transform = LastTransform {
🔍 Lint	Check formatting	2025-12-21T13:03:36.2519355Z                          position: Some(pos),
🔍 Lint	Check formatting	2025-12-21T13:03:36.2519652Z                          transform_type: TransformType::Modifier(modifier),
🔍 Lint	Check formatting	2025-12-21T13:03:36.2520059Z Diff in /home/runner/work/vietflux-ime/vietflux-ime/core/src/engine.rs:346:
🔍 Lint	Check formatting	2025-12-21T13:03:36.2520413Z                          original: None,
🔍 Lint	Check formatting	2025-12-21T13:03:36.2520777Z                      };
🔍 Lint	Check formatting	2025-12-21T13:03:36.2520973Z -                    
🔍 Lint	Check formatting	2025-12-21T13:03:36.2521142Z +
🔍 Lint	Check formatting	2025-12-21T13:03:36.2521319Z                      let text = self.buffer.get_text();
🔍 Lint	Check formatting	2025-12-21T13:03:36.2521635Z                      return ProcessResult::update(text, self.buffer.len());
🔍 Lint	Check formatting	2025-12-21T13:03:36.2521914Z                  }
🔍 Lint	Check formatting	2025-12-21T13:03:36.2522205Z Diff in /home/runner/work/vietflux-ime/vietflux-ime/core/src/engine.rs:352:
🔍 Lint	Check formatting	2025-12-21T13:03:36.2522532Z              }
🔍 Lint	Check formatting	2025-12-21T13:03:36.2522695Z          }
🔍 Lint	Check formatting	2025-12-21T13:03:36.2522844Z -        
🔍 Lint	Check formatting	2025-12-21T13:03:36.2522998Z +
🔍 Lint	Check formatting	2025-12-21T13:03:36.2523162Z          // Find position for modifier
🔍 Lint	Check formatting	2025-12-21T13:03:36.2523495Z          if let Some(pos) = transform::find_modifier_position(&chars, modifier) {
🔍 Lint	Check formatting	2025-12-21T13:03:36.2523829Z              let old_char = chars[pos];
🔍 Lint	Check formatting	2025-12-21T13:03:36.2524170Z Diff in /home/runner/work/vietflux-ime/vietflux-ime/core/src/engine.rs:358:
🔍 Lint	Check formatting	2025-12-21T13:03:36.2524634Z -            
🔍 Lint	Check formatting	2025-12-21T13:03:36.2524789Z +
🔍 Lint	Check formatting	2025-12-21T13:03:36.2524960Z              // Check for double-mark undo
🔍 Lint	Check formatting	2025-12-21T13:03:36.2525257Z              if transform::should_undo_modifier(old_char, modifier) {
🔍 Lint	Check formatting	2025-12-21T13:03:36.2525612Z                  let (without_mod, _) = transform::remove_modifier(old_char);
🔍 Lint	Check formatting	2025-12-21T13:03:36.2526006Z Diff in /home/runner/work/vietflux-ime/vietflux-ime/core/src/engine.rs:362:
🔍 Lint	Check formatting	2025-12-21T13:03:36.2526378Z                  self.buffer.replace(pos, without_mod);
🔍 Lint	Check formatting	2025-12-21T13:03:36.2526657Z                  self.buffer.push_simple(raw_key);
🔍 Lint	Check formatting	2025-12-21T13:03:36.2526890Z -                
🔍 Lint	Check formatting	2025-12-21T13:03:36.2527059Z +
🔍 Lint	Check formatting	2025-12-21T13:03:36.2527230Z                  let text = self.buffer.get_text();
🔍 Lint	Check formatting	2025-12-21T13:03:36.2527541Z                  return ProcessResult::update(text, self.buffer.len());
🔍 Lint	Check formatting	2025-12-21T13:03:36.2527822Z              }
🔍 Lint	Check formatting	2025-12-21T13:03:36.2528099Z Diff in /home/runner/work/vietflux-ime/vietflux-ime/core/src/engine.rs:368:
🔍 Lint	Check formatting	2025-12-21T13:03:36.2528428Z -            
🔍 Lint	Check formatting	2025-12-21T13:03:36.2528586Z +
🔍 Lint	Check formatting	2025-12-21T13:03:36.2528832Z              if let Some(new_char) = transform::apply_modifier(old_char, modifier) {
🔍 Lint	Check formatting	2025-12-21T13:03:36.2529174Z                  self.buffer.replace(pos, new_char);
🔍 Lint	Check formatting	2025-12-21T13:03:36.2529413Z -                
🔍 Lint	Check formatting	2025-12-21T13:03:36.2529570Z +
🔍 Lint	Check formatting	2025-12-21T13:03:36.2529751Z                  self.last_transform = LastTransform {
🔍 Lint	Check formatting	2025-12-21T13:03:36.2530008Z                      position: Some(pos),
🔍 Lint	Check formatting	2025-12-21T13:03:36.2530295Z                      transform_type: TransformType::Modifier(modifier),
🔍 Lint	Check formatting	2025-12-21T13:03:36.2530787Z Diff in /home/runner/work/vietflux-ime/vietflux-ime/core/src/engine.rs:375:
🔍 Lint	Check formatting	2025-12-21T13:03:36.2531146Z                      original: Some(old_char),
🔍 Lint	Check formatting	2025-12-21T13:03:36.2531374Z                  };
🔍 Lint	Check formatting	2025-12-21T13:03:36.2531564Z -                
🔍 Lint	Check formatting	2025-12-21T13:03:36.2531727Z +
🔍 Lint	Check formatting	2025-12-21T13:03:36.2531891Z                  let text = self.buffer.get_text();
🔍 Lint	Check formatting	2025-12-21T13:03:36.2532197Z                  return ProcessResult::update(text, self.buffer.len());
🔍 Lint	Check formatting	2025-12-21T13:03:36.2532475Z              }
🔍 Lint	Check formatting	2025-12-21T13:03:36.2532749Z Diff in /home/runner/work/vietflux-ime/vietflux-ime/core/src/engine.rs:381:
🔍 Lint	Check formatting	2025-12-21T13:03:36.2533071Z          }
🔍 Lint	Check formatting	2025-12-21T13:03:36.2533229Z -        
🔍 Lint	Check formatting	2025-12-21T13:03:36.2533374Z +
🔍 Lint	Check formatting	2025-12-21T13:03:36.2533573Z          // No valid vowel found - treat as regular character
🔍 Lint	Check formatting	2025-12-21T13:03:36.2533862Z          self.handle_regular_char(raw_key)
🔍 Lint	Check formatting	2025-12-21T13:03:36.2534083Z      }
🔍 Lint	Check formatting	2025-12-21T13:03:36.2534352Z Diff in /home/runner/work/vietflux-ime/vietflux-ime/core/src/engine.rs:389:
🔍 Lint	Check formatting	2025-12-21T13:03:36.2534711Z          for i in 0..chars.len().saturating_sub(1) {
🔍 Lint	Check formatting	2025-12-21T13:03:36.2535171Z              let first = chars::get_base(chars[i].to_ascii_lowercase());
🔍 Lint	Check formatting	2025-12-21T13:03:36.2535539Z              let second = chars::get_base(chars[i + 1].to_ascii_lowercase());
🔍 Lint	Check formatting	2025-12-21T13:03:36.2535834Z -            
🔍 Lint	Check formatting	2025-12-21T13:03:36.2535994Z +
🔍 Lint	Check formatting	2025-12-21T13:03:36.2536156Z              if first == 'u' && second == 'o' {
🔍 Lint	Check formatting	2025-12-21T13:03:36.2536420Z                  return Some(i);
🔍 Lint	Check formatting	2025-12-21T13:03:36.2536621Z              }
🔍 Lint	Check formatting	2025-12-21T13:03:36.2536902Z Diff in /home/runner/work/vietflux-ime/vietflux-ime/core/src/engine.rs:406:
🔍 Lint	Check formatting	2025-12-21T13:03:36.2537401Z                  if ch.to_ascii_lowercase() == 'd' || ch.to_ascii_lowercase() == 'đ' {
🔍 Lint	Check formatting	2025-12-21T13:03:36.2537764Z                      let new_char = transform::toggle_stroke(ch);
🔍 Lint	Check formatting	2025-12-21T13:03:36.2538056Z                      self.buffer.replace(i, new_char);
🔍 Lint	Check formatting	2025-12-21T13:03:36.2538301Z -                    
🔍 Lint	Check formatting	2025-12-21T13:03:36.2538476Z +
🔍 Lint	Check formatting	2025-12-21T13:03:36.2538653Z                      self.last_transform = LastTransform {
🔍 Lint	Check formatting	2025-12-21T13:03:36.2538925Z                          position: Some(i),
🔍 Lint	Check formatting	2025-12-21T13:03:36.2539183Z                          transform_type: TransformType::Stroke,
🔍 Lint	Check formatting	2025-12-21T13:03:36.2539551Z Diff in /home/runner/work/vietflux-ime/vietflux-ime/core/src/engine.rs:413:
🔍 Lint	Check formatting	2025-12-21T13:03:36.2539896Z                          original: Some(ch),
🔍 Lint	Check formatting	2025-12-21T13:03:36.2540238Z                      };
🔍 Lint	Check formatting	2025-12-21T13:03:36.2540411Z -                    
🔍 Lint	Check formatting	2025-12-21T13:03:36.2540865Z +
🔍 Lint	Check formatting	2025-12-21T13:03:36.2541043Z                      let text = self.buffer.get_text();
🔍 Lint	Check formatting	2025-12-21T13:03:36.2541361Z                      return ProcessResult::update(text, self.buffer.len());
🔍 Lint	Check formatting	2025-12-21T13:03:36.2541642Z                  }
🔍 Lint	Check formatting	2025-12-21T13:03:36.2541920Z Diff in /home/runner/work/vietflux-ime/vietflux-ime/core/src/engine.rs:419:
🔍 Lint	Check formatting	2025-12-21T13:03:36.2542247Z              }
🔍 Lint	Check formatting	2025-12-21T13:03:36.2542403Z          }
🔍 Lint	Check formatting	2025-12-21T13:03:36.2542557Z -        
🔍 Lint	Check formatting	2025-12-21T13:03:36.2542702Z +
🔍 Lint	Check formatting	2025-12-21T13:03:36.2542882Z          ProcessResult::passthrough()
🔍 Lint	Check formatting	2025-12-21T13:03:36.2543103Z      }
🔍 Lint	Check formatting	2025-12-21T13:03:36.2543252Z  
🔍 Lint	Check formatting	2025-12-21T13:03:36.2543510Z Diff in /home/runner/work/vietflux-ime/vietflux-ime/core/src/engine.rs:425:
🔍 Lint	Check formatting	2025-12-21T13:03:36.2543853Z      /// Remove all diacritics
🔍 Lint	Check formatting	2025-12-21T13:03:36.2544120Z      fn remove_all_diacritics(&mut self) -> ProcessResult {
🔍 Lint	Check formatting	2025-12-21T13:03:36.2544407Z          let mut changed = false;
🔍 Lint	Check formatting	2025-12-21T13:03:36.2544622Z -        
🔍 Lint	Check formatting	2025-12-21T13:03:36.2544770Z +
🔍 Lint	Check formatting	2025-12-21T13:03:36.2544936Z          for i in 0..self.buffer.len() {
🔍 Lint	Check formatting	2025-12-21T13:03:36.2545189Z              if let Some(bc) = self.buffer.get(i) {
🔍 Lint	Check formatting	2025-12-21T13:03:36.2545439Z                  let old = bc.ch;
🔍 Lint	Check formatting	2025-12-21T13:03:36.2545759Z Diff in /home/runner/work/vietflux-ime/vietflux-ime/core/src/engine.rs:436:
🔍 Lint	Check formatting	2025-12-21T13:03:36.2546092Z                  }
🔍 Lint	Check formatting	2025-12-21T13:03:36.2546270Z              }
🔍 Lint	Check formatting	2025-12-21T13:03:36.2546422Z          }
🔍 Lint	Check formatting	2025-12-21T13:03:36.2546575Z -        
🔍 Lint	Check formatting	2025-12-21T13:03:36.2546722Z +
🔍 Lint	Check formatting	2025-12-21T13:03:36.2546875Z          if changed {
🔍 Lint	Check formatting	2025-12-21T13:03:36.2547109Z              self.last_transform = LastTransform::default();
🔍 Lint	Check formatting	2025-12-21T13:03:36.2547400Z              let text = self.buffer.get_text();
🔍 Lint	Check formatting	2025-12-21T13:03:36.2547749Z Diff in /home/runner/work/vietflux-ime/vietflux-ime/core/src/engine.rs:448:
🔍 Lint	Check formatting	2025-12-21T13:03:36.2548080Z  
🔍 Lint	Check formatting	2025-12-21T13:03:36.2548231Z      /// Undo last transform
🔍 Lint	Check formatting	2025-12-21T13:03:36.2548481Z      fn undo_last_transform(&mut self) -> ProcessResult {
🔍 Lint	Check formatting	2025-12-21T13:03:36.2548923Z -        if let (Some(pos), Some(original)) = (self.last_transform.position, self.last_transform.original) {
🔍 Lint	Check formatting	2025-12-21T13:03:36.2549340Z +        if let (Some(pos), Some(original)) =
🔍 Lint	Check formatting	2025-12-21T13:03:36.2549664Z +            (self.last_transform.position, self.last_transform.original)
🔍 Lint	Check formatting	2025-12-21T13:03:36.2549960Z +        {
🔍 Lint	Check formatting	2025-12-21T13:03:36.2550132Z              if pos < self.buffer.len() {
🔍 Lint	Check formatting	2025-12-21T13:03:36.2550389Z                  self.buffer.replace(pos, original);
🔍 Lint	Check formatting	2025-12-21T13:03:36.2551070Z                  self.last_transform = LastTransform::default();
🔍 Lint	Check formatting	2025-12-21T13:03:36.2551465Z Diff in /home/runner/work/vietflux-ime/vietflux-ime/core/src/engine.rs:455:
🔍 Lint	Check formatting	2025-12-21T13:03:36.2551797Z -                
🔍 Lint	Check formatting	2025-12-21T13:03:36.2551965Z +
🔍 Lint	Check formatting	2025-12-21T13:03:36.2552133Z                  let text = self.buffer.get_text();
🔍 Lint	Check formatting	2025-12-21T13:03:36.2552453Z                  return ProcessResult::update(text, self.buffer.len());
🔍 Lint	Check formatting	2025-12-21T13:03:36.2552730Z              }
🔍 Lint	Check formatting	2025-12-21T13:03:36.2553007Z Diff in /home/runner/work/vietflux-ime/vietflux-ime/core/src/engine.rs:459:
🔍 Lint	Check formatting	2025-12-21T13:03:36.2553328Z          }
🔍 Lint	Check formatting	2025-12-21T13:03:36.2553478Z -        
🔍 Lint	Check formatting	2025-12-21T13:03:36.2553622Z +
🔍 Lint	Check formatting	2025-12-21T13:03:36.2553794Z          ProcessResult::passthrough()
🔍 Lint	Check formatting	2025-12-21T13:03:36.2554015Z      }
🔍 Lint	Check formatting	2025-12-21T13:03:36.2554157Z  
🔍 Lint	Check formatting	2025-12-21T13:03:36.2554417Z Diff in /home/runner/work/vietflux-ime/vietflux-ime/core/src/engine.rs:525:
🔍 Lint	Check formatting	2025-12-21T13:03:36.2554757Z      fn test_telex_basic() {
🔍 Lint	Check formatting	2025-12-21T13:03:36.2554981Z          let mut engine = Engine::new();
🔍 Lint	Check formatting	2025-12-21T13:03:36.2555225Z          engine.set_method("telex");
🔍 Lint	Check formatting	2025-12-21T13:03:36.2555442Z -        
🔍 Lint	Check formatting	2025-12-21T13:03:36.2555588Z +
🔍 Lint	Check formatting	2025-12-21T13:03:36.2555756Z          engine.process_key('v', false);
🔍 Lint	Check formatting	2025-12-21T13:03:36.2555994Z          engine.process_key('i', false);
🔍 Lint	Check formatting	2025-12-21T13:03:36.2556386Z          engine.process_key('e', false);
🔍 Lint	Check formatting	2025-12-21T13:03:36.2556730Z Diff in /home/runner/work/vietflux-ime/vietflux-ime/core/src/engine.rs:532:
🔍 Lint	Check formatting	2025-12-21T13:03:36.2557077Z          engine.process_key('t', false);
🔍 Lint	Check formatting	2025-12-21T13:03:36.2557298Z -        
🔍 Lint	Check formatting	2025-12-21T13:03:36.2557442Z +
🔍 Lint	Check formatting	2025-12-21T13:03:36.2557618Z          assert_eq!(engine.get_buffer(), "viet");
🔍 Lint	Check formatting	2025-12-21T13:03:36.2557852Z      }
🔍 Lint	Check formatting	2025-12-21T13:03:36.2557999Z  
🔍 Lint	Check formatting	2025-12-21T13:03:36.2558254Z Diff in /home/runner/work/vietflux-ime/vietflux-ime/core/src/engine.rs:538:
🔍 Lint	Check formatting	2025-12-21T13:03:36.2558596Z      fn test_telex_tone() {
🔍 Lint	Check formatting	2025-12-21T13:03:36.2558812Z          let mut engine = Engine::new();
🔍 Lint	Check formatting	2025-12-21T13:03:36.2559055Z          engine.set_method("telex");
🔍 Lint	Check formatting	2025-12-21T13:03:36.2559270Z -        
🔍 Lint	Check formatting	2025-12-21T13:03:36.2559412Z +
🔍 Lint	Check formatting	2025-12-21T13:03:36.2559577Z          engine.process_key('a', false);
🔍 Lint	Check formatting	2025-12-21T13:03:36.2559809Z          engine.process_key('s', false);
🔍 Lint	Check formatting	2025-12-21T13:03:36.2560026Z -        
🔍 Lint	Check formatting	2025-12-21T13:03:36.2560169Z +
🔍 Lint	Check formatting	2025-12-21T13:03:36.2560411Z          assert_eq!(engine.get_buffer(), "á");
🔍 Lint	Check formatting	2025-12-21T13:03:36.2560755Z      }
🔍 Lint	Check formatting	2025-12-21T13:03:36.2560907Z  
🔍 Lint	Check formatting	2025-12-21T13:03:36.2561164Z Diff in /home/runner/work/vietflux-ime/vietflux-ime/core/src/engine.rs:549:
🔍 Lint	Check formatting	2025-12-21T13:03:36.2561508Z      fn test_telex_circumflex() {
🔍 Lint	Check formatting	2025-12-21T13:03:36.2561746Z          let mut engine = Engine::new();
🔍 Lint	Check formatting	2025-12-21T13:03:36.2561980Z          engine.set_method("telex");
🔍 Lint	Check formatting	2025-12-21T13:03:36.2562195Z -        
🔍 Lint	Check formatting	2025-12-21T13:03:36.2562340Z +
🔍 Lint	Check formatting	2025-12-21T13:03:36.2562501Z          engine.process_key('a', false);
🔍 Lint	Check formatting	2025-12-21T13:03:36.2562735Z          engine.process_key('a', false);
🔍 Lint	Check formatting	2025-12-21T13:03:36.2562954Z -        
🔍 Lint	Check formatting	2025-12-21T13:03:36.2563104Z +
🔍 Lint	Check formatting	2025-12-21T13:03:36.2563319Z          assert_eq!(engine.get_buffer(), "â");
🔍 Lint	Check formatting	2025-12-21T13:03:36.2563543Z      }
🔍 Lint	Check formatting	2025-12-21T13:03:36.2563693Z  
🔍 Lint	Check formatting	2025-12-21T13:03:36.2563952Z Diff in /home/runner/work/vietflux-ime/vietflux-ime/core/src/engine.rs:560:
🔍 Lint	Check formatting	2025-12-21T13:03:36.2564287Z      fn test_double_mark_undo() {
🔍 Lint	Check formatting	2025-12-21T13:03:36.2564521Z          let mut engine = Engine::new();
🔍 Lint	Check formatting	2025-12-21T13:03:36.2564749Z          engine.set_method("telex");
🔍 Lint	Check formatting	2025-12-21T13:03:36.2564994Z -        
🔍 Lint	Check formatting	2025-12-21T13:03:36.2565137Z +
🔍 Lint	Check formatting	2025-12-21T13:03:36.2565299Z          engine.process_key('a', false);
🔍 Lint	Check formatting	2025-12-21T13:03:36.2565570Z          engine.process_key('s', false); // á
🔍 Lint	Check formatting	2025-12-21T13:03:36.2565864Z          engine.process_key('s', false); // should become "as"
🔍 Lint	Check formatting	2025-12-21T13:03:36.2566248Z Diff in /home/runner/work/vietflux-ime/vietflux-ime/core/src/engine.rs:567:
🔍 Lint	Check formatting	2025-12-21T13:03:36.2566580Z -        
🔍 Lint	Check formatting	2025-12-21T13:03:36.2566729Z +
🔍 Lint	Check formatting	2025-12-21T13:03:36.2566891Z          assert_eq!(engine.get_buffer(), "as");
🔍 Lint	Check formatting	2025-12-21T13:03:36.2567262Z      }
🔍 Lint	Check formatting	2025-12-21T13:03:36.2567407Z  
🔍 Lint	Check formatting	2025-12-21T13:03:36.2567667Z Diff in /home/runner/work/vietflux-ime/vietflux-ime/core/src/engine.rs:572:
🔍 Lint	Check formatting	2025-12-21T13:03:36.2568002Z      fn test_vni_basic() {
🔍 Lint	Check formatting	2025-12-21T13:03:36.2568219Z          let mut engine = Engine::new();
🔍 Lint	Check formatting	2025-12-21T13:03:36.2568459Z          engine.set_method("vni");
🔍 Lint	Check formatting	2025-12-21T13:03:36.2568675Z -        
🔍 Lint	Check formatting	2025-12-21T13:03:36.2568825Z +
🔍 Lint	Check formatting	2025-12-21T13:03:36.2568986Z          engine.process_key('a', false);
🔍 Lint	Check formatting	2025-12-21T13:03:36.2569220Z          engine.process_key('1', false);
🔍 Lint	Check formatting	2025-12-21T13:03:36.2569446Z -        
🔍 Lint	Check formatting	2025-12-21T13:03:36.2569594Z +
🔍 Lint	Check formatting	2025-12-21T13:03:36.2569801Z          assert_eq!(engine.get_buffer(), "á");
🔍 Lint	Check formatting	2025-12-21T13:03:36.2570032Z      }
🔍 Lint	Check formatting	2025-12-21T13:03:36.2570173Z  
🔍 Lint	Check formatting	2025-12-21T13:03:36.2570433Z Diff in /home/runner/work/vietflux-ime/vietflux-ime/core/src/engine.rs:582:
🔍 Lint	Check formatting	2025-12-21T13:03:36.2570864Z      #[test]
🔍 Lint	Check formatting	2025-12-21T13:03:36.2571045Z      fn test_shortcut_expansion() {
🔍 Lint	Check formatting	2025-12-21T13:03:36.2571288Z          let mut engine = Engine::new();
🔍 Lint	Check formatting	2025-12-21T13:03:36.2571506Z -        
🔍 Lint	Check formatting	2025-12-21T13:03:36.2571656Z +
🔍 Lint	Check formatting	2025-12-21T13:03:36.2571810Z          engine.process_key('k', false);
🔍 Lint	Check formatting	2025-12-21T13:03:36.2572047Z          engine.process_key('o', false);
🔍 Lint	Check formatting	2025-12-21T13:03:36.2572259Z -        
🔍 Lint	Check formatting	2025-12-21T13:03:36.2572405Z +
🔍 Lint	Check formatting	2025-12-21T13:03:36.2572731Z          // Should expand "ko" to "không"
🔍 Lint	Check formatting	2025-12-21T13:03:36.2573036Z          assert_eq!(engine.get_buffer(), "không");
🔍 Lint	Check formatting	2025-12-21T13:03:36.2573274Z      }
🔍 Lint	Check formatting	2025-12-21T13:03:36.2573531Z Diff in /home/runner/work/vietflux-ime/vietflux-ime/core/src/lib.rs:12:
🔍 Lint	Check formatting	2025-12-21T13:03:36.2573861Z  //! # Usage (JavaScript/WASM)
🔍 Lint	Check formatting	2025-12-21T13:03:36.2574070Z  //! ```javascript
🔍 Lint	Check formatting	2025-12-21T13:03:36.2574294Z  //! import init, { VietFlux } from 'vietflux-core';
🔍 Lint	Check formatting	2025-12-21T13:03:36.2574552Z -//! 
🔍 Lint	Check formatting	2025-12-21T13:03:36.2574704Z +//!
🔍 Lint	Check formatting	2025-12-21T13:03:36.2574853Z  //! await init();
🔍 Lint	Check formatting	2025-12-21T13:03:36.2575040Z  //! const ime = new VietFlux();
🔍 Lint	Check formatting	2025-12-21T13:03:36.2575260Z  //! ime.set_method('telex');
🔍 Lint	Check formatting	2025-12-21T13:03:36.2575584Z Diff in /home/runner/work/vietflux-ime/vietflux-ime/core/src/lib.rs:19:
🔍 Lint	Check formatting	2025-12-21T13:03:36.2575899Z -//! 
🔍 Lint	Check formatting	2025-12-21T13:03:36.2576050Z +//!
🔍 Lint	Check formatting	2025-12-21T13:03:36.2576216Z  //! const result = ime.process_key('a');
🔍 Lint	Check formatting	2025-12-21T13:03:36.2576488Z  //! console.log(result.output); // 'a'
🔍 Lint	Check formatting	2025-12-21T13:03:36.2576725Z -//! 
🔍 Lint	Check formatting	2025-12-21T13:03:36.2576874Z +//!
🔍 Lint	Check formatting	2025-12-21T13:03:36.2577045Z  //! const result2 = ime.process_key('a');
🔍 Lint	Check formatting	2025-12-21T13:03:36.2577393Z  //! console.log(result2.output); // 'â' (aa -> â in Telex)
🔍 Lint	Check formatting	2025-12-21T13:03:36.2577671Z  //! ```
🔍 Lint	Check formatting	2025-12-21T13:03:36.2577922Z Diff in /home/runner/work/vietflux-ime/vietflux-ime/core/src/lib.rs:32:
🔍 Lint	Check formatting	2025-12-21T13:03:36.2578251Z  pub mod transform;
🔍 Lint	Check formatting	2025-12-21T13:03:36.2578433Z  pub mod validation;
🔍 Lint	Check formatting	2025-12-21T13:03:36.2578619Z  
🔍 Lint	Check formatting	2025-12-21T13:03:36.2578788Z -use wasm_bindgen::prelude::*;
🔍 Lint	Check formatting	2025-12-21T13:03:36.2579005Z  use engine::Engine;
🔍 Lint	Check formatting	2025-12-21T13:03:36.2579192Z +use wasm_bindgen::prelude::*;
🔍 Lint	Check formatting	2025-12-21T13:03:36.2579394Z  
🔍 Lint	Check formatting	2025-12-21T13:03:36.2579583Z  /// Main VietFlux IME instance exposed to JavaScript
🔍 Lint	Check formatting	2025-12-21T13:03:36.2579849Z  #[wasm_bindgen]
🔍 Lint	Check formatting	2025-12-21T13:03:36.2580149Z Diff in /home/runner/work/vietflux-ime/vietflux-ime/core/src/methods/mod.rs:31:
🔍 Lint	Check formatting	2025-12-21T13:03:36.2580514Z  pub trait InputMethod: Send + Sync {
🔍 Lint	Check formatting	2025-12-21T13:03:36.2580883Z      /// Get method name
🔍 Lint	Check formatting	2025-12-21T13:03:36.2581083Z      fn name(&self) -> &'static str;
🔍 Lint	Check formatting	2025-12-21T13:03:36.2581298Z -    
🔍 Lint	Check formatting	2025-12-21T13:03:36.2581438Z +
🔍 Lint	Check formatting	2025-12-21T13:03:36.2581608Z      /// Process a key and return the action
🔍 Lint	Check formatting	2025-12-21T13:03:36.2581926Z      fn process(&self, key: char, prev_char: Option<char>) -> KeyAction;
🔍 Lint	Check formatting	2025-12-21T13:03:36.2582228Z -    
🔍 Lint	Check formatting	2025-12-21T13:03:36.2582373Z +
🔍 Lint	Check formatting	2025-12-21T13:03:36.2582587Z      /// Check if key is a modifier key (not a regular character)
🔍 Lint	Check formatting	2025-12-21T13:03:36.2582902Z      fn is_modifier_key(&self, key: char) -> bool;
🔍 Lint	Check formatting	2025-12-21T13:03:36.2583136Z  }
🔍 Lint	Check formatting	2025-12-21T13:03:36.2583428Z Diff in /home/runner/work/vietflux-ime/vietflux-ime/core/src/methods/telex.rs:16:
🔍 Lint	Check formatting	2025-12-21T13:03:36.2583926Z      fn name(&self) -> &'static str {
🔍 Lint	Check formatting	2025-12-21T13:03:36.2584149Z          "telex"
🔍 Lint	Check formatting	2025-12-21T13:03:36.2584309Z      }
🔍 Lint	Check formatting	2025-12-21T13:03:36.2584458Z -    
🔍 Lint	Check formatting	2025-12-21T13:03:36.2584596Z +
🔍 Lint	Check formatting	2025-12-21T13:03:36.2584828Z      fn process(&self, key: char, prev_char: Option<char>) -> KeyAction {
🔍 Lint	Check formatting	2025-12-21T13:03:36.2585169Z          let key_lower = key.to_ascii_lowercase();
🔍 Lint	Check formatting	2025-12-21T13:03:36.2585404Z -        
🔍 Lint	Check formatting	2025-12-21T13:03:36.2585554Z +
🔍 Lint	Check formatting	2025-12-21T13:03:36.2585705Z          match key_lower {
🔍 Lint	Check formatting	2025-12-21T13:03:36.2585903Z              // Tone marks
🔍 Lint	Check formatting	2025-12-21T13:03:36.2586196Z -            's' => KeyAction::Tone(ToneMark::Acute),   // sắc
🔍 Lint	Check formatting	2025-12-21T13:03:36.2586569Z -            'f' => KeyAction::Tone(ToneMark::Grave),   // huyền
🔍 Lint	Check formatting	2025-12-21T13:03:36.2586912Z -            'r' => KeyAction::Tone(ToneMark::Hook),    // hỏi
🔍 Lint	Check formatting	2025-12-21T13:03:36.2587205Z -            'x' => KeyAction::Tone(ToneMark::Tilde),   // ngã
🔍 Lint	Check formatting	2025-12-21T13:03:36.2587545Z -            'j' => KeyAction::Tone(ToneMark::Dot),     // nặng
🔍 Lint	Check formatting	2025-12-21T13:03:36.2587813Z -            
🔍 Lint	Check formatting	2025-12-21T13:03:36.2588071Z +            's' => KeyAction::Tone(ToneMark::Acute), // sắc
🔍 Lint	Check formatting	2025-12-21T13:03:36.2588403Z +            'f' => KeyAction::Tone(ToneMark::Grave), // huyền
🔍 Lint	Check formatting	2025-12-21T13:03:36.2588736Z +            'r' => KeyAction::Tone(ToneMark::Hook),  // hỏi
🔍 Lint	Check formatting	2025-12-21T13:03:36.2589147Z +            'x' => KeyAction::Tone(ToneMark::Tilde), // ngã
🔍 Lint	Check formatting	2025-12-21T13:03:36.2589497Z +            'j' => KeyAction::Tone(ToneMark::Dot),   // nặng
🔍 Lint	Check formatting	2025-12-21T13:03:36.2589740Z +
🔍 Lint	Check formatting	2025-12-21T13:03:36.2589927Z              // Vowel modifiers (double key = circumflex)
🔍 Lint	Check formatting	2025-12-21T13:03:36.2590185Z              'a' | 'e' | 'o' => {
🔍 Lint	Check formatting	2025-12-21T13:03:36.2590411Z                  if let Some(prev) = prev_char {
🔍 Lint	Check formatting	2025-12-21T13:03:36.2591029Z Diff in /home/runner/work/vietflux-ime/vietflux-ime/core/src/methods/telex.rs:37:
🔍 Lint	Check formatting	2025-12-21T13:03:36.2591397Z                  }
🔍 Lint	Check formatting	2025-12-21T13:03:36.2591616Z                  KeyAction::None
🔍 Lint	Check formatting	2025-12-21T13:03:36.2591830Z              }
🔍 Lint	Check formatting	2025-12-21T13:03:36.2591994Z -            
🔍 Lint	Check formatting	2025-12-21T13:03:36.2592148Z +
🔍 Lint	Check formatting	2025-12-21T13:03:36.2592371Z              // w = horn (ơ, ư) or breve (ă)
🔍 Lint	Check formatting	2025-12-21T13:03:36.2592598Z              'w' => {
🔍 Lint	Check formatting	2025-12-21T13:03:36.2592802Z                  if let Some(prev) = prev_char {
🔍 Lint	Check formatting	2025-12-21T13:03:36.2593200Z Diff in /home/runner/work/vietflux-ime/vietflux-ime/core/src/methods/telex.rs:44:
🔍 Lint	Check formatting	2025-12-21T13:03:36.2593586Z                      match prev.to_ascii_lowercase() {
🔍 Lint	Check formatting	2025-12-21T13:03:36.2593902Z -                        'a' => KeyAction::Modifier(VowelMod::Breve),  // aw = ă
🔍 Lint	Check formatting	2025-12-21T13:03:36.2594227Z +                        'a' => KeyAction::Modifier(VowelMod::Breve), // aw = ă
🔍 Lint	Check formatting	2025-12-21T13:03:36.2594636Z                          'o' | 'u' => KeyAction::Modifier(VowelMod::Horn), // ow=ơ, uw=ư
🔍 Lint	Check formatting	2025-12-21T13:03:36.2594940Z                          _ => KeyAction::None,
🔍 Lint	Check formatting	2025-12-21T13:03:36.2595171Z                      }
🔍 Lint	Check formatting	2025-12-21T13:03:36.2595483Z Diff in /home/runner/work/vietflux-ime/vietflux-ime/core/src/methods/telex.rs:50:
🔍 Lint	Check formatting	2025-12-21T13:03:36.2595855Z                      KeyAction::None
🔍 Lint	Check formatting	2025-12-21T13:03:36.2596066Z                  }
🔍 Lint	Check formatting	2025-12-21T13:03:36.2596226Z              }
🔍 Lint	Check formatting	2025-12-21T13:03:36.2596382Z -            
🔍 Lint	Check formatting	2025-12-21T13:03:36.2596534Z +
🔍 Lint	Check formatting	2025-12-21T13:03:36.2596712Z              // dd = đ
🔍 Lint	Check formatting	2025-12-21T13:03:36.2596881Z              'd' => {
🔍 Lint	Check formatting	2025-12-21T13:03:36.2597075Z                  if let Some(prev) = prev_char {
🔍 Lint	Check formatting	2025-12-21T13:03:36.2597438Z Diff in /home/runner/work/vietflux-ime/vietflux-ime/core/src/methods/telex.rs:60:
🔍 Lint	Check formatting	2025-12-21T13:03:36.2597789Z                  }
🔍 Lint	Check formatting	2025-12-21T13:03:36.2597971Z                  KeyAction::None
🔍 Lint	Check formatting	2025-12-21T13:03:36.2598169Z              }
🔍 Lint	Check formatting	2025-12-21T13:03:36.2598325Z -            
🔍 Lint	Check formatting	2025-12-21T13:03:36.2598477Z +
🔍 Lint	Check formatting	2025-12-21T13:03:36.2598635Z              // z = remove diacritics
🔍 Lint	Check formatting	2025-12-21T13:03:36.2598876Z              'z' => KeyAction::RemoveDiacritics,
🔍 Lint	Check formatting	2025-12-21T13:03:36.2599112Z -            
🔍 Lint	Check formatting	2025-12-21T13:03:36.2599408Z +
🔍 Lint	Check formatting	2025-12-21T13:03:36.2599571Z              _ => KeyAction::None,
🔍 Lint	Check formatting	2025-12-21T13:03:36.2599775Z          }
🔍 Lint	Check formatting	2025-12-21T13:03:36.2599927Z      }
🔍 Lint	Check formatting	2025-12-21T13:03:36.2600219Z Diff in /home/runner/work/vietflux-ime/vietflux-ime/core/src/methods/telex.rs:70:
🔍 Lint	Check formatting	2025-12-21T13:03:36.2600561Z -    
🔍 Lint	Check formatting	2025-12-21T13:03:36.2600829Z +
🔍 Lint	Check formatting	2025-12-21T13:03:36.2601010Z      fn is_modifier_key(&self, key: char) -> bool {
🔍 Lint	Check formatting	2025-12-21T13:03:36.2601265Z -        matches!(
🔍 Lint	Check formatting	2025-12-21T13:03:36.2601448Z -            key.to_ascii_lowercase(),
🔍 Lint	Check formatting	2025-12-21T13:03:36.2601687Z -            's' | 'f' | 'r' | 'x' | 'j' | 'z'
🔍 Lint	Check formatting	2025-12-21T13:03:36.2601908Z -        )
🔍 Lint	Check formatting	2025-12-21T13:03:36.2602160Z +        matches!(key.to_ascii_lowercase(), 's' | 'f' | 'r' | 'x' | 'j' | 'z')
🔍 Lint	Check formatting	2025-12-21T13:03:36.2602464Z      }
🔍 Lint	Check formatting	2025-12-21T13:03:36.2602612Z  }
🔍 Lint	Check formatting	2025-12-21T13:03:36.2602755Z  
🔍 Lint	Check formatting	2025-12-21T13:03:36.2603028Z Diff in /home/runner/work/vietflux-ime/vietflux-ime/core/src/methods/telex.rs:93:
🔍 Lint	Check formatting	2025-12-21T13:03:36.2603380Z      #[test]
🔍 Lint	Check formatting	2025-12-21T13:03:36.2603555Z      fn test_telex_circumflex() {
🔍 Lint	Check formatting	2025-12-21T13:03:36.2603782Z          let telex = Telex;
🔍 Lint	Check formatting	2025-12-21T13:03:36.2604112Z -        assert_eq!(telex.process('a', Some('a')), KeyAction::Modifier(VowelMod::Circumflex));
🔍 Lint	Check formatting	2025-12-21T13:03:36.2604605Z -        assert_eq!(telex.process('e', Some('e')), KeyAction::Modifier(VowelMod::Circumflex));
🔍 Lint	Check formatting	2025-12-21T13:03:36.2605213Z -        assert_eq!(telex.process('o', Some('o')), KeyAction::Modifier(VowelMod::Circumflex));
🔍 Lint	Check formatting	2025-12-21T13:03:36.2605567Z +        assert_eq!(
🔍 Lint	Check formatting	2025-12-21T13:03:36.2605768Z +            telex.process('a', Some('a')),
🔍 Lint	Check formatting	2025-12-21T13:03:36.2606037Z +            KeyAction::Modifier(VowelMod::Circumflex)
🔍 Lint	Check formatting	2025-12-21T13:03:36.2606294Z +        );
🔍 Lint	Check formatting	2025-12-21T13:03:36.2606449Z +        assert_eq!(
🔍 Lint	Check formatting	2025-12-21T13:03:36.2606641Z +            telex.process('e', Some('e')),
🔍 Lint	Check formatting	2025-12-21T13:03:36.2606904Z +            KeyAction::Modifier(VowelMod::Circumflex)
🔍 Lint	Check formatting	2025-12-21T13:03:36.2607148Z +        );
🔍 Lint	Check formatting	2025-12-21T13:03:36.2607298Z +        assert_eq!(
🔍 Lint	Check formatting	2025-12-21T13:03:36.2607493Z +            telex.process('o', Some('o')),
🔍 Lint	Check formatting	2025-12-21T13:03:36.2607758Z +            KeyAction::Modifier(VowelMod::Circumflex)
🔍 Lint	Check formatting	2025-12-21T13:03:36.2608004Z +        );
🔍 Lint	Check formatting	2025-12-21T13:03:36.2608149Z      }
🔍 Lint	Check formatting	2025-12-21T13:03:36.2608295Z  
🔍 Lint	Check formatting	2025-12-21T13:03:36.2608435Z      #[test]
🔍 Lint	Check formatting	2025-12-21T13:03:36.2608745Z Diff in /home/runner/work/vietflux-ime/vietflux-ime/core/src/methods/telex.rs:102:
🔍 Lint	Check formatting	2025-12-21T13:03:36.2609119Z      fn test_telex_horn_breve() {
🔍 Lint	Check formatting	2025-12-21T13:03:36.2609341Z          let telex = Telex;
🔍 Lint	Check formatting	2025-12-21T13:03:36.2609659Z -        assert_eq!(telex.process('w', Some('a')), KeyAction::Modifier(VowelMod::Breve));
🔍 Lint	Check formatting	2025-12-21T13:03:36.2610107Z -        assert_eq!(telex.process('w', Some('o')), KeyAction::Modifier(VowelMod::Horn));
🔍 Lint	Check formatting	2025-12-21T13:03:36.2610550Z -        assert_eq!(telex.process('w', Some('u')), KeyAction::Modifier(VowelMod::Horn));
🔍 Lint	Check formatting	2025-12-21T13:03:36.2610986Z +        assert_eq!(
🔍 Lint	Check formatting	2025-12-21T13:03:36.2611181Z +            telex.process('w', Some('a')),
🔍 Lint	Check formatting	2025-12-21T13:03:36.2611439Z +            KeyAction::Modifier(VowelMod::Breve)
🔍 Lint	Check formatting	2025-12-21T13:03:36.2611677Z +        );
🔍 Lint	Check formatting	2025-12-21T13:03:36.2611828Z +        assert_eq!(
🔍 Lint	Check formatting	2025-12-21T13:03:36.2612018Z +            telex.process('w', Some('o')),
🔍 Lint	Check formatting	2025-12-21T13:03:36.2612272Z +            KeyAction::Modifier(VowelMod::Horn)
🔍 Lint	Check formatting	2025-12-21T13:03:36.2612507Z +        );
🔍 Lint	Check formatting	2025-12-21T13:03:36.2612670Z +        assert_eq!(
🔍 Lint	Check formatting	2025-12-21T13:03:36.2612855Z +            telex.process('w', Some('u')),
🔍 Lint	Check formatting	2025-12-21T13:03:36.2613103Z +            KeyAction::Modifier(VowelMod::Horn)
🔍 Lint	Check formatting	2025-12-21T13:03:36.2613332Z +        );
🔍 Lint	Check formatting	2025-12-21T13:03:36.2613484Z      }
🔍 Lint	Check formatting	2025-12-21T13:03:36.2613626Z  
🔍 Lint	Check formatting	2025-12-21T13:03:36.2613770Z      #[test]
🔍 Lint	Check formatting	2025-12-21T13:03:36.2614058Z Diff in /home/runner/work/vietflux-ime/vietflux-ime/core/src/methods/vni.rs:16:
🔍 Lint	Check formatting	2025-12-21T13:03:36.2614428Z      fn name(&self) -> &'static str {
🔍 Lint	Check formatting	2025-12-21T13:03:36.2614650Z          "vni"
🔍 Lint	Check formatting	2025-12-21T13:03:36.2614807Z      }
🔍 Lint	Check formatting	2025-12-21T13:03:36.2614951Z -    
🔍 Lint	Check formatting	2025-12-21T13:03:36.2615215Z +
🔍 Lint	Check formatting	2025-12-21T13:03:36.2615456Z      fn process(&self, key: char, prev_char: Option<char>) -> KeyAction {
🔍 Lint	Check formatting	2025-12-21T13:03:36.2615765Z          match key {
🔍 Lint	Check formatting	2025-12-21T13:03:36.2615944Z              // Tone marks
🔍 Lint	Check formatting	2025-12-21T13:03:36.2616259Z Diff in /home/runner/work/vietflux-ime/vietflux-ime/core/src/methods/vni.rs:23:
🔍 Lint	Check formatting	2025-12-21T13:03:36.2616728Z -            '1' => KeyAction::Tone(ToneMark::Acute),   // sắc
🔍 Lint	Check formatting	2025-12-21T13:03:36.2617079Z -            '2' => KeyAction::Tone(ToneMark::Grave),   // huyền
🔍 Lint	Check formatting	2025-12-21T13:03:36.2617431Z -            '3' => KeyAction::Tone(ToneMark::Hook),    // hỏi
🔍 Lint	Check formatting	2025-12-21T13:03:36.2617719Z -            '4' => KeyAction::Tone(ToneMark::Tilde),   // ngã
🔍 Lint	Check formatting	2025-12-21T13:03:36.2618055Z -            '5' => KeyAction::Tone(ToneMark::Dot),     // nặng
🔍 Lint	Check formatting	2025-12-21T13:03:36.2618308Z -            
🔍 Lint	Check formatting	2025-12-21T13:03:36.2618558Z +            '1' => KeyAction::Tone(ToneMark::Acute), // sắc
🔍 Lint	Check formatting	2025-12-21T13:03:36.2618897Z +            '2' => KeyAction::Tone(ToneMark::Grave), // huyền
🔍 Lint	Check formatting	2025-12-21T13:03:36.2619232Z +            '3' => KeyAction::Tone(ToneMark::Hook),  // hỏi
🔍 Lint	Check formatting	2025-12-21T13:03:36.2619513Z +            '4' => KeyAction::Tone(ToneMark::Tilde), // ngã
🔍 Lint	Check formatting	2025-12-21T13:03:36.2619851Z +            '5' => KeyAction::Tone(ToneMark::Dot),   // nặng
🔍 Lint	Check formatting	2025-12-21T13:03:36.2620091Z +
🔍 Lint	Check formatting	2025-12-21T13:03:36.2620249Z              // Vowel modifiers
🔍 Lint	Check formatting	2025-12-21T13:03:36.2620821Z              '6' => KeyAction::Modifier(VowelMod::Circumflex), // â, ê, ô
🔍 Lint	Check formatting	2025-12-21T13:03:36.2621232Z              '7' => KeyAction::Modifier(VowelMod::Horn),       // ơ, ư
🔍 Lint	Check formatting	2025-12-21T13:03:36.2621638Z Diff in /home/runner/work/vietflux-ime/vietflux-ime/core/src/methods/vni.rs:32:
🔍 Lint	Check formatting	2025-12-21T13:03:36.2622044Z              '8' => KeyAction::Modifier(VowelMod::Breve),      // ă
🔍 Lint	Check formatting	2025-12-21T13:03:36.2622310Z -            
🔍 Lint	Check formatting	2025-12-21T13:03:36.2622465Z +
🔍 Lint	Check formatting	2025-12-21T13:03:36.2622650Z              // Stroke (đ)
🔍 Lint	Check formatting	2025-12-21T13:03:36.2622839Z              '9' => {
🔍 Lint	Check formatting	2025-12-21T13:03:36.2623045Z                  if let Some(prev) = prev_char {
🔍 Lint	Check formatting	2025-12-21T13:03:36.2623416Z Diff in /home/runner/work/vietflux-ime/vietflux-ime/core/src/methods/vni.rs:40:
🔍 Lint	Check formatting	2025-12-21T13:03:36.2623762Z                  }
🔍 Lint	Check formatting	2025-12-21T13:03:36.2623940Z                  KeyAction::None
🔍 Lint	Check formatting	2025-12-21T13:03:36.2624143Z              }
🔍 Lint	Check formatting	2025-12-21T13:03:36.2624300Z -            
🔍 Lint	Check formatting	2025-12-21T13:03:36.2624370Z +
🔍 Lint	Check formatting	2025-12-21T13:03:36.2624459Z              // Remove diacritics
🔍 Lint	Check formatting	2025-12-21T13:03:36.2624555Z              '0' => KeyAction::RemoveDiacritics,
🔍 Lint	Check formatting	2025-12-21T13:03:36.2624624Z -            
🔍 Lint	Check formatting	2025-12-21T13:03:36.2624687Z +
🔍 Lint	Check formatting	2025-12-21T13:03:36.2624770Z              _ => KeyAction::None,
🔍 Lint	Check formatting	2025-12-21T13:03:36.2624834Z          }
🔍 Lint	Check formatting	2025-12-21T13:03:36.2624905Z      }
🔍 Lint	Check formatting	2025-12-21T13:03:36.2625103Z Diff in /home/runner/work/vietflux-ime/vietflux-ime/core/src/methods/vni.rs:50:
🔍 Lint	Check formatting	2025-12-21T13:03:36.2625169Z -    
🔍 Lint	Check formatting	2025-12-21T13:03:36.2625236Z +
🔍 Lint	Check formatting	2025-12-21T13:03:36.2625341Z      fn is_modifier_key(&self, key: char) -> bool {
🔍 Lint	Check formatting	2025-12-21T13:03:36.2625423Z          matches!(key, '1'..='9' | '0')
🔍 Lint	Check formatting	2025-12-21T13:03:36.2625493Z      }
🔍 Lint	Check formatting	2025-12-21T13:03:36.2625691Z Diff in /home/runner/work/vietflux-ime/vietflux-ime/core/src/methods/vni.rs:70:
🔍 Lint	Check formatting	2025-12-21T13:03:36.2625759Z      #[test]
🔍 Lint	Check formatting	2025-12-21T13:03:36.2625846Z      fn test_vni_modifiers() {
🔍 Lint	Check formatting	2025-12-21T13:03:36.2625924Z          let vni = Vni;
🔍 Lint	Check formatting	2025-12-21T13:03:36.2626115Z -        assert_eq!(vni.process('6', None), KeyAction::Modifier(VowelMod::Circumflex));
🔍 Lint	Check formatting	2025-12-21T13:03:36.2626188Z +        assert_eq!(
🔍 Lint	Check formatting	2025-12-21T13:03:36.2626269Z +            vni.process('6', None),
🔍 Lint	Check formatting	2025-12-21T13:03:36.2626383Z +            KeyAction::Modifier(VowelMod::Circumflex)
🔍 Lint	Check formatting	2025-12-21T13:03:36.2626449Z +        );
🔍 Lint	Check formatting	2025-12-21T13:03:36.2626619Z          assert_eq!(vni.process('7', None), KeyAction::Modifier(VowelMod::Horn));
🔍 Lint	Check formatting	2025-12-21T13:03:36.2626792Z          assert_eq!(vni.process('8', None), KeyAction::Modifier(VowelMod::Breve));
🔍 Lint	Check formatting	2025-12-21T13:03:36.2626859Z      }
🔍 Lint	Check formatting	2025-12-21T13:03:36.2627255Z Diff in /home/runner/work/vietflux-ime/vietflux-ime/core/src/shortcuts.rs:35:
🔍 Lint	Check formatting	2025-12-21T13:03:36.2627508Z      pub fn new() -> Self {
🔍 Lint	Check formatting	2025-12-21T13:03:36.2627587Z          Self::default()
🔍 Lint	Check formatting	2025-12-21T13:03:36.2627651Z      }
🔍 Lint	Check formatting	2025-12-21T13:03:36.2627712Z -    
🔍 Lint	Check formatting	2025-12-21T13:03:36.2627779Z +
🔍 Lint	Check formatting	2025-12-21T13:03:36.2627851Z      /// Add a shortcut
🔍 Lint	Check formatting	2025-12-21T13:03:36.2628051Z      pub fn add(&mut self, trigger: impl Into<String>, expansion: impl Into<String>) {
🔍 Lint	Check formatting	2025-12-21T13:03:36.2628184Z          let shortcut = Shortcut::new(trigger, expansion);
🔍 Lint	Check formatting	2025-12-21T13:03:36.2628380Z Diff in /home/runner/work/vietflux-ime/vietflux-ime/core/src/shortcuts.rs:47:
🔍 Lint	Check formatting	2025-12-21T13:03:36.2628445Z          }
🔍 Lint	Check formatting	2025-12-21T13:03:36.2628538Z          self.all.push(shortcut);
🔍 Lint	Check formatting	2025-12-21T13:03:36.2628601Z      }
🔍 Lint	Check formatting	2025-12-21T13:03:36.2628665Z -    
🔍 Lint	Check formatting	2025-12-21T13:03:36.2628727Z +
🔍 Lint	Check formatting	2025-12-21T13:03:36.2628815Z      /// Add multiple shortcuts
🔍 Lint	Check formatting	2025-12-21T13:03:36.2629007Z      pub fn add_all(&mut self, shortcuts: impl IntoIterator<Item = (String, String)>) {
🔍 Lint	Check formatting	2025-12-21T13:03:36.2629106Z          for (trigger, expansion) in shortcuts {
🔍 Lint	Check formatting	2025-12-21T13:03:36.2629308Z Diff in /home/runner/work/vietflux-ime/vietflux-ime/core/src/shortcuts.rs:54:
🔍 Lint	Check formatting	2025-12-21T13:03:36.2629401Z              self.add(trigger, expansion);
🔍 Lint	Check formatting	2025-12-21T13:03:36.2629465Z          }
🔍 Lint	Check formatting	2025-12-21T13:03:36.2629529Z      }
🔍 Lint	Check formatting	2025-12-21T13:03:36.2629602Z -    
🔍 Lint	Check formatting	2025-12-21T13:03:36.2629665Z +
🔍 Lint	Check formatting	2025-12-21T13:03:36.2629896Z      /// Find longest matching shortcut for the given buffer
🔍 Lint	Check formatting	2025-12-21T13:03:36.2629996Z      /// Uses longest-match-first strategy
🔍 Lint	Check formatting	2025-12-21T13:03:36.2630139Z      pub fn find_match(&self, buffer: &str) -> Option<&Shortcut> {
🔍 Lint	Check formatting	2025-12-21T13:03:36.2630327Z Diff in /home/runner/work/vietflux-ime/vietflux-ime/core/src/shortcuts.rs:61:
🔍 Lint	Check formatting	2025-12-21T13:03:36.2630417Z          let lower = buffer.to_lowercase();
🔍 Lint	Check formatting	2025-12-21T13:03:36.2630488Z -        
🔍 Lint	Check formatting	2025-12-21T13:03:36.2630553Z +
🔍 Lint	Check formatting	2025-12-21T13:03:36.2630792Z          // Get first char for indexed lookup
🔍 Lint	Check formatting	2025-12-21T13:03:36.2630896Z          let first_char = lower.chars().next()?;
🔍 Lint	Check formatting	2025-12-21T13:03:36.2630961Z -        
🔍 Lint	Check formatting	2025-12-21T13:03:36.2631029Z +
🔍 Lint	Check formatting	2025-12-21T13:03:36.2631125Z          // Get candidates starting with this char
🔍 Lint	Check formatting	2025-12-21T13:03:36.2631253Z          let candidates = self.shortcuts.get(&first_char)?;
🔍 Lint	Check formatting	2025-12-21T13:03:36.2631319Z -        
🔍 Lint	Check formatting	2025-12-21T13:03:36.2631381Z +
🔍 Lint	Check formatting	2025-12-21T13:03:36.2631464Z          // Find longest match
🔍 Lint	Check formatting	2025-12-21T13:03:36.2631575Z          let mut best_match: Option<&Shortcut> = None;
🔍 Lint	Check formatting	2025-12-21T13:03:36.2631638Z -        
🔍 Lint	Check formatting	2025-12-21T13:03:36.2631701Z +
🔍 Lint	Check formatting	2025-12-21T13:03:36.2631794Z          for shortcut in candidates {
🔍 Lint	Check formatting	2025-12-21T13:03:36.2631930Z              if lower.ends_with(&shortcut.trigger.to_lowercase()) {
🔍 Lint	Check formatting	2025-12-21T13:03:36.2632009Z                  match &best_match {
🔍 Lint	Check formatting	2025-12-21T13:03:36.2632205Z Diff in /home/runner/work/vietflux-ime/vietflux-ime/core/src/shortcuts.rs:77:
🔍 Lint	Check formatting	2025-12-21T13:03:36.2632274Z                  }
🔍 Lint	Check formatting	2025-12-21T13:03:36.2632341Z              }
🔍 Lint	Check formatting	2025-12-21T13:03:36.2632405Z          }
🔍 Lint	Check formatting	2025-12-21T13:03:36.2632476Z -        
🔍 Lint	Check formatting	2025-12-21T13:03:36.2632542Z +
🔍 Lint	Check formatting	2025-12-21T13:03:36.2632610Z          best_match
🔍 Lint	Check formatting	2025-12-21T13:03:36.2632678Z      }
🔍 Lint	Check formatting	2025-12-21T13:03:36.2632743Z -    
🔍 Lint	Check formatting	2025-12-21T13:03:36.2632807Z +
🔍 Lint	Check formatting	2025-12-21T13:03:36.2632924Z      /// Check if buffer could potentially match a shortcut
🔍 Lint	Check formatting	2025-12-21T13:03:36.2633061Z      pub fn has_potential_match(&self, buffer: &str) -> bool {
🔍 Lint	Check formatting	2025-12-21T13:03:36.2633155Z          let lower = buffer.to_lowercase();
🔍 Lint	Check formatting	2025-12-21T13:03:36.2633344Z Diff in /home/runner/work/vietflux-ime/vietflux-ime/core/src/shortcuts.rs:87:
🔍 Lint	Check formatting	2025-12-21T13:03:36.2633412Z -        
🔍 Lint	Check formatting	2025-12-21T13:03:36.2633475Z +
🔍 Lint	Check formatting	2025-12-21T13:03:36.2633558Z          for shortcut in &self.all {
🔍 Lint	Check formatting	2025-12-21T13:03:36.2633668Z              let trigger = shortcut.trigger.to_lowercase();
🔍 Lint	Check formatting	2025-12-21T13:03:36.2633765Z              if trigger.starts_with(&lower) {
🔍 Lint	Check formatting	2025-12-21T13:03:36.2633952Z Diff in /home/runner/work/vietflux-ime/vietflux-ime/core/src/shortcuts.rs:91:
🔍 Lint	Check formatting	2025-12-21T13:03:36.2634025Z                  return true;
🔍 Lint	Check formatting	2025-12-21T13:03:36.2634097Z              }
🔍 Lint	Check formatting	2025-12-21T13:03:36.2634281Z          }
🔍 Lint	Check formatting	2025-12-21T13:03:36.2634344Z -        
🔍 Lint	Check formatting	2025-12-21T13:03:36.2634408Z +
🔍 Lint	Check formatting	2025-12-21T13:03:36.2634481Z          false
🔍 Lint	Check formatting	2025-12-21T13:03:36.2634544Z      }
🔍 Lint	Check formatting	2025-12-21T13:03:36.2634608Z -    
🔍 Lint	Check formatting	2025-12-21T13:03:36.2634677Z +
🔍 Lint	Check formatting	2025-12-21T13:03:36.2634758Z      /// Clear all shortcuts
🔍 Lint	Check formatting	2025-12-21T13:03:36.2634846Z      pub fn clear(&mut self) {
🔍 Lint	Check formatting	2025-12-21T13:03:36.2634931Z          self.shortcuts.clear();
🔍 Lint	Check formatting	2025-12-21T13:03:36.2635150Z Diff in /home/runner/work/vietflux-ime/vietflux-ime/core/src/shortcuts.rs:101:
🔍 Lint	Check formatting	2025-12-21T13:03:36.2635227Z          self.all.clear();
🔍 Lint	Check formatting	2025-12-21T13:03:36.2635292Z      }
🔍 Lint	Check formatting	2025-12-21T13:03:36.2635360Z -    
🔍 Lint	Check formatting	2025-12-21T13:03:36.2635422Z +
🔍 Lint	Check formatting	2025-12-21T13:03:36.2635501Z      /// Get number of shortcuts
🔍 Lint	Check formatting	2025-12-21T13:03:36.2635584Z      pub fn len(&self) -> usize {
🔍 Lint	Check formatting	2025-12-21T13:03:36.2635663Z          self.all.len()
🔍 Lint	Check formatting	2025-12-21T13:03:36.2635858Z Diff in /home/runner/work/vietflux-ime/vietflux-ime/core/src/shortcuts.rs:107:
🔍 Lint	Check formatting	2025-12-21T13:03:36.2635922Z      }
🔍 Lint	Check formatting	2025-12-21T13:03:36.2635994Z -    
🔍 Lint	Check formatting	2025-12-21T13:03:36.2636058Z +
🔍 Lint	Check formatting	2025-12-21T13:03:36.2636132Z      /// Check if empty
🔍 Lint	Check formatting	2025-12-21T13:03:36.2636220Z      pub fn is_empty(&self) -> bool {
🔍 Lint	Check formatting	2025-12-21T13:03:36.2636303Z          self.all.is_empty()
🔍 Lint	Check formatting	2025-12-21T13:03:36.2636493Z Diff in /home/runner/work/vietflux-ime/vietflux-ime/core/src/shortcuts.rs:115:
🔍 Lint	Check formatting	2025-12-21T13:03:36.2636707Z  /// Default Vietnamese shortcuts commonly used
🔍 Lint	Check formatting	2025-12-21T13:03:36.2636822Z  pub fn default_shortcuts() -> ShortcutTable {
🔍 Lint	Check formatting	2025-12-21T13:03:36.2636920Z      let mut table = ShortcutTable::new();
🔍 Lint	Check formatting	2025-12-21T13:03:36.2636983Z -    
🔍 Lint	Check formatting	2025-12-21T13:03:36.2637045Z +
🔍 Lint	Check formatting	2025-12-21T13:03:36.2637128Z      // Common abbreviations
🔍 Lint	Check formatting	2025-12-21T13:03:36.2637253Z      table.add("ko", "không");
🔍 Lint	Check formatting	2025-12-21T13:03:36.2637365Z      table.add("dc", "được");
🔍 Lint	Check formatting	2025-12-21T13:03:36.2637562Z Diff in /home/runner/work/vietflux-ime/vietflux-ime/core/src/shortcuts.rs:130:
🔍 Lint	Check formatting	2025-12-21T13:03:36.2637672Z      table.add("vk", "vợ");
🔍 Lint	Check formatting	2025-12-21T13:03:36.2637802Z      table.add("nyc", "người yêu cũ");
🔍 Lint	Check formatting	2025-12-21T13:03:36.2637931Z      table.add("ny", "người yêu");
🔍 Lint	Check formatting	2025-12-21T13:03:36.2638001Z -    
🔍 Lint	Check formatting	2025-12-21T13:03:36.2638064Z +
🔍 Lint	Check formatting	2025-12-21T13:03:36.2638130Z      table
🔍 Lint	Check formatting	2025-12-21T13:03:36.2638198Z  }
🔍 Lint	Check formatting	2025-12-21T13:03:36.2638260Z  
🔍 Lint	Check formatting	2025-12-21T13:03:36.2638456Z Diff in /home/runner/work/vietflux-ime/vietflux-ime/core/src/shortcuts.rs:143:
🔍 Lint	Check formatting	2025-12-21T13:03:36.2638566Z          let mut table = ShortcutTable::new();
🔍 Lint	Check formatting	2025-12-21T13:03:36.2638686Z          table.add("ko", "không");
🔍 Lint	Check formatting	2025-12-21T13:03:36.2638800Z          table.add("dc", "được");
🔍 Lint	Check formatting	2025-12-21T13:03:36.2638865Z -        
🔍 Lint	Check formatting	2025-12-21T13:03:36.2638933Z +
🔍 Lint	Check formatting	2025-12-21T13:03:36.2639026Z          let result = table.find_match("ko");
🔍 Lint	Check formatting	2025-12-21T13:03:36.2639109Z          assert!(result.is_some());
🔍 Lint	Check formatting	2025-12-21T13:03:36.2639273Z          assert_eq!(result.unwrap().expansion, "không");
🔍 Lint	Check formatting	2025-12-21T13:03:36.2639470Z Diff in /home/runner/work/vietflux-ime/vietflux-ime/core/src/shortcuts.rs:155:
🔍 Lint	Check formatting	2025-12-21T13:03:36.2639581Z          table.add("n", "này");
🔍 Lint	Check formatting	2025-12-21T13:03:36.2639708Z          table.add("ng", "người");
🔍 Lint	Check formatting	2025-12-21T13:03:36.2639825Z          table.add("ngu", "ngủ");
🔍 Lint	Check formatting	2025-12-21T13:03:36.2639889Z -        
🔍 Lint	Check formatting	2025-12-21T13:03:36.2639951Z +
🔍 Lint	Check formatting	2025-12-21T13:03:36.2640029Z          // Should match longest
🔍 Lint	Check formatting	2025-12-21T13:03:36.2640131Z          let result = table.find_match("xyzng");
🔍 Lint	Check formatting	2025-12-21T13:03:36.2640220Z          assert!(result.is_some());
🔍 Lint	Check formatting	2025-12-21T13:03:36.2640410Z Diff in /home/runner/work/vietflux-ime/vietflux-ime/core/src/transform.rs:31:
🔍 Lint	Check formatting	2025-12-21T13:03:36.2640490Z              was_undo: false,
🔍 Lint	Check formatting	2025-12-21T13:03:36.2640557Z          }
🔍 Lint	Check formatting	2025-12-21T13:03:36.2640724Z      }
🔍 Lint	Check formatting	2025-12-21T13:03:36.2640790Z -    
🔍 Lint	Check formatting	2025-12-21T13:03:36.2640859Z +
🔍 Lint	Check formatting	2025-12-21T13:03:36.2640957Z      pub fn undo(position: usize) -> Self {
🔍 Lint	Check formatting	2025-12-21T13:03:36.2641025Z          Self {
🔍 Lint	Check formatting	2025-12-21T13:03:36.2641105Z              success: true,
🔍 Lint	Check formatting	2025-12-21T13:03:36.2641293Z Diff in /home/runner/work/vietflux-ime/vietflux-ime/core/src/transform.rs:40:
🔍 Lint	Check formatting	2025-12-21T13:03:36.2641492Z              was_undo: true,
🔍 Lint	Check formatting	2025-12-21T13:03:36.2641556Z          }
🔍 Lint	Check formatting	2025-12-21T13:03:36.2641626Z      }
🔍 Lint	Check formatting	2025-12-21T13:03:36.2641689Z -    
🔍 Lint	Check formatting	2025-12-21T13:03:36.2641752Z +
🔍 Lint	Check formatting	2025-12-21T13:03:36.2641837Z      pub fn none() -> Self {
🔍 Lint	Check formatting	2025-12-21T13:03:36.2641905Z          Self {
🔍 Lint	Check formatting	2025-12-21T13:03:36.2641981Z              success: false,
🔍 Lint	Check formatting	2025-12-21T13:03:36.2642185Z Diff in /home/runner/work/vietflux-ime/vietflux-ime/core/src/transform.rs:64:
🔍 Lint	Check formatting	2025-12-21T13:03:36.2642284Z  /// Remove all diacritics from a character
🔍 Lint	Check formatting	2025-12-21T13:03:36.2642388Z  pub fn remove_diacritics(ch: char) -> char {
🔍 Lint	Check formatting	2025-12-21T13:03:36.2642478Z      let lower = ch.to_ascii_lowercase();
🔍 Lint	Check formatting	2025-12-21T13:03:36.2642547Z -    
🔍 Lint	Check formatting	2025-12-21T13:03:36.2642611Z +
🔍 Lint	Check formatting	2025-12-21T13:03:36.2642727Z      if let Some(&(base, _, _)) = REVERSE_MAP.get(&lower) {
🔍 Lint	Check formatting	2025-12-21T13:03:36.2642809Z          if ch.is_uppercase() {
🔍 Lint	Check formatting	2025-12-21T13:03:36.2642902Z              base.to_ascii_uppercase()
🔍 Lint	Check formatting	2025-12-21T13:03:36.2643092Z Diff in /home/runner/work/vietflux-ime/vietflux-ime/core/src/transform.rs:128:
🔍 Lint	Check formatting	2025-12-21T13:03:36.2643160Z  
🔍 Lint	Check formatting	2025-12-21T13:03:36.2643279Z  /// Find the best vowel position for tone placement
🔍 Lint	Check formatting	2025-12-21T13:03:36.2643384Z  /// Based on Vietnamese linguistic rules:
🔍 Lint	Check formatting	2025-12-21T13:03:36.2643454Z -/// 
🔍 Lint	Check formatting	2025-12-21T13:03:36.2643524Z +///
🔍 Lint	Check formatting	2025-12-21T13:03:36.2643608Z  /// Rules (in order of priority):
🔍 Lint	Check formatting	2025-12-21T13:03:36.2643894Z  /// 1. If word contains ơ, ư, ă, â, ê, ô → put tone there
🔍 Lint	Check formatting	2025-12-21T13:03:36.2644057Z  /// 2. For ươ compound: put tone on ơ (second vowel)
🔍 Lint	Check formatting	2025-12-21T13:03:36.2644257Z Diff in /home/runner/work/vietflux-ime/vietflux-ime/core/src/transform.rs:141:
🔍 Lint	Check formatting	2025-12-21T13:03:36.2644342Z      if vowel_indices.is_empty() {
🔍 Lint	Check formatting	2025-12-21T13:03:36.2644413Z          return None;
🔍 Lint	Check formatting	2025-12-21T13:03:36.2644483Z      }
🔍 Lint	Check formatting	2025-12-21T13:03:36.2644547Z -    
🔍 Lint	Check formatting	2025-12-21T13:03:36.2644610Z +
🔍 Lint	Check formatting	2025-12-21T13:03:36.2644760Z      // Special case: ươ compound - tone goes on ơ
🔍 Lint	Check formatting	2025-12-21T13:03:36.2644848Z      if vowel_indices.len() >= 2 {
🔍 Lint	Check formatting	2025-12-21T13:03:36.2644951Z          for i in 0..vowel_indices.len() - 1 {
🔍 Lint	Check formatting	2025-12-21T13:03:36.2645140Z Diff in /home/runner/work/vietflux-ime/vietflux-ime/core/src/transform.rs:148:
🔍 Lint	Check formatting	2025-12-21T13:03:36.2645232Z              let first_idx = vowel_indices[i];
🔍 Lint	Check formatting	2025-12-21T13:03:36.2645326Z              let second_idx = vowel_indices[i + 1];
🔍 Lint	Check formatting	2025-12-21T13:03:36.2645399Z -            
🔍 Lint	Check formatting	2025-12-21T13:03:36.2645460Z +
🔍 Lint	Check formatting	2025-12-21T13:03:36.2645585Z              let first = chars[first_idx].to_ascii_lowercase();
🔍 Lint	Check formatting	2025-12-21T13:03:36.2645706Z              let second = chars[second_idx].to_ascii_lowercase();
🔍 Lint	Check formatting	2025-12-21T13:03:36.2645772Z -            
🔍 Lint	Check formatting	2025-12-21T13:03:36.2645839Z +
🔍 Lint	Check formatting	2025-12-21T13:03:36.2645940Z              let first_base = chars::get_base(first);
🔍 Lint	Check formatting	2025-12-21T13:03:36.2646044Z              let second_base = chars::get_base(second);
🔍 Lint	Check formatting	2025-12-21T13:03:36.2646156Z              let first_mod = get_modifier(chars[first_idx]);
🔍 Lint	Check formatting	2025-12-21T13:03:36.2646350Z Diff in /home/runner/work/vietflux-ime/vietflux-ime/core/src/transform.rs:157:
🔍 Lint	Check formatting	2025-12-21T13:03:36.2646467Z              let second_mod = get_modifier(chars[second_idx]);
🔍 Lint	Check formatting	2025-12-21T13:03:36.2646532Z -            
🔍 Lint	Check formatting	2025-12-21T13:03:36.2646598Z +
🔍 Lint	Check formatting	2025-12-21T13:03:36.2646727Z              // ươ compound: tone goes on ơ
🔍 Lint	Check formatting	2025-12-21T13:03:36.2646858Z -            if (first_base == 'u' && first_mod == VowelMod::Horn) ||
🔍 Lint	Check formatting	2025-12-21T13:03:36.2646996Z -               (second_base == 'o' && second_mod == VowelMod::Horn) {
🔍 Lint	Check formatting	2025-12-21T13:03:36.2647120Z +            if (first_base == 'u' && first_mod == VowelMod::Horn)
🔍 Lint	Check formatting	2025-12-21T13:03:36.2647239Z +                || (second_base == 'o' && second_mod == VowelMod::Horn)
🔍 Lint	Check formatting	2025-12-21T13:03:36.2647304Z +            {
🔍 Lint	Check formatting	2025-12-21T13:03:36.2647441Z                  // If we have ư + ơ, tone on ơ
🔍 Lint	Check formatting	2025-12-21T13:03:36.2647543Z                  if first_base == 'u' && second_base == 'o' {
🔍 Lint	Check formatting	2025-12-21T13:03:36.2647630Z                      return Some(second_idx);
🔍 Lint	Check formatting	2025-12-21T13:03:36.2647827Z Diff in /home/runner/work/vietflux-ime/vietflux-ime/core/src/transform.rs:166:
🔍 Lint	Check formatting	2025-12-21T13:03:36.2647985Z              }
🔍 Lint	Check formatting	2025-12-21T13:03:36.2648050Z          }
🔍 Lint	Check formatting	2025-12-21T13:03:36.2648118Z      }
🔍 Lint	Check formatting	2025-12-21T13:03:36.2648181Z -    
🔍 Lint	Check formatting	2025-12-21T13:03:36.2648244Z +
🔍 Lint	Check formatting	2025-12-21T13:03:36.2648435Z      // Rule 1: Check for modified vowels first (ơ, ư, ă, â, ê, ô)
🔍 Lint	Check formatting	2025-12-21T13:03:36.2648525Z      for &idx in vowel_indices {
🔍 Lint	Check formatting	2025-12-21T13:03:36.2648646Z          if get_modifier(chars[idx]) != VowelMod::None {
🔍 Lint	Check formatting	2025-12-21T13:03:36.2648836Z Diff in /home/runner/work/vietflux-ime/vietflux-ime/core/src/transform.rs:173:
🔍 Lint	Check formatting	2025-12-21T13:03:36.2648921Z              return Some(idx);
🔍 Lint	Check formatting	2025-12-21T13:03:36.2648986Z          }
🔍 Lint	Check formatting	2025-12-21T13:03:36.2649052Z      }
🔍 Lint	Check formatting	2025-12-21T13:03:36.2649116Z -    
🔍 Lint	Check formatting	2025-12-21T13:03:36.2649183Z +
🔍 Lint	Check formatting	2025-12-21T13:03:36.2649265Z      match vowel_indices.len() {
🔍 Lint	Check formatting	2025-12-21T13:03:36.2649341Z          // Rule 3: Single vowel
🔍 Lint	Check formatting	2025-12-21T13:03:36.2649429Z          1 => Some(vowel_indices[0]),
🔍 Lint	Check formatting	2025-12-21T13:03:36.2649619Z Diff in /home/runner/work/vietflux-ime/vietflux-ime/core/src/transform.rs:180:
🔍 Lint	Check formatting	2025-12-21T13:03:36.2649690Z -        
🔍 Lint	Check formatting	2025-12-21T13:03:36.2649753Z +
🔍 Lint	Check formatting	2025-12-21T13:03:36.2649832Z          // Rule 4: Two vowels
🔍 Lint	Check formatting	2025-12-21T13:03:36.2649897Z          2 => {
🔍 Lint	Check formatting	2025-12-21T13:03:36.2650029Z              let first = chars[vowel_indices[0]].to_ascii_lowercase();
🔍 Lint	Check formatting	2025-12-21T13:03:36.2650223Z Diff in /home/runner/work/vietflux-ime/vietflux-ime/core/src/transform.rs:184:
🔍 Lint	Check formatting	2025-12-21T13:03:36.2650439Z              let second = chars[vowel_indices[1]].to_ascii_lowercase();
🔍 Lint	Check formatting	2025-12-21T13:03:36.2650505Z -            
🔍 Lint	Check formatting	2025-12-21T13:03:36.2650671Z +
🔍 Lint	Check formatting	2025-12-21T13:03:36.2650783Z              let first_base = chars::get_base(first);
🔍 Lint	Check formatting	2025-12-21T13:03:36.2650886Z              let second_base = chars::get_base(second);
🔍 Lint	Check formatting	2025-12-21T13:03:36.2650952Z -            
🔍 Lint	Check formatting	2025-12-21T13:03:36.2651019Z +
🔍 Lint	Check formatting	2025-12-21T13:03:36.2651135Z              // Special pairs where tone goes on first vowel
🔍 Lint	Check formatting	2025-12-21T13:03:36.2651220Z              let first_tone_pairs = [
🔍 Lint	Check formatting	2025-12-21T13:03:36.2651356Z -                ('i', 'a'), ('i', 'ê'), // ia, iê
🔍 Lint	Check formatting	2025-12-21T13:03:36.2651520Z -                ('u', 'a'), ('u', 'ô'), ('u', 'ơ'), // ua, uô, uơ
🔍 Lint	Check formatting	2025-12-21T13:03:36.2651658Z -                ('ư', 'a'), ('ư', 'ơ'), // ưa, ươ  
🔍 Lint	Check formatting	2025-12-21T13:03:36.2651740Z -                ('o', 'a'), ('o', 'e'), // oa, oe
🔍 Lint	Check formatting	2025-12-21T13:03:36.2651821Z +                ('i', 'a'),
🔍 Lint	Check formatting	2025-12-21T13:03:36.2651944Z +                ('i', 'ê'), // ia, iê
🔍 Lint	Check formatting	2025-12-21T13:03:36.2652017Z +                ('u', 'a'),
🔍 Lint	Check formatting	2025-12-21T13:03:36.2652123Z +                ('u', 'ô'),
🔍 Lint	Check formatting	2025-12-21T13:03:36.2652242Z +                ('u', 'ơ'), // ua, uô, uơ
🔍 Lint	Check formatting	2025-12-21T13:03:36.2652342Z +                ('ư', 'a'),
🔍 Lint	Check formatting	2025-12-21T13:03:36.2652461Z +                ('ư', 'ơ'), // ưa, ươ
🔍 Lint	Check formatting	2025-12-21T13:03:36.2652542Z +                ('o', 'a'),
🔍 Lint	Check formatting	2025-12-21T13:03:36.2652616Z +                ('o', 'e'), // oa, oe
🔍 Lint	Check formatting	2025-12-21T13:03:36.2652682Z              ];
🔍 Lint	Check formatting	2025-12-21T13:03:36.2652754Z -            
🔍 Lint	Check formatting	2025-12-21T13:03:36.2652818Z +
🔍 Lint	Check formatting	2025-12-21T13:03:36.2652916Z              // Check if this is a "first vowel" pair
🔍 Lint	Check formatting	2025-12-21T13:03:36.2653020Z              for (f, s) in first_tone_pairs {
🔍 Lint	Check formatting	2025-12-21T13:03:36.2653128Z                  if first_base == f && second_base == s {
🔍 Lint	Check formatting	2025-12-21T13:03:36.2653328Z Diff in /home/runner/work/vietflux-ime/vietflux-ime/core/src/transform.rs:200:
🔍 Lint	Check formatting	2025-12-21T13:03:36.2653422Z                      return Some(vowel_indices[0]);
🔍 Lint	Check formatting	2025-12-21T13:03:36.2653501Z                  }
🔍 Lint	Check formatting	2025-12-21T13:03:36.2653567Z              }
🔍 Lint	Check formatting	2025-12-21T13:03:36.2653634Z -            
🔍 Lint	Check formatting	2025-12-21T13:03:36.2653699Z +
🔍 Lint	Check formatting	2025-12-21T13:03:36.2653799Z              // Default: tone on second (last) vowel
🔍 Lint	Check formatting	2025-12-21T13:03:36.2653881Z              Some(vowel_indices[1])
🔍 Lint	Check formatting	2025-12-21T13:03:36.2653947Z          }
🔍 Lint	Check formatting	2025-12-21T13:03:36.2654144Z Diff in /home/runner/work/vietflux-ime/vietflux-ime/core/src/transform.rs:207:
🔍 Lint	Check formatting	2025-12-21T13:03:36.2654210Z -        
🔍 Lint	Check formatting	2025-12-21T13:03:36.2654273Z +
🔍 Lint	Check formatting	2025-12-21T13:03:36.2654372Z          // Rule 5: Three or more vowels - middle one
🔍 Lint	Check formatting	2025-12-21T13:03:36.2654489Z          _ => Some(vowel_indices[vowel_indices.len() / 2]),
🔍 Lint	Check formatting	2025-12-21T13:03:36.2654676Z      }
🔍 Lint	Check formatting	2025-12-21T13:03:36.2654879Z Diff in /home/runner/work/vietflux-ime/vietflux-ime/core/src/transform.rs:231:
🔍 Lint	Check formatting	2025-12-21T13:03:36.2654974Z      if start_idx + 1 >= chars.len() {
🔍 Lint	Check formatting	2025-12-21T13:03:36.2655070Z          return TransformResult::none();
🔍 Lint	Check formatting	2025-12-21T13:03:36.2655138Z      }
🔍 Lint	Check formatting	2025-12-21T13:03:36.2655201Z -    
🔍 Lint	Check formatting	2025-12-21T13:03:36.2655270Z +
🔍 Lint	Check formatting	2025-12-21T13:03:36.2655385Z      let first = chars[start_idx].to_ascii_lowercase();
🔍 Lint	Check formatting	2025-12-21T13:03:36.2655507Z      let second = chars[start_idx + 1].to_ascii_lowercase();
🔍 Lint	Check formatting	2025-12-21T13:03:36.2655574Z -    
🔍 Lint	Check formatting	2025-12-21T13:03:36.2655636Z +
🔍 Lint	Check formatting	2025-12-21T13:03:36.2655732Z      let first_base = chars::get_base(first);
🔍 Lint	Check formatting	2025-12-21T13:03:36.2655831Z      let second_base = chars::get_base(second);
🔍 Lint	Check formatting	2025-12-21T13:03:36.2655901Z -    
🔍 Lint	Check formatting	2025-12-21T13:03:36.2655962Z +
🔍 Lint	Check formatting	2025-12-21T13:03:36.2656043Z      // Check for "uo" pattern
🔍 Lint	Check formatting	2025-12-21T13:03:36.2656144Z      if first_base == 'u' && second_base == 'o' {
🔍 Lint	Check formatting	2025-12-21T13:03:36.2656225Z          // Get current tones
🔍 Lint	Check formatting	2025-12-21T13:03:36.2656424Z Diff in /home/runner/work/vietflux-ime/vietflux-ime/core/src/transform.rs:244:
🔍 Lint	Check formatting	2025-12-21T13:03:36.2656528Z          let first_tone = get_tone(chars[start_idx]);
🔍 Lint	Check formatting	2025-12-21T13:03:36.2656643Z          let second_tone = get_tone(chars[start_idx + 1]);
🔍 Lint	Check formatting	2025-12-21T13:03:36.2656815Z -        
🔍 Lint	Check formatting	2025-12-21T13:03:36.2656879Z +
🔍 Lint	Check formatting	2025-12-21T13:03:36.2656963Z          // Apply horn to both
🔍 Lint	Check formatting	2025-12-21T13:03:36.2657171Z          if let Some(new_first) = apply_modifier_with_tone('u', VowelMod::Horn, first_tone) {
🔍 Lint	Check formatting	2025-12-21T13:03:36.2657380Z              if let Some(new_second) = apply_modifier_with_tone('o', VowelMod::Horn, second_tone) {
🔍 Lint	Check formatting	2025-12-21T13:03:36.2657584Z Diff in /home/runner/work/vietflux-ime/vietflux-ime/core/src/transform.rs:258:
🔍 Lint	Check formatting	2025-12-21T13:03:36.2657661Z                  } else {
🔍 Lint	Check formatting	2025-12-21T13:03:36.2657735Z                      new_second
🔍 Lint	Check formatting	2025-12-21T13:03:36.2657807Z                  };
🔍 Lint	Check formatting	2025-12-21T13:03:36.2657877Z -                
🔍 Lint	Check formatting	2025-12-21T13:03:36.2657941Z +
🔍 Lint	Check formatting	2025-12-21T13:03:36.2658063Z                  return TransformResult::success(start_idx, 2);
🔍 Lint	Check formatting	2025-12-21T13:03:36.2658136Z              }
🔍 Lint	Check formatting	2025-12-21T13:03:36.2658200Z          }
🔍 Lint	Check formatting	2025-12-21T13:03:36.2658392Z Diff in /home/runner/work/vietflux-ime/vietflux-ime/core/src/transform.rs:265:
🔍 Lint	Check formatting	2025-12-21T13:03:36.2658467Z      }
🔍 Lint	Check formatting	2025-12-21T13:03:36.2658532Z -    
🔍 Lint	Check formatting	2025-12-21T13:03:36.2658594Z +
🔍 Lint	Check formatting	2025-12-21T13:03:36.2658676Z      TransformResult::none()
🔍 Lint	Check formatting	2025-12-21T13:03:36.2658745Z  }
🔍 Lint	Check formatting	2025-12-21T13:03:36.2658807Z  
🔍 Lint	Check formatting	2025-12-21T13:03:36.2658993Z Diff in /home/runner/work/vietflux-ime/vietflux-ime/core/src/transform.rs:294:
🔍 Lint	Check formatting	2025-12-21T13:03:36.2659089Z      if current_tone == ToneMark::None {
🔍 Lint	Check formatting	2025-12-21T13:03:36.2659163Z          return (ch, false);
🔍 Lint	Check formatting	2025-12-21T13:03:36.2659228Z      }
🔍 Lint	Check formatting	2025-12-21T13:03:36.2659290Z -    
🔍 Lint	Check formatting	2025-12-21T13:03:36.2659357Z +
🔍 Lint	Check formatting	2025-12-21T13:03:36.2659537Z      if let Some(without_tone) = apply_tone(chars::get_base(ch), ToneMark::None) {
🔍 Lint	Check formatting	2025-12-21T13:03:36.2659628Z          // Preserve modifier if any
🔍 Lint	Check formatting	2025-12-21T13:03:36.2659723Z          let modifier = get_modifier(ch);
🔍 Lint	Check formatting	2025-12-21T13:03:36.2659912Z Diff in /home/runner/work/vietflux-ime/vietflux-ime/core/src/transform.rs:308:
🔍 Lint	Check formatting	2025-12-21T13:03:36.2659995Z                  return (result, true);
🔍 Lint	Check formatting	2025-12-21T13:03:36.2660064Z              }
🔍 Lint	Check formatting	2025-12-21T13:03:36.2660134Z          }
🔍 Lint	Check formatting	2025-12-21T13:03:36.2660199Z -        
🔍 Lint	Check formatting	2025-12-21T13:03:36.2660261Z +
🔍 Lint	Check formatting	2025-12-21T13:03:36.2660361Z          let result = if ch.is_uppercase() {
🔍 Lint	Check formatting	2025-12-21T13:03:36.2660455Z              without_tone.to_ascii_uppercase()
🔍 Lint	Check formatting	2025-12-21T13:03:36.2660522Z          } else {
🔍 Lint	Check formatting	2025-12-21T13:03:36.2660853Z Diff in /home/runner/work/vietflux-ime/vietflux-ime/core/src/transform.rs:316:
🔍 Lint	Check formatting	2025-12-21T13:03:36.2660929Z          };
🔍 Lint	Check formatting	2025-12-21T13:03:36.2661008Z          return (result, true);
🔍 Lint	Check formatting	2025-12-21T13:03:36.2661072Z      }
🔍 Lint	Check formatting	2025-12-21T13:03:36.2661144Z -    
🔍 Lint	Check formatting	2025-12-21T13:03:36.2661208Z +
🔍 Lint	Check formatting	2025-12-21T13:03:36.2661275Z      (ch, false)
🔍 Lint	Check formatting	2025-12-21T13:03:36.2661461Z  }
🔍 Lint	Check formatting	2025-12-21T13:03:36.2661531Z  
🔍 Lint	Check formatting	2025-12-21T13:03:36.2661722Z Diff in /home/runner/work/vietflux-ime/vietflux-ime/core/src/transform.rs:326:
🔍 Lint	Check formatting	2025-12-21T13:03:36.2661813Z      if current_mod == VowelMod::None {
🔍 Lint	Check formatting	2025-12-21T13:03:36.2661894Z          return (ch, false);
🔍 Lint	Check formatting	2025-12-21T13:03:36.2661957Z      }
🔍 Lint	Check formatting	2025-12-21T13:03:36.2662025Z -    
🔍 Lint	Check formatting	2025-12-21T13:03:36.2662088Z +
🔍 Lint	Check formatting	2025-12-21T13:03:36.2662180Z      let base = chars::get_base(ch);
🔍 Lint	Check formatting	2025-12-21T13:03:36.2662260Z      let tone = get_tone(ch);
🔍 Lint	Check formatting	2025-12-21T13:03:36.2662324Z -    
🔍 Lint	Check formatting	2025-12-21T13:03:36.2662393Z +
🔍 Lint	Check formatting	2025-12-21T13:03:36.2662581Z      if let Some(without_mod) = CHAR_MAP.get(&(base, VowelMod::None, tone)).copied() {
🔍 Lint	Check formatting	2025-12-21T13:03:36.2662673Z          let result = if ch.is_uppercase() {
🔍 Lint	Check formatting	2025-12-21T13:03:36.2662766Z              without_mod.to_ascii_uppercase()
🔍 Lint	Check formatting	2025-12-21T13:03:36.2662961Z Diff in /home/runner/work/vietflux-ime/vietflux-ime/core/src/transform.rs:338:
🔍 Lint	Check formatting	2025-12-21T13:03:36.2663028Z          };
🔍 Lint	Check formatting	2025-12-21T13:03:36.2663109Z          return (result, true);
🔍 Lint	Check formatting	2025-12-21T13:03:36.2663180Z      }
🔍 Lint	Check formatting	2025-12-21T13:03:36.2663245Z -    
🔍 Lint	Check formatting	2025-12-21T13:03:36.2663307Z +
🔍 Lint	Check formatting	2025-12-21T13:03:36.2663374Z      (ch, false)
🔍 Lint	Check formatting	2025-12-21T13:03:36.2663443Z  }
🔍 Lint	Check formatting	2025-12-21T13:03:36.2663507Z  
🔍 Lint	Check formatting	2025-12-21T13:03:36.2663696Z Diff in /home/runner/work/vietflux-ime/vietflux-ime/core/src/transform.rs:357:
🔍 Lint	Check formatting	2025-12-21T13:03:36.2663900Z          VowelMod::Breve => &['a'],
🔍 Lint	Check formatting	2025-12-21T13:03:36.2663989Z          VowelMod::None => return None,
🔍 Lint	Check formatting	2025-12-21T13:03:36.2664057Z      };
🔍 Lint	Check formatting	2025-12-21T13:03:36.2664120Z -    
🔍 Lint	Check formatting	2025-12-21T13:03:36.2664188Z +
🔍 Lint	Check formatting	2025-12-21T13:03:36.2664289Z      // Find last matching vowel (right to left)
🔍 Lint	Check formatting	2025-12-21T13:03:36.2664378Z      for i in (0..chars.len()).rev() {
🔍 Lint	Check formatting	2025-12-21T13:03:36.2664476Z          let c = chars[i].to_ascii_lowercase();
🔍 Lint	Check formatting	2025-12-21T13:03:36.2664667Z Diff in /home/runner/work/vietflux-ime/vietflux-ime/core/src/transform.rs:366:
🔍 Lint	Check formatting	2025-12-21T13:03:36.2664741Z              return Some(i);
🔍 Lint	Check formatting	2025-12-21T13:03:36.2664804Z          }
🔍 Lint	Check formatting	2025-12-21T13:03:36.2664910Z      }
🔍 Lint	Check formatting	2025-12-21T13:03:36.2664975Z -    
🔍 Lint	Check formatting	2025-12-21T13:03:36.2665039Z +
🔍 Lint	Check formatting	2025-12-21T13:03:36.2665107Z      None
🔍 Lint	Check formatting	2025-12-21T13:03:36.2665170Z  }
🔍 Lint	Check formatting	2025-12-21T13:03:36.2665232Z  
🔍 Lint	Check formatting	2025-12-21T13:03:36.2665423Z Diff in /home/runner/work/vietflux-ime/vietflux-ime/core/src/transform.rs:414:
🔍 Lint	Check formatting	2025-12-21T13:03:36.2665527Z          let vowels = find_vowel_indices(&chars);
🔍 Lint	Check formatting	2025-12-21T13:03:36.2665663Z          assert_eq!(find_tone_position(&chars, &vowels), Some(1));
🔍 Lint	Check formatting	2025-12-21T13:03:36.2665727Z      }
🔍 Lint	Check formatting	2025-12-21T13:03:36.2665795Z -    
🔍 Lint	Check formatting	2025-12-21T13:03:36.2665857Z +
🔍 Lint	Check formatting	2025-12-21T13:03:36.2665923Z      #[test]
🔍 Lint	Check formatting	2025-12-21T13:03:36.2666006Z      fn test_tone_position_two() {
🔍 Lint	Check formatting	2025-12-21T13:03:36.2666102Z          // "tien" - tone on 'e' (second vowel)
🔍 Lint	Check formatting	2025-12-21T13:03:36.2666290Z Diff in /home/runner/work/vietflux-ime/vietflux-ime/core/src/transform.rs:422:
🔍 Lint	Check formatting	2025-12-21T13:03:36.2666384Z          let vowels = find_vowel_indices(&chars);
🔍 Lint	Check formatting	2025-12-21T13:03:36.2666516Z          assert_eq!(find_tone_position(&chars, &vowels), Some(2));
🔍 Lint	Check formatting	2025-12-21T13:03:36.2666584Z      }
🔍 Lint	Check formatting	2025-12-21T13:03:36.2666646Z -    
🔍 Lint	Check formatting	2025-12-21T13:03:36.2666706Z +
🔍 Lint	Check formatting	2025-12-21T13:03:36.2666778Z      #[test]
🔍 Lint	Check formatting	2025-12-21T13:03:36.2666861Z      fn test_tone_position_three() {
🔍 Lint	Check formatting	2025-12-21T13:03:36.2666945Z          // "uyen" - tone on 'y' (middle)
🔍 Lint	Check formatting	2025-12-21T13:03:36.2667147Z Diff in /home/runner/work/vietflux-ime/vietflux-ime/core/src/transform.rs:437:
🔍 Lint	Check formatting	2025-12-21T13:03:36.2667398Z          assert!(!should_undo_tone('á', ToneMark::Grave));
🔍 Lint	Check formatting	2025-12-21T13:03:36.2667513Z          assert!(!should_undo_tone('a', ToneMark::Acute));
🔍 Lint	Check formatting	2025-12-21T13:03:36.2667578Z      }
🔍 Lint	Check formatting	2025-12-21T13:03:36.2667648Z -    
🔍 Lint	Check formatting	2025-12-21T13:03:36.2667711Z +
🔍 Lint	Check formatting	2025-12-21T13:03:36.2667774Z      #[test]
🔍 Lint	Check formatting	2025-12-21T13:03:36.2667859Z      fn test_uo_compound() {
🔍 Lint	Check formatting	2025-12-21T13:03:36.2667977Z          let mut chars: Vec<char> = "duoc".chars().collect();
🔍 Lint	Check formatting	2025-12-21T13:03:36.2668172Z Diff in /home/runner/work/vietflux-ime/vietflux-ime/core/src/validation.rs:14:
🔍 Lint	Check formatting	2025-12-21T13:03:36.2668335Z      // Single consonants
🔍 Lint	Check formatting	2025-12-21T13:03:36.2668537Z      "", "b", "c", "d", "đ", "g", "h", "k", "l", "m", "n", "p", "q", "r", "s", "t", "v", "x",
🔍 Lint	Check formatting	2025-12-21T13:03:36.2668614Z      // Consonant pairs
🔍 Lint	Check formatting	2025-12-21T13:03:36.2668726Z -    "ch", "gh", "gi", "kh", "ng", "nh", "ph", "th", "tr", "qu",
🔍 Lint	Check formatting	2025-12-21T13:03:36.2668809Z -    // Special triple
🔍 Lint	Check formatting	2025-12-21T13:03:36.2668938Z +    "ch", "gh", "gi", "kh", "ng", "nh", "ph", "th", "tr", "qu", // Special triple
🔍 Lint	Check formatting	2025-12-21T13:03:36.2669003Z      "ngh",
🔍 Lint	Check formatting	2025-12-21T13:03:36.2669073Z  ];
🔍 Lint	Check formatting	2025-12-21T13:03:36.2669137Z  
🔍 Lint	Check formatting	2025-12-21T13:03:36.2669328Z Diff in /home/runner/work/vietflux-ime/vietflux-ime/core/src/validation.rs:22:
🔍 Lint	Check formatting	2025-12-21T13:03:36.2669472Z  /// Valid final consonants (phụ âm cuối)  
🔍 Lint	Check formatting	2025-12-21T13:03:36.2669568Z -pub const VALID_FINALS: &[&str] = &[
🔍 Lint	Check formatting	2025-12-21T13:03:36.2669661Z -    "", "c", "ch", "m", "n", "ng", "nh", "p", "t",
🔍 Lint	Check formatting	2025-12-21T13:03:36.2669723Z -];
🔍 Lint	Check formatting	2025-12-21T13:03:36.2669897Z +pub const VALID_FINALS: &[&str] = &["", "c", "ch", "m", "n", "ng", "nh", "p", "t"];
🔍 Lint	Check formatting	2025-12-21T13:03:36.2669969Z  
🔍 Lint	Check formatting	2025-12-21T13:03:36.2670113Z  /// Valid vowel nuclei (including diphthongs and triphthongs)
🔍 Lint	Check formatting	2025-12-21T13:03:36.2670213Z  pub const VALID_VOWEL_PATTERNS: &[&str] = &[
🔍 Lint	Check formatting	2025-12-21T13:03:36.2670407Z Diff in /home/runner/work/vietflux-ime/vietflux-ime/core/src/validation.rs:29:
🔍 Lint	Check formatting	2025-12-21T13:03:36.2670564Z      // Single vowels (base)
🔍 Lint	Check formatting	2025-12-21T13:03:36.2670873Z      "a", "ă", "â", "e", "ê", "i", "o", "ô", "ơ", "u", "ư", "y",
🔍 Lint	Check formatting	2025-12-21T13:03:36.2671006Z      // Diphthongs (nguyên âm đôi)
🔍 Lint	Check formatting	2025-12-21T13:03:36.2671131Z -    "ai", "ao", "au", "ay", "âu", "ây", 
🔍 Lint	Check formatting	2025-12-21T13:03:36.2671224Z -    "eo", "êu",
🔍 Lint	Check formatting	2025-12-21T13:03:36.2671327Z -    "ia", "iê", "iu",
🔍 Lint	Check formatting	2025-12-21T13:03:36.2671462Z -    "oa", "oă", "oe", "oi", "oo", "ôi", "ơi",
🔍 Lint	Check formatting	2025-12-21T13:03:36.2671606Z -    "ua", "uâ", "uê", "ui", "uo", "uô", "uơ", "ươ",
🔍 Lint	Check formatting	2025-12-21T13:03:36.2671706Z -    "ưa", "ưi", "ưu",
🔍 Lint	Check formatting	2025-12-21T13:03:36.2671803Z -    "ya", "yê",
🔍 Lint	Check formatting	2025-12-21T13:03:36.2672021Z +    "ai", "ao", "au", "ay", "âu", "ây", "eo", "êu", "ia", "iê", "iu", "oa", "oă", "oe", "oi", "oo",
🔍 Lint	Check formatting	2025-12-21T13:03:36.2672258Z +    "ôi", "ơi", "ua", "uâ", "uê", "ui", "uo", "uô", "uơ", "ươ", "ưa", "ưi", "ưu", "ya", "yê",
🔍 Lint	Check formatting	2025-12-21T13:03:36.2672387Z      // Triphthongs (nguyên âm ba)
🔍 Lint	Check formatting	2025-12-21T13:03:36.2672567Z      "iêu", "oai", "oay", "oeo", "uây", "uôi", "ươi", "ươu", "yêu",
🔍 Lint	Check formatting	2025-12-21T13:03:36.2672673Z      // With qu- prefix patterns
🔍 Lint	Check formatting	2025-12-21T13:03:36.2672876Z Diff in /home/runner/work/vietflux-ime/vietflux-ime/core/src/validation.rs:45:
🔍 Lint	Check formatting	2025-12-21T13:03:36.2673025Z  /// Foreign word consonant clusters (not valid in Vietnamese)
🔍 Lint	Check formatting	2025-12-21T13:03:36.2673100Z  #[allow(dead_code)]
🔍 Lint	Check formatting	2025-12-21T13:03:36.2673187Z  const FOREIGN_CLUSTERS: &[&str] = &[
🔍 Lint	Check formatting	2025-12-21T13:03:36.2673303Z -    "tr", "pr", "cr", "br", "dr", "gr", "fr",  // After finals
🔍 Lint	Check formatting	2025-12-21T13:03:36.2673396Z -    "st", "sp", "sc", "sk", "sm", "sn", "sl", "sw",
🔍 Lint	Check formatting	2025-12-21T13:03:36.2673474Z -    "bl", "cl", "fl", "gl", "pl",
🔍 Lint	Check formatting	2025-12-21T13:03:36.2673559Z -    "ck", "dg", "ght", "wh", "wr",
🔍 Lint	Check formatting	2025-12-21T13:03:36.2673670Z +    "tr", "pr", "cr", "br", "dr", "gr", "fr", // After finals
🔍 Lint	Check formatting	2025-12-21T13:03:36.2673798Z +    "st", "sp", "sc", "sk", "sm", "sn", "sl", "sw", "bl", "cl", "fl", "gl", "pl", "ck", "dg",
🔍 Lint	Check formatting	2025-12-21T13:03:36.2673872Z +    "ght", "wh", "wr",
🔍 Lint	Check formatting	2025-12-21T13:03:36.2673942Z  ];
🔍 Lint	Check formatting	2025-12-21T13:03:36.2674012Z  
🔍 Lint	Check formatting	2025-12-21T13:03:36.2674135Z  /// Invalid vowel patterns (impossible in Vietnamese)
🔍 Lint	Check formatting	2025-12-21T13:03:36.2674336Z Diff in /home/runner/work/vietflux-ime/vietflux-ime/core/src/validation.rs:55:
🔍 Lint	Check formatting	2025-12-21T13:03:36.2674411Z  #[allow(dead_code)]
🔍 Lint	Check formatting	2025-12-21T13:03:36.2674507Z  const INVALID_VOWEL_PATTERNS: &[&str] = &[
🔍 Lint	Check formatting	2025-12-21T13:03:36.2674626Z      // These vowel combinations don't exist in Vietnamese
🔍 Lint	Check formatting	2025-12-21T13:03:36.2674799Z -    "eư", "oư", "iư",  // ư cannot follow e, o, i directly
🔍 Lint	Check formatting	2025-12-21T13:03:36.2674938Z -    "ưe", "ưo", "ưy",  // Invalid ư combinations
🔍 Lint	Check formatting	2025-12-21T13:03:36.2675034Z -    "ou", "yo",        // English-like patterns
🔍 Lint	Check formatting	2025-12-21T13:03:36.2675262Z -    "ea", "ie", "ei",  // English diphthongs
🔍 Lint	Check formatting	2025-12-21T13:03:36.2675422Z +    "eư", "oư", "iư", // ư cannot follow e, o, i directly
🔍 Lint	Check formatting	2025-12-21T13:03:36.2675561Z +    "ưe", "ưo", "ưy", // Invalid ư combinations
🔍 Lint	Check formatting	2025-12-21T13:03:36.2675662Z +    "ou", "yo", // English-like patterns
🔍 Lint	Check formatting	2025-12-21T13:03:36.2675752Z +    "ea", "ie", "ei", // English diphthongs
🔍 Lint	Check formatting	2025-12-21T13:03:36.2675826Z  ];
🔍 Lint	Check formatting	2025-12-21T13:03:36.2675891Z  
🔍 Lint	Check formatting	2025-12-21T13:03:36.2675982Z  // ============================================================
🔍 Lint	Check formatting	2025-12-21T13:03:36.2676185Z Diff in /home/runner/work/vietflux-ime/vietflux-ime/core/src/validation.rs:92:
🔍 Lint	Check formatting	2025-12-21T13:03:36.2676259Z      if s.is_empty() {
🔍 Lint	Check formatting	2025-12-21T13:03:36.2676361Z          return ValidationResult::NoVowel;
🔍 Lint	Check formatting	2025-12-21T13:03:36.2676426Z      }
🔍 Lint	Check formatting	2025-12-21T13:03:36.2676488Z -    
🔍 Lint	Check formatting	2025-12-21T13:03:36.2676558Z +
🔍 Lint	Check formatting	2025-12-21T13:03:36.2676646Z      let lower = s.to_lowercase();
🔍 Lint	Check formatting	2025-12-21T13:03:36.2676756Z      let chars: Vec<char> = lower.chars().collect();
🔍 Lint	Check formatting	2025-12-21T13:03:36.2676826Z -    
🔍 Lint	Check formatting	2025-12-21T13:03:36.2676893Z +
🔍 Lint	Check formatting	2025-12-21T13:03:36.2676970Z      // Rule 1: Must have vowel
🔍 Lint	Check formatting	2025-12-21T13:03:36.2677048Z      if !has_vowel(&chars) {
🔍 Lint	Check formatting	2025-12-21T13:03:36.2677144Z          return ValidationResult::NoVowel;
🔍 Lint	Check formatting	2025-12-21T13:03:36.2677352Z Diff in /home/runner/work/vietflux-ime/vietflux-ime/core/src/validation.rs:102:
🔍 Lint	Check formatting	2025-12-21T13:03:36.2677560Z      }
🔍 Lint	Check formatting	2025-12-21T13:03:36.2677623Z -    
🔍 Lint	Check formatting	2025-12-21T13:03:36.2677690Z +
🔍 Lint	Check formatting	2025-12-21T13:03:36.2677803Z      // Rule 2: Check for foreign word patterns first
🔍 Lint	Check formatting	2025-12-21T13:03:36.2677890Z      if is_foreign_pattern(&lower) {
🔍 Lint	Check formatting	2025-12-21T13:03:36.2677992Z          return ValidationResult::ForeignWord;
🔍 Lint	Check formatting	2025-12-21T13:03:36.2678203Z Diff in /home/runner/work/vietflux-ime/vietflux-ime/core/src/validation.rs:107:
🔍 Lint	Check formatting	2025-12-21T13:03:36.2678267Z      }
🔍 Lint	Check formatting	2025-12-21T13:03:36.2678327Z -    
🔍 Lint	Check formatting	2025-12-21T13:03:36.2678395Z +
🔍 Lint	Check formatting	2025-12-21T13:03:36.2678528Z      // Try to parse syllable structure: Initial + Vowel + Final
🔍 Lint	Check formatting	2025-12-21T13:03:36.2678680Z      if let Some((initial, vowel, final_c)) = parse_syllable(&lower) {
🔍 Lint	Check formatting	2025-12-21T13:03:36.2678773Z          // Rule 3: Valid initial consonant
🔍 Lint	Check formatting	2025-12-21T13:03:36.2678976Z Diff in /home/runner/work/vietflux-ime/vietflux-ime/core/src/validation.rs:112:
🔍 Lint	Check formatting	2025-12-21T13:03:36.2679077Z          if !VALID_INITIALS.contains(&initial) {
🔍 Lint	Check formatting	2025-12-21T13:03:36.2679189Z              return ValidationResult::InvalidInitial;
🔍 Lint	Check formatting	2025-12-21T13:03:36.2679265Z          }
🔍 Lint	Check formatting	2025-12-21T13:03:36.2679331Z -        
🔍 Lint	Check formatting	2025-12-21T13:03:36.2679395Z +
🔍 Lint	Check formatting	2025-12-21T13:03:36.2679492Z          // Rule 4: Valid final consonant
🔍 Lint	Check formatting	2025-12-21T13:03:36.2679586Z          if !VALID_FINALS.contains(&final_c) {
🔍 Lint	Check formatting	2025-12-21T13:03:36.2679690Z              return ValidationResult::InvalidFinal;
🔍 Lint	Check formatting	2025-12-21T13:03:36.2679887Z Diff in /home/runner/work/vietflux-ime/vietflux-ime/core/src/validation.rs:119:
🔍 Lint	Check formatting	2025-12-21T13:03:36.2679957Z          }
🔍 Lint	Check formatting	2025-12-21T13:03:36.2680022Z -        
🔍 Lint	Check formatting	2025-12-21T13:03:36.2680085Z +
🔍 Lint	Check formatting	2025-12-21T13:03:36.2680199Z          // Rule 5: Spelling rules (c/k/g restrictions)
🔍 Lint	Check formatting	2025-12-21T13:03:36.2680302Z          if !check_spelling_rules(initial, vowel) {
🔍 Lint	Check formatting	2025-12-21T13:03:36.2680414Z              return ValidationResult::InvalidSpelling;
🔍 Lint	Check formatting	2025-12-21T13:03:36.2680747Z Diff in /home/runner/work/vietflux-ime/vietflux-ime/core/src/validation.rs:124:
🔍 Lint	Check formatting	2025-12-21T13:03:36.2680823Z          }
🔍 Lint	Check formatting	2025-12-21T13:03:36.2680893Z -        
🔍 Lint	Check formatting	2025-12-21T13:03:36.2680957Z +
🔍 Lint	Check formatting	2025-12-21T13:03:36.2681083Z          // Rule 6: Valid vowel pattern (diphthong/triphthong)
🔍 Lint	Check formatting	2025-12-21T13:03:36.2681180Z          let vowel_base = normalize_vowel(vowel);
🔍 Lint	Check formatting	2025-12-21T13:03:36.2681276Z          if !is_valid_vowel_pattern(&vowel_base) {
🔍 Lint	Check formatting	2025-12-21T13:03:36.2681471Z Diff in /home/runner/work/vietflux-ime/vietflux-ime/core/src/validation.rs:129:
🔍 Lint	Check formatting	2025-12-21T13:03:36.2681603Z              return ValidationResult::InvalidVowelPattern;
🔍 Lint	Check formatting	2025-12-21T13:03:36.2681668Z          }
🔍 Lint	Check formatting	2025-12-21T13:03:36.2681734Z -        
🔍 Lint	Check formatting	2025-12-21T13:03:36.2681805Z +
🔍 Lint	Check formatting	2025-12-21T13:03:36.2681893Z          ValidationResult::Valid
🔍 Lint	Check formatting	2025-12-21T13:03:36.2682081Z      } else {
🔍 Lint	Check formatting	2025-12-21T13:03:36.2682188Z          ValidationResult::InvalidSpelling
🔍 Lint	Check formatting	2025-12-21T13:03:36.2682396Z Diff in /home/runner/work/vietflux-ime/vietflux-ime/core/src/validation.rs:143:
🔍 Lint	Check formatting	2025-12-21T13:03:36.2682518Z  /// Check if pattern looks like a foreign/English word
🔍 Lint	Check formatting	2025-12-21T13:03:36.2682718Z  pub fn is_foreign_word_pattern(buffer: &str, modifier_key: Option<char>) -> bool {
🔍 Lint	Check formatting	2025-12-21T13:03:36.2682817Z      let lower = buffer.to_lowercase();
🔍 Lint	Check formatting	2025-12-21T13:03:36.2682883Z -    
🔍 Lint	Check formatting	2025-12-21T13:03:36.2682946Z +
🔍 Lint	Check formatting	2025-12-21T13:03:36.2683128Z      // Skip check if buffer has Vietnamese diacritics (horn, circumflex, breve)
🔍 Lint	Check formatting	2025-12-21T13:03:36.2683230Z      // User is typing Vietnamese intentionally
🔍 Lint	Check formatting	2025-12-21T13:03:36.2683323Z      if has_vietnamese_diacritics(&lower) {
🔍 Lint	Check formatting	2025-12-21T13:03:36.2683521Z Diff in /home/runner/work/vietflux-ime/vietflux-ime/core/src/validation.rs:150:
🔍 Lint	Check formatting	2025-12-21T13:03:36.2683599Z          return false;
🔍 Lint	Check formatting	2025-12-21T13:03:36.2683663Z      }
🔍 Lint	Check formatting	2025-12-21T13:03:36.2683729Z -    
🔍 Lint	Check formatting	2025-12-21T13:03:36.2683797Z +
🔍 Lint	Check formatting	2025-12-21T13:03:36.2684006Z      // Skip check for valid typing sequences like "dodo" (typing đô)
🔍 Lint	Check formatting	2025-12-21T13:03:36.2684099Z      if is_valid_typing_sequence(&lower) {
🔍 Lint	Check formatting	2025-12-21T13:03:36.2684172Z          return false;
🔍 Lint	Check formatting	2025-12-21T13:03:36.2684373Z Diff in /home/runner/work/vietflux-ime/vietflux-ime/core/src/validation.rs:156:
🔍 Lint	Check formatting	2025-12-21T13:03:36.2684547Z      }
🔍 Lint	Check formatting	2025-12-21T13:03:36.2684612Z -    
🔍 Lint	Check formatting	2025-12-21T13:03:36.2684682Z +
🔍 Lint	Check formatting	2025-12-21T13:03:36.2684848Z      // Check for invalid vowel patterns (eư, oư, etc)
🔍 Lint	Check formatting	2025-12-21T13:03:36.2684951Z      for pattern in INVALID_VOWEL_PATTERNS {
🔍 Lint	Check formatting	2025-12-21T13:03:36.2685040Z          if lower.contains(pattern) {
🔍 Lint	Check formatting	2025-12-21T13:03:36.2685243Z Diff in /home/runner/work/vietflux-ime/vietflux-ime/core/src/validation.rs:161:
🔍 Lint	Check formatting	2025-12-21T13:03:36.2685319Z              return true;
🔍 Lint	Check formatting	2025-12-21T13:03:36.2685386Z          }
🔍 Lint	Check formatting	2025-12-21T13:03:36.2685458Z      }
🔍 Lint	Check formatting	2025-12-21T13:03:36.2685521Z -    
🔍 Lint	Check formatting	2025-12-21T13:03:36.2685584Z +
🔍 Lint	Check formatting	2025-12-21T13:03:36.2685712Z      // Check for foreign consonant clusters (not at start)
🔍 Lint	Check formatting	2025-12-21T13:03:36.2685808Z      for cluster in FOREIGN_CLUSTERS {
🔍 Lint	Check formatting	2025-12-21T13:03:36.2685894Z          if lower.contains(cluster) {
🔍 Lint	Check formatting	2025-12-21T13:03:36.2686087Z Diff in /home/runner/work/vietflux-ime/vietflux-ime/core/src/validation.rs:173:
🔍 Lint	Check formatting	2025-12-21T13:03:36.2686201Z              if let Some(pos) = lower.find(cluster) {
🔍 Lint	Check formatting	2025-12-21T13:03:36.2686278Z                  if pos > 0 {
🔍 Lint	Check formatting	2025-12-21T13:03:36.2686402Z                      let prev_char = lower.chars().nth(pos - 1);
🔍 Lint	Check formatting	2025-12-21T13:03:36.2686570Z -                    if prev_char.map(|c| crate::chars::is_vowel(c)).unwrap_or(false) {
🔍 Lint	Check formatting	2025-12-21T13:03:36.2686649Z +                    if prev_char
🔍 Lint	Check formatting	2025-12-21T13:03:36.2686749Z +                        .map(|c| crate::chars::is_vowel(c))
🔍 Lint	Check formatting	2025-12-21T13:03:36.2686831Z +                        .unwrap_or(false)
🔍 Lint	Check formatting	2025-12-21T13:03:36.2686903Z +                    {
🔍 Lint	Check formatting	2025-12-21T13:03:36.2686977Z                          return true;
🔍 Lint	Check formatting	2025-12-21T13:03:36.2687048Z                      }
🔍 Lint	Check formatting	2025-12-21T13:03:36.2687118Z                  }
🔍 Lint	Check formatting	2025-12-21T13:03:36.2687314Z Diff in /home/runner/work/vietflux-ime/vietflux-ime/core/src/validation.rs:180:
🔍 Lint	Check formatting	2025-12-21T13:03:36.2687380Z              }
🔍 Lint	Check formatting	2025-12-21T13:03:36.2687444Z          }
🔍 Lint	Check formatting	2025-12-21T13:03:36.2687515Z      }
🔍 Lint	Check formatting	2025-12-21T13:03:36.2687582Z -    
🔍 Lint	Check formatting	2025-12-21T13:03:36.2687646Z +
🔍 Lint	Check formatting	2025-12-21T13:03:36.2687771Z      // English prefix patterns: de+s (describe, design)
🔍 Lint	Check formatting	2025-12-21T13:03:36.2687903Z      if lower.starts_with("de") && modifier_key == Some('s') {
🔍 Lint	Check formatting	2025-12-21T13:03:36.2688012Z          // But not "des" alone which could be Vietnamese
🔍 Lint	Check formatting	2025-12-21T13:03:36.2688206Z Diff in /home/runner/work/vietflux-ime/vietflux-ime/core/src/validation.rs:188:
🔍 Lint	Check formatting	2025-12-21T13:03:36.2688283Z              return true;
🔍 Lint	Check formatting	2025-12-21T13:03:36.2688347Z          }
🔍 Lint	Check formatting	2025-12-21T13:03:36.2688410Z      }
🔍 Lint	Check formatting	2025-12-21T13:03:36.2688477Z -    
🔍 Lint	Check formatting	2025-12-21T13:03:36.2688539Z +
🔍 Lint	Check formatting	2025-12-21T13:03:36.2688641Z      // pr- prefix not at start of Vietnamese word
🔍 Lint	Check formatting	2025-12-21T13:03:36.2688837Z      if lower.starts_with("pr") && lower.len() > 3 {
🔍 Lint	Check formatting	2025-12-21T13:03:36.2688916Z          return true;
🔍 Lint	Check formatting	2025-12-21T13:03:36.2689109Z Diff in /home/runner/work/vietflux-ime/vietflux-ime/core/src/validation.rs:195:
🔍 Lint	Check formatting	2025-12-21T13:03:36.2689172Z      }
🔍 Lint	Check formatting	2025-12-21T13:03:36.2689239Z -    
🔍 Lint	Check formatting	2025-12-21T13:03:36.2689305Z +
🔍 Lint	Check formatting	2025-12-21T13:03:36.2689409Z      // -tion, -sion endings (clearly English)
🔍 Lint	Check formatting	2025-12-21T13:03:36.2689531Z      if lower.ends_with("tion") || lower.ends_with("sion") {
🔍 Lint	Check formatting	2025-12-21T13:03:36.2689608Z          return true;
🔍 Lint	Check formatting	2025-12-21T13:03:36.2689802Z Diff in /home/runner/work/vietflux-ime/vietflux-ime/core/src/validation.rs:200:
🔍 Lint	Check formatting	2025-12-21T13:03:36.2689866Z      }
🔍 Lint	Check formatting	2025-12-21T13:03:36.2689936Z -    
🔍 Lint	Check formatting	2025-12-21T13:03:36.2689999Z +
🔍 Lint	Check formatting	2025-12-21T13:03:36.2690064Z      false
🔍 Lint	Check formatting	2025-12-21T13:03:36.2690127Z  }
🔍 Lint	Check formatting	2025-12-21T13:03:36.2690196Z  
🔍 Lint	Check formatting	2025-12-21T13:03:36.2690390Z Diff in /home/runner/work/vietflux-ime/vietflux-ime/core/src/validation.rs:231:
🔍 Lint	Check formatting	2025-12-21T13:03:36.2690731Z  /// e.g., "dodo" could be typing "đô" (d→o→d→o where second d triggers stroke)
🔍 Lint	Check formatting	2025-12-21T13:03:36.2690847Z  fn is_valid_typing_sequence(s: &str) -> bool {
🔍 Lint	Check formatting	2025-12-21T13:03:36.2690933Z      let lower = s.to_lowercase();
🔍 Lint	Check formatting	2025-12-21T13:03:36.2690997Z -    
🔍 Lint	Check formatting	2025-12-21T13:03:36.2691060Z +
🔍 Lint	Check formatting	2025-12-21T13:03:36.2691240Z      // Patterns that look foreign but are valid Vietnamese typing sequences:
🔍 Lint	Check formatting	2025-12-21T13:03:36.2691422Z -    
🔍 Lint	Check formatting	2025-12-21T13:03:36.2691485Z +
🔍 Lint	Check formatting	2025-12-21T13:03:36.2691663Z      // "dodo", "dodi" - typing đô, đồ, etc. with dd for đ
🔍 Lint	Check formatting	2025-12-21T13:03:36.2691818Z      if lower.starts_with("do") && lower.chars().nth(2) == Some('d') {
🔍 Lint	Check formatting	2025-12-21T13:03:36.2691889Z          return true;
🔍 Lint	Check formatting	2025-12-21T13:03:36.2692093Z Diff in /home/runner/work/vietflux-ime/vietflux-ime/core/src/validation.rs:240:
🔍 Lint	Check formatting	2025-12-21T13:03:36.2692157Z      }
🔍 Lint	Check formatting	2025-12-21T13:03:36.2692220Z -    
🔍 Lint	Check formatting	2025-12-21T13:03:36.2692282Z +
🔍 Lint	Check formatting	2025-12-21T13:03:36.2692476Z      // "soso", "lolo" - typing có repeated consonants for emphasis
🔍 Lint	Check formatting	2025-12-21T13:03:36.2692641Z      // But these could also be valid Vietnamese with tones added later
🔍 Lint	Check formatting	2025-12-21T13:03:36.2692749Z      let chars: Vec<char> = lower.chars().collect();
🔍 Lint	Check formatting	2025-12-21T13:03:36.2692954Z Diff in /home/runner/work/vietflux-ime/vietflux-ime/core/src/validation.rs:251:
🔍 Lint	Check formatting	2025-12-21T13:03:36.2693022Z              }
🔍 Lint	Check formatting	2025-12-21T13:03:36.2693093Z          }
🔍 Lint	Check formatting	2025-12-21T13:03:36.2693156Z      }
🔍 Lint	Check formatting	2025-12-21T13:03:36.2693228Z -    
🔍 Lint	Check formatting	2025-12-21T13:03:36.2693289Z +
🔍 Lint	Check formatting	2025-12-21T13:03:36.2693358Z      false
🔍 Lint	Check formatting	2025-12-21T13:03:36.2693423Z  }
🔍 Lint	Check formatting	2025-12-21T13:03:36.2693487Z  
🔍 Lint	Check formatting	2025-12-21T13:03:36.2693678Z Diff in /home/runner/work/vietflux-ime/vietflux-ime/core/src/validation.rs:275:
🔍 Lint	Check formatting	2025-12-21T13:03:36.2693760Z      // Try longest initial first
🔍 Lint	Check formatting	2025-12-21T13:03:36.2693913Z      let mut initials: Vec<&&str> = VALID_INITIALS.iter().collect();
🔍 Lint	Check formatting	2025-12-21T13:03:36.2694021Z      initials.sort_by(|a, b| b.len().cmp(&a.len()));
🔍 Lint	Check formatting	2025-12-21T13:03:36.2694085Z -    
🔍 Lint	Check formatting	2025-12-21T13:03:36.2694154Z +
🔍 Lint	Check formatting	2025-12-21T13:03:36.2694236Z      for initial in initials {
🔍 Lint	Check formatting	2025-12-21T13:03:36.2694327Z          if s.starts_with(initial) {
🔍 Lint	Check formatting	2025-12-21T13:03:36.2694416Z              let rest = &s[initial.len()..];
🔍 Lint	Check formatting	2025-12-21T13:03:36.2694616Z Diff in /home/runner/work/vietflux-ime/vietflux-ime/core/src/validation.rs:282:
🔍 Lint	Check formatting	2025-12-21T13:03:36.2694682Z -            
🔍 Lint	Check formatting	2025-12-21T13:03:36.2694754Z +
🔍 Lint	Check formatting	2025-12-21T13:03:36.2703178Z              // Try to find vowel + final
🔍 Lint	Check formatting	2025-12-21T13:03:36.2703389Z              if let Some((vowel, final_c)) = parse_vowel_final(rest) {
🔍 Lint	Check formatting	2025-12-21T13:03:36.2703507Z                  return Some((initial, vowel, final_c));
🔍 Lint	Check formatting	2025-12-21T13:03:36.2703725Z Diff in /home/runner/work/vietflux-ime/vietflux-ime/core/src/validation.rs:286:
🔍 Lint	Check formatting	2025-12-21T13:03:36.2703799Z              }
🔍 Lint	Check formatting	2025-12-21T13:03:36.2703862Z          }
🔍 Lint	Check formatting	2025-12-21T13:03:36.2703924Z      }
🔍 Lint	Check formatting	2025-12-21T13:03:36.2703986Z -    
🔍 Lint	Check formatting	2025-12-21T13:03:36.2704051Z +
🔍 Lint	Check formatting	2025-12-21T13:03:36.2704117Z      None
🔍 Lint	Check formatting	2025-12-21T13:03:36.2704178Z  }
🔍 Lint	Check formatting	2025-12-21T13:03:36.2704243Z  
🔍 Lint	Check formatting	2025-12-21T13:03:36.2704625Z Diff in /home/runner/work/vietflux-ime/vietflux-ime/core/src/validation.rs:295:
🔍 Lint	Check formatting	2025-12-21T13:03:36.2704705Z      if s.is_empty() {
🔍 Lint	Check formatting	2025-12-21T13:03:36.2704778Z          return None;
🔍 Lint	Check formatting	2025-12-21T13:03:36.2704847Z      }
🔍 Lint	Check formatting	2025-12-21T13:03:36.2704909Z -    
🔍 Lint	Check formatting	2025-12-21T13:03:36.2704970Z +
🔍 Lint	Check formatting	2025-12-21T13:03:36.2705056Z      // Try longest final first
🔍 Lint	Check formatting	2025-12-21T13:03:36.2705202Z      let mut finals: Vec<&&str> = VALID_FINALS.iter().collect();
🔍 Lint	Check formatting	2025-12-21T13:03:36.2705317Z      finals.sort_by(|a, b| b.len().cmp(&a.len()));
🔍 Lint	Check formatting	2025-12-21T13:03:36.2705528Z Diff in /home/runner/work/vietflux-ime/vietflux-ime/core/src/validation.rs:302:
🔍 Lint	Check formatting	2025-12-21T13:03:36.2705601Z -    
🔍 Lint	Check formatting	2025-12-21T13:03:36.2705661Z +
🔍 Lint	Check formatting	2025-12-21T13:03:36.2705744Z      for final_c in finals {
🔍 Lint	Check formatting	2025-12-21T13:03:36.2705836Z          if s.ends_with(final_c) {
🔍 Lint	Check formatting	2025-12-21T13:03:36.2705945Z              let vowel_len = s.len() - final_c.len();
🔍 Lint	Check formatting	2025-12-21T13:03:36.2706138Z Diff in /home/runner/work/vietflux-ime/vietflux-ime/core/src/validation.rs:306:
🔍 Lint	Check formatting	2025-12-21T13:03:36.2706219Z              if vowel_len > 0 {
🔍 Lint	Check formatting	2025-12-21T13:03:36.2706317Z                  let vowel = &s[..vowel_len];
🔍 Lint	Check formatting	2025-12-21T13:03:36.2706470Z                  // Check if all chars in vowel part are vowels (ignoring tones)
🔍 Lint	Check formatting	2025-12-21T13:03:36.2706645Z -                if vowel.chars().all(|c| crate::chars::is_vowel(c) || is_glide(c)) {
🔍 Lint	Check formatting	2025-12-21T13:03:36.2706832Z +                if vowel
🔍 Lint	Check formatting	2025-12-21T13:03:36.2706906Z +                    .chars()
🔍 Lint	Check formatting	2025-12-21T13:03:36.2707034Z +                    .all(|c| crate::chars::is_vowel(c) || is_glide(c))
🔍 Lint	Check formatting	2025-12-21T13:03:36.2707106Z +                {
🔍 Lint	Check formatting	2025-12-21T13:03:36.2707204Z                      return Some((vowel, final_c));
🔍 Lint	Check formatting	2025-12-21T13:03:36.2707269Z                  }
🔍 Lint	Check formatting	2025-12-21T13:03:36.2707360Z              } else if final_c.is_empty() {
🔍 Lint	Check formatting	2025-12-21T13:03:36.2707581Z Diff in /home/runner/work/vietflux-ime/vietflux-ime/core/src/validation.rs:317:
🔍 Lint	Check formatting	2025-12-21T13:03:36.2707649Z              }
🔍 Lint	Check formatting	2025-12-21T13:03:36.2707713Z          }
🔍 Lint	Check formatting	2025-12-21T13:03:36.2707784Z      }
🔍 Lint	Check formatting	2025-12-21T13:03:36.2707846Z -    
🔍 Lint	Check formatting	2025-12-21T13:03:36.2707908Z +
🔍 Lint	Check formatting	2025-12-21T13:03:36.2707974Z      None
🔍 Lint	Check formatting	2025-12-21T13:03:36.2708040Z  }
🔍 Lint	Check formatting	2025-12-21T13:03:36.2708102Z  
🔍 Lint	Check formatting	2025-12-21T13:03:36.2708307Z Diff in /home/runner/work/vietflux-ime/vietflux-ime/core/src/validation.rs:337:
🔍 Lint	Check formatting	2025-12-21T13:03:36.2708393Z      if vowel_base.len() == 1 {
🔍 Lint	Check formatting	2025-12-21T13:03:36.2708467Z          return true;
🔍 Lint	Check formatting	2025-12-21T13:03:36.2708530Z      }
🔍 Lint	Check formatting	2025-12-21T13:03:36.2708592Z -    
🔍 Lint	Check formatting	2025-12-21T13:03:36.2708658Z +
🔍 Lint	Check formatting	2025-12-21T13:03:36.2708747Z      // Check against known patterns
🔍 Lint	Check formatting	2025-12-21T13:03:36.2708854Z      VALID_VOWEL_PATTERNS.contains(&vowel_base)
🔍 Lint	Check formatting	2025-12-21T13:03:36.2708921Z  }
🔍 Lint	Check formatting	2025-12-21T13:03:36.2709114Z Diff in /home/runner/work/vietflux-ime/vietflux-ime/core/src/validation.rs:346:
🔍 Lint	Check formatting	2025-12-21T13:03:36.2709262Z  fn check_spelling_rules(initial: &str, vowel: &str) -> bool {
🔍 Lint	Check formatting	2025-12-21T13:03:36.2709394Z      let vowel_first = vowel.chars().next().unwrap_or(' ');
🔍 Lint	Check formatting	2025-12-21T13:03:36.2709508Z      let vowel_base = chars::get_base(vowel_first);
🔍 Lint	Check formatting	2025-12-21T13:03:36.2709576Z -    
🔍 Lint	Check formatting	2025-12-21T13:03:36.2709639Z +
🔍 Lint	Check formatting	2025-12-21T13:03:36.2709716Z      match initial {
🔍 Lint	Check formatting	2025-12-21T13:03:36.2709957Z          // "c" can only precede non e/ê/i/y vowels (use "k" for those)
🔍 Lint	Check formatting	2025-12-21T13:03:36.2710115Z          "c" => !matches!(vowel_base, 'e' | 'ê' | 'i' | 'y'),
🔍 Lint	Check formatting	2025-12-21T13:03:36.2710325Z Diff in /home/runner/work/vietflux-ime/vietflux-ime/core/src/validation.rs:353:
🔍 Lint	Check formatting	2025-12-21T13:03:36.2710395Z -        
🔍 Lint	Check formatting	2025-12-21T13:03:36.2710458Z +
🔍 Lint	Check formatting	2025-12-21T13:03:36.2710735Z          // "k" can only precede e/ê/i/y vowels
🔍 Lint	Check formatting	2025-12-21T13:03:36.2710908Z          "k" => matches!(vowel_base, 'e' | 'ê' | 'i' | 'y'),
🔍 Lint	Check formatting	2025-12-21T13:03:36.2710973Z -        
🔍 Lint	Check formatting	2025-12-21T13:03:36.2711036Z +
🔍 Lint	Check formatting	2025-12-21T13:03:36.2711190Z          // "g" cannot precede e/ê/i (use "gh" for those)
🔍 Lint	Check formatting	2025-12-21T13:03:36.2711338Z          "g" => !matches!(vowel_base, 'e' | 'ê' | 'i'),
🔍 Lint	Check formatting	2025-12-21T13:03:36.2711404Z -        
🔍 Lint	Check formatting	2025-12-21T13:03:36.2711465Z +
🔍 Lint	Check formatting	2025-12-21T13:03:36.2711725Z          // "gh" can only precede e/ê/i
🔍 Lint	Check formatting	2025-12-21T13:03:36.2711873Z          "gh" => matches!(vowel_base, 'e' | 'ê' | 'i'),
🔍 Lint	Check formatting	2025-12-21T13:03:36.2711938Z -        
🔍 Lint	Check formatting	2025-12-21T13:03:36.2712001Z +
🔍 Lint	Check formatting	2025-12-21T13:03:36.2712173Z          // "ng" cannot precede e/ê/i (use "ngh" for those)
🔍 Lint	Check formatting	2025-12-21T13:03:36.2712325Z          "ng" => !matches!(vowel_base, 'e' | 'ê' | 'i'),
🔍 Lint	Check formatting	2025-12-21T13:03:36.2712401Z -        
🔍 Lint	Check formatting	2025-12-21T13:03:36.2712470Z +
🔍 Lint	Check formatting	2025-12-21T13:03:36.2712599Z          // "ngh" can only precede e/ê/i
🔍 Lint	Check formatting	2025-12-21T13:03:36.2712745Z          "ngh" => matches!(vowel_base, 'e' | 'ê' | 'i'),
🔍 Lint	Check formatting	2025-12-21T13:03:36.2712814Z -        
🔍 Lint	Check formatting	2025-12-21T13:03:36.2712877Z +
🔍 Lint	Check formatting	2025-12-21T13:03:36.2712946Z          _ => true,
🔍 Lint	Check formatting	2025-12-21T13:03:36.2713010Z      }
🔍 Lint	Check formatting	2025-12-21T13:03:36.2713077Z  }
🔍 Lint	Check formatting	2025-12-21T13:03:36.2713297Z Diff in /home/runner/work/vietflux-ime/vietflux-ime/core/src/validation.rs:376:
🔍 Lint	Check formatting	2025-12-21T13:03:36.2713377Z      if s.is_empty() {
🔍 Lint	Check formatting	2025-12-21T13:03:36.2713449Z          return true;
🔍 Lint	Check formatting	2025-12-21T13:03:36.2713525Z      }
🔍 Lint	Check formatting	2025-12-21T13:03:36.2713587Z -    
🔍 Lint	Check formatting	2025-12-21T13:03:36.2713650Z +
🔍 Lint	Check formatting	2025-12-21T13:03:36.2713739Z      let lower = s.to_lowercase();
🔍 Lint	Check formatting	2025-12-21T13:03:36.2713803Z -    
🔍 Lint	Check formatting	2025-12-21T13:03:36.2713866Z +
🔍 Lint	Check formatting	2025-12-21T13:03:36.2713960Z      // Check if it's clearly a foreign word
🔍 Lint	Check formatting	2025-12-21T13:03:36.2714067Z      if is_foreign_word_pattern(&lower, None) {
🔍 Lint	Check formatting	2025-12-21T13:03:36.2714252Z          return false;
🔍 Lint	Check formatting	2025-12-21T13:03:36.2714453Z Diff in /home/runner/work/vietflux-ime/vietflux-ime/core/src/validation.rs:385:
🔍 Lint	Check formatting	2025-12-21T13:03:36.2714523Z      }
🔍 Lint	Check formatting	2025-12-21T13:03:36.2714587Z -    
🔍 Lint	Check formatting	2025-12-21T13:03:36.2714650Z +
🔍 Lint	Check formatting	2025-12-21T13:03:36.2714769Z      // Check if any valid syllable could start with this
🔍 Lint	Check formatting	2025-12-21T13:03:36.2714863Z      for initial in VALID_INITIALS {
🔍 Lint	Check formatting	2025-12-21T13:03:36.2715015Z          if initial.starts_with(&lower) || lower.starts_with(initial) {
🔍 Lint	Check formatting	2025-12-21T13:03:36.2715207Z Diff in /home/runner/work/vietflux-ime/vietflux-ime/core/src/validation.rs:390:
🔍 Lint	Check formatting	2025-12-21T13:03:36.2715284Z              return true;
🔍 Lint	Check formatting	2025-12-21T13:03:36.2715354Z          }
🔍 Lint	Check formatting	2025-12-21T13:03:36.2715416Z      }
🔍 Lint	Check formatting	2025-12-21T13:03:36.2715478Z -    
🔍 Lint	Check formatting	2025-12-21T13:03:36.2715545Z +
🔍 Lint	Check formatting	2025-12-21T13:03:36.2715629Z      // Could be mid-vowel typing
🔍 Lint	Check formatting	2025-12-21T13:03:36.2715695Z      true
🔍 Lint	Check formatting	2025-12-21T13:03:36.2715762Z  }
🔍 Lint	Check formatting	2025-12-21T13:03:36.2715953Z Diff in /home/runner/work/vietflux-ime/vietflux-ime/core/src/validation.rs:397:
🔍 Lint	Check formatting	2025-12-21T13:03:36.2716020Z  
🔍 Lint	Check formatting	2025-12-21T13:03:36.2716109Z  /// Check if word ends at a valid boundary
🔍 Lint	Check formatting	2025-12-21T13:03:36.2716212Z  pub fn is_word_boundary(ch: char) -> bool {
🔍 Lint	Check formatting	2025-12-21T13:03:36.2716290Z -    ch.is_whitespace() 
🔍 Lint	Check formatting	2025-12-21T13:03:36.2716467Z -        || matches!(ch, '.' | ',' | '!' | '?' | ':' | ';' | '"' | '\'' | '(' | ')' | '[' | ']' | '{' | '}' | '<' | '>' | '/' | '\\' | '=' | '+' | '-' | '*' | '@' | '#' | '$' | '%' | '^' | '&' | '|' | '~' | '`')
🔍 Lint	Check formatting	2025-12-21T13:03:36.2716549Z +    ch.is_whitespace()
🔍 Lint	Check formatting	2025-12-21T13:03:36.2716624Z +        || matches!(
🔍 Lint	Check formatting	2025-12-21T13:03:36.2716691Z +            ch,
🔍 Lint	Check formatting	2025-12-21T13:03:36.2716765Z +            '.' | ','
🔍 Lint	Check formatting	2025-12-21T13:03:36.2716830Z +                | '!'
🔍 Lint	Check formatting	2025-12-21T13:03:36.2716895Z +                | '?'
🔍 Lint	Check formatting	2025-12-21T13:03:36.2716959Z +                | ':'
🔍 Lint	Check formatting	2025-12-21T13:03:36.2717030Z +                | ';'
🔍 Lint	Check formatting	2025-12-21T13:03:36.2717094Z +                | '"'
🔍 Lint	Check formatting	2025-12-21T13:03:36.2717165Z +                | '\''
🔍 Lint	Check formatting	2025-12-21T13:03:36.2717234Z +                | '('
🔍 Lint	Check formatting	2025-12-21T13:03:36.2717297Z +                | ')'
🔍 Lint	Check formatting	2025-12-21T13:03:36.2717362Z +                | '['
🔍 Lint	Check formatting	2025-12-21T13:03:36.2717424Z +                | ']'
🔍 Lint	Check formatting	2025-12-21T13:03:36.2717494Z +                | '{'
🔍 Lint	Check formatting	2025-12-21T13:03:36.2717558Z +                | '}'
🔍 Lint	Check formatting	2025-12-21T13:03:36.2717621Z +                | '<'
🔍 Lint	Check formatting	2025-12-21T13:03:36.2717685Z +                | '>'
🔍 Lint	Check formatting	2025-12-21T13:03:36.2717753Z +                | '/'
🔍 Lint	Check formatting	2025-12-21T13:03:36.2717818Z +                | '\\'
🔍 Lint	Check formatting	2025-12-21T13:03:36.2717881Z +                | '='
🔍 Lint	Check formatting	2025-12-21T13:03:36.2717950Z +                | '+'
🔍 Lint	Check formatting	2025-12-21T13:03:36.2718017Z +                | '-'
🔍 Lint	Check formatting	2025-12-21T13:03:36.2718170Z +                | '*'
🔍 Lint	Check formatting	2025-12-21T13:03:36.2718233Z +                | '@'
🔍 Lint	Check formatting	2025-12-21T13:03:36.2718304Z +                | '#'
🔍 Lint	Check formatting	2025-12-21T13:03:36.2718372Z +                | '$'
🔍 Lint	Check formatting	2025-12-21T13:03:36.2718435Z +                | '%'
🔍 Lint	Check formatting	2025-12-21T13:03:36.2718505Z +                | '^'
🔍 Lint	Check formatting	2025-12-21T13:03:36.2718573Z +                | '&'
🔍 Lint	Check formatting	2025-12-21T13:03:36.2718637Z +                | '|'
🔍 Lint	Check formatting	2025-12-21T13:03:36.2718701Z +                | '~'
🔍 Lint	Check formatting	2025-12-21T13:03:36.2718770Z +                | '`'
🔍 Lint	Check formatting	2025-12-21T13:03:36.2718834Z +        )
🔍 Lint	Check formatting	2025-12-21T13:03:36.2718895Z  }
🔍 Lint	Check formatting	2025-12-21T13:03:36.2718962Z  
🔍 Lint	Check formatting	2025-12-21T13:03:36.2719052Z  // ============================================================
🔍 Lint	Check formatting	2025-12-21T13:03:36.2719259Z Diff in /home/runner/work/vietflux-ime/vietflux-ime/core/src/validation.rs:437:
🔍 Lint	Check formatting	2025-12-21T13:03:36.2719327Z      #[test]
🔍 Lint	Check formatting	2025-12-21T13:03:36.2719413Z      fn test_spelling_rules() {
🔍 Lint	Check formatting	2025-12-21T13:03:36.2719480Z          // c vs k
🔍 Lint	Check formatting	2025-12-21T13:03:36.2719640Z -        assert!(check_spelling_rules("c", "a"));     // ca ✓
🔍 Lint	Check formatting	2025-12-21T13:03:36.2719862Z -        assert!(!check_spelling_rules("c", "e"));    // ce ✗ (should be ke)
🔍 Lint	Check formatting	2025-12-21T13:03:36.2720001Z -        assert!(check_spelling_rules("k", "e"));     // ke ✓
🔍 Lint	Check formatting	2025-12-21T13:03:36.2720066Z -        
🔍 Lint	Check formatting	2025-12-21T13:03:36.2720200Z +        assert!(check_spelling_rules("c", "a")); // ca ✓
🔍 Lint	Check formatting	2025-12-21T13:03:36.2720491Z +        assert!(!check_spelling_rules("c", "e")); // ce ✗ (should be ke)
🔍 Lint	Check formatting	2025-12-21T13:03:36.2720729Z +        assert!(check_spelling_rules("k", "e")); // ke ✓
🔍 Lint	Check formatting	2025-12-21T13:03:36.2720795Z +
🔍 Lint	Check formatting	2025-12-21T13:03:36.2720868Z          // g vs gh
🔍 Lint	Check formatting	2025-12-21T13:03:36.2721010Z -        assert!(check_spelling_rules("g", "a"));     // ga ✓
🔍 Lint	Check formatting	2025-12-21T13:03:36.2721222Z -        assert!(!check_spelling_rules("g", "e"));    // ge ✗ (should be ghe)
🔍 Lint	Check formatting	2025-12-21T13:03:36.2721373Z -        assert!(check_spelling_rules("gh", "e"));    // ghe ✓
🔍 Lint	Check formatting	2025-12-21T13:03:36.2721500Z +        assert!(check_spelling_rules("g", "a")); // ga ✓
🔍 Lint	Check formatting	2025-12-21T13:03:36.2721712Z +        assert!(!check_spelling_rules("g", "e")); // ge ✗ (should be ghe)
🔍 Lint	Check formatting	2025-12-21T13:03:36.2721848Z +        assert!(check_spelling_rules("gh", "e")); // ghe ✓
🔍 Lint	Check formatting	2025-12-21T13:03:36.2721919Z      }
🔍 Lint	Check formatting	2025-12-21T13:03:36.2721981Z  
🔍 Lint	Check formatting	2025-12-21T13:03:36.2722048Z      #[test]
🔍 Lint	Check formatting	2025-12-21T13:03:36.2722257Z Diff in /home/runner/work/vietflux-ime/vietflux-ime/core/src/validation.rs:451:
🔍 Lint	Check formatting	2025-12-21T13:03:36.2722351Z      fn test_word_boundary() {
🔍 Lint	Check formatting	2025-12-21T13:03:36.2722438Z          assert!(is_word_boundary(' '));
🔍 Lint	Check formatting	2025-12-21T13:03:36.2722525Z          assert!(is_word_boundary('.'));
🔍 Lint	Check formatting	2025-12-21T13:03:36.2722646Z -        assert!(is_word_boundary('='));  // Programming
🔍 Lint	Check formatting	2025-12-21T13:03:36.2722744Z -        assert!(is_word_boundary('{'));  // Code
🔍 Lint	Check formatting	2025-12-21T13:03:36.2722851Z +        assert!(is_word_boundary('=')); // Programming
🔍 Lint	Check formatting	2025-12-21T13:03:36.2722952Z +        assert!(is_word_boundary('{')); // Code
🔍 Lint	Check formatting	2025-12-21T13:03:36.2723041Z          assert!(!is_word_boundary('a'));
🔍 Lint	Check formatting	2025-12-21T13:03:36.2723111Z      }
🔍 Lint	Check formatting	2025-12-21T13:03:36.2723180Z  }
🔍 Lint	Check formatting	2025-12-21T13:03:36.2731867Z ##[error]Process completed with exit code 1.
🧪 Test (ubuntu-latest)	Run tests	﻿2025-12-21T13:03:35.4191467Z ##[group]Run cargo test --verbose
🧪 Test (ubuntu-latest)	Run tests	2025-12-21T13:03:35.4191825Z [36;1mcargo test --verbose[0m
🧪 Test (ubuntu-latest)	Run tests	2025-12-21T13:03:35.4227171Z shell: /usr/bin/bash -e {0}
🧪 Test (ubuntu-latest)	Run tests	2025-12-21T13:03:35.4227426Z env:
🧪 Test (ubuntu-latest)	Run tests	2025-12-21T13:03:35.4227604Z   CARGO_TERM_COLOR: always
🧪 Test (ubuntu-latest)	Run tests	2025-12-21T13:03:35.4227829Z   RUST_BACKTRACE: 1
🧪 Test (ubuntu-latest)	Run tests	2025-12-21T13:03:35.4228034Z   CARGO_HOME: /home/runner/.cargo
🧪 Test (ubuntu-latest)	Run tests	2025-12-21T13:03:35.4228274Z   CARGO_INCREMENTAL: 0
🧪 Test (ubuntu-latest)	Run tests	2025-12-21T13:03:35.4228478Z   CACHE_ON_FAILURE: false
🧪 Test (ubuntu-latest)	Run tests	2025-12-21T13:03:35.4228671Z ##[endgroup]
🧪 Test (ubuntu-latest)	Run tests	2025-12-21T13:03:35.5318231Z [1m[92m    Updating[0m crates.io index
🧪 Test (ubuntu-latest)	Run tests	2025-12-21T13:03:35.8354273Z [1m[92m     Locking[0m 40 packages to latest compatible versions
🧪 Test (ubuntu-latest)	Run tests	2025-12-21T13:03:35.8437873Z [1m[92m Downloading[0m crates ...
🧪 Test (ubuntu-latest)	Run tests	2025-12-21T13:03:36.1200127Z [1m[92m  Downloaded[0m cast v0.3.0
🧪 Test (ubuntu-latest)	Run tests	2025-12-21T13:03:36.1294238Z [1m[92m  Downloaded[0m async-trait v0.1.89
🧪 Test (ubuntu-latest)	Run tests	2025-12-21T13:03:36.1346475Z [1m[92m  Downloaded[0m rustversion v1.0.22
🧪 Test (ubuntu-latest)	Run tests	2025-12-21T13:03:36.1381608Z [1m[92m  Downloaded[0m itoa v1.0.16
🧪 Test (ubuntu-latest)	Run tests	2025-12-21T13:03:36.1400041Z [1m[92m  Downloaded[0m wasm-bindgen-test-macro v0.3.56
🧪 Test (ubuntu-latest)	Run tests	2025-12-21T13:03:36.1413727Z [1m[92m  Downloaded[0m wasm-bindgen-shared v0.2.106
🧪 Test (ubuntu-latest)	Run tests	2025-12-21T13:03:36.1423933Z [1m[92m  Downloaded[0m nu-ansi-term v0.50.3
🧪 Test (ubuntu-latest)	Run tests	2025-12-21T13:03:36.1456825Z [1m[92m  Downloaded[0m wasm-bindgen-test v0.3.56
🧪 Test (ubuntu-latest)	Run tests	2025-12-21T13:03:36.1505255Z [1m[92m  Downloaded[0m wasm-bindgen-macro-support v0.2.106
🧪 Test (ubuntu-latest)	Run tests	2025-12-21T13:03:36.1523285Z [1m[92m  Downloaded[0m serde_derive v1.0.228
🧪 Test (ubuntu-latest)	Run tests	2025-12-21T13:03:36.1555032Z [1m[92m  Downloaded[0m memchr v2.7.6
🧪 Test (ubuntu-latest)	Run tests	2025-12-21T13:03:36.1612303Z [1m[92m  Downloaded[0m libm v0.2.15
🧪 Test (ubuntu-latest)	Run tests	2025-12-21T13:03:36.1739055Z [1m[92m  Downloaded[0m serde v1.0.228
🧪 Test (ubuntu-latest)	Run tests	2025-12-21T13:03:36.1773773Z [1m[92m  Downloaded[0m bumpalo v3.19.1
🧪 Test (ubuntu-latest)	Run tests	2025-12-21T13:03:36.1799616Z [1m[92m  Downloaded[0m ryu v1.0.21
🧪 Test (ubuntu-latest)	Run tests	2025-12-21T13:03:36.1830895Z [1m[92m  Downloaded[0m serde_json v1.0.145
🧪 Test (ubuntu-latest)	Run tests	2025-12-21T13:03:36.1901860Z [1m[92m  Downloaded[0m proc-macro2 v1.0.103
🧪 Test (ubuntu-latest)	Run tests	2025-12-21T13:03:36.1930638Z [1m[92m  Downloaded[0m unicode-ident v1.0.22
🧪 Test (ubuntu-latest)	Run tests	2025-12-21T13:03:36.1957513Z [1m[92m  Downloaded[0m serde_core v1.0.228
🧪 Test (ubuntu-latest)	Run tests	2025-12-21T13:03:36.1983982Z [1m[92m  Downloaded[0m once_cell v1.21.3
🧪 Test (ubuntu-latest)	Run tests	2025-12-21T13:03:36.2008600Z [1m[92m  Downloaded[0m num-traits v0.2.19
🧪 Test (ubuntu-latest)	Run tests	2025-12-21T13:03:36.2033497Z [1m[92m  Downloaded[0m js-sys v0.3.83
🧪 Test (ubuntu-latest)	Run tests	2025-12-21T13:03:36.2049471Z [1m[92m  Downloaded[0m syn v2.0.111
🧪 Test (ubuntu-latest)	Run tests	2025-12-21T13:03:36.2153080Z [1m[92m  Downloaded[0m wasm-bindgen-futures v0.4.56
🧪 Test (ubuntu-latest)	Run tests	2025-12-21T13:03:36.2165733Z [1m[92m  Downloaded[0m wasm-bindgen v0.2.106
🧪 Test (ubuntu-latest)	Run tests	2025-12-21T13:03:36.2187706Z [1m[92m  Downloaded[0m wasm-bindgen-macro v0.2.106
🧪 Test (ubuntu-latest)	Run tests	2025-12-21T13:03:36.2196046Z [1m[92m  Downloaded[0m quote v1.0.42
🧪 Test (ubuntu-latest)	Run tests	2025-12-21T13:03:36.2221517Z [1m[92m  Downloaded[0m oorandom v11.1.5
🧪 Test (ubuntu-latest)	Run tests	2025-12-21T13:03:36.2230457Z [1m[92m  Downloaded[0m cfg-if v1.0.4
🧪 Test (ubuntu-latest)	Run tests	2025-12-21T13:03:36.2242467Z [1m[92m  Downloaded[0m autocfg v1.5.0
🧪 Test (ubuntu-latest)	Run tests	2025-12-21T13:03:36.2425639Z [1m[92m   Compiling[0m unicode-ident v1.0.22
🧪 Test (ubuntu-latest)	Run tests	2025-12-21T13:03:36.2426661Z [1m[92m   Compiling[0m proc-macro2 v1.0.103
🧪 Test (ubuntu-latest)	Run tests	2025-12-21T13:03:36.2427412Z [1m[92m   Compiling[0m quote v1.0.42
🧪 Test (ubuntu-latest)	Run tests	2025-12-21T13:03:36.2428744Z [1m[92m   Compiling[0m wasm-bindgen-shared v0.2.106
🧪 Test (ubuntu-latest)	Run tests	2025-12-21T13:03:36.2435815Z [1m[92m     Running[0m `/home/runner/.rustup/toolchains/stable-x86_64-unknown-linux-gnu/bin/rustc --crate-name unicode_ident --edition=2018 /home/runner/.cargo/registry/src/index.crates.io-1949cf8c6b5b557f/unicode-ident-1.0.22/src/lib.rs --error-format=json --json=diagnostic-rendered-ansi,artifacts,future-incompat --crate-type lib --emit=dep-info,metadata,link -C embed-bitcode=no -C debuginfo=2 --check-cfg 'cfg(docsrs,test)' --check-cfg 'cfg(feature, values())' -C metadata=447a07f0362b8088 -C extra-filename=-fa2a39b8d55409f4 --out-dir /home/runner/work/vietflux-ime/vietflux-ime/core/target/debug/deps -L dependency=/home/runner/work/vietflux-ime/vietflux-ime/core/target/debug/deps --cap-lints allow`
🧪 Test (ubuntu-latest)	Run tests	2025-12-21T13:03:36.2443663Z [1m[92m     Running[0m `/home/runner/.rustup/toolchains/stable-x86_64-unknown-linux-gnu/bin/rustc --crate-name build_script_build --edition=2021 /home/runner/.cargo/registry/src/index.crates.io-1949cf8c6b5b557f/proc-macro2-1.0.103/build.rs --error-format=json --json=diagnostic-rendered-ansi,artifacts,future-incompat --crate-type bin --emit=dep-info,link -C embed-bitcode=no --cfg 'feature="default"' --cfg 'feature="proc-macro"' --check-cfg 'cfg(docsrs,test)' --check-cfg 'cfg(feature, values("default", "nightly", "proc-macro", "span-locations"))' -C metadata=cc86b109af17aa34 -C extra-filename=-bdf9ed00dad30299 --out-dir /home/runner/work/vietflux-ime/vietflux-ime/core/target/debug/build/proc-macro2-bdf9ed00dad30299 -L dependency=/home/runner/work/vietflux-ime/vietflux-ime/core/target/debug/deps --cap-lints allow`
🧪 Test (ubuntu-latest)	Run tests	2025-12-21T13:03:36.2461605Z [1m[92m     Running[0m `/home/runner/.rustup/toolchains/stable-x86_64-unknown-linux-gnu/bin/rustc --crate-name build_script_build --edition=2021 /home/runner/.cargo/registry/src/index.crates.io-1949cf8c6b5b557f/wasm-bindgen-shared-0.2.106/build.rs --error-format=json --json=diagnostic-rendered-ansi,artifacts,future-incompat --crate-type bin --emit=dep-info,link -C embed-bitcode=no '--warn=clippy::uninlined_format_args' --warn=unexpected_cfgs '--allow=clippy::type_complexity' '--allow=clippy::too_many_arguments' '--allow=clippy::overly_complex_bool_expr' '--allow=clippy::new_without_default' '--allow=clippy::large_enum_variant' --check-cfg 'cfg(wasm_bindgen_unstable_test_coverage)' --check-cfg 'cfg(xxx_debug_only_print_generated_code)' --check-cfg 'cfg(docsrs,test)' --check-cfg 'cfg(feature, values())' -C metadata=7dbdb2055d00e717 -C extra-filename=-c4a7164d4449ef90 --out-dir /home/runner/work/vietflux-ime/vietflux-ime/core/target/debug/build/wasm-bindgen-shared-c4a7164d4449ef90 -L dependency=/home/runner/work/vietflux-ime/vietflux-ime/core/target/debug/deps --cap-lints allow`
🧪 Test (ubuntu-latest)	Run tests	2025-12-21T13:03:36.2473475Z [1m[92m     Running[0m `/home/runner/.rustup/toolchains/stable-x86_64-unknown-linux-gnu/bin/rustc --crate-name build_script_build --edition=2018 /home/runner/.cargo/registry/src/index.crates.io-1949cf8c6b5b557f/quote-1.0.42/build.rs --error-format=json --json=diagnostic-rendered-ansi,artifacts,future-incompat --crate-type bin --emit=dep-info,link -C embed-bitcode=no --cfg 'feature="default"' --cfg 'feature="proc-macro"' --check-cfg 'cfg(docsrs,test)' --check-cfg 'cfg(feature, values("default", "proc-macro"))' -C metadata=9d4703acfb0e5202 -C extra-filename=-03d3df1af8178ab4 --out-dir /home/runner/work/vietflux-ime/vietflux-ime/core/target/debug/build/quote-03d3df1af8178ab4 -L dependency=/home/runner/work/vietflux-ime/vietflux-ime/core/target/debug/deps --cap-lints allow`
🧪 Test (ubuntu-latest)	Run tests	2025-12-21T13:03:36.5070750Z [1m[92m   Compiling[0m rustversion v1.0.22
🧪 Test (ubuntu-latest)	Run tests	2025-12-21T13:03:36.5077982Z [1m[92m     Running[0m `/home/runner/.rustup/toolchains/stable-x86_64-unknown-linux-gnu/bin/rustc --crate-name build_script_build --edition=2018 /home/runner/.cargo/registry/src/index.crates.io-1949cf8c6b5b557f/rustversion-1.0.22/build/build.rs --error-format=json --json=diagnostic-rendered-ansi,artifacts,future-incompat --crate-type bin --emit=dep-info,link -C embed-bitcode=no --check-cfg 'cfg(docsrs,test)' --check-cfg 'cfg(feature, values())' -C metadata=11ee804c35ffd16b -C extra-filename=-050205c5a595f792 --out-dir /home/runner/work/vietflux-ime/vietflux-ime/core/target/debug/build/rustversion-050205c5a595f792 -L dependency=/home/runner/work/vietflux-ime/vietflux-ime/core/target/debug/deps --cap-lints allow`
🧪 Test (ubuntu-latest)	Run tests	2025-12-21T13:03:36.7923464Z [1m[92m     Running[0m `/home/runner/work/vietflux-ime/vietflux-ime/core/target/debug/build/wasm-bindgen-shared-c4a7164d4449ef90/build-script-build`
🧪 Test (ubuntu-latest)	Run tests	2025-12-21T13:03:36.7934074Z [1m[92m     Running[0m `/home/runner/work/vietflux-ime/vietflux-ime/core/target/debug/build/proc-macro2-bdf9ed00dad30299/build-script-build`
🧪 Test (ubuntu-latest)	Run tests	2025-12-21T13:03:36.7948636Z [1m[92m     Running[0m `/home/runner/work/vietflux-ime/vietflux-ime/core/target/debug/build/quote-03d3df1af8178ab4/build-script-build`
🧪 Test (ubuntu-latest)	Run tests	2025-12-21T13:03:36.7954131Z [1m[92m     Running[0m `/home/runner/work/vietflux-ime/vietflux-ime/core/target/debug/build/rustversion-050205c5a595f792/build-script-build`
🧪 Test (ubuntu-latest)	Run tests	2025-12-21T13:03:36.8010072Z [1m[92m     Running[0m `/home/runner/.rustup/toolchains/stable-x86_64-unknown-linux-gnu/bin/rustc --crate-name wasm_bindgen_shared --edition=2021 /home/runner/.cargo/registry/src/index.crates.io-1949cf8c6b5b557f/wasm-bindgen-shared-0.2.106/src/lib.rs --error-format=json --json=diagnostic-rendered-ansi,artifacts,future-incompat --crate-type lib --emit=dep-info,metadata,link -C embed-bitcode=no -C debuginfo=2 '--warn=clippy::uninlined_format_args' --warn=unexpected_cfgs '--allow=clippy::type_complexity' '--allow=clippy::too_many_arguments' '--allow=clippy::overly_complex_bool_expr' '--allow=clippy::new_without_default' '--allow=clippy::large_enum_variant' --check-cfg 'cfg(wasm_bindgen_unstable_test_coverage)' --check-cfg 'cfg(xxx_debug_only_print_generated_code)' --check-cfg 'cfg(docsrs,test)' --check-cfg 'cfg(feature, values())' -C metadata=b3c9ee6a8f83128c -C extra-filename=-bf33298efa5851e9 --out-dir /home/runner/work/vietflux-ime/vietflux-ime/core/target/debug/deps -L dependency=/home/runner/work/vietflux-ime/vietflux-ime/core/target/debug/deps --extern unicode_ident=/home/runner/work/vietflux-ime/vietflux-ime/core/target/debug/deps/libunicode_ident-fa2a39b8d55409f4.rmeta --cap-lints allow`
🧪 Test (ubuntu-latest)	Run tests	2025-12-21T13:03:36.8079336Z [1m[92m   Compiling[0m bumpalo v3.19.1
🧪 Test (ubuntu-latest)	Run tests	2025-12-21T13:03:36.8100023Z [1m[92m     Running[0m `/home/runner/.rustup/toolchains/stable-x86_64-unknown-linux-gnu/bin/rustc --crate-name bumpalo --edition=2021 /home/runner/.cargo/registry/src/index.crates.io-1949cf8c6b5b557f/bumpalo-3.19.1/src/lib.rs --error-format=json --json=diagnostic-rendered-ansi,artifacts,future-incompat --crate-type lib --emit=dep-info,metadata,link -C embed-bitcode=no --cfg 'feature="default"' --check-cfg 'cfg(docsrs,test)' --check-cfg 'cfg(feature, values("allocator-api2", "allocator_api", "bench_allocator_api", "boxed", "collections", "default", "serde", "std"))' -C metadata=2ad32bcb658cddd5 -C extra-filename=-8d44a9b21a1f5473 --out-dir /home/runner/work/vietflux-ime/vietflux-ime/core/target/debug/deps -L dependency=/home/runner/work/vietflux-ime/vietflux-ime/core/target/debug/deps --cap-lints allow`
🧪 Test (ubuntu-latest)	Run tests	2025-12-21T13:03:36.8151898Z [1m[92m     Running[0m `/home/runner/.rustup/toolchains/stable-x86_64-unknown-linux-gnu/bin/rustc --crate-name rustversion --edition=2018 /home/runner/.cargo/registry/src/index.crates.io-1949cf8c6b5b557f/rustversion-1.0.22/src/lib.rs --error-format=json --json=diagnostic-rendered-ansi,artifacts,future-incompat --crate-type proc-macro --emit=dep-info,link -C prefer-dynamic -C embed-bitcode=no --check-cfg 'cfg(docsrs,test)' --check-cfg 'cfg(feature, values())' -C metadata=f9d7f8df61884fc2 -C extra-filename=-211bfd3963d3ccb8 --out-dir /home/runner/work/vietflux-ime/vietflux-ime/core/target/debug/deps -L dependency=/home/runner/work/vietflux-ime/vietflux-ime/core/target/debug/deps --extern proc_macro --cap-lints allow --check-cfg 'cfg(cfg_macro_not_allowed)' --check-cfg 'cfg(host_os, values("windows"))'`
🧪 Test (ubuntu-latest)	Run tests	2025-12-21T13:03:36.9662134Z [1m[92m   Compiling[0m serde_core v1.0.228
🧪 Test (ubuntu-latest)	Run tests	2025-12-21T13:03:36.9683697Z [1m[92m     Running[0m `/home/runner/.rustup/toolchains/stable-x86_64-unknown-linux-gnu/bin/rustc --crate-name build_script_build --edition=2021 /home/runner/.cargo/registry/src/index.crates.io-1949cf8c6b5b557f/serde_core-1.0.228/build.rs --error-format=json --json=diagnostic-rendered-ansi,artifacts,future-incompat --crate-type bin --emit=dep-info,link -C embed-bitcode=no --cfg 'feature="alloc"' --cfg 'feature="result"' --cfg 'feature="std"' --check-cfg 'cfg(docsrs,test)' --check-cfg 'cfg(feature, values("alloc", "default", "rc", "result", "std", "unstable"))' -C metadata=1cf9533ab6ab4f03 -C extra-filename=-4b6b5d3d504b832f --out-dir /home/runner/work/vietflux-ime/vietflux-ime/core/target/debug/build/serde_core-4b6b5d3d504b832f -L dependency=/home/runner/work/vietflux-ime/vietflux-ime/core/target/debug/deps --cap-lints allow`
🧪 Test (ubuntu-latest)	Run tests	2025-12-21T13:03:37.0208582Z [1m[92m   Compiling[0m once_cell v1.21.3
🧪 Test (ubuntu-latest)	Run tests	2025-12-21T13:03:37.0226734Z [1m[92m     Running[0m `/home/runner/.rustup/toolchains/stable-x86_64-unknown-linux-gnu/bin/rustc --crate-name once_cell --edition=2021 /home/runner/.cargo/registry/src/index.crates.io-1949cf8c6b5b557f/once_cell-1.21.3/src/lib.rs --error-format=json --json=diagnostic-rendered-ansi,artifacts,future-incompat --crate-type lib --emit=dep-info,metadata,link -C embed-bitcode=no -C debuginfo=2 --check-cfg 'cfg(docsrs,test)' --check-cfg 'cfg(feature, values("alloc", "atomic-polyfill", "critical-section", "default", "parking_lot", "portable-atomic", "race", "std", "unstable"))' -C metadata=b6c938f133a87765 -C extra-filename=-45a4aab106807739 --out-dir /home/runner/work/vietflux-ime/vietflux-ime/core/target/debug/deps -L dependency=/home/runner/work/vietflux-ime/vietflux-ime/core/target/debug/deps --cap-lints allow`
🧪 Test (ubuntu-latest)	Run tests	2025-12-21T13:03:37.0706108Z [1m[92m   Compiling[0m cfg-if v1.0.4
🧪 Test (ubuntu-latest)	Run tests	2025-12-21T13:03:37.0725531Z [1m[92m     Running[0m `/home/runner/.rustup/toolchains/stable-x86_64-unknown-linux-gnu/bin/rustc --crate-name cfg_if --edition=2018 /home/runner/.cargo/registry/src/index.crates.io-1949cf8c6b5b557f/cfg-if-1.0.4/src/lib.rs --error-format=json --json=diagnostic-rendered-ansi,artifacts,future-incompat --crate-type lib --emit=dep-info,metadata,link -C embed-bitcode=no -C debuginfo=2 --check-cfg 'cfg(docsrs,test)' --check-cfg 'cfg(feature, values("core", "rustc-dep-of-std"))' -C metadata=1240662a5bffc1fe -C extra-filename=-2d20780be38939e6 --out-dir /home/runner/work/vietflux-ime/vietflux-ime/core/target/debug/deps -L dependency=/home/runner/work/vietflux-ime/vietflux-ime/core/target/debug/deps --cap-lints allow`
🧪 Test (ubuntu-latest)	Run tests	2025-12-21T13:03:37.0988394Z [1m[92m   Compiling[0m serde_json v1.0.145
🧪 Test (ubuntu-latest)	Run tests	2025-12-21T13:03:37.1005564Z [1m[92m     Running[0m `/home/runner/.rustup/toolchains/stable-x86_64-unknown-linux-gnu/bin/rustc --crate-name build_script_build --edition=2021 /home/runner/.cargo/registry/src/index.crates.io-1949cf8c6b5b557f/serde_json-1.0.145/build.rs --error-format=json --json=diagnostic-rendered-ansi,artifacts,future-incompat --crate-type bin --emit=dep-info,link -C embed-bitcode=no --cfg 'feature="alloc"' --cfg 'feature="default"' --cfg 'feature="std"' --check-cfg 'cfg(docsrs,test)' --check-cfg 'cfg(feature, values("alloc", "arbitrary_precision", "default", "float_roundtrip", "indexmap", "preserve_order", "raw_value", "std", "unbounded_depth"))' -C metadata=e0143dd819980bd4 -C extra-filename=-87027d659299fe2d --out-dir /home/runner/work/vietflux-ime/vietflux-ime/core/target/debug/build/serde_json-87027d659299fe2d -L dependency=/home/runner/work/vietflux-ime/vietflux-ime/core/target/debug/deps --cap-lints allow`
🧪 Test (ubuntu-latest)	Run tests	2025-12-21T13:03:37.1074334Z [1m[92m     Running[0m `/home/runner/work/vietflux-ime/vietflux-ime/core/target/debug/build/serde_core-4b6b5d3d504b832f/build-script-build`
🧪 Test (ubuntu-latest)	Run tests	2025-12-21T13:03:37.1243545Z [1m[92m     Running[0m `/home/runner/.rustup/toolchains/stable-x86_64-unknown-linux-gnu/bin/rustc --crate-name serde_core --edition=2021 /home/runner/.cargo/registry/src/index.crates.io-1949cf8c6b5b557f/serde_core-1.0.228/src/lib.rs --error-format=json --json=diagnostic-rendered-ansi,artifacts,future-incompat --crate-type lib --emit=dep-info,metadata,link -C embed-bitcode=no -C debuginfo=2 --cfg 'feature="alloc"' --cfg 'feature="result"' --cfg 'feature="std"' --check-cfg 'cfg(docsrs,test)' --check-cfg 'cfg(feature, values("alloc", "default", "rc", "result", "std", "unstable"))' -C metadata=430fd7d40d253f2b -C extra-filename=-d4a722a22773e376 --out-dir /home/runner/work/vietflux-ime/vietflux-ime/core/target/debug/deps -L dependency=/home/runner/work/vietflux-ime/vietflux-ime/core/target/debug/deps --cap-lints allow --check-cfg 'cfg(if_docsrs_then_no_serde_core)' --check-cfg 'cfg(no_core_cstr)' --check-cfg 'cfg(no_core_error)' --check-cfg 'cfg(no_core_net)' --check-cfg 'cfg(no_core_num_saturating)' --check-cfg 'cfg(no_diagnostic_namespace)' --check-cfg 'cfg(no_serde_derive)' --check-cfg 'cfg(no_std_atomic)' --check-cfg 'cfg(no_std_atomic64)' --check-cfg 'cfg(no_target_has_atomic)'`
🧪 Test (ubuntu-latest)	Run tests	2025-12-21T13:03:37.1726267Z [1m[92m     Running[0m `/home/runner/.rustup/toolchains/stable-x86_64-unknown-linux-gnu/bin/rustc --crate-name proc_macro2 --edition=2021 /home/runner/.cargo/registry/src/index.crates.io-1949cf8c6b5b557f/proc-macro2-1.0.103/src/lib.rs --error-format=json --json=diagnostic-rendered-ansi,artifacts,future-incompat --crate-type lib --emit=dep-info,metadata,link -C embed-bitcode=no --cfg 'feature="default"' --cfg 'feature="proc-macro"' --check-cfg 'cfg(docsrs,test)' --check-cfg 'cfg(feature, values("default", "nightly", "proc-macro", "span-locations"))' -C metadata=63fc3869c51d9fd3 -C extra-filename=-e887172feadb063a --out-dir /home/runner/work/vietflux-ime/vietflux-ime/core/target/debug/deps -L dependency=/home/runner/work/vietflux-ime/vietflux-ime/core/target/debug/deps --extern unicode_ident=/home/runner/work/vietflux-ime/vietflux-ime/core/target/debug/deps/libunicode_ident-fa2a39b8d55409f4.rmeta --cap-lints allow --cfg wrap_proc_macro --cfg proc_macro_span_location --cfg proc_macro_span_file --check-cfg 'cfg(fuzzing)' --check-cfg 'cfg(no_is_available)' --check-cfg 'cfg(no_literal_byte_character)' --check-cfg 'cfg(no_literal_c_string)' --check-cfg 'cfg(no_source_text)' --check-cfg 'cfg(proc_macro_span)' --check-cfg 'cfg(proc_macro_span_file)' --check-cfg 'cfg(proc_macro_span_location)' --check-cfg 'cfg(procmacro2_backtrace)' --check-cfg 'cfg(procmacro2_build_probe)' --check-cfg 'cfg(procmacro2_nightly_testing)' --check-cfg 'cfg(procmacro2_semver_exempt)' --check-cfg 'cfg(randomize_layout)' --check-cfg 'cfg(span_locations)' --check-cfg 'cfg(super_unstable)' --check-cfg 'cfg(wrap_proc_macro)'`
🧪 Test (ubuntu-latest)	Run tests	2025-12-21T13:03:37.1915962Z [1m[92m   Compiling[0m libm v0.2.15
🧪 Test (ubuntu-latest)	Run tests	2025-12-21T13:03:37.1923037Z [1m[92m     Running[0m `/home/runner/.rustup/toolchains/stable-x86_64-unknown-linux-gnu/bin/rustc --crate-name build_script_build --edition=2021 /home/runner/.cargo/registry/src/index.crates.io-1949cf8c6b5b557f/libm-0.2.15/build.rs --error-format=json --json=diagnostic-rendered-ansi,artifacts,future-incompat --crate-type bin --emit=dep-info,link -C embed-bitcode=no --warn=unexpected_cfgs --check-cfg 'cfg(feature, values("compiler-builtins"))' --cfg 'feature="arch"' --cfg 'feature="default"' --check-cfg 'cfg(docsrs,test)' --check-cfg 'cfg(feature, values("arch", "default", "force-soft-floats", "unstable", "unstable-float", "unstable-intrinsics", "unstable-public-internals"))' -C metadata=398d6fa33b5068d0 -C extra-filename=-372d92e93d32198b --out-dir /home/runner/work/vietflux-ime/vietflux-ime/core/target/debug/build/libm-372d92e93d32198b -L dependency=/home/runner/work/vietflux-ime/vietflux-ime/core/target/debug/deps --cap-lints allow`
🧪 Test (ubuntu-latest)	Run tests	2025-12-21T13:03:37.2933019Z [1m[92m   Compiling[0m wasm-bindgen v0.2.106
🧪 Test (ubuntu-latest)	Run tests	2025-12-21T13:03:37.2972776Z [1m[92m     Running[0m `/home/runner/.rustup/toolchains/stable-x86_64-unknown-linux-gnu/bin/rustc --crate-name build_script_build --edition=2021 /home/runner/.cargo/registry/src/index.crates.io-1949cf8c6b5b557f/wasm-bindgen-0.2.106/build.rs --error-format=json --json=diagnostic-rendered-ansi,artifacts,future-incompat --crate-type bin --emit=dep-info,link -C embed-bitcode=no '--warn=clippy::uninlined_format_args' --warn=unexpected_cfgs '--allow=clippy::type_complexity' '--allow=clippy::too_many_arguments' '--allow=clippy::overly_complex_bool_expr' '--allow=clippy::new_without_default' '--allow=clippy::large_enum_variant' --check-cfg 'cfg(wasm_bindgen_unstable_test_coverage)' --check-cfg 'cfg(xxx_debug_only_print_generated_code)' --cfg 'feature="default"' --cfg 'feature="std"' --check-cfg 'cfg(docsrs,test)' --check-cfg 'cfg(feature, values("default", "enable-interning", "gg-alloc", "msrv", "rustversion", "serde", "serde-serialize", "serde_json", "spans", "std", "strict-macro", "xxx_debug_only_print_generated_code"))' -C metadata=db2b389224ea3261 -C extra-filename=-4eca226d532133e2 --out-dir /home/runner/work/vietflux-ime/vietflux-ime/core/target/debug/build/wasm-bindgen-4eca226d532133e2 -L dependency=/home/runner/work/vietflux-ime/vietflux-ime/core/target/debug/deps --extern rustversion_compat=/home/runner/work/vietflux-ime/vietflux-ime/core/target/debug/deps/librustversion-211bfd3963d3ccb8.so --cap-lints allow`
🧪 Test (ubuntu-latest)	Run tests	2025-12-21T13:03:37.3762574Z [1m[92m   Compiling[0m autocfg v1.5.0
🧪 Test (ubuntu-latest)	Run tests	2025-12-21T13:03:37.3783243Z [1m[92m     Running[0m `/home/runner/.rustup/toolchains/stable-x86_64-unknown-linux-gnu/bin/rustc --crate-name autocfg --edition=2015 /home/runner/.cargo/registry/src/index.crates.io-1949cf8c6b5b557f/autocfg-1.5.0/src/lib.rs --error-format=json --json=diagnostic-rendered-ansi,artifacts,future-incompat --crate-type lib --emit=dep-info,metadata,link -C embed-bitcode=no --check-cfg 'cfg(docsrs,test)' --check-cfg 'cfg(feature, values())' -C metadata=3504f85799756c67 -C extra-filename=-38d501c17e68b38c --out-dir /home/runner/work/vietflux-ime/vietflux-ime/core/target/debug/deps -L dependency=/home/runner/work/vietflux-ime/vietflux-ime/core/target/debug/deps --cap-lints allow`
🧪 Test (ubuntu-latest)	Run tests	2025-12-21T13:03:37.4264267Z [1m[92m     Running[0m `/home/runner/work/vietflux-ime/vietflux-ime/core/target/debug/build/wasm-bindgen-4eca226d532133e2/build-script-build`
🧪 Test (ubuntu-latest)	Run tests	2025-12-21T13:03:37.4295958Z [1m[92m   Compiling[0m serde v1.0.228
🧪 Test (ubuntu-latest)	Run tests	2025-12-21T13:03:37.4330602Z [1m[92m     Running[0m `/home/runner/.rustup/toolchains/stable-x86_64-unknown-linux-gnu/bin/rustc --crate-name build_script_build --edition=2021 /home/runner/.cargo/registry/src/index.crates.io-1949cf8c6b5b557f/serde-1.0.228/build.rs --error-format=json --json=diagnostic-rendered-ansi,artifacts,future-incompat --crate-type bin --emit=dep-info,link -C embed-bitcode=no --cfg 'feature="default"' --cfg 'feature="derive"' --cfg 'feature="serde_derive"' --cfg 'feature="std"' --check-cfg 'cfg(docsrs,test)' --check-cfg 'cfg(feature, values("alloc", "default", "derive", "rc", "serde_derive", "std", "unstable"))' -C metadata=7d4746b7dbddfd3f -C extra-filename=-49a10a9683562367 --out-dir /home/runner/work/vietflux-ime/vietflux-ime/core/target/debug/build/serde-49a10a9683562367 -L dependency=/home/runner/work/vietflux-ime/vietflux-ime/core/target/debug/deps --cap-lints allow`
🧪 Test (ubuntu-latest)	Run tests	2025-12-21T13:03:37.5794020Z [1m[92m     Running[0m `/home/runner/.rustup/toolchains/stable-x86_64-unknown-linux-gnu/bin/rustc --crate-name quote --edition=2018 /home/runner/.cargo/registry/src/index.crates.io-1949cf8c6b5b557f/quote-1.0.42/src/lib.rs --error-format=json --json=diagnostic-rendered-ansi,artifacts,future-incompat --crate-type lib --emit=dep-info,metadata,link -C embed-bitcode=no --cfg 'feature="default"' --cfg 'feature="proc-macro"' --check-cfg 'cfg(docsrs,test)' --check-cfg 'cfg(feature, values("default", "proc-macro"))' -C metadata=2e5d173ea90c4946 -C extra-filename=-a3d2a1fa1ffa9663 --out-dir /home/runner/work/vietflux-ime/vietflux-ime/core/target/debug/deps -L dependency=/home/runner/work/vietflux-ime/vietflux-ime/core/target/debug/deps --extern proc_macro2=/home/runner/work/vietflux-ime/vietflux-ime/core/target/debug/deps/libproc_macro2-e887172feadb063a.rmeta --cap-lints allow --check-cfg 'cfg(no_diagnostic_namespace)'`
🧪 Test (ubuntu-latest)	Run tests	2025-12-21T13:03:37.7305927Z [1m[92m   Compiling[0m syn v2.0.111
🧪 Test (ubuntu-latest)	Run tests	2025-12-21T13:03:37.7315775Z [1m[92m     Running[0m `/home/runner/.rustup/toolchains/stable-x86_64-unknown-linux-gnu/bin/rustc --crate-name syn --edition=2021 /home/runner/.cargo/registry/src/index.crates.io-1949cf8c6b5b557f/syn-2.0.111/src/lib.rs --error-format=json --json=diagnostic-rendered-ansi,artifacts,future-incompat --crate-type lib --emit=dep-info,metadata,link -C embed-bitcode=no --cfg 'feature="clone-impls"' --cfg 'feature="default"' --cfg 'feature="derive"' --cfg 'feature="full"' --cfg 'feature="parsing"' --cfg 'feature="printing"' --cfg 'feature="proc-macro"' --cfg 'feature="visit"' --cfg 'feature="visit-mut"' --check-cfg 'cfg(docsrs,test)' --check-cfg 'cfg(feature, values("clone-impls", "default", "derive", "extra-traits", "fold", "full", "parsing", "printing", "proc-macro", "test", "visit", "visit-mut"))' -C metadata=ad8f88cd2ab06782 -C extra-filename=-6d5695875c0371aa --out-dir /home/runner/work/vietflux-ime/vietflux-ime/core/target/debug/deps -L dependency=/home/runner/work/vietflux-ime/vietflux-ime/core/target/debug/deps --extern proc_macro2=/home/runner/work/vietflux-ime/vietflux-ime/core/target/debug/deps/libproc_macro2-e887172feadb063a.rmeta --extern quote=/home/runner/work/vietflux-ime/vietflux-ime/core/target/debug/deps/libquote-a3d2a1fa1ffa9663.rmeta --extern unicode_ident=/home/runner/work/vietflux-ime/vietflux-ime/core/target/debug/deps/libunicode_ident-fa2a39b8d55409f4.rmeta --cap-lints allow`
🧪 Test (ubuntu-latest)	Run tests	2025-12-21T13:03:37.7507847Z [1m[92m   Compiling[0m num-traits v0.2.19
🧪 Test (ubuntu-latest)	Run tests	2025-12-21T13:03:37.7516256Z [1m[92m     Running[0m `/home/runner/.rustup/toolchains/stable-x86_64-unknown-linux-gnu/bin/rustc --crate-name build_script_build --edition=2021 /home/runner/.cargo/registry/src/index.crates.io-1949cf8c6b5b557f/num-traits-0.2.19/build.rs --error-format=json --json=diagnostic-rendered-ansi,artifacts,future-incompat --crate-type bin --emit=dep-info,link -C embed-bitcode=no --cfg 'feature="libm"' --check-cfg 'cfg(docsrs,test)' --check-cfg 'cfg(feature, values("default", "i128", "libm", "std"))' -C metadata=549d3dc5d2a27500 -C extra-filename=-7dbd97bed3a5c220 --out-dir /home/runner/work/vietflux-ime/vietflux-ime/core/target/debug/build/num-traits-7dbd97bed3a5c220 -L dependency=/home/runner/work/vietflux-ime/vietflux-ime/core/target/debug/deps --extern autocfg=/home/runner/work/vietflux-ime/vietflux-ime/core/target/debug/deps/libautocfg-38d501c17e68b38c.rlib --cap-lints allow`
🧪 Test (ubuntu-latest)	Run tests	2025-12-21T13:03:37.7870837Z [1m[92m     Running[0m `/home/runner/work/vietflux-ime/vietflux-ime/core/target/debug/build/serde-49a10a9683562367/build-script-build`
🧪 Test (ubuntu-latest)	Run tests	2025-12-21T13:03:37.8068738Z [1m[92m     Running[0m `/home/runner/work/vietflux-ime/vietflux-ime/core/target/debug/build/libm-372d92e93d32198b/build-script-build`
🧪 Test (ubuntu-latest)	Run tests	2025-12-21T13:03:37.8118081Z [1m[92m     Running[0m `/home/runner/work/vietflux-ime/vietflux-ime/core/target/debug/build/serde_json-87027d659299fe2d/build-script-build`
🧪 Test (ubuntu-latest)	Run tests	2025-12-21T13:03:37.8135857Z [1m[92m   Compiling[0m itoa v1.0.16
🧪 Test (ubuntu-latest)	Run tests	2025-12-21T13:03:37.8142395Z [1m[92m     Running[0m `/home/runner/.rustup/toolchains/stable-x86_64-unknown-linux-gnu/bin/rustc --crate-name itoa --edition=2021 /home/runner/.cargo/registry/src/index.crates.io-1949cf8c6b5b557f/itoa-1.0.16/src/lib.rs --error-format=json --json=diagnostic-rendered-ansi,artifacts,future-incompat --crate-type lib --emit=dep-info,metadata,link -C embed-bitcode=no -C debuginfo=2 --check-cfg 'cfg(docsrs,test)' --check-cfg 'cfg(feature, values("no-panic"))' -C metadata=0ec56e65aedad7e6 -C extra-filename=-ed71bba828ef1ddb --out-dir /home/runner/work/vietflux-ime/vietflux-ime/core/target/debug/deps -L dependency=/home/runner/work/vietflux-ime/vietflux-ime/core/target/debug/deps --cap-lints allow`
🧪 Test (ubuntu-latest)	Run tests	2025-12-21T13:03:37.8187838Z [1m[92m   Compiling[0m ryu v1.0.21
🧪 Test (ubuntu-latest)	Run tests	2025-12-21T13:03:37.8201957Z [1m[92m     Running[0m `/home/runner/.rustup/toolchains/stable-x86_64-unknown-linux-gnu/bin/rustc --crate-name ryu --edition=2021 /home/runner/.cargo/registry/src/index.crates.io-1949cf8c6b5b557f/ryu-1.0.21/src/lib.rs --error-format=json --json=diagnostic-rendered-ansi,artifacts,future-incompat --crate-type lib --emit=dep-info,metadata,link -C embed-bitcode=no -C debuginfo=2 --check-cfg 'cfg(docsrs,test)' --check-cfg 'cfg(feature, values("no-panic", "small"))' -C metadata=6c05abae7a2cbdef -C extra-filename=-b6b9953ca57bf1ba --out-dir /home/runner/work/vietflux-ime/vietflux-ime/core/target/debug/deps -L dependency=/home/runner/work/vietflux-ime/vietflux-ime/core/target/debug/deps --cap-lints allow`
🧪 Test (ubuntu-latest)	Run tests	2025-12-21T13:03:37.9367089Z [1m[92m   Compiling[0m memchr v2.7.6
🧪 Test (ubuntu-latest)	Run tests	2025-12-21T13:03:37.9374161Z [1m[92m     Running[0m `/home/runner/.rustup/toolchains/stable-x86_64-unknown-linux-gnu/bin/rustc --crate-name memchr --edition=2021 /home/runner/.cargo/registry/src/index.crates.io-1949cf8c6b5b557f/memchr-2.7.6/src/lib.rs --error-format=json --json=diagnostic-rendered-ansi,artifacts,future-incompat --crate-type lib --emit=dep-info,metadata,link -C embed-bitcode=no -C debuginfo=2 --cfg 'feature="alloc"' --cfg 'feature="std"' --check-cfg 'cfg(docsrs,test)' --check-cfg 'cfg(feature, values("alloc", "core", "default", "libc", "logging", "rustc-dep-of-std", "std", "use_std"))' -C metadata=6ba170fd55331a9a -C extra-filename=-27b11b31b0d37a41 --out-dir /home/runner/work/vietflux-ime/vietflux-ime/core/target/debug/deps -L dependency=/home/runner/work/vietflux-ime/vietflux-ime/core/target/debug/deps --cap-lints allow`
🧪 Test (ubuntu-latest)	Run tests	2025-12-21T13:03:37.9687315Z [1m[92m     Running[0m `/home/runner/work/vietflux-ime/vietflux-ime/core/target/debug/build/num-traits-7dbd97bed3a5c220/build-script-build`
🧪 Test (ubuntu-latest)	Run tests	2025-12-21T13:03:38.0273254Z [1m[92m     Running[0m `/home/runner/.rustup/toolchains/stable-x86_64-unknown-linux-gnu/bin/rustc --crate-name libm --edition=2021 /home/runner/.cargo/registry/src/index.crates.io-1949cf8c6b5b557f/libm-0.2.15/src/lib.rs --error-format=json --json=diagnostic-rendered-ansi,artifacts,future-incompat --crate-type lib --emit=dep-info,metadata,link -C embed-bitcode=no -C debuginfo=2 --warn=unexpected_cfgs --check-cfg 'cfg(feature, values("compiler-builtins"))' --cfg 'feature="arch"' --cfg 'feature="default"' --check-cfg 'cfg(docsrs,test)' --check-cfg 'cfg(feature, values("arch", "default", "force-soft-floats", "unstable", "unstable-float", "unstable-intrinsics", "unstable-public-internals"))' -C metadata=17640335b8e4ba7f -C extra-filename=-2daa384fb1686805 --out-dir /home/runner/work/vietflux-ime/vietflux-ime/core/target/debug/deps -L dependency=/home/runner/work/vietflux-ime/vietflux-ime/core/target/debug/deps --cap-lints allow --cfg arch_enabled --check-cfg 'cfg(assert_no_panic)' --check-cfg 'cfg(intrinsics_enabled)' --check-cfg 'cfg(arch_enabled)' --check-cfg 'cfg(optimizations_enabled)' --check-cfg 'cfg(x86_no_sse)' --check-cfg 'cfg(f16_enabled)' --check-cfg 'cfg(f128_enabled)'`
🧪 Test (ubuntu-latest)	Run tests	2025-12-21T13:03:39.1038102Z [1m[92m   Compiling[0m oorandom v11.1.5
🧪 Test (ubuntu-latest)	Run tests	2025-12-21T13:03:39.1055935Z [1m[92m     Running[0m `/home/runner/.rustup/toolchains/stable-x86_64-unknown-linux-gnu/bin/rustc --crate-name oorandom --edition=2018 /home/runner/.cargo/registry/src/index.crates.io-1949cf8c6b5b557f/oorandom-11.1.5/src/lib.rs --error-format=json --json=diagnostic-rendered-ansi,artifacts,future-incompat --crate-type lib --emit=dep-info,metadata,link -C embed-bitcode=no -C debuginfo=2 --check-cfg 'cfg(docsrs,test)' --check-cfg 'cfg(feature, values())' -C metadata=612ecd93977ac3e0 -C extra-filename=-302e2ca7f067b7ce --out-dir /home/runner/work/vietflux-ime/vietflux-ime/core/target/debug/deps -L dependency=/home/runner/work/vietflux-ime/vietflux-ime/core/target/debug/deps --cap-lints allow`
🧪 Test (ubuntu-latest)	Run tests	2025-12-21T13:03:39.2215510Z [1m[92m     Running[0m `/home/runner/.rustup/toolchains/stable-x86_64-unknown-linux-gnu/bin/rustc --crate-name serde_json --edition=2021 /home/runner/.cargo/registry/src/index.crates.io-1949cf8c6b5b557f/serde_json-1.0.145/src/lib.rs --error-format=json --json=diagnostic-rendered-ansi,artifacts,future-incompat --crate-type lib --emit=dep-info,metadata,link -C embed-bitcode=no -C debuginfo=2 --cfg 'feature="alloc"' --cfg 'feature="default"' --cfg 'feature="std"' --check-cfg 'cfg(docsrs,test)' --check-cfg 'cfg(feature, values("alloc", "arbitrary_precision", "default", "float_roundtrip", "indexmap", "preserve_order", "raw_value", "std", "unbounded_depth"))' -C metadata=badc280c15ba4b50 -C extra-filename=-575375e99531cba3 --out-dir /home/runner/work/vietflux-ime/vietflux-ime/core/target/debug/deps -L dependency=/home/runner/work/vietflux-ime/vietflux-ime/core/target/debug/deps --extern itoa=/home/runner/work/vietflux-ime/vietflux-ime/core/target/debug/deps/libitoa-ed71bba828ef1ddb.rmeta --extern memchr=/home/runner/work/vietflux-ime/vietflux-ime/core/target/debug/deps/libmemchr-27b11b31b0d37a41.rmeta --extern ryu=/home/runner/work/vietflux-ime/vietflux-ime/core/target/debug/deps/libryu-b6b9953ca57bf1ba.rmeta --extern serde_core=/home/runner/work/vietflux-ime/vietflux-ime/core/target/debug/deps/libserde_core-d4a722a22773e376.rmeta --cap-lints allow --cfg 'fast_arithmetic="64"' --check-cfg 'cfg(fast_arithmetic, values("32", "64"))'`
🧪 Test (ubuntu-latest)	Run tests	2025-12-21T13:03:39.3455359Z [1m[92m   Compiling[0m nu-ansi-term v0.50.3
🧪 Test (ubuntu-latest)	Run tests	2025-12-21T13:03:39.3471548Z [1m[92m     Running[0m `/home/runner/.rustup/toolchains/stable-x86_64-unknown-linux-gnu/bin/rustc --crate-name nu_ansi_term --edition=2021 /home/runner/.cargo/registry/src/index.crates.io-1949cf8c6b5b557f/nu-ansi-term-0.50.3/src/lib.rs --error-format=json --json=diagnostic-rendered-ansi,artifacts,future-incompat --crate-type lib --emit=dep-info,metadata,link -C embed-bitcode=no -C debuginfo=2 --check-cfg 'cfg(docsrs,test)' --check-cfg 'cfg(feature, values("default", "derive_serde_style", "gnu_legacy", "serde", "std"))' -C metadata=44953d6e2f15e0cc -C extra-filename=-8beeb2707fdd80ca --out-dir /home/runner/work/vietflux-ime/vietflux-ime/core/target/debug/deps -L dependency=/home/runner/work/vietflux-ime/vietflux-ime/core/target/debug/deps --cap-lints allow`
🧪 Test (ubuntu-latest)	Run tests	2025-12-21T13:03:39.6610979Z [1m[92m   Compiling[0m cast v0.3.0
🧪 Test (ubuntu-latest)	Run tests	2025-12-21T13:03:39.6626397Z [1m[92m     Running[0m `/home/runner/.rustup/toolchains/stable-x86_64-unknown-linux-gnu/bin/rustc --crate-name cast --edition=2018 /home/runner/.cargo/registry/src/index.crates.io-1949cf8c6b5b557f/cast-0.3.0/src/lib.rs --error-format=json --json=diagnostic-rendered-ansi,artifacts,future-incompat --crate-type lib --emit=dep-info,metadata,link -C embed-bitcode=no -C debuginfo=2 --check-cfg 'cfg(docsrs,test)' --check-cfg 'cfg(feature, values("std"))' -C metadata=f74e06ae21ffd441 -C extra-filename=-bed4a5c851778c27 --out-dir /home/runner/work/vietflux-ime/vietflux-ime/core/target/debug/deps -L dependency=/home/runner/work/vietflux-ime/vietflux-ime/core/target/debug/deps --cap-lints allow`
🧪 Test (ubuntu-latest)	Run tests	2025-12-21T13:03:39.8203661Z [1m[92m     Running[0m `/home/runner/.rustup/toolchains/stable-x86_64-unknown-linux-gnu/bin/rustc --crate-name num_traits --edition=2021 /home/runner/.cargo/registry/src/index.crates.io-1949cf8c6b5b557f/num-traits-0.2.19/src/lib.rs --error-format=json --json=diagnostic-rendered-ansi,artifacts,future-incompat --crate-type lib --emit=dep-info,metadata,link -C embed-bitcode=no -C debuginfo=2 --cfg 'feature="libm"' --check-cfg 'cfg(docsrs,test)' --check-cfg 'cfg(feature, values("default", "i128", "libm", "std"))' -C metadata=dbe5ae92e3498ba7 -C extra-filename=-01b2456e578d725a --out-dir /home/runner/work/vietflux-ime/vietflux-ime/core/target/debug/deps -L dependency=/home/runner/work/vietflux-ime/vietflux-ime/core/target/debug/deps --extern libm=/home/runner/work/vietflux-ime/vietflux-ime/core/target/debug/deps/liblibm-2daa384fb1686805.rmeta --cap-lints allow --cfg has_total_cmp --check-cfg 'cfg(has_total_cmp)'`
🧪 Test (ubuntu-latest)	Run tests	2025-12-21T13:03:40.4741141Z [1m[92m   Compiling[0m wasm-bindgen-macro-support v0.2.106
🧪 Test (ubuntu-latest)	Run tests	2025-12-21T13:03:40.4758109Z [1m[92m     Running[0m `/home/runner/.rustup/toolchains/stable-x86_64-unknown-linux-gnu/bin/rustc --crate-name wasm_bindgen_macro_support --edition=2021 /home/runner/.cargo/registry/src/index.crates.io-1949cf8c6b5b557f/wasm-bindgen-macro-support-0.2.106/src/lib.rs --error-format=json --json=diagnostic-rendered-ansi,artifacts,future-incompat --crate-type lib --emit=dep-info,metadata,link -C embed-bitcode=no '--warn=clippy::uninlined_format_args' --warn=unexpected_cfgs '--allow=clippy::type_complexity' '--allow=clippy::too_many_arguments' '--allow=clippy::overly_complex_bool_expr' '--allow=clippy::new_without_default' '--allow=clippy::large_enum_variant' --check-cfg 'cfg(wasm_bindgen_unstable_test_coverage)' --check-cfg 'cfg(xxx_debug_only_print_generated_code)' --check-cfg 'cfg(docsrs,test)' --check-cfg 'cfg(feature, values("extra-traits", "strict-macro"))' -C metadata=79acbb3254bc19da -C extra-filename=-c0835dfa3381c740 --out-dir /home/runner/work/vietflux-ime/vietflux-ime/core/target/debug/deps -L dependency=/home/runner/work/vietflux-ime/vietflux-ime/core/target/debug/deps --extern bumpalo=/home/runner/work/vietflux-ime/vietflux-ime/core/target/debug/deps/libbumpalo-8d44a9b21a1f5473.rmeta --extern proc_macro2=/home/runner/work/vietflux-ime/vietflux-ime/core/target/debug/deps/libproc_macro2-e887172feadb063a.rmeta --extern quote=/home/runner/work/vietflux-ime/vietflux-ime/core/target/debug/deps/libquote-a3d2a1fa1ffa9663.rmeta --extern syn=/home/runner/work/vietflux-ime/vietflux-ime/core/target/debug/deps/libsyn-6d5695875c0371aa.rmeta --extern wasm_bindgen_shared=/home/runner/work/vietflux-ime/vietflux-ime/core/target/debug/deps/libwasm_bindgen_shared-bf33298efa5851e9.rmeta --cap-lints allow`
🧪 Test (ubuntu-latest)	Run tests	2025-12-21T13:03:41.0532161Z [1m[92m   Compiling[0m serde_derive v1.0.228
🧪 Test (ubuntu-latest)	Run tests	2025-12-21T13:03:41.0534349Z [1m[92m   Compiling[0m async-trait v0.1.89
🧪 Test (ubuntu-latest)	Run tests	2025-12-21T13:03:41.0535443Z [1m[92m   Compiling[0m wasm-bindgen-test-macro v0.3.56
🧪 Test (ubuntu-latest)	Run tests	2025-12-21T13:03:41.0555385Z [1m[92m     Running[0m `/home/runner/.rustup/toolchains/stable-x86_64-unknown-linux-gnu/bin/rustc --crate-name serde_derive --edition=2021 /home/runner/.cargo/registry/src/index.crates.io-1949cf8c6b5b557f/serde_derive-1.0.228/src/lib.rs --error-format=json --json=diagnostic-rendered-ansi,artifacts,future-incompat --crate-type proc-macro --emit=dep-info,link -C prefer-dynamic -C embed-bitcode=no --cfg 'feature="default"' --check-cfg 'cfg(docsrs,test)' --check-cfg 'cfg(feature, values("default", "deserialize_in_place"))' -C metadata=b0f2b34866d734bf -C extra-filename=-4b429cdf624adcaa --out-dir /home/runner/work/vietflux-ime/vietflux-ime/core/target/debug/deps -L dependency=/home/runner/work/vietflux-ime/vietflux-ime/core/target/debug/deps --extern proc_macro2=/home/runner/work/vietflux-ime/vietflux-ime/core/target/debug/deps/libproc_macro2-e887172feadb063a.rlib --extern quote=/home/runner/work/vietflux-ime/vietflux-ime/core/target/debug/deps/libquote-a3d2a1fa1ffa9663.rlib --extern syn=/home/runner/work/vietflux-ime/vietflux-ime/core/target/debug/deps/libsyn-6d5695875c0371aa.rlib --extern proc_macro --cap-lints allow`
🧪 Test (ubuntu-latest)	Run tests	2025-12-21T13:03:41.0612853Z [1m[92m     Running[0m `/home/runner/.rustup/toolchains/stable-x86_64-unknown-linux-gnu/bin/rustc --crate-name async_trait --edition=2021 /home/runner/.cargo/registry/src/index.crates.io-1949cf8c6b5b557f/async-trait-0.1.89/src/lib.rs --error-format=json --json=diagnostic-rendered-ansi,artifacts,future-incompat --crate-type proc-macro --emit=dep-info,link -C prefer-dynamic -C embed-bitcode=no --check-cfg 'cfg(docsrs,test)' --check-cfg 'cfg(feature, values())' -C metadata=efdf3e6909088583 -C extra-filename=-29e944ff7c92e3a1 --out-dir /home/runner/work/vietflux-ime/vietflux-ime/core/target/debug/deps -L dependency=/home/runner/work/vietflux-ime/vietflux-ime/core/target/debug/deps --extern proc_macro2=/home/runner/work/vietflux-ime/vietflux-ime/core/target/debug/deps/libproc_macro2-e887172feadb063a.rlib --extern quote=/home/runner/work/vietflux-ime/vietflux-ime/core/target/debug/deps/libquote-a3d2a1fa1ffa9663.rlib --extern syn=/home/runner/work/vietflux-ime/vietflux-ime/core/target/debug/deps/libsyn-6d5695875c0371aa.rlib --extern proc_macro --cap-lints allow`
🧪 Test (ubuntu-latest)	Run tests	2025-12-21T13:03:41.0630931Z [1m[92m     Running[0m `/home/runner/.rustup/toolchains/stable-x86_64-unknown-linux-gnu/bin/rustc --crate-name wasm_bindgen_test_macro --edition=2021 /home/runner/.cargo/registry/src/index.crates.io-1949cf8c6b5b557f/wasm-bindgen-test-macro-0.3.56/src/lib.rs --error-format=json --json=diagnostic-rendered-ansi,artifacts,future-incompat --crate-type proc-macro --emit=dep-info,link -C prefer-dynamic -C embed-bitcode=no '--warn=clippy::uninlined_format_args' --warn=unexpected_cfgs '--allow=clippy::type_complexity' '--allow=clippy::too_many_arguments' '--allow=clippy::overly_complex_bool_expr' '--allow=clippy::new_without_default' '--allow=clippy::large_enum_variant' --check-cfg 'cfg(wasm_bindgen_unstable_test_coverage)' --check-cfg 'cfg(xxx_debug_only_print_generated_code)' --check-cfg 'cfg(docsrs,test)' --check-cfg 'cfg(feature, values())' -C metadata=080e82b8bcafe45e -C extra-filename=-f1ccb1d7af5bbe47 --out-dir /home/runner/work/vietflux-ime/vietflux-ime/core/target/debug/deps -L dependency=/home/runner/work/vietflux-ime/vietflux-ime/core/target/debug/deps --extern proc_macro2=/home/runner/work/vietflux-ime/vietflux-ime/core/target/debug/deps/libproc_macro2-e887172feadb063a.rlib --extern quote=/home/runner/work/vietflux-ime/vietflux-ime/core/target/debug/deps/libquote-a3d2a1fa1ffa9663.rlib --extern syn=/home/runner/work/vietflux-ime/vietflux-ime/core/target/debug/deps/libsyn-6d5695875c0371aa.rlib --extern proc_macro --cap-lints allow`
🧪 Test (ubuntu-latest)	Run tests	2025-12-21T13:03:42.2508896Z [1m[92m   Compiling[0m wasm-bindgen-macro v0.2.106
🧪 Test (ubuntu-latest)	Run tests	2025-12-21T13:03:42.2536687Z [1m[92m     Running[0m `/home/runner/.rustup/toolchains/stable-x86_64-unknown-linux-gnu/bin/rustc --crate-name wasm_bindgen_macro --edition=2021 /home/runner/.cargo/registry/src/index.crates.io-1949cf8c6b5b557f/wasm-bindgen-macro-0.2.106/src/lib.rs --error-format=json --json=diagnostic-rendered-ansi,artifacts,future-incompat --crate-type proc-macro --emit=dep-info,link -C prefer-dynamic -C embed-bitcode=no '--warn=clippy::uninlined_format_args' --warn=unexpected_cfgs '--allow=clippy::type_complexity' '--allow=clippy::too_many_arguments' '--allow=clippy::overly_complex_bool_expr' '--allow=clippy::new_without_default' '--allow=clippy::large_enum_variant' --check-cfg 'cfg(wasm_bindgen_unstable_test_coverage)' --check-cfg 'cfg(xxx_debug_only_print_generated_code)' --check-cfg 'cfg(docsrs,test)' --check-cfg 'cfg(feature, values("strict-macro"))' -C metadata=9f0c552c20a2524f -C extra-filename=-f2c776b36a2842b2 --out-dir /home/runner/work/vietflux-ime/vietflux-ime/core/target/debug/deps -L dependency=/home/runner/work/vietflux-ime/vietflux-ime/core/target/debug/deps --extern quote=/home/runner/work/vietflux-ime/vietflux-ime/core/target/debug/deps/libquote-a3d2a1fa1ffa9663.rlib --extern wasm_bindgen_macro_support=/home/runner/work/vietflux-ime/vietflux-ime/core/target/debug/deps/libwasm_bindgen_macro_support-c0835dfa3381c740.rlib --extern proc_macro --cap-lints allow`
🧪 Test (ubuntu-latest)	Run tests	2025-12-21T13:03:42.3832883Z [1m[92m     Running[0m `/home/runner/.rustup/toolchains/stable-x86_64-unknown-linux-gnu/bin/rustc --crate-name wasm_bindgen --edition=2021 /home/runner/.cargo/registry/src/index.crates.io-1949cf8c6b5b557f/wasm-bindgen-0.2.106/src/lib.rs --error-format=json --json=diagnostic-rendered-ansi,artifacts,future-incompat --crate-type lib --emit=dep-info,metadata,link -C embed-bitcode=no -C debuginfo=2 '--warn=clippy::uninlined_format_args' --warn=unexpected_cfgs '--allow=clippy::type_complexity' '--allow=clippy::too_many_arguments' '--allow=clippy::overly_complex_bool_expr' '--allow=clippy::new_without_default' '--allow=clippy::large_enum_variant' --check-cfg 'cfg(wasm_bindgen_unstable_test_coverage)' --check-cfg 'cfg(xxx_debug_only_print_generated_code)' --cfg 'feature="default"' --cfg 'feature="std"' --check-cfg 'cfg(docsrs,test)' --check-cfg 'cfg(feature, values("default", "enable-interning", "gg-alloc", "msrv", "rustversion", "serde", "serde-serialize", "serde_json", "spans", "std", "strict-macro", "xxx_debug_only_print_generated_code"))' -C metadata=04f5ab94138ace5b -C extra-filename=-f8d9625df98dcc3c --out-dir /home/runner/work/vietflux-ime/vietflux-ime/core/target/debug/deps -L dependency=/home/runner/work/vietflux-ime/vietflux-ime/core/target/debug/deps --extern cfg_if=/home/runner/work/vietflux-ime/vietflux-ime/core/target/debug/deps/libcfg_if-2d20780be38939e6.rmeta --extern once_cell=/home/runner/work/vietflux-ime/vietflux-ime/core/target/debug/deps/libonce_cell-45a4aab106807739.rmeta --extern wasm_bindgen_macro=/home/runner/work/vietflux-ime/vietflux-ime/core/target/debug/deps/libwasm_bindgen_macro-f2c776b36a2842b2.so --extern wasm_bindgen_shared=/home/runner/work/vietflux-ime/vietflux-ime/core/target/debug/deps/libwasm_bindgen_shared-bf33298efa5851e9.rmeta --cap-lints allow --cfg wbg_diagnostic --check-cfg 'cfg(wbg_diagnostic)' --check-cfg 'cfg(wbg_reference_types)'`
🧪 Test (ubuntu-latest)	Run tests	2025-12-21T13:03:42.9624815Z [1m[92m     Running[0m `/home/runner/.rustup/toolchains/stable-x86_64-unknown-linux-gnu/bin/rustc --crate-name serde --edition=2021 /home/runner/.cargo/registry/src/index.crates.io-1949cf8c6b5b557f/serde-1.0.228/src/lib.rs --error-format=json --json=diagnostic-rendered-ansi,artifacts,future-incompat --crate-type lib --emit=dep-info,metadata,link -C embed-bitcode=no -C debuginfo=2 --cfg 'feature="default"' --cfg 'feature="derive"' --cfg 'feature="serde_derive"' --cfg 'feature="std"' --check-cfg 'cfg(docsrs,test)' --check-cfg 'cfg(feature, values("alloc", "default", "derive", "rc", "serde_derive", "std", "unstable"))' -C metadata=e541d10916256cfa -C extra-filename=-a6769b9e7d196f57 --out-dir /home/runner/work/vietflux-ime/vietflux-ime/core/target/debug/deps -L dependency=/home/runner/work/vietflux-ime/vietflux-ime/core/target/debug/deps --extern serde_core=/home/runner/work/vietflux-ime/vietflux-ime/core/target/debug/deps/libserde_core-d4a722a22773e376.rmeta --extern serde_derive=/home/runner/work/vietflux-ime/vietflux-ime/core/target/debug/deps/libserde_derive-4b429cdf624adcaa.so --cap-lints allow --cfg if_docsrs_then_no_serde_core --check-cfg 'cfg(feature, values("result"))' --check-cfg 'cfg(if_docsrs_then_no_serde_core)' --check-cfg 'cfg(no_core_cstr)' --check-cfg 'cfg(no_core_error)' --check-cfg 'cfg(no_core_net)' --check-cfg 'cfg(no_core_num_saturating)' --check-cfg 'cfg(no_diagnostic_namespace)' --check-cfg 'cfg(no_serde_derive)' --check-cfg 'cfg(no_std_atomic)' --check-cfg 'cfg(no_std_atomic64)' --check-cfg 'cfg(no_target_has_atomic)'`
🧪 Test (ubuntu-latest)	Run tests	2025-12-21T13:03:43.1537175Z [1m[92m   Compiling[0m js-sys v0.3.83
🧪 Test (ubuntu-latest)	Run tests	2025-12-21T13:03:43.1560748Z [1m[92m     Running[0m `/home/runner/.rustup/toolchains/stable-x86_64-unknown-linux-gnu/bin/rustc --crate-name js_sys --edition=2021 /home/runner/.cargo/registry/src/index.crates.io-1949cf8c6b5b557f/js-sys-0.3.83/src/lib.rs --error-format=json --json=diagnostic-rendered-ansi,artifacts,future-incompat --crate-type lib --emit=dep-info,metadata,link -C embed-bitcode=no -C debuginfo=2 --warn=unexpected_cfgs '--allow=clippy::type_complexity' '--allow=clippy::too_many_arguments' '--allow=clippy::overly_complex_bool_expr' '--allow=clippy::new_without_default' '--allow=clippy::large_enum_variant' --check-cfg 'cfg(js_sys_unstable_apis)' --cfg 'feature="default"' --cfg 'feature="std"' --check-cfg 'cfg(docsrs,test)' --check-cfg 'cfg(feature, values("default", "std"))' -C metadata=337b95e32a5a15ad -C extra-filename=-b7fe4e1a9a114728 --out-dir /home/runner/work/vietflux-ime/vietflux-ime/core/target/debug/deps -L dependency=/home/runner/work/vietflux-ime/vietflux-ime/core/target/debug/deps --extern once_cell=/home/runner/work/vietflux-ime/vietflux-ime/core/target/debug/deps/libonce_cell-45a4aab106807739.rmeta --extern wasm_bindgen=/home/runner/work/vietflux-ime/vietflux-ime/core/target/debug/deps/libwasm_bindgen-f8d9625df98dcc3c.rmeta --cap-lints allow`
🧪 Test (ubuntu-latest)	Run tests	2025-12-21T13:03:45.1139074Z [1m[92m   Compiling[0m wasm-bindgen-futures v0.4.56
🧪 Test (ubuntu-latest)	Run tests	2025-12-21T13:03:45.1157961Z [1m[92m     Running[0m `/home/runner/.rustup/toolchains/stable-x86_64-unknown-linux-gnu/bin/rustc --crate-name wasm_bindgen_futures --edition=2021 /home/runner/.cargo/registry/src/index.crates.io-1949cf8c6b5b557f/wasm-bindgen-futures-0.4.56/src/lib.rs --error-format=json --json=diagnostic-rendered-ansi,artifacts,future-incompat --crate-type lib --emit=dep-info,metadata,link -C embed-bitcode=no -C debuginfo=2 '--warn=clippy::uninlined_format_args' --warn=unexpected_cfgs '--allow=clippy::type_complexity' '--allow=clippy::too_many_arguments' '--allow=clippy::overly_complex_bool_expr' '--allow=clippy::new_without_default' '--allow=clippy::large_enum_variant' --check-cfg 'cfg(wasm_bindgen_unstable_test_coverage)' --check-cfg 'cfg(xxx_debug_only_print_generated_code)' --cfg 'feature="std"' --check-cfg 'cfg(docsrs,test)' --check-cfg 'cfg(feature, values("default", "futures-core", "futures-core-03-stream", "std"))' -C metadata=d4f672c1f4db744e -C extra-filename=-8114366dc1c166bc --out-dir /home/runner/work/vietflux-ime/vietflux-ime/core/target/debug/deps -L dependency=/home/runner/work/vietflux-ime/vietflux-ime/core/target/debug/deps --extern cfg_if=/home/runner/work/vietflux-ime/vietflux-ime/core/target/debug/deps/libcfg_if-2d20780be38939e6.rmeta --extern js_sys=/home/runner/work/vietflux-ime/vietflux-ime/core/target/debug/deps/libjs_sys-b7fe4e1a9a114728.rmeta --extern once_cell=/home/runner/work/vietflux-ime/vietflux-ime/core/target/debug/deps/libonce_cell-45a4aab106807739.rmeta --extern wasm_bindgen=/home/runner/work/vietflux-ime/vietflux-ime/core/target/debug/deps/libwasm_bindgen-f8d9625df98dcc3c.rmeta --cap-lints allow`
🧪 Test (ubuntu-latest)	Run tests	2025-12-21T13:03:45.2629501Z [1m[92m   Compiling[0m wasm-bindgen-test v0.3.56
🧪 Test (ubuntu-latest)	Run tests	2025-12-21T13:03:45.2666618Z [1m[92m     Running[0m `/home/runner/.rustup/toolchains/stable-x86_64-unknown-linux-gnu/bin/rustc --crate-name wasm_bindgen_test --edition=2021 /home/runner/.cargo/registry/src/index.crates.io-1949cf8c6b5b557f/wasm-bindgen-test-0.3.56/src/lib.rs --error-format=json --json=diagnostic-rendered-ansi,artifacts,future-incompat --crate-type lib --emit=dep-info,metadata,link -C embed-bitcode=no -C debuginfo=2 --warn=unexpected_cfgs '--allow=clippy::type_complexity' '--allow=clippy::too_many_arguments' '--allow=clippy::overly_complex_bool_expr' '--allow=clippy::new_without_default' '--allow=clippy::large_enum_variant' --check-cfg 'cfg(wasm_bindgen_unstable_test_coverage)' --cfg 'feature="default"' --cfg 'feature="std"' --check-cfg 'cfg(docsrs,test)' --check-cfg 'cfg(feature, values("default", "gg-alloc", "std"))' -C metadata=aa4ee51ac8e50e2f -C extra-filename=-73046dc5ae04726c --out-dir /home/runner/work/vietflux-ime/vietflux-ime/core/target/debug/deps -L dependency=/home/runner/work/vietflux-ime/vietflux-ime/core/target/debug/deps --extern async_trait=/home/runner/work/vietflux-ime/vietflux-ime/core/target/debug/deps/libasync_trait-29e944ff7c92e3a1.so --extern cast=/home/runner/work/vietflux-ime/vietflux-ime/core/target/debug/deps/libcast-bed4a5c851778c27.rmeta --extern js_sys=/home/runner/work/vietflux-ime/vietflux-ime/core/target/debug/deps/libjs_sys-b7fe4e1a9a114728.rmeta --extern libm=/home/runner/work/vietflux-ime/vietflux-ime/core/target/debug/deps/liblibm-2daa384fb1686805.rmeta --extern nu_ansi_term=/home/runner/work/vietflux-ime/vietflux-ime/core/target/debug/deps/libnu_ansi_term-8beeb2707fdd80ca.rmeta --extern num_traits=/home/runner/work/vietflux-ime/vietflux-ime/core/target/debug/deps/libnum_traits-01b2456e578d725a.rmeta --extern oorandom=/home/runner/work/vietflux-ime/vietflux-ime/core/target/debug/deps/liboorandom-302e2ca7f067b7ce.rmeta --extern serde=/home/runner/work/vietflux-ime/vietflux-ime/core/target/debug/deps/libserde-a6769b9e7d196f57.rmeta --extern serde_json=/home/runner/work/vietflux-ime/vietflux-ime/core/target/debug/deps/libserde_json-575375e99531cba3.rmeta --extern wasm_bindgen=/home/runner/work/vietflux-ime/vietflux-ime/core/target/debug/deps/libwasm_bindgen-f8d9625df98dcc3c.rmeta --extern wasm_bindgen_futures=/home/runner/work/vietflux-ime/vietflux-ime/core/target/debug/deps/libwasm_bindgen_futures-8114366dc1c166bc.rmeta --extern wasm_bindgen_test_macro=/home/runner/work/vietflux-ime/vietflux-ime/core/target/debug/deps/libwasm_bindgen_test_macro-f1ccb1d7af5bbe47.so --cap-lints allow`
🧪 Test (ubuntu-latest)	Run tests	2025-12-21T13:03:45.4390678Z [1m[92m   Compiling[0m vietflux-core v0.1.0 (/home/runner/work/vietflux-ime/vietflux-ime/core)
🧪 Test (ubuntu-latest)	Run tests	2025-12-21T13:03:45.4413470Z [1m[92m     Running[0m `/home/runner/.rustup/toolchains/stable-x86_64-unknown-linux-gnu/bin/rustc --crate-name vietflux_core --edition=2021 src/lib.rs --error-format=json --json=diagnostic-rendered-ansi,artifacts,future-incompat --crate-type cdylib --crate-type rlib --emit=dep-info,link -C embed-bitcode=no -C debuginfo=2 --check-cfg 'cfg(docsrs,test)' --check-cfg 'cfg(feature, values())' -C metadata=5892e2ae26f0abc7 --out-dir /home/runner/work/vietflux-ime/vietflux-ime/core/target/debug/deps -L dependency=/home/runner/work/vietflux-ime/vietflux-ime/core/target/debug/deps --extern js_sys=/home/runner/work/vietflux-ime/vietflux-ime/core/target/debug/deps/libjs_sys-b7fe4e1a9a114728.rlib --extern serde=/home/runner/work/vietflux-ime/vietflux-ime/core/target/debug/deps/libserde-a6769b9e7d196f57.rlib --extern serde_json=/home/runner/work/vietflux-ime/vietflux-ime/core/target/debug/deps/libserde_json-575375e99531cba3.rlib --extern wasm_bindgen=/home/runner/work/vietflux-ime/vietflux-ime/core/target/debug/deps/libwasm_bindgen-f8d9625df98dcc3c.rlib`
🧪 Test (ubuntu-latest)	Run tests	2025-12-21T13:03:45.6109525Z [1m[33mwarning[0m[1m: field `transform_type` is never read[0m
🧪 Test (ubuntu-latest)	Run tests	2025-12-21T13:03:45.6110317Z   [1m[94m--> [0msrc/engine.rs:91:5
🧪 Test (ubuntu-latest)	Run tests	2025-12-21T13:03:45.6110812Z    [1m[94m|[0m
🧪 Test (ubuntu-latest)	Run tests	2025-12-21T13:03:45.6111298Z [1m[94m87[0m [1m[94m|[0m struct LastTransform {
🧪 Test (ubuntu-latest)	Run tests	2025-12-21T13:03:45.6112023Z    [1m[94m|[0m        [1m[94m-------------[0m [1m[94mfield in this struct[0m
🧪 Test (ubuntu-latest)	Run tests	2025-12-21T13:03:45.6112612Z [1m[94m...[0m
🧪 Test (ubuntu-latest)	Run tests	2025-12-21T13:03:45.6113144Z [1m[94m91[0m [1m[94m|[0m     transform_type: TransformType,
🧪 Test (ubuntu-latest)	Run tests	2025-12-21T13:03:45.6113790Z    [1m[94m|[0m     [1m[33m^^^^^^^^^^^^^^[0m
🧪 Test (ubuntu-latest)	Run tests	2025-12-21T13:03:45.6114301Z    [1m[94m|[0m
🧪 Test (ubuntu-latest)	Run tests	2025-12-21T13:03:45.6115681Z    [1m[94m= [0m[1mnote[0m: `LastTransform` has derived impls for the traits `Clone` and `Debug`, but these are intentionally ignored during dead code analysis
🧪 Test (ubuntu-latest)	Run tests	2025-12-21T13:03:45.6117019Z    [1m[94m= [0m[1mnote[0m: `#[warn(dead_code)]` (part of `#[warn(unused)]`) on by default
🧪 Test (ubuntu-latest)	Run tests	2025-12-21T13:03:45.6117502Z 
🧪 Test (ubuntu-latest)	Run tests	2025-12-21T13:03:45.9302657Z [1m[33mwarning[0m: `vietflux-core` (lib) generated 1 warning
🧪 Test (ubuntu-latest)	Run tests	2025-12-21T13:03:46.1476533Z [1m[92m     Running[0m `/home/runner/.rustup/toolchains/stable-x86_64-unknown-linux-gnu/bin/rustc --crate-name vietflux_core --edition=2021 src/lib.rs --error-format=json --json=diagnostic-rendered-ansi,artifacts,future-incompat --emit=dep-info,link -C embed-bitcode=no -C debuginfo=2 --test --check-cfg 'cfg(docsrs,test)' --check-cfg 'cfg(feature, values())' -C metadata=83a7e717eab2fc32 -C extra-filename=-ae098ffb4a795005 --out-dir /home/runner/work/vietflux-ime/vietflux-ime/core/target/debug/deps -L dependency=/home/runner/work/vietflux-ime/vietflux-ime/core/target/debug/deps --extern js_sys=/home/runner/work/vietflux-ime/vietflux-ime/core/target/debug/deps/libjs_sys-b7fe4e1a9a114728.rlib --extern serde=/home/runner/work/vietflux-ime/vietflux-ime/core/target/debug/deps/libserde-a6769b9e7d196f57.rlib --extern serde_json=/home/runner/work/vietflux-ime/vietflux-ime/core/target/debug/deps/libserde_json-575375e99531cba3.rlib --extern wasm_bindgen=/home/runner/work/vietflux-ime/vietflux-ime/core/target/debug/deps/libwasm_bindgen-f8d9625df98dcc3c.rlib --extern wasm_bindgen_test=/home/runner/work/vietflux-ime/vietflux-ime/core/target/debug/deps/libwasm_bindgen_test-73046dc5ae04726c.rlib`
🧪 Test (ubuntu-latest)	Run tests	2025-12-21T13:03:46.7419161Z [1m[33mwarning[0m: `vietflux-core` (lib test) generated 1 warning (1 duplicate)
🧪 Test (ubuntu-latest)	Run tests	2025-12-21T13:03:46.7420178Z [1m[92m    Finished[0m `test` profile [unoptimized + debuginfo] target(s) in 11.26s
🧪 Test (ubuntu-latest)	Run tests	2025-12-21T13:03:46.7601760Z [1m[92m     Running[0m `/home/runner/work/vietflux-ime/vietflux-ime/core/target/debug/deps/vietflux_core-ae098ffb4a795005`
🧪 Test (ubuntu-latest)	Run tests	2025-12-21T13:03:46.7614921Z 
🧪 Test (ubuntu-latest)	Run tests	2025-12-21T13:03:46.7615180Z running 36 tests
🧪 Test (ubuntu-latest)	Run tests	2025-12-21T13:03:46.7619744Z test buffer::tests::test_buffer_transform ... ok
🧪 Test (ubuntu-latest)	Run tests	2025-12-21T13:03:46.7620455Z test buffer::tests::test_buffer_basic ... ok
🧪 Test (ubuntu-latest)	Run tests	2025-12-21T13:03:46.7622228Z test chars::tests::test_is_vowel ... ok
🧪 Test (ubuntu-latest)	Run tests	2025-12-21T13:03:46.7622830Z test buffer::tests::test_find_vowels ... ok
🧪 Test (ubuntu-latest)	Run tests	2025-12-21T13:03:46.7623291Z test chars::tests::test_with_modifier ... ok
🧪 Test (ubuntu-latest)	Run tests	2025-12-21T13:03:46.7627965Z test engine::tests::test_double_mark_undo ... ok
🧪 Test (ubuntu-latest)	Run tests	2025-12-21T13:03:46.7628845Z test engine::tests::test_shortcut_expansion ... ok
🧪 Test (ubuntu-latest)	Run tests	2025-12-21T13:03:46.7629382Z test engine::tests::test_telex_basic ... ok
🧪 Test (ubuntu-latest)	Run tests	2025-12-21T13:03:46.7630043Z test engine::tests::test_telex_circumflex ... ok
🧪 Test (ubuntu-latest)	Run tests	2025-12-21T13:03:46.7631000Z test engine::tests::test_telex_tone ... ok
🧪 Test (ubuntu-latest)	Run tests	2025-12-21T13:03:46.7631630Z test engine::tests::test_vni_basic ... ok
🧪 Test (ubuntu-latest)	Run tests	2025-12-21T13:03:46.7632142Z test methods::telex::tests::test_telex_circumflex ... ok
🧪 Test (ubuntu-latest)	Run tests	2025-12-21T13:03:46.7633028Z test methods::telex::tests::test_telex_horn_breve ... ok
🧪 Test (ubuntu-latest)	Run tests	2025-12-21T13:03:46.7634145Z test methods::telex::tests::test_telex_stroke ... ok
🧪 Test (ubuntu-latest)	Run tests	2025-12-21T13:03:46.7634916Z test methods::telex::tests::test_telex_tones ... ok
🧪 Test (ubuntu-latest)	Run tests	2025-12-21T13:03:46.7636402Z test methods::vni::tests::test_vni_modifiers ... ok
🧪 Test (ubuntu-latest)	Run tests	2025-12-21T13:03:46.7637252Z test methods::vni::tests::test_vni_stroke ... ok
🧪 Test (ubuntu-latest)	Run tests	2025-12-21T13:03:46.7637754Z test methods::vni::tests::test_vni_tones ... ok
🧪 Test (ubuntu-latest)	Run tests	2025-12-21T13:03:46.7638561Z test shortcuts::tests::test_no_match ... ok
🧪 Test (ubuntu-latest)	Run tests	2025-12-21T13:03:46.7639411Z test shortcuts::tests::test_shortcut_match ... ok
🧪 Test (ubuntu-latest)	Run tests	2025-12-21T13:03:46.7639979Z test transform::tests::test_apply_modifier ... ok
🧪 Test (ubuntu-latest)	Run tests	2025-12-21T13:03:46.7641030Z test transform::tests::test_remove_diacritics ... ok
🧪 Test (ubuntu-latest)	Run tests	2025-12-21T13:03:46.7642182Z test transform::tests::test_should_undo ... ok
🧪 Test (ubuntu-latest)	Run tests	2025-12-21T13:03:46.7643045Z test transform::tests::test_toggle_stroke ... ok
🧪 Test (ubuntu-latest)	Run tests	2025-12-21T13:03:46.7644065Z test transform::tests::test_tone_position_single ... ok
🧪 Test (ubuntu-latest)	Run tests	2025-12-21T13:03:46.7645414Z test transform::tests::test_tone_position_three ... ok
🧪 Test (ubuntu-latest)	Run tests	2025-12-21T13:03:46.7646319Z test transform::tests::test_tone_position_two ... ok
🧪 Test (ubuntu-latest)	Run tests	2025-12-21T13:03:46.7647318Z test transform::tests::test_uo_compound ... ok
🧪 Test (ubuntu-latest)	Run tests	2025-12-21T13:03:46.7758995Z test chars::tests::test_with_tone ... FAILED
🧪 Test (ubuntu-latest)	Run tests	2025-12-21T13:03:46.7759867Z test shortcuts::tests::test_longest_match ... FAILED
🧪 Test (ubuntu-latest)	Run tests	2025-12-21T13:03:46.7760401Z test validation::tests::test_spelling_rules ... ok
🧪 Test (ubuntu-latest)	Run tests	2025-12-21T13:03:46.7760951Z test validation::tests::test_invalid_syllables ... ok
🧪 Test (ubuntu-latest)	Run tests	2025-12-21T13:03:46.7761572Z test validation::tests::test_valid_syllables ... ok
🧪 Test (ubuntu-latest)	Run tests	2025-12-21T13:03:46.7762250Z test validation::tests::test_word_boundary ... ok
🧪 Test (ubuntu-latest)	Run tests	2025-12-21T13:03:46.7762774Z test transform::tests::test_apply_tone ... FAILED
🧪 Test (ubuntu-latest)	Run tests	2025-12-21T13:03:46.7766437Z test validation::tests::test_foreign_word_detection ... FAILED
🧪 Test (ubuntu-latest)	Run tests	2025-12-21T13:03:46.7766922Z 
🧪 Test (ubuntu-latest)	Run tests	2025-12-21T13:03:46.7767058Z failures:
🧪 Test (ubuntu-latest)	Run tests	2025-12-21T13:03:46.7767241Z 
🧪 Test (ubuntu-latest)	Run tests	2025-12-21T13:03:46.7767431Z ---- chars::tests::test_with_tone stdout ----
🧪 Test (ubuntu-latest)	Run tests	2025-12-21T13:03:46.7767748Z 
🧪 Test (ubuntu-latest)	Run tests	2025-12-21T13:03:46.7768512Z thread 'chars::tests::test_with_tone' (2880) panicked at src/chars.rs:217:9:
🧪 Test (ubuntu-latest)	Run tests	2025-12-21T13:03:46.7769165Z assertion `left == right` failed
🧪 Test (ubuntu-latest)	Run tests	2025-12-21T13:03:46.7769779Z   left: Some('á')
🧪 Test (ubuntu-latest)	Run tests	2025-12-21T13:03:46.7770117Z  right: Some('Á')
🧪 Test (ubuntu-latest)	Run tests	2025-12-21T13:03:46.7770386Z stack backtrace:
🧪 Test (ubuntu-latest)	Run tests	2025-12-21T13:03:46.7770669Z    0: __rustc::rust_begin_unwind
🧪 Test (ubuntu-latest)	Run tests	2025-12-21T13:03:46.7771327Z              at /rustc/ded5c06cf21d2b93bffd5d884aa6e96934ee4234/library/std/src/panicking.rs:698:5
🧪 Test (ubuntu-latest)	Run tests	2025-12-21T13:03:46.7772030Z    1: core::panicking::panic_fmt
🧪 Test (ubuntu-latest)	Run tests	2025-12-21T13:03:46.7772670Z              at /rustc/ded5c06cf21d2b93bffd5d884aa6e96934ee4234/library/core/src/panicking.rs:80:14
🧪 Test (ubuntu-latest)	Run tests	2025-12-21T13:03:46.7773334Z    2: core::panicking::assert_failed_inner
🧪 Test (ubuntu-latest)	Run tests	2025-12-21T13:03:46.7773980Z              at /rustc/ded5c06cf21d2b93bffd5d884aa6e96934ee4234/library/core/src/panicking.rs:444:17
🧪 Test (ubuntu-latest)	Run tests	2025-12-21T13:03:46.7774872Z    3: core::panicking::assert_failed
🧪 Test (ubuntu-latest)	Run tests	2025-12-21T13:03:46.7775489Z              at /rustc/ded5c06cf21d2b93bffd5d884aa6e96934ee4234/library/core/src/panicking.rs:399:5
🧪 Test (ubuntu-latest)	Run tests	2025-12-21T13:03:46.7776172Z    4: vietflux_core::chars::tests::test_with_tone
🧪 Test (ubuntu-latest)	Run tests	2025-12-21T13:03:46.7776570Z              at ./src/chars.rs:217:9
🧪 Test (ubuntu-latest)	Run tests	2025-12-21T13:03:46.7777008Z    5: vietflux_core::chars::tests::test_with_tone::{{closure}}
🧪 Test (ubuntu-latest)	Run tests	2025-12-21T13:03:46.7777468Z              at ./src/chars.rs:214:24
🧪 Test (ubuntu-latest)	Run tests	2025-12-21T13:03:46.7777870Z    6: core::ops::function::FnOnce::call_once
🧪 Test (ubuntu-latest)	Run tests	2025-12-21T13:03:46.7778548Z              at /rustc/ded5c06cf21d2b93bffd5d884aa6e96934ee4234/library/core/src/ops/function.rs:250:5
🧪 Test (ubuntu-latest)	Run tests	2025-12-21T13:03:46.7779271Z    7: core::ops::function::FnOnce::call_once
🧪 Test (ubuntu-latest)	Run tests	2025-12-21T13:03:46.7779976Z              at /rustc/ded5c06cf21d2b93bffd5d884aa6e96934ee4234/library/core/src/ops/function.rs:250:5
🧪 Test (ubuntu-latest)	Run tests	2025-12-21T13:03:46.7780895Z note: Some details are omitted, run with `RUST_BACKTRACE=full` for a verbose backtrace.
🧪 Test (ubuntu-latest)	Run tests	2025-12-21T13:03:46.7781390Z 
🧪 Test (ubuntu-latest)	Run tests	2025-12-21T13:03:46.7781589Z ---- shortcuts::tests::test_longest_match stdout ----
🧪 Test (ubuntu-latest)	Run tests	2025-12-21T13:03:46.7781924Z 
🧪 Test (ubuntu-latest)	Run tests	2025-12-21T13:03:46.7782295Z thread 'shortcuts::tests::test_longest_match' (2894) panicked at src/shortcuts.rs:161:9:
🧪 Test (ubuntu-latest)	Run tests	2025-12-21T13:03:46.7782705Z assertion failed: result.is_some()
🧪 Test (ubuntu-latest)	Run tests	2025-12-21T13:03:46.7782928Z stack backtrace:
🧪 Test (ubuntu-latest)	Run tests	2025-12-21T13:03:46.7783323Z    0: __rustc::rust_begin_unwind
🧪 Test (ubuntu-latest)	Run tests	2025-12-21T13:03:46.7783725Z              at /rustc/ded5c06cf21d2b93bffd5d884aa6e96934ee4234/library/std/src/panicking.rs:698:5
🧪 Test (ubuntu-latest)	Run tests	2025-12-21T13:03:46.7784134Z    1: core::panicking::panic_fmt
🧪 Test (ubuntu-latest)	Run tests	2025-12-21T13:03:46.7784721Z              at /rustc/ded5c06cf21d2b93bffd5d884aa6e96934ee4234/library/core/src/panicking.rs:80:14
🧪 Test (ubuntu-latest)	Run tests	2025-12-21T13:03:46.7785371Z    2: core::panicking::panic
🧪 Test (ubuntu-latest)	Run tests	2025-12-21T13:03:46.7785886Z              at /rustc/ded5c06cf21d2b93bffd5d884aa6e96934ee4234/library/core/src/panicking.rs:150:5
🧪 Test (ubuntu-latest)	Run tests	2025-12-21T13:03:46.7786344Z    3: vietflux_core::shortcuts::tests::test_longest_match
🧪 Test (ubuntu-latest)	Run tests	2025-12-21T13:03:46.7786624Z              at ./src/shortcuts.rs:161:9
🧪 Test (ubuntu-latest)	Run tests	2025-12-21T13:03:46.7786941Z    4: vietflux_core::shortcuts::tests::test_longest_match::{{closure}}
🧪 Test (ubuntu-latest)	Run tests	2025-12-21T13:03:46.7787260Z              at ./src/shortcuts.rs:153:28
🧪 Test (ubuntu-latest)	Run tests	2025-12-21T13:03:46.7787511Z    5: core::ops::function::FnOnce::call_once
🧪 Test (ubuntu-latest)	Run tests	2025-12-21T13:03:46.7787919Z              at /rustc/ded5c06cf21d2b93bffd5d884aa6e96934ee4234/library/core/src/ops/function.rs:250:5
🧪 Test (ubuntu-latest)	Run tests	2025-12-21T13:03:46.7788341Z    6: core::ops::function::FnOnce::call_once
🧪 Test (ubuntu-latest)	Run tests	2025-12-21T13:03:46.7788733Z              at /rustc/ded5c06cf21d2b93bffd5d884aa6e96934ee4234/library/core/src/ops/function.rs:250:5
🧪 Test (ubuntu-latest)	Run tests	2025-12-21T13:03:46.7789244Z note: Some details are omitted, run with `RUST_BACKTRACE=full` for a verbose backtrace.
🧪 Test (ubuntu-latest)	Run tests	2025-12-21T13:03:46.7789536Z 
🧪 Test (ubuntu-latest)	Run tests	2025-12-21T13:03:46.7789650Z ---- transform::tests::test_apply_tone stdout ----
🧪 Test (ubuntu-latest)	Run tests	2025-12-21T13:03:46.7789845Z 
🧪 Test (ubuntu-latest)	Run tests	2025-12-21T13:03:46.7790064Z thread 'transform::tests::test_apply_tone' (2898) panicked at src/transform.rs:385:9:
🧪 Test (ubuntu-latest)	Run tests	2025-12-21T13:03:46.7790422Z assertion `left == right` failed
🧪 Test (ubuntu-latest)	Run tests	2025-12-21T13:03:46.7790704Z   left: Some('ã')
🧪 Test (ubuntu-latest)	Run tests	2025-12-21T13:03:46.7791066Z  right: Some('Ã')
🧪 Test (ubuntu-latest)	Run tests	2025-12-21T13:03:46.7791239Z stack backtrace:
🧪 Test (ubuntu-latest)	Run tests	2025-12-21T13:03:46.7791605Z    0: __rustc::rust_begin_unwind
🧪 Test (ubuntu-latest)	Run tests	2025-12-21T13:03:46.7792259Z              at /rustc/ded5c06cf21d2b93bffd5d884aa6e96934ee4234/library/std/src/panicking.rs:698:5
🧪 Test (ubuntu-latest)	Run tests	2025-12-21T13:03:46.7792994Z    1: core::panicking::panic_fmt
🧪 Test (ubuntu-latest)	Run tests	2025-12-21T13:03:46.7793671Z              at /rustc/ded5c06cf21d2b93bffd5d884aa6e96934ee4234/library/core/src/panicking.rs:80:14
🧪 Test (ubuntu-latest)	Run tests	2025-12-21T13:03:46.7794422Z    2: core::panicking::assert_failed_inner
🧪 Test (ubuntu-latest)	Run tests	2025-12-21T13:03:46.7795382Z              at /rustc/ded5c06cf21d2b93bffd5d884aa6e96934ee4234/library/core/src/panicking.rs:444:17
🧪 Test (ubuntu-latest)	Run tests	2025-12-21T13:03:46.7796154Z    3: core::panicking::assert_failed
🧪 Test (ubuntu-latest)	Run tests	2025-12-21T13:03:46.7796863Z              at /rustc/ded5c06cf21d2b93bffd5d884aa6e96934ee4234/library/core/src/panicking.rs:399:5
🧪 Test (ubuntu-latest)	Run tests	2025-12-21T13:03:46.7797660Z    4: vietflux_core::transform::tests::test_apply_tone
🧪 Test (ubuntu-latest)	Run tests	2025-12-21T13:03:46.7798155Z              at ./src/transform.rs:385:9
🧪 Test (ubuntu-latest)	Run tests	2025-12-21T13:03:46.7798726Z    5: vietflux_core::transform::tests::test_apply_tone::{{closure}}
🧪 Test (ubuntu-latest)	Run tests	2025-12-21T13:03:46.7799271Z              at ./src/transform.rs:382:25
🧪 Test (ubuntu-latest)	Run tests	2025-12-21T13:03:46.7799701Z    6: core::ops::function::FnOnce::call_once
🧪 Test (ubuntu-latest)	Run tests	2025-12-21T13:03:46.7800467Z              at /rustc/ded5c06cf21d2b93bffd5d884aa6e96934ee4234/library/core/src/ops/function.rs:250:5
🧪 Test (ubuntu-latest)	Run tests	2025-12-21T13:03:46.7801227Z    7: core::ops::function::FnOnce::call_once
🧪 Test (ubuntu-latest)	Run tests	2025-12-21T13:03:46.7801964Z              at /rustc/ded5c06cf21d2b93bffd5d884aa6e96934ee4234/library/core/src/ops/function.rs:250:5
🧪 Test (ubuntu-latest)	Run tests	2025-12-21T13:03:46.7802776Z note: Some details are omitted, run with `RUST_BACKTRACE=full` for a verbose backtrace.
🧪 Test (ubuntu-latest)	Run tests	2025-12-21T13:03:46.7803082Z 
🧪 Test (ubuntu-latest)	Run tests	2025-12-21T13:03:46.7803243Z ---- validation::tests::test_foreign_word_detection stdout ----
🧪 Test (ubuntu-latest)	Run tests	2025-12-21T13:03:46.7803472Z 
🧪 Test (ubuntu-latest)	Run tests	2025-12-21T13:03:46.7803725Z thread 'validation::tests::test_foreign_word_detection' (2906) panicked at src/validation.rs:432:9:
🧪 Test (ubuntu-latest)	Run tests	2025-12-21T13:03:46.7804196Z assertion failed: is_foreign_word_pattern("spectrum", None)
🧪 Test (ubuntu-latest)	Run tests	2025-12-21T13:03:46.7804500Z stack backtrace:
🧪 Test (ubuntu-latest)	Run tests	2025-12-21T13:03:46.7804961Z    0: __rustc::rust_begin_unwind
🧪 Test (ubuntu-latest)	Run tests	2025-12-21T13:03:46.7805352Z              at /rustc/ded5c06cf21d2b93bffd5d884aa6e96934ee4234/library/std/src/panicking.rs:698:5
🧪 Test (ubuntu-latest)	Run tests	2025-12-21T13:03:46.7805957Z    1: core::panicking::panic_fmt
🧪 Test (ubuntu-latest)	Run tests	2025-12-21T13:03:46.7806352Z              at /rustc/ded5c06cf21d2b93bffd5d884aa6e96934ee4234/library/core/src/panicking.rs:80:14
🧪 Test (ubuntu-latest)	Run tests	2025-12-21T13:03:46.7806768Z    2: core::panicking::panic
🧪 Test (ubuntu-latest)	Run tests	2025-12-21T13:03:46.7807140Z              at /rustc/ded5c06cf21d2b93bffd5d884aa6e96934ee4234/library/core/src/panicking.rs:150:5
🧪 Test (ubuntu-latest)	Run tests	2025-12-21T13:03:46.7807604Z    3: vietflux_core::validation::tests::test_foreign_word_detection
🧪 Test (ubuntu-latest)	Run tests	2025-12-21T13:03:46.7807907Z              at ./src/validation.rs:432:9
🧪 Test (ubuntu-latest)	Run tests	2025-12-21T13:03:46.7808257Z    4: vietflux_core::validation::tests::test_foreign_word_detection::{{closure}}
🧪 Test (ubuntu-latest)	Run tests	2025-12-21T13:03:46.7808610Z              at ./src/validation.rs:429:37
🧪 Test (ubuntu-latest)	Run tests	2025-12-21T13:03:46.7808860Z    5: core::ops::function::FnOnce::call_once
🧪 Test (ubuntu-latest)	Run tests	2025-12-21T13:03:46.7809276Z              at /rustc/ded5c06cf21d2b93bffd5d884aa6e96934ee4234/library/core/src/ops/function.rs:250:5
🧪 Test (ubuntu-latest)	Run tests	2025-12-21T13:03:46.7809682Z    6: core::ops::function::FnOnce::call_once
🧪 Test (ubuntu-latest)	Run tests	2025-12-21T13:03:46.7810088Z              at /rustc/ded5c06cf21d2b93bffd5d884aa6e96934ee4234/library/core/src/ops/function.rs:250:5
🧪 Test (ubuntu-latest)	Run tests	2025-12-21T13:03:46.7810604Z note: Some details are omitted, run with `RUST_BACKTRACE=full` for a verbose backtrace.
🧪 Test (ubuntu-latest)	Run tests	2025-12-21T13:03:46.7810896Z 
🧪 Test (ubuntu-latest)	Run tests	2025-12-21T13:03:46.7810901Z 
🧪 Test (ubuntu-latest)	Run tests	2025-12-21T13:03:46.7810965Z failures:
🧪 Test (ubuntu-latest)	Run tests	2025-12-21T13:03:46.7811134Z     chars::tests::test_with_tone
🧪 Test (ubuntu-latest)	Run tests	2025-12-21T13:03:46.7811533Z [1m[91merror[0m: test failed, to rerun pass `--lib`
🧪 Test (ubuntu-latest)	Run tests	2025-12-21T13:03:46.7811819Z     shortcuts::tests::test_longest_match
🧪 Test (ubuntu-latest)	Run tests	2025-12-21T13:03:46.7812157Z     transform::tests::test_apply_tone
🧪 Test (ubuntu-latest)	Run tests	2025-12-21T13:03:46.7812454Z     validation::tests::test_foreign_word_detection
🧪 Test (ubuntu-latest)	Run tests	2025-12-21T13:03:46.7812641Z 
🧪 Test (ubuntu-latest)	Run tests	2025-12-21T13:03:46.7812869Z test result: FAILED. 32 passed; 4 failed; 0 ignored; 0 measured; 0 filtered out; finished in 0.02s
🧪 Test (ubuntu-latest)	Run tests	2025-12-21T13:03:46.7813759Z 
🧪 Test (ubuntu-latest)	Run tests	2025-12-21T13:03:46.7838180Z ##[error]Process completed with exit code 101.
